Benchmarking: black_scholes_hybrid1 with p=20, t=70000
Run 1

 HYBRID IMPLEMENTATION 1
--------------------------------------------------------------

Index  | Call Model | Call Actual | Put Model  | Put Actual
--------------------------------------------------------------
0      | 45.0875    | 51.7000    | 35.1062    | 29.6500   
1      | 45.2910    | 53.6500    | 31.8381    | 27.3750   
2      | 45.9652    | 56.4000    | 29.1410    | 25.3500   
3      | 46.8975    | 59.9750    | 26.1167    | 23.2750   
4      | 47.7937    | 63.1750    | 23.5894    | 21.2000   
5      | 48.6772    | 66.3250    | 21.8509    | 19.5250   
6      | 49.4042    | 69.7250    | 19.9648    | 17.7500   
7      | 49.8330    | 72.9000    | 18.2346    | 16.1500   
8      | 43.9256    | 48.7500    | 38.2333    | 31.9000   
9      | 42.9440    | 46.3750    | 41.7015    | 34.3250   

PSTEPS = 20, TSTEPS = 70000

TIME TAKEN = 346.32067 ms
Run 2

 HYBRID IMPLEMENTATION 1
--------------------------------------------------------------

Index  | Call Model | Call Actual | Put Model  | Put Actual
--------------------------------------------------------------
0      | 45.0875    | 51.7000    | 35.1062    | 29.6500   
1      | 45.2910    | 53.6500    | 31.8381    | 27.3750   
2      | 45.9652    | 56.4000    | 29.1410    | 25.3500   
3      | 46.8975    | 59.9750    | 26.1167    | 23.2750   
4      | 47.7937    | 63.1750    | 23.5894    | 21.2000   
5      | 48.6772    | 66.3250    | 21.8509    | 19.5250   
6      | 49.4042    | 69.7250    | 19.9648    | 17.7500   
7      | 49.8330    | 72.9000    | 18.2346    | 16.1500   
8      | 43.9256    | 48.7500    | 38.2333    | 31.9000   
9      | 42.9440    | 46.3750    | 41.7015    | 34.3250   

PSTEPS = 20, TSTEPS = 70000

TIME TAKEN = 330.09005 ms
Run 3

 HYBRID IMPLEMENTATION 1
--------------------------------------------------------------

Index  | Call Model | Call Actual | Put Model  | Put Actual
--------------------------------------------------------------
0      | 45.0875    | 51.7000    | 35.1062    | 29.6500   
1      | 45.2910    | 53.6500    | 31.8381    | 27.3750   
2      | 45.9652    | 56.4000    | 29.1410    | 25.3500   
3      | 46.8975    | 59.9750    | 26.1167    | 23.2750   
4      | 47.7937    | 63.1750    | 23.5894    | 21.2000   
5      | 48.6772    | 66.3250    | 21.8509    | 19.5250   
6      | 49.4042    | 69.7250    | 19.9648    | 17.7500   
7      | 49.8330    | 72.9000    | 18.2346    | 16.1500   
8      | 43.9256    | 48.7500    | 38.2333    | 31.9000   
9      | 42.9440    | 46.3750    | 41.7015    | 34.3250   

PSTEPS = 20, TSTEPS = 70000

TIME TAKEN = 334.89371 ms
Run 4

 HYBRID IMPLEMENTATION 1
--------------------------------------------------------------

Index  | Call Model | Call Actual | Put Model  | Put Actual
--------------------------------------------------------------
0      | 45.0875    | 51.7000    | 35.1062    | 29.6500   
1      | 45.2910    | 53.6500    | 31.8381    | 27.3750   
2      | 45.9652    | 56.4000    | 29.1410    | 25.3500   
3      | 46.8975    | 59.9750    | 26.1167    | 23.2750   
4      | 47.7937    | 63.1750    | 23.5894    | 21.2000   
5      | 48.6772    | 66.3250    | 21.8509    | 19.5250   
6      | 49.4042    | 69.7250    | 19.9648    | 17.7500   
7      | 49.8330    | 72.9000    | 18.2346    | 16.1500   
8      | 43.9256    | 48.7500    | 38.2333    | 31.9000   
9      | 42.9440    | 46.3750    | 41.7015    | 34.3250   

PSTEPS = 20, TSTEPS = 70000

TIME TAKEN = 338.52359 ms
Run 5

 HYBRID IMPLEMENTATION 1
--------------------------------------------------------------

Index  | Call Model | Call Actual | Put Model  | Put Actual
--------------------------------------------------------------
0      | 45.0875    | 51.7000    | 35.1062    | 29.6500   
1      | 45.2910    | 53.6500    | 31.8381    | 27.3750   
2      | 45.9652    | 56.4000    | 29.1410    | 25.3500   
3      | 46.8975    | 59.9750    | 26.1167    | 23.2750   
4      | 47.7937    | 63.1750    | 23.5894    | 21.2000   
5      | 48.6772    | 66.3250    | 21.8509    | 19.5250   
6      | 49.4042    | 69.7250    | 19.9648    | 17.7500   
7      | 49.8330    | 72.9000    | 18.2346    | 16.1500   
8      | 43.9256    | 48.7500    | 38.2333    | 31.9000   
9      | 42.9440    | 46.3750    | 41.7015    | 34.3250   

PSTEPS = 20, TSTEPS = 70000

TIME TAKEN = 342.47838 ms
Run 6

 HYBRID IMPLEMENTATION 1
--------------------------------------------------------------

Index  | Call Model | Call Actual | Put Model  | Put Actual
--------------------------------------------------------------
0      | 45.0875    | 51.7000    | 35.1062    | 29.6500   
1      | 45.2910    | 53.6500    | 31.8381    | 27.3750   
2      | 45.9652    | 56.4000    | 29.1410    | 25.3500   
3      | 46.8975    | 59.9750    | 26.1167    | 23.2750   
4      | 47.7937    | 63.1750    | 23.5894    | 21.2000   
5      | 48.6772    | 66.3250    | 21.8509    | 19.5250   
6      | 49.4042    | 69.7250    | 19.9648    | 17.7500   
7      | 49.8330    | 72.9000    | 18.2346    | 16.1500   
8      | 43.9256    | 48.7500    | 38.2333    | 31.9000   
9      | 42.9440    | 46.3750    | 41.7015    | 34.3250   

PSTEPS = 20, TSTEPS = 70000

TIME TAKEN = 333.82339 ms
Run 7

 HYBRID IMPLEMENTATION 1
--------------------------------------------------------------

Index  | Call Model | Call Actual | Put Model  | Put Actual
--------------------------------------------------------------
0      | 45.0875    | 51.7000    | 35.1062    | 29.6500   
1      | 45.2910    | 53.6500    | 31.8381    | 27.3750   
2      | 45.9652    | 56.4000    | 29.1410    | 25.3500   
3      | 46.8975    | 59.9750    | 26.1167    | 23.2750   
4      | 47.7937    | 63.1750    | 23.5894    | 21.2000   
5      | 48.6772    | 66.3250    | 21.8509    | 19.5250   
6      | 49.4042    | 69.7250    | 19.9648    | 17.7500   
7      | 49.8330    | 72.9000    | 18.2346    | 16.1500   
8      | 43.9256    | 48.7500    | 38.2333    | 31.9000   
9      | 42.9440    | 46.3750    | 41.7015    | 34.3250   

PSTEPS = 20, TSTEPS = 70000

TIME TAKEN = 323.27652 ms
Run 8

 HYBRID IMPLEMENTATION 1
--------------------------------------------------------------

Index  | Call Model | Call Actual | Put Model  | Put Actual
--------------------------------------------------------------
0      | 45.0875    | 51.7000    | 35.1062    | 29.6500   
1      | 45.2910    | 53.6500    | 31.8381    | 27.3750   
2      | 45.9652    | 56.4000    | 29.1410    | 25.3500   
3      | 46.8975    | 59.9750    | 26.1167    | 23.2750   
4      | 47.7937    | 63.1750    | 23.5894    | 21.2000   
5      | 48.6772    | 66.3250    | 21.8509    | 19.5250   
6      | 49.4042    | 69.7250    | 19.9648    | 17.7500   
7      | 49.8330    | 72.9000    | 18.2346    | 16.1500   
8      | 43.9256    | 48.7500    | 38.2333    | 31.9000   
9      | 42.9440    | 46.3750    | 41.7015    | 34.3250   

PSTEPS = 20, TSTEPS = 70000

TIME TAKEN = 348.33038 ms
Run 9

 HYBRID IMPLEMENTATION 1
--------------------------------------------------------------

Index  | Call Model | Call Actual | Put Model  | Put Actual
--------------------------------------------------------------
0      | 45.0875    | 51.7000    | 35.1062    | 29.6500   
1      | 45.2910    | 53.6500    | 31.8381    | 27.3750   
2      | 45.9652    | 56.4000    | 29.1410    | 25.3500   
3      | 46.8975    | 59.9750    | 26.1167    | 23.2750   
4      | 47.7937    | 63.1750    | 23.5894    | 21.2000   
5      | 48.6772    | 66.3250    | 21.8509    | 19.5250   
6      | 49.4042    | 69.7250    | 19.9648    | 17.7500   
7      | 49.8330    | 72.9000    | 18.2346    | 16.1500   
8      | 43.9256    | 48.7500    | 38.2333    | 31.9000   
9      | 42.9440    | 46.3750    | 41.7015    | 34.3250   

PSTEPS = 20, TSTEPS = 70000

TIME TAKEN = 320.07996 ms
Run 10

 HYBRID IMPLEMENTATION 1
--------------------------------------------------------------

Index  | Call Model | Call Actual | Put Model  | Put Actual
--------------------------------------------------------------
0      | 45.0875    | 51.7000    | 35.1062    | 29.6500   
1      | 45.2910    | 53.6500    | 31.8381    | 27.3750   
2      | 45.9652    | 56.4000    | 29.1410    | 25.3500   
3      | 46.8975    | 59.9750    | 26.1167    | 23.2750   
4      | 47.7937    | 63.1750    | 23.5894    | 21.2000   
5      | 48.6772    | 66.3250    | 21.8509    | 19.5250   
6      | 49.4042    | 69.7250    | 19.9648    | 17.7500   
7      | 49.8330    | 72.9000    | 18.2346    | 16.1500   
8      | 43.9256    | 48.7500    | 38.2333    | 31.9000   
9      | 42.9440    | 46.3750    | 41.7015    | 34.3250   

PSTEPS = 20, TSTEPS = 70000

TIME TAKEN = 349.62225 ms
