Benchmarking: black_scholes_base with p=140, t=20000
Run 1

BASIC IMPLEMENTATION
--------------------------------------------------------------

Index  | Call Model | Call Actual | Put Model  | Put Actual
--------------------------------------------------------------
0      | 49.1965    | 51.7000    | 29.9948    | 29.6500   
1      | 50.4374    | 53.6500    | 26.5056    | 27.3750   
2      | 52.2842    | 56.4000    | 23.6948    | 25.3500   
3      | 54.5136    | 59.9750    | 20.6930    | 23.2750   
4      | 56.3069    | 63.1750    | 17.9222    | 21.2000   
5      | 57.9639    | 66.3250    | 15.8940    | 19.5250   
6      | 59.5593    | 69.7250    | 13.8767    | 17.7500   
7      | 60.8942    | 72.9000    | 12.1466    | 16.1500   
8      | 47.0184    | 48.7500    | 33.5833    | 31.9000   
9      | 45.1758    | 46.3750    | 37.6817    | 34.3250   

PSTEPS = 140, TSTEPS = 20000

TIME TAKEN = 1002.29972 ms
Run 2

BASIC IMPLEMENTATION
--------------------------------------------------------------

Index  | Call Model | Call Actual | Put Model  | Put Actual
--------------------------------------------------------------
0      | 49.1965    | 51.7000    | 29.9948    | 29.6500   
1      | 50.4374    | 53.6500    | 26.5056    | 27.3750   
2      | 52.2842    | 56.4000    | 23.6948    | 25.3500   
3      | 54.5136    | 59.9750    | 20.6930    | 23.2750   
4      | 56.3069    | 63.1750    | 17.9222    | 21.2000   
5      | 57.9639    | 66.3250    | 15.8940    | 19.5250   
6      | 59.5593    | 69.7250    | 13.8767    | 17.7500   
7      | 60.8942    | 72.9000    | 12.1466    | 16.1500   
8      | 47.0184    | 48.7500    | 33.5833    | 31.9000   
9      | 45.1758    | 46.3750    | 37.6817    | 34.3250   

PSTEPS = 140, TSTEPS = 20000

TIME TAKEN = 1014.20816 ms
Run 3

BASIC IMPLEMENTATION
--------------------------------------------------------------

Index  | Call Model | Call Actual | Put Model  | Put Actual
--------------------------------------------------------------
0      | 49.1965    | 51.7000    | 29.9948    | 29.6500   
1      | 50.4374    | 53.6500    | 26.5056    | 27.3750   
2      | 52.2842    | 56.4000    | 23.6948    | 25.3500   
3      | 54.5136    | 59.9750    | 20.6930    | 23.2750   
4      | 56.3069    | 63.1750    | 17.9222    | 21.2000   
5      | 57.9639    | 66.3250    | 15.8940    | 19.5250   
6      | 59.5593    | 69.7250    | 13.8767    | 17.7500   
7      | 60.8942    | 72.9000    | 12.1466    | 16.1500   
8      | 47.0184    | 48.7500    | 33.5833    | 31.9000   
9      | 45.1758    | 46.3750    | 37.6817    | 34.3250   

PSTEPS = 140, TSTEPS = 20000

TIME TAKEN = 1003.07337 ms
Run 4

BASIC IMPLEMENTATION
--------------------------------------------------------------

Index  | Call Model | Call Actual | Put Model  | Put Actual
--------------------------------------------------------------
0      | 49.1965    | 51.7000    | 29.9948    | 29.6500   
1      | 50.4374    | 53.6500    | 26.5056    | 27.3750   
2      | 52.2842    | 56.4000    | 23.6948    | 25.3500   
3      | 54.5136    | 59.9750    | 20.6930    | 23.2750   
4      | 56.3069    | 63.1750    | 17.9222    | 21.2000   
5      | 57.9639    | 66.3250    | 15.8940    | 19.5250   
6      | 59.5593    | 69.7250    | 13.8767    | 17.7500   
7      | 60.8942    | 72.9000    | 12.1466    | 16.1500   
8      | 47.0184    | 48.7500    | 33.5833    | 31.9000   
9      | 45.1758    | 46.3750    | 37.6817    | 34.3250   

PSTEPS = 140, TSTEPS = 20000

TIME TAKEN = 1000.90590 ms
Run 5

BASIC IMPLEMENTATION
--------------------------------------------------------------

Index  | Call Model | Call Actual | Put Model  | Put Actual
--------------------------------------------------------------
0      | 49.1965    | 51.7000    | 29.9948    | 29.6500   
1      | 50.4374    | 53.6500    | 26.5056    | 27.3750   
2      | 52.2842    | 56.4000    | 23.6948    | 25.3500   
3      | 54.5136    | 59.9750    | 20.6930    | 23.2750   
4      | 56.3069    | 63.1750    | 17.9222    | 21.2000   
5      | 57.9639    | 66.3250    | 15.8940    | 19.5250   
6      | 59.5593    | 69.7250    | 13.8767    | 17.7500   
7      | 60.8942    | 72.9000    | 12.1466    | 16.1500   
8      | 47.0184    | 48.7500    | 33.5833    | 31.9000   
9      | 45.1758    | 46.3750    | 37.6817    | 34.3250   

PSTEPS = 140, TSTEPS = 20000

TIME TAKEN = 1000.29850 ms
Run 6

BASIC IMPLEMENTATION
--------------------------------------------------------------

Index  | Call Model | Call Actual | Put Model  | Put Actual
--------------------------------------------------------------
0      | 49.1965    | 51.7000    | 29.9948    | 29.6500   
1      | 50.4374    | 53.6500    | 26.5056    | 27.3750   
2      | 52.2842    | 56.4000    | 23.6948    | 25.3500   
3      | 54.5136    | 59.9750    | 20.6930    | 23.2750   
4      | 56.3069    | 63.1750    | 17.9222    | 21.2000   
5      | 57.9639    | 66.3250    | 15.8940    | 19.5250   
6      | 59.5593    | 69.7250    | 13.8767    | 17.7500   
7      | 60.8942    | 72.9000    | 12.1466    | 16.1500   
8      | 47.0184    | 48.7500    | 33.5833    | 31.9000   
9      | 45.1758    | 46.3750    | 37.6817    | 34.3250   

PSTEPS = 140, TSTEPS = 20000

TIME TAKEN = 1018.13540 ms
Run 7

BASIC IMPLEMENTATION
--------------------------------------------------------------

Index  | Call Model | Call Actual | Put Model  | Put Actual
--------------------------------------------------------------
0      | 49.1965    | 51.7000    | 29.9948    | 29.6500   
1      | 50.4374    | 53.6500    | 26.5056    | 27.3750   
2      | 52.2842    | 56.4000    | 23.6948    | 25.3500   
3      | 54.5136    | 59.9750    | 20.6930    | 23.2750   
4      | 56.3069    | 63.1750    | 17.9222    | 21.2000   
5      | 57.9639    | 66.3250    | 15.8940    | 19.5250   
6      | 59.5593    | 69.7250    | 13.8767    | 17.7500   
7      | 60.8942    | 72.9000    | 12.1466    | 16.1500   
8      | 47.0184    | 48.7500    | 33.5833    | 31.9000   
9      | 45.1758    | 46.3750    | 37.6817    | 34.3250   

PSTEPS = 140, TSTEPS = 20000

TIME TAKEN = 993.56649 ms
Run 8

BASIC IMPLEMENTATION
--------------------------------------------------------------

Index  | Call Model | Call Actual | Put Model  | Put Actual
--------------------------------------------------------------
0      | 49.1965    | 51.7000    | 29.9948    | 29.6500   
1      | 50.4374    | 53.6500    | 26.5056    | 27.3750   
2      | 52.2842    | 56.4000    | 23.6948    | 25.3500   
3      | 54.5136    | 59.9750    | 20.6930    | 23.2750   
4      | 56.3069    | 63.1750    | 17.9222    | 21.2000   
5      | 57.9639    | 66.3250    | 15.8940    | 19.5250   
6      | 59.5593    | 69.7250    | 13.8767    | 17.7500   
7      | 60.8942    | 72.9000    | 12.1466    | 16.1500   
8      | 47.0184    | 48.7500    | 33.5833    | 31.9000   
9      | 45.1758    | 46.3750    | 37.6817    | 34.3250   

PSTEPS = 140, TSTEPS = 20000

TIME TAKEN = 994.10983 ms
Run 9

BASIC IMPLEMENTATION
--------------------------------------------------------------

Index  | Call Model | Call Actual | Put Model  | Put Actual
--------------------------------------------------------------
0      | 49.1965    | 51.7000    | 29.9948    | 29.6500   
1      | 50.4374    | 53.6500    | 26.5056    | 27.3750   
2      | 52.2842    | 56.4000    | 23.6948    | 25.3500   
3      | 54.5136    | 59.9750    | 20.6930    | 23.2750   
4      | 56.3069    | 63.1750    | 17.9222    | 21.2000   
5      | 57.9639    | 66.3250    | 15.8940    | 19.5250   
6      | 59.5593    | 69.7250    | 13.8767    | 17.7500   
7      | 60.8942    | 72.9000    | 12.1466    | 16.1500   
8      | 47.0184    | 48.7500    | 33.5833    | 31.9000   
9      | 45.1758    | 46.3750    | 37.6817    | 34.3250   

PSTEPS = 140, TSTEPS = 20000

TIME TAKEN = 1014.91387 ms
Run 10

BASIC IMPLEMENTATION
--------------------------------------------------------------

Index  | Call Model | Call Actual | Put Model  | Put Actual
--------------------------------------------------------------
0      | 49.1965    | 51.7000    | 29.9948    | 29.6500   
1      | 50.4374    | 53.6500    | 26.5056    | 27.3750   
2      | 52.2842    | 56.4000    | 23.6948    | 25.3500   
3      | 54.5136    | 59.9750    | 20.6930    | 23.2750   
4      | 56.3069    | 63.1750    | 17.9222    | 21.2000   
5      | 57.9639    | 66.3250    | 15.8940    | 19.5250   
6      | 59.5593    | 69.7250    | 13.8767    | 17.7500   
7      | 60.8942    | 72.9000    | 12.1466    | 16.1500   
8      | 47.0184    | 48.7500    | 33.5833    | 31.9000   
9      | 45.1758    | 46.3750    | 37.6817    | 34.3250   

PSTEPS = 140, TSTEPS = 20000

TIME TAKEN = 995.60916 ms
