Benchmarking: black_scholes_hybrid1 with p=80, t=100000
Run 1

 HYBRID IMPLEMENTATION 1
--------------------------------------------------------------

Index  | Call Model | Call Actual | Put Model  | Put Actual
--------------------------------------------------------------
0      | 47.0810    | 51.7000    | 31.5711    | 29.6500   
1      | 47.8232    | 53.6500    | 28.2495    | 27.3750   
2      | 49.1526    | 56.4000    | 25.6025    | 25.3500   
3      | 50.8109    | 59.9750    | 22.7098    | 23.2750   
4      | 52.0763    | 63.1750    | 20.0221    | 21.2000   
5      | 52.8962    | 66.3250    | 18.0244    | 19.5250   
6      | 54.2875    | 69.7250    | 16.0450    | 17.7500   
7      | 55.0939    | 72.9000    | 14.2793    | 16.1500   
8      | 45.4291    | 48.7500    | 34.9074    | 31.9000   
9      | 44.0685    | 46.3750    | 38.7044    | 34.3250   

PSTEPS = 80, TSTEPS = 100000

TIME TAKEN = 543.75654 ms
Run 2

 HYBRID IMPLEMENTATION 1
--------------------------------------------------------------

Index  | Call Model | Call Actual | Put Model  | Put Actual
--------------------------------------------------------------
0      | 47.0810    | 51.7000    | 31.5711    | 29.6500   
1      | 47.8232    | 53.6500    | 28.2495    | 27.3750   
2      | 49.1526    | 56.4000    | 25.6025    | 25.3500   
3      | 50.8109    | 59.9750    | 22.7098    | 23.2750   
4      | 52.0763    | 63.1750    | 20.0221    | 21.2000   
5      | 52.9133    | 66.3250    | 18.0244    | 19.5250   
6      | 54.2875    | 69.7250    | 16.0450    | 17.7500   
7      | 55.0939    | 72.9000    | 14.2793    | 16.1500   
8      | 45.4291    | 48.7500    | 34.9074    | 31.9000   
9      | 44.0685    | 46.3750    | 38.7044    | 34.3250   

PSTEPS = 80, TSTEPS = 100000

TIME TAKEN = 525.68460 ms
Run 3

 HYBRID IMPLEMENTATION 1
--------------------------------------------------------------

Index  | Call Model | Call Actual | Put Model  | Put Actual
--------------------------------------------------------------
0      | 47.0810    | 51.7000    | 31.5711    | 29.6500   
1      | 47.8232    | 53.6500    | 28.2495    | 27.3750   
2      | 49.1526    | 56.4000    | 25.6025    | 25.3500   
3      | 50.8109    | 59.9750    | 22.7098    | 23.2750   
4      | 52.0152    | 63.1750    | 20.0221    | 21.2000   
5      | 53.1939    | 66.3250    | 18.0244    | 19.5250   
6      | 54.2875    | 69.7250    | 16.0450    | 17.7500   
7      | 55.0939    | 72.9000    | 14.2793    | 16.1500   
8      | 45.4291    | 48.7500    | 34.9074    | 31.9000   
9      | 44.0685    | 46.3750    | 38.7044    | 34.3250   

PSTEPS = 80, TSTEPS = 100000

TIME TAKEN = 514.18426 ms
Run 4

 HYBRID IMPLEMENTATION 1
--------------------------------------------------------------

Index  | Call Model | Call Actual | Put Model  | Put Actual
--------------------------------------------------------------
0      | 47.0810    | 51.7000    | 31.5711    | 29.6500   
1      | 47.8232    | 53.6500    | 28.2495    | 27.3750   
2      | 49.1526    | 56.4000    | 25.6025    | 25.3500   
3      | 50.8109    | 59.9750    | 22.7098    | 23.2750   
4      | 52.0684    | 63.1750    | 20.0221    | 21.2000   
5      | 53.0859    | 66.3250    | 18.0244    | 19.5250   
6      | 54.2875    | 69.7250    | 16.0450    | 17.7500   
7      | 55.0939    | 72.9000    | 14.2793    | 16.1500   
8      | 45.4291    | 48.7500    | 34.9074    | 31.9000   
9      | 44.0685    | 46.3750    | 38.7044    | 34.3250   

PSTEPS = 80, TSTEPS = 100000

TIME TAKEN = 514.02506 ms
Run 5

 HYBRID IMPLEMENTATION 1
--------------------------------------------------------------

Index  | Call Model | Call Actual | Put Model  | Put Actual
--------------------------------------------------------------
0      | 47.0810    | 51.7000    | 31.5711    | 29.6500   
1      | 47.8232    | 53.6500    | 28.2495    | 27.3750   
2      | 49.1526    | 56.4000    | 25.6025    | 25.3500   
3      | 50.8109    | 59.9750    | 22.7098    | 23.2750   
4      | 50.6777    | 63.1750    | 20.0221    | 21.2000   
5      | 51.2408    | 66.3250    | 18.0244    | 19.5250   
6      | 54.2875    | 69.7250    | 16.0450    | 17.7500   
7      | 55.0939    | 72.9000    | 14.2793    | 16.1500   
8      | 45.4291    | 48.7500    | 34.9074    | 31.9000   
9      | 44.0685    | 46.3750    | 38.7044    | 34.3250   

PSTEPS = 80, TSTEPS = 100000

TIME TAKEN = 525.68558 ms
Run 6

 HYBRID IMPLEMENTATION 1
--------------------------------------------------------------

Index  | Call Model | Call Actual | Put Model  | Put Actual
--------------------------------------------------------------
0      | 47.0810    | 51.7000    | 31.5711    | 29.6500   
1      | 47.8232    | 53.6500    | 28.2495    | 27.3750   
2      | 49.1526    | 56.4000    | 25.6025    | 25.3500   
3      | 50.8109    | 59.9750    | 22.7098    | 23.2750   
4      | 50.2715    | 63.1750    | 20.0221    | 21.2000   
5      | 53.1089    | 66.3250    | 18.0244    | 19.5250   
6      | 54.2875    | 69.7250    | 16.0450    | 17.7500   
7      | 55.0939    | 72.9000    | 14.2793    | 16.1500   
8      | 45.4291    | 48.7500    | 34.9074    | 31.9000   
9      | 44.0685    | 46.3750    | 38.7044    | 34.3250   

PSTEPS = 80, TSTEPS = 100000

TIME TAKEN = 511.74244 ms
Run 7

 HYBRID IMPLEMENTATION 1
--------------------------------------------------------------

Index  | Call Model | Call Actual | Put Model  | Put Actual
--------------------------------------------------------------
0      | 47.0810    | 51.7000    | 31.5711    | 29.6500   
1      | 47.8232    | 53.6500    | 28.2495    | 27.3750   
2      | 49.1526    | 56.4000    | 25.6025    | 25.3500   
3      | 50.8109    | 59.9750    | 22.7098    | 23.2750   
4      | 52.0760    | 63.1750    | 20.0221    | 21.2000   
5      | 53.1029    | 66.3250    | 18.0244    | 19.5250   
6      | 54.2875    | 69.7250    | 16.0450    | 17.7500   
7      | 55.0939    | 72.9000    | 14.2793    | 16.1500   
8      | 45.4291    | 48.7500    | 34.9074    | 31.9000   
9      | 44.0685    | 46.3750    | 38.7044    | 34.3250   

PSTEPS = 80, TSTEPS = 100000

TIME TAKEN = 518.38665 ms
Run 8

 HYBRID IMPLEMENTATION 1
--------------------------------------------------------------

Index  | Call Model | Call Actual | Put Model  | Put Actual
--------------------------------------------------------------
0      | 47.0810    | 51.7000    | 31.5711    | 29.6500   
1      | 47.8232    | 53.6500    | 28.2495    | 27.3750   
2      | 49.1526    | 56.4000    | 25.6025    | 25.3500   
3      | 50.8109    | 59.9750    | 22.7098    | 23.2750   
4      | 50.5375    | 63.1750    | 20.0221    | 21.2000   
5      | 52.7823    | 66.3250    | 18.0244    | 19.5250   
6      | 54.2875    | 69.7250    | 16.0450    | 17.7500   
7      | 55.0939    | 72.9000    | 14.2793    | 16.1500   
8      | 45.4291    | 48.7500    | 34.9074    | 31.9000   
9      | 44.0685    | 46.3750    | 38.7044    | 34.3250   

PSTEPS = 80, TSTEPS = 100000

TIME TAKEN = 540.39554 ms
Run 9

 HYBRID IMPLEMENTATION 1
--------------------------------------------------------------

Index  | Call Model | Call Actual | Put Model  | Put Actual
--------------------------------------------------------------
0      | 47.0810    | 51.7000    | 31.5711    | 29.6500   
1      | 47.8232    | 53.6500    | 28.2495    | 27.3750   
2      | 49.1526    | 56.4000    | 25.6025    | 25.3500   
3      | 50.8109    | 59.9750    | 22.7098    | 23.2750   
4      | 52.0762    | 63.1750    | 20.0221    | 21.2000   
5      | 52.0308    | 66.3250    | 18.0244    | 19.5250   
6      | 54.2875    | 69.7250    | 16.0450    | 17.7500   
7      | 55.0939    | 72.9000    | 14.2793    | 16.1500   
8      | 45.4291    | 48.7500    | 34.9074    | 31.9000   
9      | 44.0685    | 46.3750    | 38.7044    | 34.3250   

PSTEPS = 80, TSTEPS = 100000

TIME TAKEN = 553.80049 ms
Run 10

 HYBRID IMPLEMENTATION 1
--------------------------------------------------------------

Index  | Call Model | Call Actual | Put Model  | Put Actual
--------------------------------------------------------------
0      | 47.0810    | 51.7000    | 31.5711    | 29.6500   
1      | 47.8232    | 53.6500    | 28.2495    | 27.3750   
2      | 49.1526    | 56.4000    | 25.6025    | 25.3500   
3      | 50.8109    | 59.9750    | 22.7098    | 23.2750   
4      | 50.0999    | 63.1750    | 20.0221    | 21.2000   
5      | 52.8583    | 66.3250    | 18.0244    | 19.5250   
6      | 54.2875    | 69.7250    | 16.0450    | 17.7500   
7      | 55.0939    | 72.9000    | 14.2793    | 16.1500   
8      | 45.4291    | 48.7500    | 34.9074    | 31.9000   
9      | 44.0685    | 46.3750    | 38.7044    | 34.3250   

PSTEPS = 80, TSTEPS = 100000

TIME TAKEN = 532.10127 ms
