Benchmarking: black_scholes_cpu_acc with p=180, t=50000
Run 1

 CPU ACCELERATED IMPLEMENTATION
--------------------------------------------------------------

Index  | Call Model | Call Actual | Put Model  | Put Actual
--------------------------------------------------------------
0      | 50.6485    | 51.7000    | 29.0231    | 29.6500   
1      | 52.2354    | 53.6500    | 25.4290    | 27.3750   
2      | 54.4494    | 56.4000    | 22.5234    | 25.3500   
3      | 57.0709    | 59.9750    | 19.4517    | 23.2750   
4      | 59.2467    | 63.1750    | 16.6464    | 21.2000   
5      | 61.2728    | 66.3250    | 14.5962    | 19.5250   
6      | 63.2477    | 69.7250    | 12.5863    | 17.7500   
7      | 64.9474    | 72.9000    | 10.8785    | 16.1500   
8      | 48.1106    | 48.7500    | 32.7765    | 31.9000   
9      | 45.9292    | 46.3750    | 37.0628    | 34.3250   

PSTEPS = 180, TSTEPS = 50000

TIME TAKEN = 233.98265 ms
Run 2

 CPU ACCELERATED IMPLEMENTATION
--------------------------------------------------------------

Index  | Call Model | Call Actual | Put Model  | Put Actual
--------------------------------------------------------------
0      | 50.6485    | 51.7000    | 29.0231    | 29.6500   
1      | 52.2354    | 53.6500    | 25.4290    | 27.3750   
2      | 54.4494    | 56.4000    | 22.5234    | 25.3500   
3      | 57.0709    | 59.9750    | 19.4517    | 23.2750   
4      | 59.2467    | 63.1750    | 16.6464    | 21.2000   
5      | 61.2728    | 66.3250    | 14.5962    | 19.5250   
6      | 63.2477    | 69.7250    | 12.5863    | 17.7500   
7      | 64.9474    | 72.9000    | 10.8785    | 16.1500   
8      | 48.1106    | 48.7500    | 32.7765    | 31.9000   
9      | 45.9292    | 46.3750    | 37.0628    | 34.3250   

PSTEPS = 180, TSTEPS = 50000

TIME TAKEN = 234.07421 ms
Run 3

 CPU ACCELERATED IMPLEMENTATION
--------------------------------------------------------------

Index  | Call Model | Call Actual | Put Model  | Put Actual
--------------------------------------------------------------
0      | 50.6485    | 51.7000    | 29.0231    | 29.6500   
1      | 52.2354    | 53.6500    | 25.4290    | 27.3750   
2      | 54.4494    | 56.4000    | 22.5234    | 25.3500   
3      | 57.0709    | 59.9750    | 19.4517    | 23.2750   
4      | 59.2467    | 63.1750    | 16.6464    | 21.2000   
5      | 61.2728    | 66.3250    | 14.5962    | 19.5250   
6      | 63.2477    | 69.7250    | 12.5863    | 17.7500   
7      | 64.9474    | 72.9000    | 10.8785    | 16.1500   
8      | 48.1106    | 48.7500    | 32.7765    | 31.9000   
9      | 45.9292    | 46.3750    | 37.0628    | 34.3250   

PSTEPS = 180, TSTEPS = 50000

TIME TAKEN = 233.98120 ms
Run 4

 CPU ACCELERATED IMPLEMENTATION
--------------------------------------------------------------

Index  | Call Model | Call Actual | Put Model  | Put Actual
--------------------------------------------------------------
0      | 50.6485    | 51.7000    | 29.0231    | 29.6500   
1      | 52.2354    | 53.6500    | 25.4290    | 27.3750   
2      | 54.4494    | 56.4000    | 22.5234    | 25.3500   
3      | 57.0709    | 59.9750    | 19.4517    | 23.2750   
4      | 59.2467    | 63.1750    | 16.6464    | 21.2000   
5      | 61.2728    | 66.3250    | 14.5962    | 19.5250   
6      | 63.2477    | 69.7250    | 12.5863    | 17.7500   
7      | 64.9474    | 72.9000    | 10.8785    | 16.1500   
8      | 48.1106    | 48.7500    | 32.7765    | 31.9000   
9      | 45.9292    | 46.3750    | 37.0628    | 34.3250   

PSTEPS = 180, TSTEPS = 50000

TIME TAKEN = 233.92348 ms
Run 5

 CPU ACCELERATED IMPLEMENTATION
--------------------------------------------------------------

Index  | Call Model | Call Actual | Put Model  | Put Actual
--------------------------------------------------------------
0      | 50.6485    | 51.7000    | 29.0231    | 29.6500   
1      | 52.2354    | 53.6500    | 25.4290    | 27.3750   
2      | 54.4494    | 56.4000    | 22.5234    | 25.3500   
3      | 57.0709    | 59.9750    | 19.4517    | 23.2750   
4      | 59.2467    | 63.1750    | 16.6464    | 21.2000   
5      | 61.2728    | 66.3250    | 14.5962    | 19.5250   
6      | 63.2477    | 69.7250    | 12.5863    | 17.7500   
7      | 64.9474    | 72.9000    | 10.8785    | 16.1500   
8      | 48.1106    | 48.7500    | 32.7765    | 31.9000   
9      | 45.9292    | 46.3750    | 37.0628    | 34.3250   

PSTEPS = 180, TSTEPS = 50000

TIME TAKEN = 234.38999 ms
Run 6

 CPU ACCELERATED IMPLEMENTATION
--------------------------------------------------------------

Index  | Call Model | Call Actual | Put Model  | Put Actual
--------------------------------------------------------------
0      | 50.6485    | 51.7000    | 29.0231    | 29.6500   
1      | 52.2354    | 53.6500    | 25.4290    | 27.3750   
2      | 54.4494    | 56.4000    | 22.5234    | 25.3500   
3      | 57.0709    | 59.9750    | 19.4517    | 23.2750   
4      | 59.2467    | 63.1750    | 16.6464    | 21.2000   
5      | 61.2728    | 66.3250    | 14.5962    | 19.5250   
6      | 63.2477    | 69.7250    | 12.5863    | 17.7500   
7      | 64.9474    | 72.9000    | 10.8785    | 16.1500   
8      | 48.1106    | 48.7500    | 32.7765    | 31.9000   
9      | 45.9292    | 46.3750    | 37.0628    | 34.3250   

PSTEPS = 180, TSTEPS = 50000

TIME TAKEN = 233.87803 ms
Run 7

 CPU ACCELERATED IMPLEMENTATION
--------------------------------------------------------------

Index  | Call Model | Call Actual | Put Model  | Put Actual
--------------------------------------------------------------
0      | 50.6485    | 51.7000    | 29.0231    | 29.6500   
1      | 52.2354    | 53.6500    | 25.4290    | 27.3750   
2      | 54.4494    | 56.4000    | 22.5234    | 25.3500   
3      | 57.0709    | 59.9750    | 19.4517    | 23.2750   
4      | 59.2467    | 63.1750    | 16.6464    | 21.2000   
5      | 61.2728    | 66.3250    | 14.5962    | 19.5250   
6      | 63.2477    | 69.7250    | 12.5863    | 17.7500   
7      | 64.9474    | 72.9000    | 10.8785    | 16.1500   
8      | 48.1106    | 48.7500    | 32.7765    | 31.9000   
9      | 45.9292    | 46.3750    | 37.0628    | 34.3250   

PSTEPS = 180, TSTEPS = 50000

TIME TAKEN = 234.11336 ms
Run 8

 CPU ACCELERATED IMPLEMENTATION
--------------------------------------------------------------

Index  | Call Model | Call Actual | Put Model  | Put Actual
--------------------------------------------------------------
0      | 50.6485    | 51.7000    | 29.0231    | 29.6500   
1      | 52.2354    | 53.6500    | 25.4290    | 27.3750   
2      | 54.4494    | 56.4000    | 22.5234    | 25.3500   
3      | 57.0709    | 59.9750    | 19.4517    | 23.2750   
4      | 59.2467    | 63.1750    | 16.6464    | 21.2000   
5      | 61.2728    | 66.3250    | 14.5962    | 19.5250   
6      | 63.2477    | 69.7250    | 12.5863    | 17.7500   
7      | 64.9474    | 72.9000    | 10.8785    | 16.1500   
8      | 48.1106    | 48.7500    | 32.7765    | 31.9000   
9      | 45.9292    | 46.3750    | 37.0628    | 34.3250   

PSTEPS = 180, TSTEPS = 50000

TIME TAKEN = 233.80865 ms
Run 9

 CPU ACCELERATED IMPLEMENTATION
--------------------------------------------------------------

Index  | Call Model | Call Actual | Put Model  | Put Actual
--------------------------------------------------------------
0      | 50.6485    | 51.7000    | 29.0231    | 29.6500   
1      | 52.2354    | 53.6500    | 25.4290    | 27.3750   
2      | 54.4494    | 56.4000    | 22.5234    | 25.3500   
3      | 57.0709    | 59.9750    | 19.4517    | 23.2750   
4      | 59.2467    | 63.1750    | 16.6464    | 21.2000   
5      | 61.2728    | 66.3250    | 14.5962    | 19.5250   
6      | 63.2477    | 69.7250    | 12.5863    | 17.7500   
7      | 64.9474    | 72.9000    | 10.8785    | 16.1500   
8      | 48.1106    | 48.7500    | 32.7765    | 31.9000   
9      | 45.9292    | 46.3750    | 37.0628    | 34.3250   

PSTEPS = 180, TSTEPS = 50000

TIME TAKEN = 233.95877 ms
Run 10

 CPU ACCELERATED IMPLEMENTATION
--------------------------------------------------------------

Index  | Call Model | Call Actual | Put Model  | Put Actual
--------------------------------------------------------------
0      | 50.6485    | 51.7000    | 29.0231    | 29.6500   
1      | 52.2354    | 53.6500    | 25.4290    | 27.3750   
2      | 54.4494    | 56.4000    | 22.5234    | 25.3500   
3      | 57.0709    | 59.9750    | 19.4517    | 23.2750   
4      | 59.2467    | 63.1750    | 16.6464    | 21.2000   
5      | 61.2728    | 66.3250    | 14.5962    | 19.5250   
6      | 63.2477    | 69.7250    | 12.5863    | 17.7500   
7      | 64.9474    | 72.9000    | 10.8785    | 16.1500   
8      | 48.1106    | 48.7500    | 32.7765    | 31.9000   
9      | 45.9292    | 46.3750    | 37.0628    | 34.3250   

PSTEPS = 180, TSTEPS = 50000

TIME TAKEN = 234.06688 ms
