Benchmarking: black_scholes_hybrid2 with p=200, t=60000
Run 1

 HYBRID IMPLEMENTATION 2
--------------------------------------------------------------

Index  | Call Model | Call Actual | Put Model  | Put Actual
--------------------------------------------------------------
0      | 51.3883    | 51.7000    | 28.5523    | 29.6500   
1      | 53.1440    | 53.6500    | 24.8999    | 27.3750   
2      | 55.5507    | 56.4000    | 21.9540    | 25.3500   
3      | 58.3780    | 59.9750    | 18.8546    | 23.2750   
4      | 60.7532    | 63.1750    | 16.0375    | 21.2000   
5      | 62.9777    | 66.3250    | 13.9869    | 19.5250   
6      | 65.1465    | 69.7250    | 11.9811    | 17.7500   
7      | 67.0319    | 72.9000    | 10.2835    | 16.1500   
8      | 48.6630    | 48.7500    | 32.3818    | 31.9000   
9      | 46.3002    | 46.3750    | 36.7510    | 34.3250   

PSTEPS = 200, TSTEPS = 60000

TIME TAKEN = 1057.87267 ms
Run 2

 HYBRID IMPLEMENTATION 2
--------------------------------------------------------------

Index  | Call Model | Call Actual | Put Model  | Put Actual
--------------------------------------------------------------
0      | 51.3883    | 51.7000    | 28.5523    | 29.6500   
1      | 53.1440    | 53.6500    | 24.8999    | 27.3750   
2      | 55.5507    | 56.4000    | 21.9540    | 25.3500   
3      | 58.3780    | 59.9750    | 18.8546    | 23.2750   
4      | 60.7532    | 63.1750    | 16.0375    | 21.2000   
5      | 62.9777    | 66.3250    | 13.9869    | 19.5250   
6      | 65.1465    | 69.7250    | 11.9811    | 17.7500   
7      | 67.0319    | 72.9000    | 10.2835    | 16.1500   
8      | 48.6630    | 48.7500    | 32.3818    | 31.9000   
9      | 46.3002    | 46.3750    | 36.7510    | 34.3250   

PSTEPS = 200, TSTEPS = 60000

TIME TAKEN = 1105.11407 ms
Run 3

 HYBRID IMPLEMENTATION 2
--------------------------------------------------------------

Index  | Call Model | Call Actual | Put Model  | Put Actual
--------------------------------------------------------------
0      | 51.3883    | 51.7000    | 28.5523    | 29.6500   
1      | 53.1440    | 53.6500    | 24.8999    | 27.3750   
2      | 55.5507    | 56.4000    | 21.9540    | 25.3500   
3      | 58.3780    | 59.9750    | 18.8546    | 23.2750   
4      | 60.7532    | 63.1750    | 16.0375    | 21.2000   
5      | 62.9777    | 66.3250    | 13.9869    | 19.5250   
6      | 65.1465    | 69.7250    | 11.9811    | 17.7500   
7      | 67.0319    | 72.9000    | 10.2835    | 16.1500   
8      | 48.6630    | 48.7500    | 32.3818    | 31.9000   
9      | 46.3002    | 46.3750    | 36.7510    | 34.3250   

PSTEPS = 200, TSTEPS = 60000

TIME TAKEN = 1103.85209 ms
Run 4

 HYBRID IMPLEMENTATION 2
--------------------------------------------------------------

Index  | Call Model | Call Actual | Put Model  | Put Actual
--------------------------------------------------------------
0      | 51.3883    | 51.7000    | 28.5523    | 29.6500   
1      | 53.1440    | 53.6500    | 24.8999    | 27.3750   
2      | 55.5507    | 56.4000    | 21.9540    | 25.3500   
3      | 58.3780    | 59.9750    | 18.8546    | 23.2750   
4      | 60.7532    | 63.1750    | 16.0375    | 21.2000   
5      | 62.9777    | 66.3250    | 13.9869    | 19.5250   
6      | 65.1465    | 69.7250    | 11.9811    | 17.7500   
7      | 67.0319    | 72.9000    | 10.2835    | 16.1500   
8      | 48.6630    | 48.7500    | 32.3818    | 31.9000   
9      | 46.3002    | 46.3750    | 36.7510    | 34.3250   

PSTEPS = 200, TSTEPS = 60000

TIME TAKEN = 1086.37428 ms
Run 5

 HYBRID IMPLEMENTATION 2
--------------------------------------------------------------

Index  | Call Model | Call Actual | Put Model  | Put Actual
--------------------------------------------------------------
0      | 51.3883    | 51.7000    | 28.5523    | 29.6500   
1      | 53.1440    | 53.6500    | 24.8999    | 27.3750   
2      | 55.5507    | 56.4000    | 21.9540    | 25.3500   
3      | 58.3780    | 59.9750    | 18.8546    | 23.2750   
4      | 60.7532    | 63.1750    | 16.0375    | 21.2000   
5      | 62.9777    | 66.3250    | 13.9869    | 19.5250   
6      | 65.1465    | 69.7250    | 11.9811    | 17.7500   
7      | 67.0319    | 72.9000    | 10.2835    | 16.1500   
8      | 48.6630    | 48.7500    | 32.3818    | 31.9000   
9      | 46.3002    | 46.3750    | 36.7510    | 34.3250   

PSTEPS = 200, TSTEPS = 60000

TIME TAKEN = 1061.75705 ms
Run 6

 HYBRID IMPLEMENTATION 2
--------------------------------------------------------------

Index  | Call Model | Call Actual | Put Model  | Put Actual
--------------------------------------------------------------
0      | 51.3883    | 51.7000    | 28.5523    | 29.6500   
1      | 53.1440    | 53.6500    | 24.8999    | 27.3750   
2      | 55.5507    | 56.4000    | 21.9540    | 25.3500   
3      | 58.3780    | 59.9750    | 18.8546    | 23.2750   
4      | 60.7532    | 63.1750    | 16.0375    | 21.2000   
5      | 62.9777    | 66.3250    | 13.9869    | 19.5250   
6      | 65.1465    | 69.7250    | 11.9811    | 17.7500   
7      | 67.0319    | 72.9000    | 10.2835    | 16.1500   
8      | 48.6630    | 48.7500    | 32.3818    | 31.9000   
9      | 46.3002    | 46.3750    | 36.7510    | 34.3250   

PSTEPS = 200, TSTEPS = 60000

TIME TAKEN = 1071.17105 ms
Run 7

 HYBRID IMPLEMENTATION 2
--------------------------------------------------------------

Index  | Call Model | Call Actual | Put Model  | Put Actual
--------------------------------------------------------------
0      | 51.3883    | 51.7000    | 28.5523    | 29.6500   
1      | 53.1440    | 53.6500    | 24.8999    | 27.3750   
2      | 55.5507    | 56.4000    | 21.9540    | 25.3500   
3      | 58.3780    | 59.9750    | 18.8546    | 23.2750   
4      | 60.7532    | 63.1750    | 16.0375    | 21.2000   
5      | 62.9777    | 66.3250    | 13.9869    | 19.5250   
6      | 65.1465    | 69.7250    | 11.9811    | 17.7500   
7      | 67.0319    | 72.9000    | 10.2835    | 16.1500   
8      | 48.6630    | 48.7500    | 32.3818    | 31.9000   
9      | 46.3002    | 46.3750    | 36.7510    | 34.3250   

PSTEPS = 200, TSTEPS = 60000

TIME TAKEN = 1058.73672 ms
Run 8

 HYBRID IMPLEMENTATION 2
--------------------------------------------------------------

Index  | Call Model | Call Actual | Put Model  | Put Actual
--------------------------------------------------------------
0      | 51.3883    | 51.7000    | 28.5523    | 29.6500   
1      | 53.1440    | 53.6500    | 24.8999    | 27.3750   
2      | 55.5507    | 56.4000    | 21.9540    | 25.3500   
3      | 58.3780    | 59.9750    | 18.8546    | 23.2750   
4      | 60.7532    | 63.1750    | 16.0375    | 21.2000   
5      | 62.9777    | 66.3250    | 13.9869    | 19.5250   
6      | 65.1465    | 69.7250    | 11.9811    | 17.7500   
7      | 67.0319    | 72.9000    | 10.2835    | 16.1500   
8      | 48.6630    | 48.7500    | 32.3818    | 31.9000   
9      | 46.3002    | 46.3750    | 36.7510    | 34.3250   

PSTEPS = 200, TSTEPS = 60000

TIME TAKEN = 1074.26406 ms
Run 9

 HYBRID IMPLEMENTATION 2
--------------------------------------------------------------

Index  | Call Model | Call Actual | Put Model  | Put Actual
--------------------------------------------------------------
0      | 51.3883    | 51.7000    | 28.5523    | 29.6500   
1      | 53.1440    | 53.6500    | 24.8999    | 27.3750   
2      | 55.5507    | 56.4000    | 21.9540    | 25.3500   
3      | 58.3780    | 59.9750    | 18.8546    | 23.2750   
4      | 60.7532    | 63.1750    | 16.0375    | 21.2000   
5      | 62.9777    | 66.3250    | 13.9869    | 19.5250   
6      | 65.1465    | 69.7250    | 11.9811    | 17.7500   
7      | 67.0319    | 72.9000    | 10.2835    | 16.1500   
8      | 48.6630    | 48.7500    | 32.3818    | 31.9000   
9      | 46.3002    | 46.3750    | 36.7510    | 34.3250   

PSTEPS = 200, TSTEPS = 60000

TIME TAKEN = 1071.89863 ms
Run 10

 HYBRID IMPLEMENTATION 2
--------------------------------------------------------------

Index  | Call Model | Call Actual | Put Model  | Put Actual
--------------------------------------------------------------
0      | 51.3883    | 51.7000    | 28.5523    | 29.6500   
1      | 53.1440    | 53.6500    | 24.8999    | 27.3750   
2      | 55.5507    | 56.4000    | 21.9540    | 25.3500   
3      | 58.3780    | 59.9750    | 18.8546    | 23.2750   
4      | 60.7532    | 63.1750    | 16.0375    | 21.2000   
5      | 62.9777    | 66.3250    | 13.9869    | 19.5250   
6      | 65.1465    | 69.7250    | 11.9811    | 17.7500   
7      | 67.0319    | 72.9000    | 10.2835    | 16.1500   
8      | 48.6630    | 48.7500    | 32.3818    | 31.9000   
9      | 46.3002    | 46.3750    | 36.7510    | 34.3250   

PSTEPS = 200, TSTEPS = 60000

TIME TAKEN = 1043.99878 ms
