Benchmarking: black_scholes_gpu with p=40, t=100000
Run 1

 GPU ACCELERATED IMPLEMENTATION
--------------------------------------------------------------

Index  | Call Model | Call Actual | Put Model  | Put Actual
--------------------------------------------------------------
0      | 45.6393    | 51.7000    | 32.9393    | 29.6500   
1      | 46.1552    | 53.6500    | 29.8188    | 27.3750   
2      | 47.1409    | 56.4000    | 27.2627    | 25.3500   
3      | 48.3760    | 59.9750    | 24.3799    | 23.2750   
4      | 49.3423    | 63.1750    | 21.7799    | 21.2000   
5      | 50.2132    | 66.3250    | 19.8947    | 19.5250   
6      | 50.9420    | 69.7250    | 17.8879    | 17.7500   
7      | 51.3780    | 72.9000    | 16.0576    | 16.1500   
8      | 44.3192    | 48.7500    | 36.1073    | 31.9000   
9      | 43.3608    | 46.3750    | 39.8024    | 34.3250   

PSTEPS = 40, TSTEPS = 100000

TIME TAKEN = 344.02708 ms
Run 2

 GPU ACCELERATED IMPLEMENTATION
--------------------------------------------------------------

Index  | Call Model | Call Actual | Put Model  | Put Actual
--------------------------------------------------------------
0      | 45.6393    | 51.7000    | 32.9393    | 29.6500   
1      | 46.1552    | 53.6500    | 29.8188    | 27.3750   
2      | 47.1409    | 56.4000    | 27.2627    | 25.3500   
3      | 48.3760    | 59.9750    | 24.3799    | 23.2750   
4      | 49.3423    | 63.1750    | 21.7799    | 21.2000   
5      | 50.2132    | 66.3250    | 19.8947    | 19.5250   
6      | 50.9420    | 69.7250    | 17.8879    | 17.7500   
7      | 51.3780    | 72.9000    | 16.0576    | 16.1500   
8      | 44.3192    | 48.7500    | 36.1073    | 31.9000   
9      | 43.3608    | 46.3750    | 39.8024    | 34.3250   

PSTEPS = 40, TSTEPS = 100000

TIME TAKEN = 316.76980 ms
Run 3

 GPU ACCELERATED IMPLEMENTATION
--------------------------------------------------------------

Index  | Call Model | Call Actual | Put Model  | Put Actual
--------------------------------------------------------------
0      | 45.6393    | 51.7000    | 32.9393    | 29.6500   
1      | 46.1552    | 53.6500    | 29.8188    | 27.3750   
2      | 47.1409    | 56.4000    | 27.2627    | 25.3500   
3      | 48.3760    | 59.9750    | 24.3799    | 23.2750   
4      | 49.3423    | 63.1750    | 21.7799    | 21.2000   
5      | 50.2132    | 66.3250    | 19.8947    | 19.5250   
6      | 50.9420    | 69.7250    | 17.8879    | 17.7500   
7      | 51.3780    | 72.9000    | 16.0576    | 16.1500   
8      | 44.3192    | 48.7500    | 36.1073    | 31.9000   
9      | 43.3608    | 46.3750    | 39.8024    | 34.3250   

PSTEPS = 40, TSTEPS = 100000

TIME TAKEN = 297.24900 ms
Run 4

 GPU ACCELERATED IMPLEMENTATION
--------------------------------------------------------------

Index  | Call Model | Call Actual | Put Model  | Put Actual
--------------------------------------------------------------
0      | 45.6393    | 51.7000    | 32.9393    | 29.6500   
1      | 46.1552    | 53.6500    | 29.8188    | 27.3750   
2      | 47.1409    | 56.4000    | 27.2627    | 25.3500   
3      | 48.3760    | 59.9750    | 24.3799    | 23.2750   
4      | 49.3423    | 63.1750    | 21.7799    | 21.2000   
5      | 50.2132    | 66.3250    | 19.8947    | 19.5250   
6      | 50.9420    | 69.7250    | 17.8879    | 17.7500   
7      | 51.3780    | 72.9000    | 16.0576    | 16.1500   
8      | 44.3192    | 48.7500    | 36.1073    | 31.9000   
9      | 43.3608    | 46.3750    | 39.8024    | 34.3250   

PSTEPS = 40, TSTEPS = 100000

TIME TAKEN = 305.87866 ms
Run 5

 GPU ACCELERATED IMPLEMENTATION
--------------------------------------------------------------

Index  | Call Model | Call Actual | Put Model  | Put Actual
--------------------------------------------------------------
0      | 45.6393    | 51.7000    | 32.9393    | 29.6500   
1      | 46.1552    | 53.6500    | 29.8188    | 27.3750   
2      | 47.1409    | 56.4000    | 27.2627    | 25.3500   
3      | 48.3760    | 59.9750    | 24.3799    | 23.2750   
4      | 49.3423    | 63.1750    | 21.7799    | 21.2000   
5      | 50.2132    | 66.3250    | 19.8947    | 19.5250   
6      | 50.9420    | 69.7250    | 17.8879    | 17.7500   
7      | 51.3780    | 72.9000    | 16.0576    | 16.1500   
8      | 44.3192    | 48.7500    | 36.1073    | 31.9000   
9      | 43.3608    | 46.3750    | 39.8024    | 34.3250   

PSTEPS = 40, TSTEPS = 100000

TIME TAKEN = 312.64946 ms
Run 6

 GPU ACCELERATED IMPLEMENTATION
--------------------------------------------------------------

Index  | Call Model | Call Actual | Put Model  | Put Actual
--------------------------------------------------------------
0      | 45.6393    | 51.7000    | 32.9393    | 29.6500   
1      | 46.1552    | 53.6500    | 29.8188    | 27.3750   
2      | 47.1409    | 56.4000    | 27.2627    | 25.3500   
3      | 48.3760    | 59.9750    | 24.3799    | 23.2750   
4      | 49.3423    | 63.1750    | 21.7799    | 21.2000   
5      | 50.2132    | 66.3250    | 19.8947    | 19.5250   
6      | 50.9420    | 69.7250    | 17.8879    | 17.7500   
7      | 51.3780    | 72.9000    | 16.0576    | 16.1500   
8      | 44.3192    | 48.7500    | 36.1073    | 31.9000   
9      | 43.3608    | 46.3750    | 39.8024    | 34.3250   

PSTEPS = 40, TSTEPS = 100000

TIME TAKEN = 319.38750 ms
Run 7

 GPU ACCELERATED IMPLEMENTATION
--------------------------------------------------------------

Index  | Call Model | Call Actual | Put Model  | Put Actual
--------------------------------------------------------------
0      | 45.6393    | 51.7000    | 32.9393    | 29.6500   
1      | 46.1552    | 53.6500    | 29.8188    | 27.3750   
2      | 47.1409    | 56.4000    | 27.2627    | 25.3500   
3      | 48.3760    | 59.9750    | 24.3799    | 23.2750   
4      | 49.3423    | 63.1750    | 21.7799    | 21.2000   
5      | 50.2132    | 66.3250    | 19.8947    | 19.5250   
6      | 50.9420    | 69.7250    | 17.8879    | 17.7500   
7      | 51.3780    | 72.9000    | 16.0576    | 16.1500   
8      | 44.3192    | 48.7500    | 36.1073    | 31.9000   
9      | 43.3608    | 46.3750    | 39.8024    | 34.3250   

PSTEPS = 40, TSTEPS = 100000

TIME TAKEN = 315.55272 ms
Run 8

 GPU ACCELERATED IMPLEMENTATION
--------------------------------------------------------------

Index  | Call Model | Call Actual | Put Model  | Put Actual
--------------------------------------------------------------
0      | 45.6393    | 51.7000    | 32.9393    | 29.6500   
1      | 46.1552    | 53.6500    | 29.8188    | 27.3750   
2      | 47.1409    | 56.4000    | 27.2627    | 25.3500   
3      | 48.3760    | 59.9750    | 24.3799    | 23.2750   
4      | 49.3423    | 63.1750    | 21.7799    | 21.2000   
5      | 50.2132    | 66.3250    | 19.8947    | 19.5250   
6      | 50.9420    | 69.7250    | 17.8879    | 17.7500   
7      | 51.3780    | 72.9000    | 16.0576    | 16.1500   
8      | 44.3192    | 48.7500    | 36.1073    | 31.9000   
9      | 43.3608    | 46.3750    | 39.8024    | 34.3250   

PSTEPS = 40, TSTEPS = 100000

TIME TAKEN = 307.85721 ms
Run 9

 GPU ACCELERATED IMPLEMENTATION
--------------------------------------------------------------

Index  | Call Model | Call Actual | Put Model  | Put Actual
--------------------------------------------------------------
0      | 45.6393    | 51.7000    | 32.9393    | 29.6500   
1      | 46.1552    | 53.6500    | 29.8188    | 27.3750   
2      | 47.1409    | 56.4000    | 27.2627    | 25.3500   
3      | 48.3760    | 59.9750    | 24.3799    | 23.2750   
4      | 49.3423    | 63.1750    | 21.7799    | 21.2000   
5      | 50.2132    | 66.3250    | 19.8947    | 19.5250   
6      | 50.9420    | 69.7250    | 17.8879    | 17.7500   
7      | 51.3780    | 72.9000    | 16.0576    | 16.1500   
8      | 44.3192    | 48.7500    | 36.1073    | 31.9000   
9      | 43.3608    | 46.3750    | 39.8024    | 34.3250   

PSTEPS = 40, TSTEPS = 100000

TIME TAKEN = 347.57653 ms
Run 10

 GPU ACCELERATED IMPLEMENTATION
--------------------------------------------------------------

Index  | Call Model | Call Actual | Put Model  | Put Actual
--------------------------------------------------------------
0      | 45.6393    | 51.7000    | 32.9393    | 29.6500   
1      | 46.1552    | 53.6500    | 29.8188    | 27.3750   
2      | 47.1409    | 56.4000    | 27.2627    | 25.3500   
3      | 48.3760    | 59.9750    | 24.3799    | 23.2750   
4      | 49.3423    | 63.1750    | 21.7799    | 21.2000   
5      | 50.2132    | 66.3250    | 19.8947    | 19.5250   
6      | 50.9420    | 69.7250    | 17.8879    | 17.7500   
7      | 51.3780    | 72.9000    | 16.0576    | 16.1500   
8      | 44.3192    | 48.7500    | 36.1073    | 31.9000   
9      | 43.3608    | 46.3750    | 39.8024    | 34.3250   

PSTEPS = 40, TSTEPS = 100000

TIME TAKEN = 317.02196 ms
