Benchmarking: black_scholes_hybrid1 with p=80, t=30000
Run 1

 HYBRID IMPLEMENTATION 1
--------------------------------------------------------------

Index  | Call Model | Call Actual | Put Model  | Put Actual
--------------------------------------------------------------
0      | 47.0812    | 51.7000    | 31.5712    | 29.6500   
1      | 47.8233    | 53.6500    | 28.2496    | 27.3750   
2      | 49.1527    | 56.4000    | 25.6026    | 25.3500   
3      | 50.8110    | 59.9750    | 22.7099    | 23.2750   
4      | 52.0765    | 63.1750    | 20.0223    | 21.2000   
5      | 53.1940    | 66.3250    | 18.0246    | 19.5250   
6      | 54.2876    | 69.7250    | 16.0451    | 17.7500   
7      | 55.0940    | 72.9000    | 14.2795    | 16.1500   
8      | 45.4293    | 48.7500    | 34.9074    | 31.9000   
9      | 44.0686    | 46.3750    | 38.7045    | 34.3250   

PSTEPS = 80, TSTEPS = 30000

TIME TAKEN = 308.22869 ms
Run 2

 HYBRID IMPLEMENTATION 1
--------------------------------------------------------------

Index  | Call Model | Call Actual | Put Model  | Put Actual
--------------------------------------------------------------
0      | 47.0812    | 51.7000    | 31.5712    | 29.6500   
1      | 47.8233    | 53.6500    | 28.2496    | 27.3750   
2      | 49.1527    | 56.4000    | 25.6026    | 25.3500   
3      | 50.8110    | 59.9750    | 22.7099    | 23.2750   
4      | 52.0459    | 63.1750    | 20.0223    | 21.2000   
5      | 53.1940    | 66.3250    | 18.0246    | 19.5250   
6      | 54.2876    | 69.7250    | 16.0451    | 17.7500   
7      | 55.0940    | 72.9000    | 14.2795    | 16.1500   
8      | 45.4293    | 48.7500    | 34.9074    | 31.9000   
9      | 44.0686    | 46.3750    | 38.7045    | 34.3250   

PSTEPS = 80, TSTEPS = 30000

TIME TAKEN = 296.91852 ms
Run 3

 HYBRID IMPLEMENTATION 1
--------------------------------------------------------------

Index  | Call Model | Call Actual | Put Model  | Put Actual
--------------------------------------------------------------
0      | 47.0812    | 51.7000    | 31.5712    | 29.6500   
1      | 47.8233    | 53.6500    | 28.2496    | 27.3750   
2      | 49.1527    | 56.4000    | 25.6026    | 25.3500   
3      | 50.8110    | 59.9750    | 22.7099    | 23.2750   
4      | 52.0765    | 63.1750    | 20.0223    | 21.2000   
5      | 53.1940    | 66.3250    | 18.0246    | 19.5250   
6      | 54.2876    | 69.7250    | 16.0451    | 17.7500   
7      | 55.0940    | 72.9000    | 14.2795    | 16.1500   
8      | 45.4293    | 48.7500    | 34.9074    | 31.9000   
9      | 44.0686    | 46.3750    | 38.7045    | 34.3250   

PSTEPS = 80, TSTEPS = 30000

TIME TAKEN = 319.97497 ms
Run 4

 HYBRID IMPLEMENTATION 1
--------------------------------------------------------------

Index  | Call Model | Call Actual | Put Model  | Put Actual
--------------------------------------------------------------
0      | 47.0812    | 51.7000    | 31.5712    | 29.6500   
1      | 47.8233    | 53.6500    | 28.2496    | 27.3750   
2      | 49.1527    | 56.4000    | 25.6026    | 25.3500   
3      | 50.8110    | 59.9750    | 22.7099    | 23.2750   
4      | 52.0765    | 63.1750    | 20.0223    | 21.2000   
5      | 53.1940    | 66.3250    | 18.0246    | 19.5250   
6      | 54.2876    | 69.7250    | 16.0451    | 17.7500   
7      | 55.0940    | 72.9000    | 14.2795    | 16.1500   
8      | 45.4293    | 48.7500    | 34.9074    | 31.9000   
9      | 44.0686    | 46.3750    | 38.7045    | 34.3250   

PSTEPS = 80, TSTEPS = 30000

TIME TAKEN = 325.36563 ms
Run 5

 HYBRID IMPLEMENTATION 1
--------------------------------------------------------------

Index  | Call Model | Call Actual | Put Model  | Put Actual
--------------------------------------------------------------
0      | 47.0812    | 51.7000    | 31.5712    | 29.6500   
1      | 47.8233    | 53.6500    | 28.2496    | 27.3750   
2      | 49.1527    | 56.4000    | 25.6026    | 25.3500   
3      | 50.8110    | 59.9750    | 22.7099    | 23.2750   
4      | 51.6412    | 63.1750    | 20.0223    | 21.2000   
5      | 53.1940    | 66.3250    | 18.0246    | 19.5250   
6      | 54.2876    | 69.7250    | 16.0451    | 17.7500   
7      | 55.0940    | 72.9000    | 14.2795    | 16.1500   
8      | 45.4293    | 48.7500    | 34.9074    | 31.9000   
9      | 44.0686    | 46.3750    | 38.7045    | 34.3250   

PSTEPS = 80, TSTEPS = 30000

TIME TAKEN = 340.28548 ms
Run 6

 HYBRID IMPLEMENTATION 1
--------------------------------------------------------------

Index  | Call Model | Call Actual | Put Model  | Put Actual
--------------------------------------------------------------
0      | 47.0812    | 51.7000    | 31.5712    | 29.6500   
1      | 47.8233    | 53.6500    | 28.2496    | 27.3750   
2      | 49.1527    | 56.4000    | 25.6026    | 25.3500   
3      | 50.8110    | 59.9750    | 22.7099    | 23.2750   
4      | 52.0765    | 63.1750    | 20.0223    | 21.2000   
5      | 52.8242    | 66.3250    | 18.0246    | 19.5250   
6      | 54.2876    | 69.7250    | 16.0451    | 17.7500   
7      | 53.4511    | 72.9000    | 14.2795    | 16.1500   
8      | 45.4293    | 48.7500    | 34.9074    | 31.9000   
9      | 44.0686    | 46.3750    | 38.7045    | 34.3250   

PSTEPS = 80, TSTEPS = 30000

TIME TAKEN = 317.43087 ms
Run 7

 HYBRID IMPLEMENTATION 1
--------------------------------------------------------------

Index  | Call Model | Call Actual | Put Model  | Put Actual
--------------------------------------------------------------
0      | 47.0812    | 51.7000    | 31.5712    | 29.6500   
1      | 47.8233    | 53.6500    | 28.2496    | 27.3750   
2      | 49.1527    | 56.4000    | 25.6026    | 25.3500   
3      | 50.8110    | 59.9750    | 22.7099    | 23.2750   
4      | 50.4814    | 63.1750    | 20.0223    | 21.2000   
5      | 53.1940    | 66.3250    | 18.0246    | 19.5250   
6      | 54.2876    | 69.7250    | 16.0451    | 17.7500   
7      | 55.0940    | 72.9000    | 14.2795    | 16.1500   
8      | 45.4293    | 48.7500    | 34.9074    | 31.9000   
9      | 44.0686    | 46.3750    | 38.7045    | 34.3250   

PSTEPS = 80, TSTEPS = 30000

TIME TAKEN = 361.45830 ms
Run 8

 HYBRID IMPLEMENTATION 1
--------------------------------------------------------------

Index  | Call Model | Call Actual | Put Model  | Put Actual
--------------------------------------------------------------
0      | 47.0812    | 51.7000    | 31.5712    | 29.6500   
1      | 47.8233    | 53.6500    | 28.2496    | 27.3750   
2      | 49.1527    | 56.4000    | 25.6026    | 25.3500   
3      | 50.8110    | 59.9750    | 22.7099    | 23.2750   
4      | 51.7369    | 63.1750    | 20.0223    | 21.2000   
5      | 53.1940    | 66.3250    | 18.0246    | 19.5250   
6      | 54.2876    | 69.7250    | 16.0451    | 17.7500   
7      | 55.0940    | 72.9000    | 14.2795    | 16.1500   
8      | 45.4293    | 48.7500    | 34.9074    | 31.9000   
9      | 44.0686    | 46.3750    | 38.7045    | 34.3250   

PSTEPS = 80, TSTEPS = 30000

TIME TAKEN = 319.58738 ms
Run 9

 HYBRID IMPLEMENTATION 1
--------------------------------------------------------------

Index  | Call Model | Call Actual | Put Model  | Put Actual
--------------------------------------------------------------
0      | 47.0812    | 51.7000    | 31.5712    | 29.6500   
1      | 47.8233    | 53.6500    | 28.2496    | 27.3750   
2      | 49.1527    | 56.4000    | 25.6026    | 25.3500   
3      | 50.8110    | 59.9750    | 22.7099    | 23.2750   
4      | 51.6221    | 63.1750    | 20.0223    | 21.2000   
5      | 53.1726    | 66.3250    | 18.0246    | 19.5250   
6      | 54.2876    | 69.7250    | 16.0451    | 17.7500   
7      | 55.0940    | 72.9000    | 14.2795    | 16.1500   
8      | 45.4293    | 48.7500    | 34.9074    | 31.9000   
9      | 44.0686    | 46.3750    | 38.7045    | 34.3250   

PSTEPS = 80, TSTEPS = 30000

TIME TAKEN = 312.16134 ms
Run 10

 HYBRID IMPLEMENTATION 1
--------------------------------------------------------------

Index  | Call Model | Call Actual | Put Model  | Put Actual
--------------------------------------------------------------
0      | 47.0812    | 51.7000    | 31.5712    | 29.6500   
1      | 47.8233    | 53.6500    | 28.2496    | 27.3750   
2      | 49.1527    | 56.4000    | 25.6026    | 25.3500   
3      | 50.8110    | 59.9750    | 22.7099    | 23.2750   
4      | 52.0765    | 63.1750    | 20.0223    | 21.2000   
5      | 52.8022    | 66.3250    | 18.0246    | 19.5250   
6      | 54.2876    | 69.7250    | 16.0451    | 17.7500   
7      | 55.0940    | 72.9000    | 14.2795    | 16.1500   
8      | 45.4293    | 48.7500    | 34.9074    | 31.9000   
9      | 44.0686    | 46.3750    | 38.7045    | 34.3250   

PSTEPS = 80, TSTEPS = 30000

TIME TAKEN = 323.16041 ms
