Benchmarking: black_scholes_base with p=180, t=30000
Run 1

BASIC IMPLEMENTATION
--------------------------------------------------------------

Index  | Call Model | Call Actual | Put Model  | Put Actual
--------------------------------------------------------------
0      | 50.6486    | 51.7000    | 29.0231    | 29.6500   
1      | 52.2355    | 53.6500    | 25.4291    | 27.3750   
2      | 54.4495    | 56.4000    | 22.5235    | 25.3500   
3      | 57.0710    | 59.9750    | 19.4518    | 23.2750   
4      | 59.2468    | 63.1750    | 16.6465    | 21.2000   
5      | 61.2729    | 66.3250    | 14.5963    | 19.5250   
6      | 63.2478    | 69.7250    | 12.5864    | 17.7500   
7      | 64.9475    | 72.9000    | 10.8786    | 16.1500   
8      | 48.1107    | 48.7500    | 32.7765    | 31.9000   
9      | 45.9293    | 46.3750    | 37.0628    | 34.3250   

PSTEPS = 180, TSTEPS = 30000

TIME TAKEN = 2023.82786 ms
Run 2

BASIC IMPLEMENTATION
--------------------------------------------------------------

Index  | Call Model | Call Actual | Put Model  | Put Actual
--------------------------------------------------------------
0      | 50.6486    | 51.7000    | 29.0231    | 29.6500   
1      | 52.2355    | 53.6500    | 25.4291    | 27.3750   
2      | 54.4495    | 56.4000    | 22.5235    | 25.3500   
3      | 57.0710    | 59.9750    | 19.4518    | 23.2750   
4      | 59.2468    | 63.1750    | 16.6465    | 21.2000   
5      | 61.2729    | 66.3250    | 14.5963    | 19.5250   
6      | 63.2478    | 69.7250    | 12.5864    | 17.7500   
7      | 64.9475    | 72.9000    | 10.8786    | 16.1500   
8      | 48.1107    | 48.7500    | 32.7765    | 31.9000   
9      | 45.9293    | 46.3750    | 37.0628    | 34.3250   

PSTEPS = 180, TSTEPS = 30000

TIME TAKEN = 2021.06524 ms
Run 3

BASIC IMPLEMENTATION
--------------------------------------------------------------

Index  | Call Model | Call Actual | Put Model  | Put Actual
--------------------------------------------------------------
0      | 50.6486    | 51.7000    | 29.0231    | 29.6500   
1      | 52.2355    | 53.6500    | 25.4291    | 27.3750   
2      | 54.4495    | 56.4000    | 22.5235    | 25.3500   
3      | 57.0710    | 59.9750    | 19.4518    | 23.2750   
4      | 59.2468    | 63.1750    | 16.6465    | 21.2000   
5      | 61.2729    | 66.3250    | 14.5963    | 19.5250   
6      | 63.2478    | 69.7250    | 12.5864    | 17.7500   
7      | 64.9475    | 72.9000    | 10.8786    | 16.1500   
8      | 48.1107    | 48.7500    | 32.7765    | 31.9000   
9      | 45.9293    | 46.3750    | 37.0628    | 34.3250   

PSTEPS = 180, TSTEPS = 30000

TIME TAKEN = 2018.47962 ms
Run 4

BASIC IMPLEMENTATION
--------------------------------------------------------------

Index  | Call Model | Call Actual | Put Model  | Put Actual
--------------------------------------------------------------
0      | 50.6486    | 51.7000    | 29.0231    | 29.6500   
1      | 52.2355    | 53.6500    | 25.4291    | 27.3750   
2      | 54.4495    | 56.4000    | 22.5235    | 25.3500   
3      | 57.0710    | 59.9750    | 19.4518    | 23.2750   
4      | 59.2468    | 63.1750    | 16.6465    | 21.2000   
5      | 61.2729    | 66.3250    | 14.5963    | 19.5250   
6      | 63.2478    | 69.7250    | 12.5864    | 17.7500   
7      | 64.9475    | 72.9000    | 10.8786    | 16.1500   
8      | 48.1107    | 48.7500    | 32.7765    | 31.9000   
9      | 45.9293    | 46.3750    | 37.0628    | 34.3250   

PSTEPS = 180, TSTEPS = 30000

TIME TAKEN = 2016.84646 ms
Run 5

BASIC IMPLEMENTATION
--------------------------------------------------------------

Index  | Call Model | Call Actual | Put Model  | Put Actual
--------------------------------------------------------------
0      | 50.6486    | 51.7000    | 29.0231    | 29.6500   
1      | 52.2355    | 53.6500    | 25.4291    | 27.3750   
2      | 54.4495    | 56.4000    | 22.5235    | 25.3500   
3      | 57.0710    | 59.9750    | 19.4518    | 23.2750   
4      | 59.2468    | 63.1750    | 16.6465    | 21.2000   
5      | 61.2729    | 66.3250    | 14.5963    | 19.5250   
6      | 63.2478    | 69.7250    | 12.5864    | 17.7500   
7      | 64.9475    | 72.9000    | 10.8786    | 16.1500   
8      | 48.1107    | 48.7500    | 32.7765    | 31.9000   
9      | 45.9293    | 46.3750    | 37.0628    | 34.3250   

PSTEPS = 180, TSTEPS = 30000

TIME TAKEN = 2022.40086 ms
Run 6

BASIC IMPLEMENTATION
--------------------------------------------------------------

Index  | Call Model | Call Actual | Put Model  | Put Actual
--------------------------------------------------------------
0      | 50.6486    | 51.7000    | 29.0231    | 29.6500   
1      | 52.2355    | 53.6500    | 25.4291    | 27.3750   
2      | 54.4495    | 56.4000    | 22.5235    | 25.3500   
3      | 57.0710    | 59.9750    | 19.4518    | 23.2750   
4      | 59.2468    | 63.1750    | 16.6465    | 21.2000   
5      | 61.2729    | 66.3250    | 14.5963    | 19.5250   
6      | 63.2478    | 69.7250    | 12.5864    | 17.7500   
7      | 64.9475    | 72.9000    | 10.8786    | 16.1500   
8      | 48.1107    | 48.7500    | 32.7765    | 31.9000   
9      | 45.9293    | 46.3750    | 37.0628    | 34.3250   

PSTEPS = 180, TSTEPS = 30000

TIME TAKEN = 2016.38820 ms
Run 7

BASIC IMPLEMENTATION
--------------------------------------------------------------

Index  | Call Model | Call Actual | Put Model  | Put Actual
--------------------------------------------------------------
0      | 50.6486    | 51.7000    | 29.0231    | 29.6500   
1      | 52.2355    | 53.6500    | 25.4291    | 27.3750   
2      | 54.4495    | 56.4000    | 22.5235    | 25.3500   
3      | 57.0710    | 59.9750    | 19.4518    | 23.2750   
4      | 59.2468    | 63.1750    | 16.6465    | 21.2000   
5      | 61.2729    | 66.3250    | 14.5963    | 19.5250   
6      | 63.2478    | 69.7250    | 12.5864    | 17.7500   
7      | 64.9475    | 72.9000    | 10.8786    | 16.1500   
8      | 48.1107    | 48.7500    | 32.7765    | 31.9000   
9      | 45.9293    | 46.3750    | 37.0628    | 34.3250   

PSTEPS = 180, TSTEPS = 30000

TIME TAKEN = 2017.19850 ms
Run 8

BASIC IMPLEMENTATION
--------------------------------------------------------------

Index  | Call Model | Call Actual | Put Model  | Put Actual
--------------------------------------------------------------
0      | 50.6486    | 51.7000    | 29.0231    | 29.6500   
1      | 52.2355    | 53.6500    | 25.4291    | 27.3750   
2      | 54.4495    | 56.4000    | 22.5235    | 25.3500   
3      | 57.0710    | 59.9750    | 19.4518    | 23.2750   
4      | 59.2468    | 63.1750    | 16.6465    | 21.2000   
5      | 61.2729    | 66.3250    | 14.5963    | 19.5250   
6      | 63.2478    | 69.7250    | 12.5864    | 17.7500   
7      | 64.9475    | 72.9000    | 10.8786    | 16.1500   
8      | 48.1107    | 48.7500    | 32.7765    | 31.9000   
9      | 45.9293    | 46.3750    | 37.0628    | 34.3250   

PSTEPS = 180, TSTEPS = 30000

TIME TAKEN = 2019.06583 ms
Run 9

BASIC IMPLEMENTATION
--------------------------------------------------------------

Index  | Call Model | Call Actual | Put Model  | Put Actual
--------------------------------------------------------------
0      | 50.6486    | 51.7000    | 29.0231    | 29.6500   
1      | 52.2355    | 53.6500    | 25.4291    | 27.3750   
2      | 54.4495    | 56.4000    | 22.5235    | 25.3500   
3      | 57.0710    | 59.9750    | 19.4518    | 23.2750   
4      | 59.2468    | 63.1750    | 16.6465    | 21.2000   
5      | 61.2729    | 66.3250    | 14.5963    | 19.5250   
6      | 63.2478    | 69.7250    | 12.5864    | 17.7500   
7      | 64.9475    | 72.9000    | 10.8786    | 16.1500   
8      | 48.1107    | 48.7500    | 32.7765    | 31.9000   
9      | 45.9293    | 46.3750    | 37.0628    | 34.3250   

PSTEPS = 180, TSTEPS = 30000

TIME TAKEN = 2017.71068 ms
Run 10

BASIC IMPLEMENTATION
--------------------------------------------------------------

Index  | Call Model | Call Actual | Put Model  | Put Actual
--------------------------------------------------------------
0      | 50.6486    | 51.7000    | 29.0231    | 29.6500   
1      | 52.2355    | 53.6500    | 25.4291    | 27.3750   
2      | 54.4495    | 56.4000    | 22.5235    | 25.3500   
3      | 57.0710    | 59.9750    | 19.4518    | 23.2750   
4      | 59.2468    | 63.1750    | 16.6465    | 21.2000   
5      | 61.2729    | 66.3250    | 14.5963    | 19.5250   
6      | 63.2478    | 69.7250    | 12.5864    | 17.7500   
7      | 64.9475    | 72.9000    | 10.8786    | 16.1500   
8      | 48.1107    | 48.7500    | 32.7765    | 31.9000   
9      | 45.9293    | 46.3750    | 37.0628    | 34.3250   

PSTEPS = 180, TSTEPS = 30000

TIME TAKEN = 2017.16307 ms
