Benchmarking: black_scholes_gpu with p=160, t=100000
Run 1

 GPU ACCELERATED IMPLEMENTATION
--------------------------------------------------------------

Index  | Call Model | Call Actual | Put Model  | Put Actual
--------------------------------------------------------------
0      | 49.9265    | 51.7000    | 29.5123    | 29.6500   
1      | 51.3351    | 53.6500    | 25.9657    | 27.3750   
2      | 53.3609    | 56.4000    | 23.1037    | 25.3500   
3      | 55.7828    | 59.9750    | 20.0640    | 23.2750   
4      | 57.7645    | 63.1750    | 17.2741    | 21.2000   
5      | 59.6030    | 66.3250    | 15.2329    | 19.5250   
6      | 61.3824    | 69.7250    | 13.2148    | 17.7500   
7      | 62.8952    | 72.9000    | 11.4926    | 16.1500   
8      | 47.5705    | 48.7500    | 33.1847    | 31.9000   
9      | 45.5559    | 46.3750    | 37.3741    | 34.3250   

PSTEPS = 160, TSTEPS = 100000

TIME TAKEN = 358.74910 ms
Run 2

 GPU ACCELERATED IMPLEMENTATION
--------------------------------------------------------------

Index  | Call Model | Call Actual | Put Model  | Put Actual
--------------------------------------------------------------
0      | 49.9265    | 51.7000    | 29.5123    | 29.6500   
1      | 51.3351    | 53.6500    | 25.9657    | 27.3750   
2      | 53.3609    | 56.4000    | 23.1037    | 25.3500   
3      | 55.7828    | 59.9750    | 20.0640    | 23.2750   
4      | 57.7645    | 63.1750    | 17.2741    | 21.2000   
5      | 59.6030    | 66.3250    | 15.2329    | 19.5250   
6      | 61.3824    | 69.7250    | 13.2148    | 17.7500   
7      | 62.8952    | 72.9000    | 11.4926    | 16.1500   
8      | 47.5705    | 48.7500    | 33.1847    | 31.9000   
9      | 45.5559    | 46.3750    | 37.3741    | 34.3250   

PSTEPS = 160, TSTEPS = 100000

TIME TAKEN = 328.94680 ms
Run 3

 GPU ACCELERATED IMPLEMENTATION
--------------------------------------------------------------

Index  | Call Model | Call Actual | Put Model  | Put Actual
--------------------------------------------------------------
0      | 49.9265    | 51.7000    | 29.5123    | 29.6500   
1      | 51.3351    | 53.6500    | 25.9657    | 27.3750   
2      | 53.3609    | 56.4000    | 23.1037    | 25.3500   
3      | 55.7828    | 59.9750    | 20.0640    | 23.2750   
4      | 57.7645    | 63.1750    | 17.2741    | 21.2000   
5      | 59.6030    | 66.3250    | 15.2329    | 19.5250   
6      | 61.3824    | 69.7250    | 13.2148    | 17.7500   
7      | 62.8952    | 72.9000    | 11.4926    | 16.1500   
8      | 47.5705    | 48.7500    | 33.1847    | 31.9000   
9      | 45.5559    | 46.3750    | 37.3741    | 34.3250   

PSTEPS = 160, TSTEPS = 100000

TIME TAKEN = 341.13271 ms
Run 4

 GPU ACCELERATED IMPLEMENTATION
--------------------------------------------------------------

Index  | Call Model | Call Actual | Put Model  | Put Actual
--------------------------------------------------------------
0      | 49.9265    | 51.7000    | 29.5123    | 29.6500   
1      | 51.3351    | 53.6500    | 25.9657    | 27.3750   
2      | 53.3609    | 56.4000    | 23.1037    | 25.3500   
3      | 55.7828    | 59.9750    | 20.0640    | 23.2750   
4      | 57.7645    | 63.1750    | 17.2741    | 21.2000   
5      | 59.6030    | 66.3250    | 15.2329    | 19.5250   
6      | 61.3824    | 69.7250    | 13.2148    | 17.7500   
7      | 62.8952    | 72.9000    | 11.4926    | 16.1500   
8      | 47.5705    | 48.7500    | 33.1847    | 31.9000   
9      | 45.5559    | 46.3750    | 37.3741    | 34.3250   

PSTEPS = 160, TSTEPS = 100000

TIME TAKEN = 342.48456 ms
Run 5

 GPU ACCELERATED IMPLEMENTATION
--------------------------------------------------------------

Index  | Call Model | Call Actual | Put Model  | Put Actual
--------------------------------------------------------------
0      | 49.9265    | 51.7000    | 29.5123    | 29.6500   
1      | 51.3351    | 53.6500    | 25.9657    | 27.3750   
2      | 53.3609    | 56.4000    | 23.1037    | 25.3500   
3      | 55.7828    | 59.9750    | 20.0640    | 23.2750   
4      | 57.7645    | 63.1750    | 17.2741    | 21.2000   
5      | 59.6030    | 66.3250    | 15.2329    | 19.5250   
6      | 61.3824    | 69.7250    | 13.2148    | 17.7500   
7      | 62.8952    | 72.9000    | 11.4926    | 16.1500   
8      | 47.5705    | 48.7500    | 33.1847    | 31.9000   
9      | 45.5559    | 46.3750    | 37.3741    | 34.3250   

PSTEPS = 160, TSTEPS = 100000

TIME TAKEN = 323.44541 ms
Run 6

 GPU ACCELERATED IMPLEMENTATION
--------------------------------------------------------------

Index  | Call Model | Call Actual | Put Model  | Put Actual
--------------------------------------------------------------
0      | 49.9265    | 51.7000    | 29.5123    | 29.6500   
1      | 51.3351    | 53.6500    | 25.9657    | 27.3750   
2      | 53.3609    | 56.4000    | 23.1037    | 25.3500   
3      | 55.7828    | 59.9750    | 20.0640    | 23.2750   
4      | 57.7645    | 63.1750    | 17.2741    | 21.2000   
5      | 59.6030    | 66.3250    | 15.2329    | 19.5250   
6      | 61.3824    | 69.7250    | 13.2148    | 17.7500   
7      | 62.8952    | 72.9000    | 11.4926    | 16.1500   
8      | 47.5705    | 48.7500    | 33.1847    | 31.9000   
9      | 45.5559    | 46.3750    | 37.3741    | 34.3250   

PSTEPS = 160, TSTEPS = 100000

TIME TAKEN = 356.14063 ms
Run 7

 GPU ACCELERATED IMPLEMENTATION
--------------------------------------------------------------

Index  | Call Model | Call Actual | Put Model  | Put Actual
--------------------------------------------------------------
0      | 49.9265    | 51.7000    | 29.5123    | 29.6500   
1      | 51.3351    | 53.6500    | 25.9657    | 27.3750   
2      | 53.3609    | 56.4000    | 23.1037    | 25.3500   
3      | 55.7828    | 59.9750    | 20.0640    | 23.2750   
4      | 57.7645    | 63.1750    | 17.2741    | 21.2000   
5      | 59.6030    | 66.3250    | 15.2329    | 19.5250   
6      | 61.3824    | 69.7250    | 13.2148    | 17.7500   
7      | 62.8952    | 72.9000    | 11.4926    | 16.1500   
8      | 47.5705    | 48.7500    | 33.1847    | 31.9000   
9      | 45.5559    | 46.3750    | 37.3741    | 34.3250   

PSTEPS = 160, TSTEPS = 100000

TIME TAKEN = 367.94063 ms
Run 8

 GPU ACCELERATED IMPLEMENTATION
--------------------------------------------------------------

Index  | Call Model | Call Actual | Put Model  | Put Actual
--------------------------------------------------------------
0      | 49.9265    | 51.7000    | 29.5123    | 29.6500   
1      | 51.3351    | 53.6500    | 25.9657    | 27.3750   
2      | 53.3609    | 56.4000    | 23.1037    | 25.3500   
3      | 55.7828    | 59.9750    | 20.0640    | 23.2750   
4      | 57.7645    | 63.1750    | 17.2741    | 21.2000   
5      | 59.6030    | 66.3250    | 15.2329    | 19.5250   
6      | 61.3824    | 69.7250    | 13.2148    | 17.7500   
7      | 62.8952    | 72.9000    | 11.4926    | 16.1500   
8      | 47.5705    | 48.7500    | 33.1847    | 31.9000   
9      | 45.5559    | 46.3750    | 37.3741    | 34.3250   

PSTEPS = 160, TSTEPS = 100000

TIME TAKEN = 379.36673 ms
Run 9

 GPU ACCELERATED IMPLEMENTATION
--------------------------------------------------------------

Index  | Call Model | Call Actual | Put Model  | Put Actual
--------------------------------------------------------------
0      | 49.9265    | 51.7000    | 29.5123    | 29.6500   
1      | 51.3351    | 53.6500    | 25.9657    | 27.3750   
2      | 53.3609    | 56.4000    | 23.1037    | 25.3500   
3      | 55.7828    | 59.9750    | 20.0640    | 23.2750   
4      | 57.7645    | 63.1750    | 17.2741    | 21.2000   
5      | 59.6030    | 66.3250    | 15.2329    | 19.5250   
6      | 61.3824    | 69.7250    | 13.2148    | 17.7500   
7      | 62.8952    | 72.9000    | 11.4926    | 16.1500   
8      | 47.5705    | 48.7500    | 33.1847    | 31.9000   
9      | 45.5559    | 46.3750    | 37.3741    | 34.3250   

PSTEPS = 160, TSTEPS = 100000

TIME TAKEN = 340.75590 ms
Run 10

 GPU ACCELERATED IMPLEMENTATION
--------------------------------------------------------------

Index  | Call Model | Call Actual | Put Model  | Put Actual
--------------------------------------------------------------
0      | 49.9265    | 51.7000    | 29.5123    | 29.6500   
1      | 51.3351    | 53.6500    | 25.9657    | 27.3750   
2      | 53.3609    | 56.4000    | 23.1037    | 25.3500   
3      | 55.7828    | 59.9750    | 20.0640    | 23.2750   
4      | 57.7645    | 63.1750    | 17.2741    | 21.2000   
5      | 59.6030    | 66.3250    | 15.2329    | 19.5250   
6      | 61.3824    | 69.7250    | 13.2148    | 17.7500   
7      | 62.8952    | 72.9000    | 11.4926    | 16.1500   
8      | 47.5705    | 48.7500    | 33.1847    | 31.9000   
9      | 45.5559    | 46.3750    | 37.3741    | 34.3250   

PSTEPS = 160, TSTEPS = 100000

TIME TAKEN = 350.41181 ms
