Benchmarking: black_scholes_hybrid1 with p=40, t=10000
Run 1

 HYBRID IMPLEMENTATION 1
--------------------------------------------------------------

Index  | Call Model | Call Actual | Put Model  | Put Actual
--------------------------------------------------------------
0      | 45.6398    | 51.7000    | 32.9397    | 29.6500   
1      | 46.1557    | 53.6500    | 29.8192    | 27.3750   
2      | 47.1414    | 56.4000    | 27.2632    | 25.3500   
3      | 48.3765    | 59.9750    | 24.3804    | 23.2750   
4      | 49.3427    | 63.1750    | 21.7805    | 21.2000   
5      | 50.2136    | 66.3250    | 19.8954    | 19.5250   
6      | 50.9423    | 69.7250    | 17.8886    | 17.7500   
7      | 51.3782    | 72.9000    | 16.0582    | 16.1500   
8      | 44.3197    | 48.7500    | 36.1076    | 31.9000   
9      | 43.3613    | 46.3750    | 39.8027    | 34.3250   

PSTEPS = 40, TSTEPS = 10000

TIME TAKEN = 250.86352 ms
Run 2

 HYBRID IMPLEMENTATION 1
--------------------------------------------------------------

Index  | Call Model | Call Actual | Put Model  | Put Actual
--------------------------------------------------------------
0      | 45.6398    | 51.7000    | 32.9397    | 29.6500   
1      | 46.1557    | 53.6500    | 29.8192    | 27.3750   
2      | 47.1414    | 56.4000    | 27.2632    | 25.3500   
3      | 48.3765    | 59.9750    | 24.3804    | 23.2750   
4      | 49.3427    | 63.1750    | 21.7805    | 21.2000   
5      | 50.2136    | 66.3250    | 19.8954    | 19.5250   
6      | 50.9423    | 69.7250    | 17.8886    | 17.7500   
7      | 51.3782    | 72.9000    | 16.0582    | 16.1500   
8      | 44.3197    | 48.7500    | 36.1076    | 31.9000   
9      | 43.1609    | 46.3750    | 39.8027    | 34.3250   

PSTEPS = 40, TSTEPS = 10000

TIME TAKEN = 248.26052 ms
Run 3

 HYBRID IMPLEMENTATION 1
--------------------------------------------------------------

Index  | Call Model | Call Actual | Put Model  | Put Actual
--------------------------------------------------------------
0      | 45.6398    | 51.7000    | 32.9397    | 29.6500   
1      | 46.0614    | 53.6500    | 29.8192    | 27.3750   
2      | 47.1414    | 56.4000    | 27.2632    | 25.3500   
3      | 48.3736    | 59.9750    | 24.3804    | 23.2750   
4      | 49.3427    | 63.1750    | 21.7805    | 21.2000   
5      | 50.2136    | 66.3250    | 19.8954    | 19.5250   
6      | 50.9423    | 69.7250    | 17.8886    | 17.7500   
7      | 51.3782    | 72.9000    | 16.0582    | 16.1500   
8      | 44.3197    | 48.7500    | 36.1076    | 31.9000   
9      | 43.3613    | 46.3750    | 39.8027    | 34.3250   

PSTEPS = 40, TSTEPS = 10000

TIME TAKEN = 263.70949 ms
Run 4

 HYBRID IMPLEMENTATION 1
--------------------------------------------------------------

Index  | Call Model | Call Actual | Put Model  | Put Actual
--------------------------------------------------------------
0      | 45.6398    | 51.7000    | 32.9397    | 29.6500   
1      | 46.1557    | 53.6500    | 29.8192    | 27.3750   
2      | 47.1414    | 56.4000    | 27.2632    | 25.3500   
3      | 48.3765    | 59.9750    | 24.3804    | 23.2750   
4      | 49.3427    | 63.1750    | 21.7805    | 21.2000   
5      | 50.2136    | 66.3250    | 19.8954    | 19.5250   
6      | 50.9423    | 69.7250    | 17.8886    | 17.7500   
7      | 51.3782    | 72.9000    | 16.0582    | 16.1500   
8      | 44.3197    | 48.7500    | 36.1076    | 31.9000   
9      | 43.3613    | 46.3750    | 39.8027    | 34.3250   

PSTEPS = 40, TSTEPS = 10000

TIME TAKEN = 238.58667 ms
Run 5

 HYBRID IMPLEMENTATION 1
--------------------------------------------------------------

Index  | Call Model | Call Actual | Put Model  | Put Actual
--------------------------------------------------------------
0      | 45.6398    | 51.7000    | 32.9397    | 29.6500   
1      | 46.1557    | 53.6500    | 29.8192    | 27.3750   
2      | 47.1414    | 56.4000    | 27.2632    | 25.3500   
3      | 48.3765    | 59.9750    | 24.3804    | 23.2750   
4      | 49.3427    | 63.1750    | 21.7805    | 21.2000   
5      | 50.2059    | 66.3250    | 19.8954    | 19.5250   
6      | 50.9423    | 69.7250    | 17.8886    | 17.7500   
7      | 51.3782    | 72.9000    | 16.0582    | 16.1500   
8      | 44.3197    | 48.7500    | 36.1076    | 31.9000   
9      | 43.3613    | 46.3750    | 39.8027    | 34.3250   

PSTEPS = 40, TSTEPS = 10000

TIME TAKEN = 236.47383 ms
Run 6

 HYBRID IMPLEMENTATION 1
--------------------------------------------------------------

Index  | Call Model | Call Actual | Put Model  | Put Actual
--------------------------------------------------------------
0      | 45.6398    | 51.7000    | 32.9397    | 29.6500   
1      | 46.1557    | 53.6500    | 29.8192    | 27.3750   
2      | 47.1414    | 56.4000    | 27.2632    | 25.3500   
3      | 48.3765    | 59.9750    | 24.3804    | 23.2750   
4      | 49.3427    | 63.1750    | 21.7805    | 21.2000   
5      | 50.2136    | 66.3250    | 19.8954    | 19.5250   
6      | 50.9423    | 69.7250    | 17.8886    | 17.7500   
7      | 50.8847    | 72.9000    | 16.0582    | 16.1500   
8      | 44.3197    | 48.7500    | 36.1076    | 31.9000   
9      | 43.3613    | 46.3750    | 39.8027    | 34.3250   

PSTEPS = 40, TSTEPS = 10000

TIME TAKEN = 243.41133 ms
Run 7

 HYBRID IMPLEMENTATION 1
--------------------------------------------------------------

Index  | Call Model | Call Actual | Put Model  | Put Actual
--------------------------------------------------------------
0      | 45.6398    | 51.7000    | 32.9397    | 29.6500   
1      | 46.1557    | 53.6500    | 29.8192    | 27.3750   
2      | 47.1414    | 56.4000    | 27.2632    | 25.3500   
3      | 48.3765    | 59.9750    | 24.3804    | 23.2750   
4      | 49.3427    | 63.1750    | 21.7805    | 21.2000   
5      | 50.2136    | 66.3250    | 19.8954    | 19.5250   
6      | 50.9423    | 69.7250    | 17.8886    | 17.7500   
7      | 51.3782    | 72.9000    | 16.0582    | 16.1500   
8      | 44.3197    | 48.7500    | 36.1076    | 31.9000   
9      | 43.3613    | 46.3750    | 39.8027    | 34.3250   

PSTEPS = 40, TSTEPS = 10000

TIME TAKEN = 239.28961 ms
Run 8

 HYBRID IMPLEMENTATION 1
--------------------------------------------------------------

Index  | Call Model | Call Actual | Put Model  | Put Actual
--------------------------------------------------------------
0      | 45.6398    | 51.7000    | 32.9397    | 29.6500   
1      | 46.1557    | 53.6500    | 29.8192    | 27.3750   
2      | 47.1414    | 56.4000    | 27.2632    | 25.3500   
3      | 48.3765    | 59.9750    | 24.3804    | 23.2750   
4      | 49.2654    | 63.1750    | 21.7805    | 21.2000   
5      | 50.2136    | 66.3250    | 19.8954    | 19.5250   
6      | 50.9423    | 69.7250    | 17.8886    | 17.7500   
7      | 51.3782    | 72.9000    | 16.0582    | 16.1500   
8      | 44.3197    | 48.7500    | 36.1076    | 31.9000   
9      | 43.3613    | 46.3750    | 39.8027    | 34.3250   

PSTEPS = 40, TSTEPS = 10000

TIME TAKEN = 236.18507 ms
Run 9

 HYBRID IMPLEMENTATION 1
--------------------------------------------------------------

Index  | Call Model | Call Actual | Put Model  | Put Actual
--------------------------------------------------------------
0      | 45.6398    | 51.7000    | 32.9397    | 29.6500   
1      | 46.1557    | 53.6500    | 29.8192    | 27.3750   
2      | 47.1414    | 56.4000    | 27.2632    | 25.3500   
3      | 48.3765    | 59.9750    | 24.3804    | 23.2750   
4      | 49.2874    | 63.1750    | 21.7805    | 21.2000   
5      | 50.2136    | 66.3250    | 19.8954    | 19.5250   
6      | 50.9423    | 69.7250    | 17.8886    | 17.7500   
7      | 51.3775    | 72.9000    | 16.0582    | 16.1500   
8      | 44.3197    | 48.7500    | 36.1076    | 31.9000   
9      | 43.3613    | 46.3750    | 39.8027    | 34.3250   

PSTEPS = 40, TSTEPS = 10000

TIME TAKEN = 240.05864 ms
Run 10

 HYBRID IMPLEMENTATION 1
--------------------------------------------------------------

Index  | Call Model | Call Actual | Put Model  | Put Actual
--------------------------------------------------------------
0      | 45.6398    | 51.7000    | 32.9397    | 29.6500   
1      | 46.1557    | 53.6500    | 29.8192    | 27.3750   
2      | 47.1414    | 56.4000    | 27.2632    | 25.3500   
3      | 48.3765    | 59.9750    | 24.3804    | 23.2750   
4      | 49.2754    | 63.1750    | 21.7805    | 21.2000   
5      | 50.1261    | 66.3250    | 19.8954    | 19.5250   
6      | 50.9423    | 69.7250    | 17.8886    | 17.7500   
7      | 51.3782    | 72.9000    | 16.0582    | 16.1500   
8      | 44.3197    | 48.7500    | 36.1076    | 31.9000   
9      | 43.3613    | 46.3750    | 39.8027    | 34.3250   

PSTEPS = 40, TSTEPS = 10000

TIME TAKEN = 225.88504 ms
