Benchmarking: black_scholes_base with p=200, t=30000
Run 1

BASIC IMPLEMENTATION
--------------------------------------------------------------

Index  | Call Model | Call Actual | Put Model  | Put Actual
--------------------------------------------------------------
0      | 51.3884    | 51.7000    | 28.5524    | 29.6500   
1      | 53.1441    | 53.6500    | 24.9000    | 27.3750   
2      | 55.5508    | 56.4000    | 21.9541    | 25.3500   
3      | 58.3781    | 59.9750    | 18.8547    | 23.2750   
4      | 60.7533    | 63.1750    | 16.0376    | 21.2000   
5      | 62.9778    | 66.3250    | 13.9870    | 19.5250   
6      | 65.1466    | 69.7250    | 11.9812    | 17.7500   
7      | 67.0320    | 72.9000    | 10.2836    | 16.1500   
8      | 48.6631    | 48.7500    | 32.3818    | 31.9000   
9      | 46.3003    | 46.3750    | 36.7511    | 34.3250   

PSTEPS = 200, TSTEPS = 30000

TIME TAKEN = 2245.84164 ms
Run 2

BASIC IMPLEMENTATION
--------------------------------------------------------------

Index  | Call Model | Call Actual | Put Model  | Put Actual
--------------------------------------------------------------
0      | 51.3884    | 51.7000    | 28.5524    | 29.6500   
1      | 53.1441    | 53.6500    | 24.9000    | 27.3750   
2      | 55.5508    | 56.4000    | 21.9541    | 25.3500   
3      | 58.3781    | 59.9750    | 18.8547    | 23.2750   
4      | 60.7533    | 63.1750    | 16.0376    | 21.2000   
5      | 62.9778    | 66.3250    | 13.9870    | 19.5250   
6      | 65.1466    | 69.7250    | 11.9812    | 17.7500   
7      | 67.0320    | 72.9000    | 10.2836    | 16.1500   
8      | 48.6631    | 48.7500    | 32.3818    | 31.9000   
9      | 46.3003    | 46.3750    | 36.7511    | 34.3250   

PSTEPS = 200, TSTEPS = 30000

TIME TAKEN = 2206.31661 ms
Run 3

BASIC IMPLEMENTATION
--------------------------------------------------------------

Index  | Call Model | Call Actual | Put Model  | Put Actual
--------------------------------------------------------------
0      | 51.3884    | 51.7000    | 28.5524    | 29.6500   
1      | 53.1441    | 53.6500    | 24.9000    | 27.3750   
2      | 55.5508    | 56.4000    | 21.9541    | 25.3500   
3      | 58.3781    | 59.9750    | 18.8547    | 23.2750   
4      | 60.7533    | 63.1750    | 16.0376    | 21.2000   
5      | 62.9778    | 66.3250    | 13.9870    | 19.5250   
6      | 65.1466    | 69.7250    | 11.9812    | 17.7500   
7      | 67.0320    | 72.9000    | 10.2836    | 16.1500   
8      | 48.6631    | 48.7500    | 32.3818    | 31.9000   
9      | 46.3003    | 46.3750    | 36.7511    | 34.3250   

PSTEPS = 200, TSTEPS = 30000

TIME TAKEN = 2225.54817 ms
Run 4

BASIC IMPLEMENTATION
--------------------------------------------------------------

Index  | Call Model | Call Actual | Put Model  | Put Actual
--------------------------------------------------------------
0      | 51.3884    | 51.7000    | 28.5524    | 29.6500   
1      | 53.1441    | 53.6500    | 24.9000    | 27.3750   
2      | 55.5508    | 56.4000    | 21.9541    | 25.3500   
3      | 58.3781    | 59.9750    | 18.8547    | 23.2750   
4      | 60.7533    | 63.1750    | 16.0376    | 21.2000   
5      | 62.9778    | 66.3250    | 13.9870    | 19.5250   
6      | 65.1466    | 69.7250    | 11.9812    | 17.7500   
7      | 67.0320    | 72.9000    | 10.2836    | 16.1500   
8      | 48.6631    | 48.7500    | 32.3818    | 31.9000   
9      | 46.3003    | 46.3750    | 36.7511    | 34.3250   

PSTEPS = 200, TSTEPS = 30000

TIME TAKEN = 2241.90314 ms
Run 5

BASIC IMPLEMENTATION
--------------------------------------------------------------

Index  | Call Model | Call Actual | Put Model  | Put Actual
--------------------------------------------------------------
0      | 51.3884    | 51.7000    | 28.5524    | 29.6500   
1      | 53.1441    | 53.6500    | 24.9000    | 27.3750   
2      | 55.5508    | 56.4000    | 21.9541    | 25.3500   
3      | 58.3781    | 59.9750    | 18.8547    | 23.2750   
4      | 60.7533    | 63.1750    | 16.0376    | 21.2000   
5      | 62.9778    | 66.3250    | 13.9870    | 19.5250   
6      | 65.1466    | 69.7250    | 11.9812    | 17.7500   
7      | 67.0320    | 72.9000    | 10.2836    | 16.1500   
8      | 48.6631    | 48.7500    | 32.3818    | 31.9000   
9      | 46.3003    | 46.3750    | 36.7511    | 34.3250   

PSTEPS = 200, TSTEPS = 30000

TIME TAKEN = 2244.05102 ms
Run 6

BASIC IMPLEMENTATION
--------------------------------------------------------------

Index  | Call Model | Call Actual | Put Model  | Put Actual
--------------------------------------------------------------
0      | 51.3884    | 51.7000    | 28.5524    | 29.6500   
1      | 53.1441    | 53.6500    | 24.9000    | 27.3750   
2      | 55.5508    | 56.4000    | 21.9541    | 25.3500   
3      | 58.3781    | 59.9750    | 18.8547    | 23.2750   
4      | 60.7533    | 63.1750    | 16.0376    | 21.2000   
5      | 62.9778    | 66.3250    | 13.9870    | 19.5250   
6      | 65.1466    | 69.7250    | 11.9812    | 17.7500   
7      | 67.0320    | 72.9000    | 10.2836    | 16.1500   
8      | 48.6631    | 48.7500    | 32.3818    | 31.9000   
9      | 46.3003    | 46.3750    | 36.7511    | 34.3250   

PSTEPS = 200, TSTEPS = 30000

TIME TAKEN = 2193.91793 ms
Run 7

BASIC IMPLEMENTATION
--------------------------------------------------------------

Index  | Call Model | Call Actual | Put Model  | Put Actual
--------------------------------------------------------------
0      | 51.3884    | 51.7000    | 28.5524    | 29.6500   
1      | 53.1441    | 53.6500    | 24.9000    | 27.3750   
2      | 55.5508    | 56.4000    | 21.9541    | 25.3500   
3      | 58.3781    | 59.9750    | 18.8547    | 23.2750   
4      | 60.7533    | 63.1750    | 16.0376    | 21.2000   
5      | 62.9778    | 66.3250    | 13.9870    | 19.5250   
6      | 65.1466    | 69.7250    | 11.9812    | 17.7500   
7      | 67.0320    | 72.9000    | 10.2836    | 16.1500   
8      | 48.6631    | 48.7500    | 32.3818    | 31.9000   
9      | 46.3003    | 46.3750    | 36.7511    | 34.3250   

PSTEPS = 200, TSTEPS = 30000

TIME TAKEN = 2237.59899 ms
Run 8

BASIC IMPLEMENTATION
--------------------------------------------------------------

Index  | Call Model | Call Actual | Put Model  | Put Actual
--------------------------------------------------------------
0      | 51.3884    | 51.7000    | 28.5524    | 29.6500   
1      | 53.1441    | 53.6500    | 24.9000    | 27.3750   
2      | 55.5508    | 56.4000    | 21.9541    | 25.3500   
3      | 58.3781    | 59.9750    | 18.8547    | 23.2750   
4      | 60.7533    | 63.1750    | 16.0376    | 21.2000   
5      | 62.9778    | 66.3250    | 13.9870    | 19.5250   
6      | 65.1466    | 69.7250    | 11.9812    | 17.7500   
7      | 67.0320    | 72.9000    | 10.2836    | 16.1500   
8      | 48.6631    | 48.7500    | 32.3818    | 31.9000   
9      | 46.3003    | 46.3750    | 36.7511    | 34.3250   

PSTEPS = 200, TSTEPS = 30000

TIME TAKEN = 2226.68170 ms
Run 9

BASIC IMPLEMENTATION
--------------------------------------------------------------

Index  | Call Model | Call Actual | Put Model  | Put Actual
--------------------------------------------------------------
0      | 51.3884    | 51.7000    | 28.5524    | 29.6500   
1      | 53.1441    | 53.6500    | 24.9000    | 27.3750   
2      | 55.5508    | 56.4000    | 21.9541    | 25.3500   
3      | 58.3781    | 59.9750    | 18.8547    | 23.2750   
4      | 60.7533    | 63.1750    | 16.0376    | 21.2000   
5      | 62.9778    | 66.3250    | 13.9870    | 19.5250   
6      | 65.1466    | 69.7250    | 11.9812    | 17.7500   
7      | 67.0320    | 72.9000    | 10.2836    | 16.1500   
8      | 48.6631    | 48.7500    | 32.3818    | 31.9000   
9      | 46.3003    | 46.3750    | 36.7511    | 34.3250   

PSTEPS = 200, TSTEPS = 30000

TIME TAKEN = 2240.12554 ms
Run 10

BASIC IMPLEMENTATION
--------------------------------------------------------------

Index  | Call Model | Call Actual | Put Model  | Put Actual
--------------------------------------------------------------
0      | 51.3884    | 51.7000    | 28.5524    | 29.6500   
1      | 53.1441    | 53.6500    | 24.9000    | 27.3750   
2      | 55.5508    | 56.4000    | 21.9541    | 25.3500   
3      | 58.3781    | 59.9750    | 18.8547    | 23.2750   
4      | 60.7533    | 63.1750    | 16.0376    | 21.2000   
5      | 62.9778    | 66.3250    | 13.9870    | 19.5250   
6      | 65.1466    | 69.7250    | 11.9812    | 17.7500   
7      | 67.0320    | 72.9000    | 10.2836    | 16.1500   
8      | 48.6631    | 48.7500    | 32.3818    | 31.9000   
9      | 46.3003    | 46.3750    | 36.7511    | 34.3250   

PSTEPS = 200, TSTEPS = 30000

TIME TAKEN = 2193.64409 ms
