Benchmarking: black_scholes_hybrid2 with p=200, t=40000
Run 1

 HYBRID IMPLEMENTATION 2
--------------------------------------------------------------

Index  | Call Model | Call Actual | Put Model  | Put Actual
--------------------------------------------------------------
0      | 51.3884    | 51.7000    | 28.5524    | 29.6500   
1      | 53.1440    | 53.6500    | 24.8999    | 27.3750   
2      | 55.5508    | 56.4000    | 21.9541    | 25.3500   
3      | 58.3780    | 59.9750    | 18.8547    | 23.2750   
4      | 60.7532    | 63.1750    | 16.0375    | 21.2000   
5      | 62.9778    | 66.3250    | 13.9870    | 19.5250   
6      | 65.1465    | 69.7250    | 11.9811    | 17.7500   
7      | 67.0320    | 72.9000    | 10.2836    | 16.1500   
8      | 48.6630    | 48.7500    | 32.3818    | 31.9000   
9      | 46.3003    | 46.3750    | 36.7510    | 34.3250   

PSTEPS = 200, TSTEPS = 40000

TIME TAKEN = 786.40688 ms
Run 2

 HYBRID IMPLEMENTATION 2
--------------------------------------------------------------

Index  | Call Model | Call Actual | Put Model  | Put Actual
--------------------------------------------------------------
0      | 51.3884    | 51.7000    | 28.5524    | 29.6500   
1      | 53.1440    | 53.6500    | 24.8999    | 27.3750   
2      | 55.5508    | 56.4000    | 21.9541    | 25.3500   
3      | 58.3780    | 59.9750    | 18.8547    | 23.2750   
4      | 60.7532    | 63.1750    | 16.0375    | 21.2000   
5      | 62.9778    | 66.3250    | 13.9870    | 19.5250   
6      | 65.1465    | 69.7250    | 11.9811    | 17.7500   
7      | 67.0320    | 72.9000    | 10.2836    | 16.1500   
8      | 48.6630    | 48.7500    | 32.3818    | 31.9000   
9      | 46.3003    | 46.3750    | 36.7510    | 34.3250   

PSTEPS = 200, TSTEPS = 40000

TIME TAKEN = 783.39162 ms
Run 3

 HYBRID IMPLEMENTATION 2
--------------------------------------------------------------

Index  | Call Model | Call Actual | Put Model  | Put Actual
--------------------------------------------------------------
0      | 51.3884    | 51.7000    | 28.5524    | 29.6500   
1      | 53.1440    | 53.6500    | 24.8999    | 27.3750   
2      | 55.5508    | 56.4000    | 21.9541    | 25.3500   
3      | 58.3780    | 59.9750    | 18.8547    | 23.2750   
4      | 60.7532    | 63.1750    | 16.0375    | 21.2000   
5      | 62.9778    | 66.3250    | 13.9870    | 19.5250   
6      | 65.1465    | 69.7250    | 11.9811    | 17.7500   
7      | 67.0320    | 72.9000    | 10.2836    | 16.1500   
8      | 48.6630    | 48.7500    | 32.3818    | 31.9000   
9      | 46.3003    | 46.3750    | 36.7510    | 34.3250   

PSTEPS = 200, TSTEPS = 40000

TIME TAKEN = 792.60086 ms
Run 4

 HYBRID IMPLEMENTATION 2
--------------------------------------------------------------

Index  | Call Model | Call Actual | Put Model  | Put Actual
--------------------------------------------------------------
0      | 51.3884    | 51.7000    | 28.5524    | 29.6500   
1      | 53.1440    | 53.6500    | 24.8999    | 27.3750   
2      | 55.5508    | 56.4000    | 21.9541    | 25.3500   
3      | 58.3780    | 59.9750    | 18.8547    | 23.2750   
4      | 60.7532    | 63.1750    | 16.0375    | 21.2000   
5      | 62.9778    | 66.3250    | 13.9870    | 19.5250   
6      | 65.1465    | 69.7250    | 11.9811    | 17.7500   
7      | 67.0320    | 72.9000    | 10.2836    | 16.1500   
8      | 48.6630    | 48.7500    | 32.3818    | 31.9000   
9      | 46.3003    | 46.3750    | 36.7510    | 34.3250   

PSTEPS = 200, TSTEPS = 40000

TIME TAKEN = 780.55114 ms
Run 5

 HYBRID IMPLEMENTATION 2
--------------------------------------------------------------

Index  | Call Model | Call Actual | Put Model  | Put Actual
--------------------------------------------------------------
0      | 51.3884    | 51.7000    | 28.5524    | 29.6500   
1      | 53.1440    | 53.6500    | 24.8999    | 27.3750   
2      | 55.5508    | 56.4000    | 21.9541    | 25.3500   
3      | 58.3780    | 59.9750    | 18.8547    | 23.2750   
4      | 60.7532    | 63.1750    | 16.0375    | 21.2000   
5      | 62.9778    | 66.3250    | 13.9870    | 19.5250   
6      | 65.1465    | 69.7250    | 11.9811    | 17.7500   
7      | 67.0320    | 72.9000    | 10.2836    | 16.1500   
8      | 48.6630    | 48.7500    | 32.3818    | 31.9000   
9      | 46.3003    | 46.3750    | 36.7510    | 34.3250   

PSTEPS = 200, TSTEPS = 40000

TIME TAKEN = 785.76498 ms
Run 6

 HYBRID IMPLEMENTATION 2
--------------------------------------------------------------

Index  | Call Model | Call Actual | Put Model  | Put Actual
--------------------------------------------------------------
0      | 51.3884    | 51.7000    | 28.5524    | 29.6500   
1      | 53.1440    | 53.6500    | 24.8999    | 27.3750   
2      | 55.5508    | 56.4000    | 21.9541    | 25.3500   
3      | 58.3780    | 59.9750    | 18.8547    | 23.2750   
4      | 60.7532    | 63.1750    | 16.0375    | 21.2000   
5      | 62.9778    | 66.3250    | 13.9870    | 19.5250   
6      | 65.1465    | 69.7250    | 11.9811    | 17.7500   
7      | 67.0320    | 72.9000    | 10.2836    | 16.1500   
8      | 48.6630    | 48.7500    | 32.3818    | 31.9000   
9      | 46.3003    | 46.3750    | 36.7510    | 34.3250   

PSTEPS = 200, TSTEPS = 40000

TIME TAKEN = 774.05628 ms
Run 7

 HYBRID IMPLEMENTATION 2
--------------------------------------------------------------

Index  | Call Model | Call Actual | Put Model  | Put Actual
--------------------------------------------------------------
0      | 51.3884    | 51.7000    | 28.5524    | 29.6500   
1      | 53.1440    | 53.6500    | 24.8999    | 27.3750   
2      | 55.5508    | 56.4000    | 21.9541    | 25.3500   
3      | 58.3780    | 59.9750    | 18.8547    | 23.2750   
4      | 60.7532    | 63.1750    | 16.0375    | 21.2000   
5      | 62.9778    | 66.3250    | 13.9870    | 19.5250   
6      | 65.1465    | 69.7250    | 11.9811    | 17.7500   
7      | 67.0320    | 72.9000    | 10.2836    | 16.1500   
8      | 48.6630    | 48.7500    | 32.3818    | 31.9000   
9      | 46.3003    | 46.3750    | 36.7510    | 34.3250   

PSTEPS = 200, TSTEPS = 40000

TIME TAKEN = 832.71004 ms
Run 8

 HYBRID IMPLEMENTATION 2
--------------------------------------------------------------

Index  | Call Model | Call Actual | Put Model  | Put Actual
--------------------------------------------------------------
0      | 51.3884    | 51.7000    | 28.5524    | 29.6500   
1      | 53.1440    | 53.6500    | 24.8999    | 27.3750   
2      | 55.5508    | 56.4000    | 21.9541    | 25.3500   
3      | 58.3780    | 59.9750    | 18.8547    | 23.2750   
4      | 60.7532    | 63.1750    | 16.0375    | 21.2000   
5      | 62.9778    | 66.3250    | 13.9870    | 19.5250   
6      | 65.1465    | 69.7250    | 11.9811    | 17.7500   
7      | 67.0320    | 72.9000    | 10.2836    | 16.1500   
8      | 48.6630    | 48.7500    | 32.3818    | 31.9000   
9      | 46.3003    | 46.3750    | 36.7510    | 34.3250   

PSTEPS = 200, TSTEPS = 40000

TIME TAKEN = 804.26152 ms
Run 9

 HYBRID IMPLEMENTATION 2
--------------------------------------------------------------

Index  | Call Model | Call Actual | Put Model  | Put Actual
--------------------------------------------------------------
0      | 51.3884    | 51.7000    | 28.5524    | 29.6500   
1      | 53.1440    | 53.6500    | 24.8999    | 27.3750   
2      | 55.5508    | 56.4000    | 21.9541    | 25.3500   
3      | 58.3780    | 59.9750    | 18.8547    | 23.2750   
4      | 60.7532    | 63.1750    | 16.0375    | 21.2000   
5      | 62.9778    | 66.3250    | 13.9870    | 19.5250   
6      | 65.1465    | 69.7250    | 11.9811    | 17.7500   
7      | 67.0320    | 72.9000    | 10.2836    | 16.1500   
8      | 48.6630    | 48.7500    | 32.3818    | 31.9000   
9      | 46.3003    | 46.3750    | 36.7510    | 34.3250   

PSTEPS = 200, TSTEPS = 40000

TIME TAKEN = 756.73755 ms
Run 10

 HYBRID IMPLEMENTATION 2
--------------------------------------------------------------

Index  | Call Model | Call Actual | Put Model  | Put Actual
--------------------------------------------------------------
0      | 51.3884    | 51.7000    | 28.5524    | 29.6500   
1      | 53.1440    | 53.6500    | 24.8999    | 27.3750   
2      | 55.5508    | 56.4000    | 21.9541    | 25.3500   
3      | 58.3780    | 59.9750    | 18.8547    | 23.2750   
4      | 60.7532    | 63.1750    | 16.0375    | 21.2000   
5      | 62.9778    | 66.3250    | 13.9870    | 19.5250   
6      | 65.1465    | 69.7250    | 11.9811    | 17.7500   
7      | 67.0320    | 72.9000    | 10.2836    | 16.1500   
8      | 48.6630    | 48.7500    | 32.3818    | 31.9000   
9      | 46.3003    | 46.3750    | 36.7510    | 34.3250   

PSTEPS = 200, TSTEPS = 40000

TIME TAKEN = 782.63562 ms
