Benchmarking: black_scholes_hybrid2 with p=120, t=40000
Run 1

 HYBRID IMPLEMENTATION 2
--------------------------------------------------------------

Index  | Call Model | Call Actual | Put Model  | Put Actual
--------------------------------------------------------------
0      | 48.4926    | 51.7000    | 30.5080    | 29.6500   
1      | 49.5569    | 53.6500    | 27.0657    | 27.3750   
2      | 51.2149    | 56.4000    | 24.2952    | 25.3500   
3      | 53.2625    | 59.9750    | 21.3400    | 23.2750   
4      | 54.8731    | 63.1750    | 18.5922    | 21.2000   
5      | 56.3505    | 66.3250    | 16.5768    | 19.5250   
6      | 57.7606    | 69.7250    | 14.5566    | 17.7500   
7      | 58.9179    | 72.9000    | 12.8160    | 16.1500   
8      | 46.4944    | 48.7500    | 34.0156    | 31.9000   
9      | 44.8094    | 46.3750    | 38.0093    | 34.3250   

PSTEPS = 120, TSTEPS = 40000

TIME TAKEN = 556.22250 ms
Run 2

 HYBRID IMPLEMENTATION 2
--------------------------------------------------------------

Index  | Call Model | Call Actual | Put Model  | Put Actual
--------------------------------------------------------------
0      | 48.4926    | 51.7000    | 30.5080    | 29.6500   
1      | 49.5569    | 53.6500    | 27.0657    | 27.3750   
2      | 51.2149    | 56.4000    | 24.2952    | 25.3500   
3      | 53.2625    | 59.9750    | 21.3400    | 23.2750   
4      | 54.8731    | 63.1750    | 18.5922    | 21.2000   
5      | 56.3505    | 66.3250    | 16.5768    | 19.5250   
6      | 57.7606    | 69.7250    | 14.5566    | 17.7500   
7      | 58.9179    | 72.9000    | 12.8160    | 16.1500   
8      | 46.4944    | 48.7500    | 34.0156    | 31.9000   
9      | 44.8094    | 46.3750    | 38.0093    | 34.3250   

PSTEPS = 120, TSTEPS = 40000

TIME TAKEN = 560.44583 ms
Run 3

 HYBRID IMPLEMENTATION 2
--------------------------------------------------------------

Index  | Call Model | Call Actual | Put Model  | Put Actual
--------------------------------------------------------------
0      | 48.4926    | 51.7000    | 30.5080    | 29.6500   
1      | 49.5569    | 53.6500    | 27.0657    | 27.3750   
2      | 51.2149    | 56.4000    | 24.2952    | 25.3500   
3      | 53.2625    | 59.9750    | 21.3400    | 23.2750   
4      | 54.8731    | 63.1750    | 18.5922    | 21.2000   
5      | 56.3505    | 66.3250    | 16.5768    | 19.5250   
6      | 57.7606    | 69.7250    | 14.5566    | 17.7500   
7      | 58.9179    | 72.9000    | 12.8160    | 16.1500   
8      | 46.4944    | 48.7500    | 34.0156    | 31.9000   
9      | 44.8094    | 46.3750    | 38.0093    | 34.3250   

PSTEPS = 120, TSTEPS = 40000

TIME TAKEN = 542.30891 ms
Run 4

 HYBRID IMPLEMENTATION 2
--------------------------------------------------------------

Index  | Call Model | Call Actual | Put Model  | Put Actual
--------------------------------------------------------------
0      | 48.4926    | 51.7000    | 30.5080    | 29.6500   
1      | 49.5569    | 53.6500    | 27.0657    | 27.3750   
2      | 51.2149    | 56.4000    | 24.2952    | 25.3500   
3      | 53.2625    | 59.9750    | 21.3400    | 23.2750   
4      | 54.8731    | 63.1750    | 18.5922    | 21.2000   
5      | 56.3505    | 66.3250    | 16.5768    | 19.5250   
6      | 57.7606    | 69.7250    | 14.5566    | 17.7500   
7      | 58.9179    | 72.9000    | 12.8160    | 16.1500   
8      | 46.4944    | 48.7500    | 34.0156    | 31.9000   
9      | 44.8094    | 46.3750    | 38.0093    | 34.3250   

PSTEPS = 120, TSTEPS = 40000

TIME TAKEN = 566.35863 ms
Run 5

 HYBRID IMPLEMENTATION 2
--------------------------------------------------------------

Index  | Call Model | Call Actual | Put Model  | Put Actual
--------------------------------------------------------------
0      | 48.4926    | 51.7000    | 30.5080    | 29.6500   
1      | 49.5569    | 53.6500    | 27.0657    | 27.3750   
2      | 51.2149    | 56.4000    | 24.2952    | 25.3500   
3      | 53.2625    | 59.9750    | 21.3400    | 23.2750   
4      | 54.8731    | 63.1750    | 18.5922    | 21.2000   
5      | 56.3505    | 66.3250    | 16.5768    | 19.5250   
6      | 57.7606    | 69.7250    | 14.5566    | 17.7500   
7      | 58.9179    | 72.9000    | 12.8160    | 16.1500   
8      | 46.4944    | 48.7500    | 34.0156    | 31.9000   
9      | 44.8094    | 46.3750    | 38.0093    | 34.3250   

PSTEPS = 120, TSTEPS = 40000

TIME TAKEN = 547.67358 ms
Run 6

 HYBRID IMPLEMENTATION 2
--------------------------------------------------------------

Index  | Call Model | Call Actual | Put Model  | Put Actual
--------------------------------------------------------------
0      | 48.4926    | 51.7000    | 30.5080    | 29.6500   
1      | 49.5569    | 53.6500    | 27.0657    | 27.3750   
2      | 51.2149    | 56.4000    | 24.2952    | 25.3500   
3      | 53.2625    | 59.9750    | 21.3400    | 23.2750   
4      | 54.8731    | 63.1750    | 18.5922    | 21.2000   
5      | 56.3505    | 66.3250    | 16.5768    | 19.5250   
6      | 57.7606    | 69.7250    | 14.5566    | 17.7500   
7      | 58.9179    | 72.9000    | 12.8160    | 16.1500   
8      | 46.4944    | 48.7500    | 34.0156    | 31.9000   
9      | 44.8094    | 46.3750    | 38.0093    | 34.3250   

PSTEPS = 120, TSTEPS = 40000

TIME TAKEN = 564.13630 ms
Run 7

 HYBRID IMPLEMENTATION 2
--------------------------------------------------------------

Index  | Call Model | Call Actual | Put Model  | Put Actual
--------------------------------------------------------------
0      | 48.4926    | 51.7000    | 30.5080    | 29.6500   
1      | 49.5569    | 53.6500    | 27.0657    | 27.3750   
2      | 51.2149    | 56.4000    | 24.2952    | 25.3500   
3      | 53.2625    | 59.9750    | 21.3400    | 23.2750   
4      | 54.8731    | 63.1750    | 18.5922    | 21.2000   
5      | 56.3505    | 66.3250    | 16.5768    | 19.5250   
6      | 57.7606    | 69.7250    | 14.5566    | 17.7500   
7      | 58.9179    | 72.9000    | 12.8160    | 16.1500   
8      | 46.4944    | 48.7500    | 34.0156    | 31.9000   
9      | 44.8094    | 46.3750    | 38.0093    | 34.3250   

PSTEPS = 120, TSTEPS = 40000

TIME TAKEN = 562.87187 ms
Run 8

 HYBRID IMPLEMENTATION 2
--------------------------------------------------------------

Index  | Call Model | Call Actual | Put Model  | Put Actual
--------------------------------------------------------------
0      | 48.4926    | 51.7000    | 30.5080    | 29.6500   
1      | 49.5569    | 53.6500    | 27.0657    | 27.3750   
2      | 51.2149    | 56.4000    | 24.2952    | 25.3500   
3      | 53.2625    | 59.9750    | 21.3400    | 23.2750   
4      | 54.8731    | 63.1750    | 18.5922    | 21.2000   
5      | 56.3505    | 66.3250    | 16.5768    | 19.5250   
6      | 57.7606    | 69.7250    | 14.5566    | 17.7500   
7      | 58.9179    | 72.9000    | 12.8160    | 16.1500   
8      | 46.4944    | 48.7500    | 34.0156    | 31.9000   
9      | 44.8094    | 46.3750    | 38.0093    | 34.3250   

PSTEPS = 120, TSTEPS = 40000

TIME TAKEN = 580.09188 ms
Run 9

 HYBRID IMPLEMENTATION 2
--------------------------------------------------------------

Index  | Call Model | Call Actual | Put Model  | Put Actual
--------------------------------------------------------------
0      | 48.4926    | 51.7000    | 30.5080    | 29.6500   
1      | 49.5569    | 53.6500    | 27.0657    | 27.3750   
2      | 51.2149    | 56.4000    | 24.2952    | 25.3500   
3      | 53.2625    | 59.9750    | 21.3400    | 23.2750   
4      | 54.8731    | 63.1750    | 18.5922    | 21.2000   
5      | 56.3505    | 66.3250    | 16.5768    | 19.5250   
6      | 57.7606    | 69.7250    | 14.5566    | 17.7500   
7      | 58.9179    | 72.9000    | 12.8160    | 16.1500   
8      | 46.4944    | 48.7500    | 34.0156    | 31.9000   
9      | 44.8094    | 46.3750    | 38.0093    | 34.3250   

PSTEPS = 120, TSTEPS = 40000

TIME TAKEN = 588.00832 ms
Run 10

 HYBRID IMPLEMENTATION 2
--------------------------------------------------------------

Index  | Call Model | Call Actual | Put Model  | Put Actual
--------------------------------------------------------------
0      | 48.4926    | 51.7000    | 30.5080    | 29.6500   
1      | 49.5569    | 53.6500    | 27.0657    | 27.3750   
2      | 51.2149    | 56.4000    | 24.2952    | 25.3500   
3      | 53.2625    | 59.9750    | 21.3400    | 23.2750   
4      | 54.8731    | 63.1750    | 18.5922    | 21.2000   
5      | 56.3505    | 66.3250    | 16.5768    | 19.5250   
6      | 57.7606    | 69.7250    | 14.5566    | 17.7500   
7      | 58.9179    | 72.9000    | 12.8160    | 16.1500   
8      | 46.4944    | 48.7500    | 34.0156    | 31.9000   
9      | 44.8094    | 46.3750    | 38.0093    | 34.3250   

PSTEPS = 120, TSTEPS = 40000

TIME TAKEN = 551.73049 ms
