Benchmarking: black_scholes_hybrid1 with p=200, t=50000
Run 1

 HYBRID IMPLEMENTATION 1
--------------------------------------------------------------

Index  | Call Model | Call Actual | Put Model  | Put Actual
--------------------------------------------------------------
0      | 51.3883    | 51.7000    | 28.5523    | 29.6500   
1      | 53.1440    | 53.6500    | 24.8999    | 27.3750   
2      | 55.5507    | 56.4000    | 21.9540    | 25.3500   
3      | 58.3780    | 59.9750    | 18.8546    | 23.2750   
4      | 60.7150    | 63.1750    | 16.0375    | 21.2000   
5      | 62.9778    | 66.3250    | 13.9869    | 19.5250   
6      | 65.1465    | 69.7250    | 11.9811    | 17.7500   
7      | 67.0319    | 72.9000    | 10.2835    | 16.1500   
8      | 48.6630    | 48.7500    | 32.3818    | 31.9000   
9      | 46.3003    | 46.3750    | 36.7510    | 34.3250   

PSTEPS = 200, TSTEPS = 50000

TIME TAKEN = 509.19136 ms
Run 2

 HYBRID IMPLEMENTATION 1
--------------------------------------------------------------

Index  | Call Model | Call Actual | Put Model  | Put Actual
--------------------------------------------------------------
0      | 51.3883    | 51.7000    | 28.5523    | 29.6500   
1      | 53.1440    | 53.6500    | 24.8999    | 27.3750   
2      | 55.5507    | 56.4000    | 21.9540    | 25.3500   
3      | 58.3780    | 59.9750    | 18.8546    | 23.2750   
4      | 60.7532    | 63.1750    | 16.0375    | 21.2000   
5      | 62.9778    | 66.3250    | 13.9869    | 19.5250   
6      | 65.1465    | 69.7250    | 11.9811    | 17.7500   
7      | 67.0319    | 72.9000    | 10.2835    | 16.1500   
8      | 48.6630    | 48.7500    | 32.3818    | 31.9000   
9      | 46.3003    | 46.3750    | 36.7510    | 34.3250   

PSTEPS = 200, TSTEPS = 50000

TIME TAKEN = 508.43583 ms
Run 3

 HYBRID IMPLEMENTATION 1
--------------------------------------------------------------

Index  | Call Model | Call Actual | Put Model  | Put Actual
--------------------------------------------------------------
0      | 51.3883    | 51.7000    | 28.5523    | 29.6500   
1      | 53.1440    | 53.6500    | 24.8999    | 27.3750   
2      | 55.5507    | 56.4000    | 21.9540    | 25.3500   
3      | 58.3780    | 59.9750    | 18.8546    | 23.2750   
4      | 60.7532    | 63.1750    | 16.0375    | 21.2000   
5      | 62.9778    | 66.3250    | 13.9869    | 19.5250   
6      | 65.1465    | 69.7250    | 11.9811    | 17.7500   
7      | 67.0319    | 72.9000    | 10.2835    | 16.1500   
8      | 48.6630    | 48.7500    | 32.3818    | 31.9000   
9      | 46.3003    | 46.3750    | 36.7510    | 34.3250   

PSTEPS = 200, TSTEPS = 50000

TIME TAKEN = 494.65547 ms
Run 4

 HYBRID IMPLEMENTATION 1
--------------------------------------------------------------

Index  | Call Model | Call Actual | Put Model  | Put Actual
--------------------------------------------------------------
0      | 51.3883    | 51.7000    | 28.5523    | 29.6500   
1      | 53.1440    | 53.6500    | 24.8999    | 27.3750   
2      | 55.5507    | 56.4000    | 21.9540    | 25.3500   
3      | 58.3780    | 59.9750    | 18.8546    | 23.2750   
4      | 60.7532    | 63.1750    | 16.0375    | 21.2000   
5      | 62.9778    | 66.3250    | 13.9869    | 19.5250   
6      | 65.1465    | 69.7250    | 11.9811    | 17.7500   
7      | 67.0319    | 72.9000    | 10.2835    | 16.1500   
8      | 48.6630    | 48.7500    | 32.3818    | 31.9000   
9      | 46.3003    | 46.3750    | 36.7510    | 34.3250   

PSTEPS = 200, TSTEPS = 50000

TIME TAKEN = 528.91832 ms
Run 5

 HYBRID IMPLEMENTATION 1
--------------------------------------------------------------

Index  | Call Model | Call Actual | Put Model  | Put Actual
--------------------------------------------------------------
0      | 51.3883    | 51.7000    | 28.5523    | 29.6500   
1      | 53.1440    | 53.6500    | 24.8999    | 27.3750   
2      | 55.5507    | 56.4000    | 21.9540    | 25.3500   
3      | 58.3780    | 59.9750    | 18.8546    | 23.2750   
4      | 60.7532    | 63.1750    | 16.0375    | 21.2000   
5      | 62.9778    | 66.3250    | 13.9869    | 19.5250   
6      | 65.1465    | 69.7250    | 11.9811    | 17.7500   
7      | 35.4666    | 72.9000    | 0.0028     | 16.1500   
8      | 48.6630    | 48.7500    | 32.3818    | 31.9000   
9      | 46.3003    | 46.3750    | 36.7510    | 34.3250   

PSTEPS = 200, TSTEPS = 50000

TIME TAKEN = 503.02278 ms
Run 6

 HYBRID IMPLEMENTATION 1
--------------------------------------------------------------

Index  | Call Model | Call Actual | Put Model  | Put Actual
--------------------------------------------------------------
0      | 51.3883    | 51.7000    | 28.5523    | 29.6500   
1      | 53.1440    | 53.6500    | 24.8999    | 27.3750   
2      | 55.5507    | 56.4000    | 21.9540    | 25.3500   
3      | 58.3780    | 59.9750    | 18.8546    | 23.2750   
4      | 60.7133    | 63.1750    | 16.0375    | 21.2000   
5      | 62.9778    | 66.3250    | 13.9869    | 19.5250   
6      | 65.1465    | 69.7250    | 11.9811    | 17.7500   
7      | 67.0319    | 72.9000    | 10.2835    | 16.1500   
8      | 48.6630    | 48.7500    | 32.3818    | 31.9000   
9      | 46.3003    | 46.3750    | 36.7510    | 34.3250   

PSTEPS = 200, TSTEPS = 50000

TIME TAKEN = 507.25006 ms
Run 7

 HYBRID IMPLEMENTATION 1
--------------------------------------------------------------

Index  | Call Model | Call Actual | Put Model  | Put Actual
--------------------------------------------------------------
0      | 51.3883    | 51.7000    | 28.5523    | 29.6500   
1      | 53.1440    | 53.6500    | 24.8999    | 27.3750   
2      | 55.5507    | 56.4000    | 21.9540    | 25.3500   
3      | 58.3780    | 59.9750    | 18.8546    | 23.2750   
4      | 60.7087    | 63.1750    | 16.0375    | 21.2000   
5      | 62.9778    | 66.3250    | 13.9869    | 19.5250   
6      | 65.1465    | 69.7250    | 11.9811    | 17.7500   
7      | 67.0319    | 72.9000    | 10.2835    | 16.1500   
8      | 48.6630    | 48.7500    | 32.3818    | 31.9000   
9      | 46.3003    | 46.3750    | 36.7510    | 34.3250   

PSTEPS = 200, TSTEPS = 50000

TIME TAKEN = 517.34195 ms
Run 8

 HYBRID IMPLEMENTATION 1
--------------------------------------------------------------

Index  | Call Model | Call Actual | Put Model  | Put Actual
--------------------------------------------------------------
0      | 51.3883    | 51.7000    | 28.5523    | 29.6500   
1      | 53.1440    | 53.6500    | 24.8999    | 27.3750   
2      | 55.5507    | 56.4000    | 21.9540    | 25.3500   
3      | 58.3780    | 59.9750    | 18.8546    | 23.2750   
4      | 34.3747    | 63.1750    | 0.5225     | 21.2000   
5      | 62.9778    | 66.3250    | 13.9869    | 19.5250   
6      | 65.1465    | 69.7250    | 11.9811    | 17.7500   
7      | 67.0319    | 72.9000    | 10.2835    | 16.1500   
8      | 48.6630    | 48.7500    | 32.3818    | 31.9000   
9      | 46.3003    | 46.3750    | 36.7510    | 34.3250   

PSTEPS = 200, TSTEPS = 50000

TIME TAKEN = 513.14553 ms
Run 9

 HYBRID IMPLEMENTATION 1
--------------------------------------------------------------

Index  | Call Model | Call Actual | Put Model  | Put Actual
--------------------------------------------------------------
0      | 51.3883    | 51.7000    | 28.5523    | 29.6500   
1      | 53.1440    | 53.6500    | 24.8999    | 27.3750   
2      | 55.5507    | 56.4000    | 21.9540    | 25.3500   
3      | 58.3780    | 59.9750    | 18.8546    | 23.2750   
4      | 60.7532    | 63.1750    | 16.0375    | 21.2000   
5      | 62.9778    | 66.3250    | 13.9869    | 19.5250   
6      | 65.1465    | 69.7250    | 11.9811    | 17.7500   
7      | 67.0319    | 72.9000    | 10.2835    | 16.1500   
8      | 48.6630    | 48.7500    | 32.3818    | 31.9000   
9      | 46.3003    | 46.3750    | 36.7510    | 34.3250   

PSTEPS = 200, TSTEPS = 50000

TIME TAKEN = 488.87173 ms
Run 10

 HYBRID IMPLEMENTATION 1
--------------------------------------------------------------

Index  | Call Model | Call Actual | Put Model  | Put Actual
--------------------------------------------------------------
0      | 51.3883    | 51.7000    | 28.5523    | 29.6500   
1      | 53.1440    | 53.6500    | 24.8999    | 27.3750   
2      | 55.5507    | 56.4000    | 21.9540    | 25.3500   
3      | 58.3780    | 59.9750    | 18.8546    | 23.2750   
4      | 60.7350    | 63.1750    | 16.0375    | 21.2000   
5      | 62.9778    | 66.3250    | 13.9869    | 19.5250   
6      | 65.1465    | 69.7250    | 11.9811    | 17.7500   
7      | 67.0319    | 72.9000    | 10.2835    | 16.1500   
8      | 48.6630    | 48.7500    | 32.3818    | 31.9000   
9      | 46.3003    | 46.3750    | 36.7510    | 34.3250   

PSTEPS = 200, TSTEPS = 50000

TIME TAKEN = 501.41474 ms
