Benchmarking: black_scholes_hybrid1 with p=180, t=10000
Run 1

 HYBRID IMPLEMENTATION 1
--------------------------------------------------------------

Index  | Call Model | Call Actual | Put Model  | Put Actual
--------------------------------------------------------------
0      | 50.6490    | 51.7000    | 29.0234    | 29.6500   
1      | 52.2359    | 53.6500    | 25.4293    | 27.3750   
2      | 54.4499    | 56.4000    | 22.5238    | 25.3500   
3      | 57.0714    | 59.9750    | 19.4521    | 23.2750   
4      | 59.2472    | 63.1750    | 16.6468    | 21.2000   
5      | 61.2733    | 66.3250    | 14.5966    | 19.5250   
6      | 63.2481    | 69.7250    | 12.5867    | 17.7500   
7      | 64.9479    | 72.9000    | 10.8789    | 16.1500   
8      | 48.1111    | 48.7500    | 32.7767    | 31.9000   
9      | 45.9297    | 46.3750    | 37.0629    | 34.3250   

PSTEPS = 180, TSTEPS = 10000

TIME TAKEN = 279.24036 ms
Run 2

 HYBRID IMPLEMENTATION 1
--------------------------------------------------------------

Index  | Call Model | Call Actual | Put Model  | Put Actual
--------------------------------------------------------------
0      | 50.6490    | 51.7000    | 29.0234    | 29.6500   
1      | 52.2359    | 53.6500    | 25.4293    | 27.3750   
2      | 54.4499    | 56.4000    | 22.5238    | 25.3500   
3      | 57.0714    | 59.9750    | 19.4521    | 23.2750   
4      | 59.2472    | 63.1750    | 16.6468    | 21.2000   
5      | 61.2733    | 66.3250    | 14.5966    | 19.5250   
6      | 63.2481    | 69.7250    | 12.5867    | 17.7500   
7      | 64.9479    | 72.9000    | 10.8789    | 16.1500   
8      | 48.1111    | 48.7500    | 32.7767    | 31.9000   
9      | 45.9297    | 46.3750    | 37.0629    | 34.3250   

PSTEPS = 180, TSTEPS = 10000

TIME TAKEN = 258.68916 ms
Run 3

 HYBRID IMPLEMENTATION 1
--------------------------------------------------------------

Index  | Call Model | Call Actual | Put Model  | Put Actual
--------------------------------------------------------------
0      | 50.6490    | 51.7000    | 29.0234    | 29.6500   
1      | 52.2359    | 53.6500    | 25.4293    | 27.3750   
2      | 54.4499    | 56.4000    | 22.5238    | 25.3500   
3      | 57.0714    | 59.9750    | 19.4521    | 23.2750   
4      | 59.2472    | 63.1750    | 16.6468    | 21.2000   
5      | 61.2733    | 66.3250    | 14.5966    | 19.5250   
6      | 63.2481    | 69.7250    | 12.5867    | 17.7500   
7      | 64.9479    | 72.9000    | 10.8789    | 16.1500   
8      | 48.1111    | 48.7500    | 32.7767    | 31.9000   
9      | 45.9297    | 46.3750    | 37.0629    | 34.3250   

PSTEPS = 180, TSTEPS = 10000

TIME TAKEN = 267.26518 ms
Run 4

 HYBRID IMPLEMENTATION 1
--------------------------------------------------------------

Index  | Call Model | Call Actual | Put Model  | Put Actual
--------------------------------------------------------------
0      | 50.6490    | 51.7000    | 29.0234    | 29.6500   
1      | 52.2359    | 53.6500    | 25.4293    | 27.3750   
2      | 54.4499    | 56.4000    | 22.5238    | 25.3500   
3      | 57.0714    | 59.9750    | 19.4521    | 23.2750   
4      | 59.2472    | 63.1750    | 16.6468    | 21.2000   
5      | 61.2733    | 66.3250    | 14.5966    | 19.5250   
6      | 63.2481    | 69.7250    | 12.5867    | 17.7500   
7      | 64.9479    | 72.9000    | 10.8789    | 16.1500   
8      | 48.1111    | 48.7500    | 32.7767    | 31.9000   
9      | 45.9297    | 46.3750    | 37.0629    | 34.3250   

PSTEPS = 180, TSTEPS = 10000

TIME TAKEN = 261.67216 ms
Run 5

 HYBRID IMPLEMENTATION 1
--------------------------------------------------------------

Index  | Call Model | Call Actual | Put Model  | Put Actual
--------------------------------------------------------------
0      | 50.6490    | 51.7000    | 29.0234    | 29.6500   
1      | 52.2359    | 53.6500    | 25.4293    | 27.3750   
2      | 54.4499    | 56.4000    | 22.5238    | 25.3500   
3      | 57.0714    | 59.9750    | 19.4521    | 23.2750   
4      | 59.2472    | 63.1750    | 16.6468    | 21.2000   
5      | 61.2733    | 66.3250    | 14.5966    | 19.5250   
6      | 63.2481    | 69.7250    | 12.5867    | 17.7500   
7      | 64.9479    | 72.9000    | 10.8789    | 16.1500   
8      | 48.1111    | 48.7500    | 32.7767    | 31.9000   
9      | 45.9297    | 46.3750    | 37.0629    | 34.3250   

PSTEPS = 180, TSTEPS = 10000

TIME TAKEN = 263.47136 ms
Run 6

 HYBRID IMPLEMENTATION 1
--------------------------------------------------------------

Index  | Call Model | Call Actual | Put Model  | Put Actual
--------------------------------------------------------------
0      | 50.6490    | 51.7000    | 29.0234    | 29.6500   
1      | 52.2359    | 53.6500    | 25.4293    | 27.3750   
2      | 54.4499    | 56.4000    | 22.5238    | 25.3500   
3      | 57.0714    | 59.9750    | 19.4521    | 23.2750   
4      | 59.2472    | 63.1750    | 16.6468    | 21.2000   
5      | 61.2733    | 66.3250    | 14.5966    | 19.5250   
6      | 63.2481    | 69.7250    | 12.5867    | 17.7500   
7      | 64.9479    | 72.9000    | 10.8789    | 16.1500   
8      | 48.1111    | 48.7500    | 32.7767    | 31.9000   
9      | 45.9297    | 46.3750    | 37.0629    | 34.3250   

PSTEPS = 180, TSTEPS = 10000

TIME TAKEN = 251.00093 ms
Run 7

 HYBRID IMPLEMENTATION 1
--------------------------------------------------------------

Index  | Call Model | Call Actual | Put Model  | Put Actual
--------------------------------------------------------------
0      | 50.6490    | 51.7000    | 29.0234    | 29.6500   
1      | 52.2359    | 53.6500    | 25.4293    | 27.3750   
2      | 54.4499    | 56.4000    | 22.5238    | 25.3500   
3      | 57.0714    | 59.9750    | 19.4521    | 23.2750   
4      | 59.2472    | 63.1750    | 16.6468    | 21.2000   
5      | 61.2733    | 66.3250    | 14.5966    | 19.5250   
6      | 63.2481    | 69.7250    | 12.5867    | 17.7500   
7      | 64.9479    | 72.9000    | 10.8789    | 16.1500   
8      | 48.1111    | 48.7500    | 32.7767    | 31.9000   
9      | 45.9297    | 46.3750    | 37.0629    | 34.3250   

PSTEPS = 180, TSTEPS = 10000

TIME TAKEN = 251.90605 ms
Run 8

 HYBRID IMPLEMENTATION 1
--------------------------------------------------------------

Index  | Call Model | Call Actual | Put Model  | Put Actual
--------------------------------------------------------------
0      | 50.6490    | 51.7000    | 29.0234    | 29.6500   
1      | 52.2359    | 53.6500    | 25.4293    | 27.3750   
2      | 54.4499    | 56.4000    | 22.5238    | 25.3500   
3      | 57.0714    | 59.9750    | 19.4521    | 23.2750   
4      | 59.2472    | 63.1750    | 16.6468    | 21.2000   
5      | 61.2733    | 66.3250    | 14.5966    | 19.5250   
6      | 63.2481    | 69.7250    | 12.5867    | 17.7500   
7      | 64.9479    | 72.9000    | 10.8789    | 16.1500   
8      | 48.1111    | 48.7500    | 32.7767    | 31.9000   
9      | 45.9297    | 46.3750    | 37.0629    | 34.3250   

PSTEPS = 180, TSTEPS = 10000

TIME TAKEN = 258.48204 ms
Run 9

 HYBRID IMPLEMENTATION 1
--------------------------------------------------------------

Index  | Call Model | Call Actual | Put Model  | Put Actual
--------------------------------------------------------------
0      | 50.6490    | 51.7000    | 29.0234    | 29.6500   
1      | 52.2359    | 53.6500    | 25.4293    | 27.3750   
2      | 54.4499    | 56.4000    | 22.5238    | 25.3500   
3      | 57.0714    | 59.9750    | 19.4521    | 23.2750   
4      | 59.2472    | 63.1750    | 16.6468    | 21.2000   
5      | 61.2733    | 66.3250    | 14.5966    | 19.5250   
6      | 63.2481    | 69.7250    | 12.5867    | 17.7500   
7      | 64.9479    | 72.9000    | 10.8789    | 16.1500   
8      | 48.1111    | 48.7500    | 32.7767    | 31.9000   
9      | 45.9297    | 46.3750    | 37.0629    | 34.3250   

PSTEPS = 180, TSTEPS = 10000

TIME TAKEN = 270.58046 ms
Run 10

 HYBRID IMPLEMENTATION 1
--------------------------------------------------------------

Index  | Call Model | Call Actual | Put Model  | Put Actual
--------------------------------------------------------------
0      | 50.6490    | 51.7000    | 29.0234    | 29.6500   
1      | 52.2359    | 53.6500    | 25.4293    | 27.3750   
2      | 54.4499    | 56.4000    | 22.5238    | 25.3500   
3      | 57.0714    | 59.9750    | 19.4521    | 23.2750   
4      | 59.2472    | 63.1750    | 16.6468    | 21.2000   
5      | 61.2733    | 66.3250    | 14.5966    | 19.5250   
6      | 63.2481    | 69.7250    | 12.5867    | 17.7500   
7      | 64.9479    | 72.9000    | 10.8789    | 16.1500   
8      | 48.1111    | 48.7500    | 32.7767    | 31.9000   
9      | 45.9297    | 46.3750    | 37.0629    | 34.3250   

PSTEPS = 180, TSTEPS = 10000

TIME TAKEN = 265.13220 ms
