Benchmarking: black_scholes_gpu with p=40, t=30000
Run 1

 GPU ACCELERATED IMPLEMENTATION
--------------------------------------------------------------

Index  | Call Model | Call Actual | Put Model  | Put Actual
--------------------------------------------------------------
0      | 45.6394    | 51.7000    | 32.9394    | 29.6500   
1      | 46.1553    | 53.6500    | 29.8189    | 27.3750   
2      | 47.1411    | 56.4000    | 27.2628    | 25.3500   
3      | 48.3761    | 59.9750    | 24.3800    | 23.2750   
4      | 49.3424    | 63.1750    | 21.7800    | 21.2000   
5      | 50.2133    | 66.3250    | 19.8949    | 19.5250   
6      | 50.9421    | 69.7250    | 17.8881    | 17.7500   
7      | 51.3781    | 72.9000    | 16.0578    | 16.1500   
8      | 44.3193    | 48.7500    | 36.1074    | 31.9000   
9      | 43.3609    | 46.3750    | 39.8025    | 34.3250   

PSTEPS = 40, TSTEPS = 30000

TIME TAKEN = 284.55080 ms
Run 2

 GPU ACCELERATED IMPLEMENTATION
--------------------------------------------------------------

Index  | Call Model | Call Actual | Put Model  | Put Actual
--------------------------------------------------------------
0      | 45.6394    | 51.7000    | 32.9394    | 29.6500   
1      | 46.1553    | 53.6500    | 29.8189    | 27.3750   
2      | 47.1411    | 56.4000    | 27.2628    | 25.3500   
3      | 48.3761    | 59.9750    | 24.3800    | 23.2750   
4      | 49.3424    | 63.1750    | 21.7800    | 21.2000   
5      | 50.2133    | 66.3250    | 19.8949    | 19.5250   
6      | 50.9421    | 69.7250    | 17.8881    | 17.7500   
7      | 51.3781    | 72.9000    | 16.0578    | 16.1500   
8      | 44.3193    | 48.7500    | 36.1074    | 31.9000   
9      | 43.3609    | 46.3750    | 39.8025    | 34.3250   

PSTEPS = 40, TSTEPS = 30000

TIME TAKEN = 251.53665 ms
Run 3

 GPU ACCELERATED IMPLEMENTATION
--------------------------------------------------------------

Index  | Call Model | Call Actual | Put Model  | Put Actual
--------------------------------------------------------------
0      | 45.6394    | 51.7000    | 32.9394    | 29.6500   
1      | 46.1553    | 53.6500    | 29.8189    | 27.3750   
2      | 47.1411    | 56.4000    | 27.2628    | 25.3500   
3      | 48.3761    | 59.9750    | 24.3800    | 23.2750   
4      | 49.3424    | 63.1750    | 21.7800    | 21.2000   
5      | 50.2133    | 66.3250    | 19.8949    | 19.5250   
6      | 50.9421    | 69.7250    | 17.8881    | 17.7500   
7      | 51.3781    | 72.9000    | 16.0578    | 16.1500   
8      | 44.3193    | 48.7500    | 36.1074    | 31.9000   
9      | 43.3609    | 46.3750    | 39.8025    | 34.3250   

PSTEPS = 40, TSTEPS = 30000

TIME TAKEN = 245.11926 ms
Run 4

 GPU ACCELERATED IMPLEMENTATION
--------------------------------------------------------------

Index  | Call Model | Call Actual | Put Model  | Put Actual
--------------------------------------------------------------
0      | 45.6394    | 51.7000    | 32.9394    | 29.6500   
1      | 46.1553    | 53.6500    | 29.8189    | 27.3750   
2      | 47.1411    | 56.4000    | 27.2628    | 25.3500   
3      | 48.3761    | 59.9750    | 24.3800    | 23.2750   
4      | 49.3424    | 63.1750    | 21.7800    | 21.2000   
5      | 50.2133    | 66.3250    | 19.8949    | 19.5250   
6      | 50.9421    | 69.7250    | 17.8881    | 17.7500   
7      | 51.3781    | 72.9000    | 16.0578    | 16.1500   
8      | 44.3193    | 48.7500    | 36.1074    | 31.9000   
9      | 43.3609    | 46.3750    | 39.8025    | 34.3250   

PSTEPS = 40, TSTEPS = 30000

TIME TAKEN = 275.98737 ms
Run 5

 GPU ACCELERATED IMPLEMENTATION
--------------------------------------------------------------

Index  | Call Model | Call Actual | Put Model  | Put Actual
--------------------------------------------------------------
0      | 45.6394    | 51.7000    | 32.9394    | 29.6500   
1      | 46.1553    | 53.6500    | 29.8189    | 27.3750   
2      | 47.1411    | 56.4000    | 27.2628    | 25.3500   
3      | 48.3761    | 59.9750    | 24.3800    | 23.2750   
4      | 49.3424    | 63.1750    | 21.7800    | 21.2000   
5      | 50.2133    | 66.3250    | 19.8949    | 19.5250   
6      | 50.9421    | 69.7250    | 17.8881    | 17.7500   
7      | 51.3781    | 72.9000    | 16.0578    | 16.1500   
8      | 44.3193    | 48.7500    | 36.1074    | 31.9000   
9      | 43.3609    | 46.3750    | 39.8025    | 34.3250   

PSTEPS = 40, TSTEPS = 30000

TIME TAKEN = 246.20866 ms
Run 6

 GPU ACCELERATED IMPLEMENTATION
--------------------------------------------------------------

Index  | Call Model | Call Actual | Put Model  | Put Actual
--------------------------------------------------------------
0      | 45.6394    | 51.7000    | 32.9394    | 29.6500   
1      | 46.1553    | 53.6500    | 29.8189    | 27.3750   
2      | 47.1411    | 56.4000    | 27.2628    | 25.3500   
3      | 48.3761    | 59.9750    | 24.3800    | 23.2750   
4      | 49.3424    | 63.1750    | 21.7800    | 21.2000   
5      | 50.2133    | 66.3250    | 19.8949    | 19.5250   
6      | 50.9421    | 69.7250    | 17.8881    | 17.7500   
7      | 51.3781    | 72.9000    | 16.0578    | 16.1500   
8      | 44.3193    | 48.7500    | 36.1074    | 31.9000   
9      | 43.3609    | 46.3750    | 39.8025    | 34.3250   

PSTEPS = 40, TSTEPS = 30000

TIME TAKEN = 243.30237 ms
Run 7

 GPU ACCELERATED IMPLEMENTATION
--------------------------------------------------------------

Index  | Call Model | Call Actual | Put Model  | Put Actual
--------------------------------------------------------------
0      | 45.6394    | 51.7000    | 32.9394    | 29.6500   
1      | 46.1553    | 53.6500    | 29.8189    | 27.3750   
2      | 47.1411    | 56.4000    | 27.2628    | 25.3500   
3      | 48.3761    | 59.9750    | 24.3800    | 23.2750   
4      | 49.3424    | 63.1750    | 21.7800    | 21.2000   
5      | 50.2133    | 66.3250    | 19.8949    | 19.5250   
6      | 50.9421    | 69.7250    | 17.8881    | 17.7500   
7      | 51.3781    | 72.9000    | 16.0578    | 16.1500   
8      | 44.3193    | 48.7500    | 36.1074    | 31.9000   
9      | 43.3609    | 46.3750    | 39.8025    | 34.3250   

PSTEPS = 40, TSTEPS = 30000

TIME TAKEN = 236.94917 ms
Run 8

 GPU ACCELERATED IMPLEMENTATION
--------------------------------------------------------------

Index  | Call Model | Call Actual | Put Model  | Put Actual
--------------------------------------------------------------
0      | 45.6394    | 51.7000    | 32.9394    | 29.6500   
1      | 46.1553    | 53.6500    | 29.8189    | 27.3750   
2      | 47.1411    | 56.4000    | 27.2628    | 25.3500   
3      | 48.3761    | 59.9750    | 24.3800    | 23.2750   
4      | 49.3424    | 63.1750    | 21.7800    | 21.2000   
5      | 50.2133    | 66.3250    | 19.8949    | 19.5250   
6      | 50.9421    | 69.7250    | 17.8881    | 17.7500   
7      | 51.3781    | 72.9000    | 16.0578    | 16.1500   
8      | 44.3193    | 48.7500    | 36.1074    | 31.9000   
9      | 43.3609    | 46.3750    | 39.8025    | 34.3250   

PSTEPS = 40, TSTEPS = 30000

TIME TAKEN = 243.14165 ms
Run 9

 GPU ACCELERATED IMPLEMENTATION
--------------------------------------------------------------

Index  | Call Model | Call Actual | Put Model  | Put Actual
--------------------------------------------------------------
0      | 45.6394    | 51.7000    | 32.9394    | 29.6500   
1      | 46.1553    | 53.6500    | 29.8189    | 27.3750   
2      | 47.1411    | 56.4000    | 27.2628    | 25.3500   
3      | 48.3761    | 59.9750    | 24.3800    | 23.2750   
4      | 49.3424    | 63.1750    | 21.7800    | 21.2000   
5      | 50.2133    | 66.3250    | 19.8949    | 19.5250   
6      | 50.9421    | 69.7250    | 17.8881    | 17.7500   
7      | 51.3781    | 72.9000    | 16.0578    | 16.1500   
8      | 44.3193    | 48.7500    | 36.1074    | 31.9000   
9      | 43.3609    | 46.3750    | 39.8025    | 34.3250   

PSTEPS = 40, TSTEPS = 30000

TIME TAKEN = 261.10693 ms
Run 10

 GPU ACCELERATED IMPLEMENTATION
--------------------------------------------------------------

Index  | Call Model | Call Actual | Put Model  | Put Actual
--------------------------------------------------------------
0      | 45.6394    | 51.7000    | 32.9394    | 29.6500   
1      | 46.1553    | 53.6500    | 29.8189    | 27.3750   
2      | 47.1411    | 56.4000    | 27.2628    | 25.3500   
3      | 48.3761    | 59.9750    | 24.3800    | 23.2750   
4      | 49.3424    | 63.1750    | 21.7800    | 21.2000   
5      | 50.2133    | 66.3250    | 19.8949    | 19.5250   
6      | 50.9421    | 69.7250    | 17.8881    | 17.7500   
7      | 51.3781    | 72.9000    | 16.0578    | 16.1500   
8      | 44.3193    | 48.7500    | 36.1074    | 31.9000   
9      | 43.3609    | 46.3750    | 39.8025    | 34.3250   

PSTEPS = 40, TSTEPS = 30000

TIME TAKEN = 238.42207 ms
