Benchmarking: black_scholes_hybrid1 with p=180, t=20000
Run 1

 HYBRID IMPLEMENTATION 1
--------------------------------------------------------------

Index  | Call Model | Call Actual | Put Model  | Put Actual
--------------------------------------------------------------
0      | 50.6487    | 51.7000    | 29.0232    | 29.6500   
1      | 52.2356    | 53.6500    | 25.4291    | 27.3750   
2      | 54.4496    | 56.4000    | 22.5236    | 25.3500   
3      | 57.0711    | 59.9750    | 19.4518    | 23.2750   
4      | 59.2469    | 63.1750    | 16.6466    | 21.2000   
5      | 61.2730    | 66.3250    | 14.5964    | 19.5250   
6      | 63.2479    | 69.7250    | 12.5865    | 17.7500   
7      | 64.9476    | 72.9000    | 10.8787    | 16.1500   
8      | 48.1108    | 48.7500    | 32.7765    | 31.9000   
9      | 45.9294    | 46.3750    | 37.0629    | 34.3250   

PSTEPS = 180, TSTEPS = 20000

TIME TAKEN = 403.04505 ms
Run 2

 HYBRID IMPLEMENTATION 1
--------------------------------------------------------------

Index  | Call Model | Call Actual | Put Model  | Put Actual
--------------------------------------------------------------
0      | 50.6487    | 51.7000    | 29.0232    | 29.6500   
1      | 52.2356    | 53.6500    | 25.4291    | 27.3750   
2      | 54.4496    | 56.4000    | 22.5236    | 25.3500   
3      | 57.0711    | 59.9750    | 19.4518    | 23.2750   
4      | 59.2469    | 63.1750    | 16.6466    | 21.2000   
5      | 61.2730    | 66.3250    | 14.5964    | 19.5250   
6      | 63.2479    | 69.7250    | 12.5865    | 17.7500   
7      | 64.9476    | 72.9000    | 10.8787    | 16.1500   
8      | 48.1108    | 48.7500    | 32.7765    | 31.9000   
9      | 45.9294    | 46.3750    | 37.0629    | 34.3250   

PSTEPS = 180, TSTEPS = 20000

TIME TAKEN = 390.88963 ms
Run 3

 HYBRID IMPLEMENTATION 1
--------------------------------------------------------------

Index  | Call Model | Call Actual | Put Model  | Put Actual
--------------------------------------------------------------
0      | 50.6487    | 51.7000    | 29.0232    | 29.6500   
1      | 51.2349    | 53.6500    | 25.4018    | 27.3750   
2      | 54.4496    | 56.4000    | 22.5236    | 25.3500   
3      | 57.0711    | 59.9750    | 19.4518    | 23.2750   
4      | 59.2469    | 63.1750    | 16.6466    | 21.2000   
5      | 61.2730    | 66.3250    | 14.5964    | 19.5250   
6      | 63.2479    | 69.7250    | 12.5865    | 17.7500   
7      | 64.9476    | 72.9000    | 10.8787    | 16.1500   
8      | 48.1108    | 48.7500    | 32.7765    | 31.9000   
9      | 45.9294    | 46.3750    | 37.0629    | 34.3250   

PSTEPS = 180, TSTEPS = 20000

TIME TAKEN = 398.14918 ms
Run 4

 HYBRID IMPLEMENTATION 1
--------------------------------------------------------------

Index  | Call Model | Call Actual | Put Model  | Put Actual
--------------------------------------------------------------
0      | 50.6487    | 51.7000    | 29.0232    | 29.6500   
1      | 52.2356    | 53.6500    | 25.4291    | 27.3750   
2      | 54.4496    | 56.4000    | 22.5236    | 25.3500   
3      | 57.0711    | 59.9750    | 19.4518    | 23.2750   
4      | 59.2469    | 63.1750    | 16.6466    | 21.2000   
5      | 61.2730    | 66.3250    | 14.5964    | 19.5250   
6      | 63.2479    | 69.7250    | 12.5865    | 17.7500   
7      | 64.9476    | 72.9000    | 10.8787    | 16.1500   
8      | 48.1108    | 48.7500    | 32.7765    | 31.9000   
9      | 45.9294    | 46.3750    | 37.0629    | 34.3250   

PSTEPS = 180, TSTEPS = 20000

TIME TAKEN = 363.34890 ms
Run 5

 HYBRID IMPLEMENTATION 1
--------------------------------------------------------------

Index  | Call Model | Call Actual | Put Model  | Put Actual
--------------------------------------------------------------
0      | 50.6487    | 51.7000    | 29.0232    | 29.6500   
1      | 52.2356    | 53.6500    | 25.4291    | 27.3750   
2      | 54.4496    | 56.4000    | 22.5236    | 25.3500   
3      | 57.0711    | 59.9750    | 19.4518    | 23.2750   
4      | 59.2469    | 63.1750    | 16.6466    | 21.2000   
5      | 61.2730    | 66.3250    | 14.5964    | 19.5250   
6      | 63.2479    | 69.7250    | 12.5865    | 17.7500   
7      | 64.9476    | 72.9000    | 10.8787    | 16.1500   
8      | 48.1108    | 48.7500    | 32.7765    | 31.9000   
9      | 45.9294    | 46.3750    | 37.0629    | 34.3250   

PSTEPS = 180, TSTEPS = 20000

TIME TAKEN = 366.31794 ms
Run 6

 HYBRID IMPLEMENTATION 1
--------------------------------------------------------------

Index  | Call Model | Call Actual | Put Model  | Put Actual
--------------------------------------------------------------
0      | 50.6487    | 51.7000    | 29.0232    | 29.6500   
1      | 52.2356    | 53.6500    | 25.4291    | 27.3750   
2      | 54.4496    | 56.4000    | 22.5236    | 25.3500   
3      | 57.0711    | 59.9750    | 19.4518    | 23.2750   
4      | 59.2469    | 63.1750    | 16.6466    | 21.2000   
5      | 61.2730    | 66.3250    | 14.5964    | 19.5250   
6      | 63.2479    | 69.7250    | 12.5865    | 17.7500   
7      | 64.9476    | 72.9000    | 10.8787    | 16.1500   
8      | 48.1108    | 48.7500    | 32.7765    | 31.9000   
9      | 45.9294    | 46.3750    | 37.0629    | 34.3250   

PSTEPS = 180, TSTEPS = 20000

TIME TAKEN = 370.54738 ms
Run 7

 HYBRID IMPLEMENTATION 1
--------------------------------------------------------------

Index  | Call Model | Call Actual | Put Model  | Put Actual
--------------------------------------------------------------
0      | 50.6487    | 51.7000    | 29.0232    | 29.6500   
1      | 52.2356    | 53.6500    | 25.4291    | 27.3750   
2      | 54.4496    | 56.4000    | 22.5236    | 25.3500   
3      | 44.1230    | 59.9750    | 19.3025    | 23.2750   
4      | 59.2469    | 63.1750    | 16.6466    | 21.2000   
5      | 61.2730    | 66.3250    | 14.5964    | 19.5250   
6      | 63.2479    | 69.7250    | 12.5865    | 17.7500   
7      | 64.9476    | 72.9000    | 10.8787    | 16.1500   
8      | 48.1108    | 48.7500    | 32.7765    | 31.9000   
9      | 45.9294    | 46.3750    | 37.0629    | 34.3250   

PSTEPS = 180, TSTEPS = 20000

TIME TAKEN = 390.37739 ms
Run 8

 HYBRID IMPLEMENTATION 1
--------------------------------------------------------------

Index  | Call Model | Call Actual | Put Model  | Put Actual
--------------------------------------------------------------
0      | 50.6487    | 51.7000    | 29.0232    | 29.6500   
1      | 52.2356    | 53.6500    | 25.4291    | 27.3750   
2      | 54.4496    | 56.4000    | 22.5236    | 25.3500   
3      | 45.2541    | 59.9750    | 19.3118    | 23.2750   
4      | 59.2469    | 63.1750    | 16.6466    | 21.2000   
5      | 61.2730    | 66.3250    | 14.5964    | 19.5250   
6      | 63.2479    | 69.7250    | 12.5865    | 17.7500   
7      | 64.9476    | 72.9000    | 10.8787    | 16.1500   
8      | 48.1108    | 48.7500    | 32.7765    | 31.9000   
9      | 45.9294    | 46.3750    | 37.0629    | 34.3250   

PSTEPS = 180, TSTEPS = 20000

TIME TAKEN = 382.39761 ms
Run 9

 HYBRID IMPLEMENTATION 1
--------------------------------------------------------------

Index  | Call Model | Call Actual | Put Model  | Put Actual
--------------------------------------------------------------
0      | 50.6487    | 51.7000    | 29.0232    | 29.6500   
1      | 52.2356    | 53.6500    | 25.4291    | 27.3750   
2      | 54.4496    | 56.4000    | 22.5236    | 25.3500   
3      | 57.0711    | 59.9750    | 19.4518    | 23.2750   
4      | 59.2469    | 63.1750    | 16.6466    | 21.2000   
5      | 61.2730    | 66.3250    | 14.5964    | 19.5250   
6      | 63.2479    | 69.7250    | 12.5865    | 17.7500   
7      | 64.9476    | 72.9000    | 10.8787    | 16.1500   
8      | 48.1108    | 48.7500    | 32.7765    | 31.9000   
9      | 45.9294    | 46.3750    | 37.0629    | 34.3250   

PSTEPS = 180, TSTEPS = 20000

TIME TAKEN = 371.31978 ms
Run 10

 HYBRID IMPLEMENTATION 1
--------------------------------------------------------------

Index  | Call Model | Call Actual | Put Model  | Put Actual
--------------------------------------------------------------
0      | 50.6487    | 51.7000    | 29.0232    | 29.6500   
1      | 52.2356    | 53.6500    | 25.4291    | 27.3750   
2      | 54.4496    | 56.4000    | 22.5236    | 25.3500   
3      | 57.0711    | 59.9750    | 19.4518    | 23.2750   
4      | 59.2469    | 63.1750    | 16.6466    | 21.2000   
5      | 61.2730    | 66.3250    | 14.5964    | 19.5250   
6      | 63.2479    | 69.7250    | 12.5865    | 17.7500   
7      | 64.9476    | 72.9000    | 10.8787    | 16.1500   
8      | 48.1108    | 48.7500    | 32.7765    | 31.9000   
9      | 45.9294    | 46.3750    | 37.0629    | 34.3250   

PSTEPS = 180, TSTEPS = 20000

TIME TAKEN = 327.81820 ms
