Benchmarking: black_scholes_hybrid1 with p=160, t=100000
Run 1

 HYBRID IMPLEMENTATION 1
--------------------------------------------------------------

Index  | Call Model | Call Actual | Put Model  | Put Actual
--------------------------------------------------------------
0      | 49.9265    | 51.7000    | 29.5123    | 29.6500   
1      | 51.3351    | 53.6500    | 25.9657    | 27.3750   
2      | 53.3609    | 56.4000    | 23.1037    | 25.3500   
3      | 55.7828    | 59.9750    | 20.0640    | 23.2750   
4      | 57.7645    | 63.1750    | 17.2741    | 21.2000   
5      | 59.6030    | 66.3250    | 15.2329    | 19.5250   
6      | 54.9771    | 69.7250    | 13.2147    | 17.7500   
7      | 60.7923    | 72.9000    | 11.4926    | 16.1500   
8      | 31.5305    | 48.7500    | 33.0701    | 31.9000   
9      | 38.8795    | 46.3750    | 37.3739    | 34.3250   

PSTEPS = 160, TSTEPS = 100000

TIME TAKEN = 706.55000 ms
Run 2

 HYBRID IMPLEMENTATION 1
--------------------------------------------------------------

Index  | Call Model | Call Actual | Put Model  | Put Actual
--------------------------------------------------------------
0      | 49.9265    | 51.7000    | 29.5123    | 29.6500   
1      | 51.3181    | 53.6500    | 25.9657    | 27.3750   
2      | 53.3609    | 56.4000    | 23.1037    | 25.3500   
3      | 55.7828    | 59.9750    | 20.0640    | 23.2750   
4      | 57.7645    | 63.1750    | 17.2741    | 21.2000   
5      | 59.6030    | 66.3250    | 15.2329    | 19.5250   
6      | 54.9774    | 69.7250    | 13.2147    | 17.7500   
7      | 55.3497    | 72.9000    | 11.4926    | 16.1500   
8      | 38.7913    | 48.7500    | 33.1246    | 31.9000   
9      | 38.8797    | 46.3750    | 37.3739    | 34.3250   

PSTEPS = 160, TSTEPS = 100000

TIME TAKEN = 732.70074 ms
Run 3

 HYBRID IMPLEMENTATION 1
--------------------------------------------------------------

Index  | Call Model | Call Actual | Put Model  | Put Actual
--------------------------------------------------------------
0      | 49.9265    | 51.7000    | 29.5123    | 29.6500   
1      | 51.3351    | 53.6500    | 25.9657    | 27.3750   
2      | 53.3609    | 56.4000    | 23.1037    | 25.3500   
3      | 55.7828    | 59.9750    | 20.0640    | 23.2750   
4      | 57.7645    | 63.1750    | 17.2741    | 21.2000   
5      | 59.6030    | 66.3250    | 15.2329    | 19.5250   
6      | 54.9773    | 69.7250    | 13.2147    | 17.7500   
7      | 55.3499    | 72.9000    | 11.4926    | 16.1500   
8      | 41.5608    | 48.7500    | 33.1846    | 31.9000   
9      | 38.8794    | 46.3750    | 37.3739    | 34.3250   

PSTEPS = 160, TSTEPS = 100000

TIME TAKEN = 692.78321 ms
Run 4

 HYBRID IMPLEMENTATION 1
--------------------------------------------------------------

Index  | Call Model | Call Actual | Put Model  | Put Actual
--------------------------------------------------------------
0      | 49.9265    | 51.7000    | 29.5123    | 29.6500   
1      | 50.3359    | 53.6500    | 25.9657    | 27.3750   
2      | 53.3609    | 56.4000    | 23.1037    | 25.3500   
3      | 54.1248    | 59.9750    | 20.0640    | 23.2750   
4      | 57.7645    | 63.1750    | 17.2741    | 21.2000   
5      | 59.6030    | 66.3250    | 15.2329    | 19.5250   
6      | 54.9772    | 69.7250    | 13.2147    | 17.7500   
7      | 55.3497    | 72.9000    | 11.4926    | 16.1500   
8      | 41.5610    | 48.7500    | 33.1846    | 31.9000   
9      | 38.8795    | 46.3750    | 37.3739    | 34.3250   

PSTEPS = 160, TSTEPS = 100000

TIME TAKEN = 710.70559 ms
Run 5

 HYBRID IMPLEMENTATION 1
--------------------------------------------------------------

Index  | Call Model | Call Actual | Put Model  | Put Actual
--------------------------------------------------------------
0      | 49.9265    | 51.7000    | 29.5123    | 29.6500   
1      | 51.3351    | 53.6500    | 25.9657    | 27.3750   
2      | 53.1710    | 56.4000    | 23.1037    | 25.3500   
3      | 55.7828    | 59.9750    | 20.0640    | 23.2750   
4      | 57.7645    | 63.1750    | 17.2741    | 21.2000   
5      | 5.8785     | 66.3250    | 2.3562     | 19.5250   
6      | 54.9773    | 69.7250    | 13.2147    | 17.7500   
7      | 55.3498    | 72.9000    | 11.4926    | 16.1500   
8      | 41.5612    | 48.7500    | 33.1846    | 31.9000   
9      | 38.8793    | 46.3750    | 37.3739    | 34.3250   

PSTEPS = 160, TSTEPS = 100000

TIME TAKEN = 709.77374 ms
Run 6

 HYBRID IMPLEMENTATION 1
--------------------------------------------------------------

Index  | Call Model | Call Actual | Put Model  | Put Actual
--------------------------------------------------------------
0      | 49.9265    | 51.7000    | 29.5123    | 29.6500   
1      | 49.8203    | 53.6500    | 25.9657    | 27.3750   
2      | 53.3609    | 56.4000    | 23.1037    | 25.3500   
3      | 55.4184    | 59.9750    | 20.0640    | 23.2750   
4      | 57.7645    | 63.1750    | 17.2741    | 21.2000   
5      | 5.8798     | 66.3250    | 2.3562     | 19.5250   
6      | 54.9773    | 69.7250    | 13.2147    | 17.7500   
7      | 55.3499    | 72.9000    | 11.4926    | 16.1500   
8      | 41.5609    | 48.7500    | 33.1846    | 31.9000   
9      | 38.8794    | 46.3750    | 37.3739    | 34.3250   

PSTEPS = 160, TSTEPS = 100000

TIME TAKEN = 683.20451 ms
Run 7

 HYBRID IMPLEMENTATION 1
--------------------------------------------------------------

Index  | Call Model | Call Actual | Put Model  | Put Actual
--------------------------------------------------------------
0      | 49.9265    | 51.7000    | 29.5123    | 29.6500   
1      | 51.3351    | 53.6500    | 25.9657    | 27.3750   
2      | 53.3609    | 56.4000    | 23.1037    | 25.3500   
3      | 55.2491    | 59.9750    | 20.0640    | 23.2750   
4      | 57.7645    | 63.1750    | 17.2741    | 21.2000   
5      | 5.3285     | 66.3250    | 2.2870     | 19.5250   
6      | 54.9773    | 69.7250    | 13.2147    | 17.7500   
7      | 55.3501    | 72.9000    | 11.4926    | 16.1500   
8      | 41.5609    | 48.7500    | 33.1846    | 31.9000   
9      | 38.8793    | 46.3750    | 37.3739    | 34.3250   

PSTEPS = 160, TSTEPS = 100000

TIME TAKEN = 683.93949 ms
Run 8

 HYBRID IMPLEMENTATION 1
--------------------------------------------------------------

Index  | Call Model | Call Actual | Put Model  | Put Actual
--------------------------------------------------------------
0      | 49.8554    | 51.7000    | 29.5123    | 29.6500   
1      | 51.3351    | 53.6500    | 25.9657    | 27.3750   
2      | 53.3609    | 56.4000    | 23.1037    | 25.3500   
3      | 55.7828    | 59.9750    | 20.0640    | 23.2750   
4      | 57.7645    | 63.1750    | 17.2741    | 21.2000   
5      | 59.6030    | 66.3250    | 15.2329    | 19.5250   
6      | 51.2540    | 69.7250    | 13.2147    | 17.7500   
7      | 55.2539    | 72.9000    | 11.4919    | 16.1500   
8      | 38.7925    | 48.7500    | 33.1246    | 31.9000   
9      | 38.8795    | 46.3750    | 37.3739    | 34.3250   

PSTEPS = 160, TSTEPS = 100000

TIME TAKEN = 675.82110 ms
Run 9

 HYBRID IMPLEMENTATION 1
--------------------------------------------------------------

Index  | Call Model | Call Actual | Put Model  | Put Actual
--------------------------------------------------------------
0      | 49.9265    | 51.7000    | 29.5123    | 29.6500   
1      | 49.3699    | 53.6500    | 25.9657    | 27.3750   
2      | 53.3609    | 56.4000    | 23.1037    | 25.3500   
3      | 55.7828    | 59.9750    | 20.0640    | 23.2750   
4      | 57.7645    | 63.1750    | 17.2741    | 21.2000   
5      | 59.6030    | 66.3250    | 15.2329    | 19.5250   
6      | 61.3824    | 69.7250    | 13.2148    | 17.7500   
7      | 55.3499    | 72.9000    | 11.4926    | 16.1500   
8      | 41.5609    | 48.7500    | 33.1846    | 31.9000   
9      | 38.8794    | 46.3750    | 37.3739    | 34.3250   

PSTEPS = 160, TSTEPS = 100000

TIME TAKEN = 709.32189 ms
Run 10

 HYBRID IMPLEMENTATION 1
--------------------------------------------------------------

Index  | Call Model | Call Actual | Put Model  | Put Actual
--------------------------------------------------------------
0      | 49.9265    | 51.7000    | 29.5123    | 29.6500   
1      | 50.3359    | 53.6500    | 25.9657    | 27.3750   
2      | 53.3603    | 56.4000    | 23.1037    | 25.3500   
3      | 55.7828    | 59.9750    | 20.0640    | 23.2750   
4      | 57.7645    | 63.1750    | 17.2741    | 21.2000   
5      | 59.6030    | 66.3250    | 15.2329    | 19.5250   
6      | 61.3824    | 69.7250    | 13.2148    | 17.7500   
7      | 55.3499    | 72.9000    | 11.4926    | 16.1500   
8      | 33.0734    | 48.7500    | 33.0755    | 31.9000   
9      | 38.8795    | 46.3750    | 37.3739    | 34.3250   

PSTEPS = 160, TSTEPS = 100000

TIME TAKEN = 742.81821 ms
