Benchmarking: black_scholes_hybrid1 with p=140, t=100000
Run 1

 HYBRID IMPLEMENTATION 1
--------------------------------------------------------------

Index  | Call Model | Call Actual | Put Model  | Put Actual
--------------------------------------------------------------
0      | 48.6462    | 51.7000    | 29.9946    | 29.6500   
1      | 50.4290    | 53.6500    | 26.5054    | 27.3750   
2      | 52.2839    | 56.4000    | 23.6946    | 25.3500   
3      | 54.5134    | 59.9750    | 20.6928    | 23.2750   
4      | 56.3066    | 63.1750    | 17.9220    | 21.2000   
5      | 57.9637    | 66.3250    | 15.8938    | 19.5250   
6      | 58.1022    | 69.7250    | 13.8765    | 17.7500   
7      | 60.7171    | 72.9000    | 12.1464    | 16.1500   
8      | 47.0182    | 48.7500    | 33.5832    | 31.9000   
9      | 44.1386    | 46.3750    | 37.6816    | 34.3250   

PSTEPS = 140, TSTEPS = 100000

TIME TAKEN = 652.24457 ms
Run 2

 HYBRID IMPLEMENTATION 1
--------------------------------------------------------------

Index  | Call Model | Call Actual | Put Model  | Put Actual
--------------------------------------------------------------
0      | 49.0707    | 51.7000    | 29.9946    | 29.6500   
1      | 50.3667    | 53.6500    | 26.5054    | 27.3750   
2      | 52.2839    | 56.4000    | 23.6946    | 25.3500   
3      | 54.4381    | 59.9750    | 20.6928    | 23.2750   
4      | 56.3066    | 63.1750    | 17.9220    | 21.2000   
5      | 57.9637    | 66.3250    | 15.8938    | 19.5250   
6      | 58.9378    | 69.7250    | 13.8765    | 17.7500   
7      | 60.8940    | 72.9000    | 12.1464    | 16.1500   
8      | 46.2540    | 48.7500    | 33.5832    | 31.9000   
9      | 45.1756    | 46.3750    | 37.6816    | 34.3250   

PSTEPS = 140, TSTEPS = 100000

TIME TAKEN = 633.84226 ms
Run 3

 HYBRID IMPLEMENTATION 1
--------------------------------------------------------------

Index  | Call Model | Call Actual | Put Model  | Put Actual
--------------------------------------------------------------
0      | 48.7715    | 51.7000    | 29.9946    | 29.6500   
1      | 50.0288    | 53.6500    | 26.5054    | 27.3750   
2      | 52.1452    | 56.4000    | 23.6946    | 25.3500   
3      | 54.1770    | 59.9750    | 20.6928    | 23.2750   
4      | 56.3066    | 63.1750    | 17.9220    | 21.2000   
5      | 57.9637    | 66.3250    | 15.8938    | 19.5250   
6      | 58.9378    | 69.7250    | 13.8765    | 17.7500   
7      | 58.5037    | 72.9000    | 12.1464    | 16.1500   
8      | 43.3131    | 48.7500    | 33.5832    | 31.9000   
9      | 44.9005    | 46.3750    | 37.6816    | 34.3250   

PSTEPS = 140, TSTEPS = 100000

TIME TAKEN = 632.33389 ms
Run 4

 HYBRID IMPLEMENTATION 1
--------------------------------------------------------------

Index  | Call Model | Call Actual | Put Model  | Put Actual
--------------------------------------------------------------
0      | 49.1944    | 51.7000    | 29.9946    | 29.6500   
1      | 50.2212    | 53.6500    | 26.5054    | 27.3750   
2      | 52.2316    | 56.4000    | 23.6946    | 25.3500   
3      | 54.3061    | 59.9750    | 20.6928    | 23.2750   
4      | 56.3066    | 63.1750    | 17.9220    | 21.2000   
5      | 57.9637    | 66.3250    | 15.8938    | 19.5250   
6      | 55.6546    | 69.7250    | 13.8765    | 17.7500   
7      | 58.4977    | 72.9000    | 12.1464    | 16.1500   
8      | 47.0074    | 48.7500    | 33.5832    | 31.9000   
9      | 44.9005    | 46.3750    | 37.6816    | 34.3250   

PSTEPS = 140, TSTEPS = 100000

TIME TAKEN = 650.41839 ms
Run 5

 HYBRID IMPLEMENTATION 1
--------------------------------------------------------------

Index  | Call Model | Call Actual | Put Model  | Put Actual
--------------------------------------------------------------
0      | 48.8331    | 51.7000    | 29.9946    | 29.6500   
1      | 50.4372    | 53.6500    | 26.5054    | 27.3750   
2      | 52.2839    | 56.4000    | 23.6946    | 25.3500   
3      | 54.4704    | 59.9750    | 20.6928    | 23.2750   
4      | 56.3066    | 63.1750    | 17.9220    | 21.2000   
5      | 57.9637    | 66.3250    | 15.8938    | 19.5250   
6      | 58.9377    | 69.7250    | 13.8765    | 17.7500   
7      | 58.5040    | 72.9000    | 12.1464    | 16.1500   
8      | 46.2541    | 48.7500    | 33.5832    | 31.9000   
9      | 44.9005    | 46.3750    | 37.6816    | 34.3250   

PSTEPS = 140, TSTEPS = 100000

TIME TAKEN = 644.13758 ms
Run 6

 HYBRID IMPLEMENTATION 1
--------------------------------------------------------------

Index  | Call Model | Call Actual | Put Model  | Put Actual
--------------------------------------------------------------
0      | 48.8448    | 51.7000    | 29.9946    | 29.6500   
1      | 50.3426    | 53.6500    | 26.5054    | 27.3750   
2      | 52.2839    | 56.4000    | 23.6946    | 25.3500   
3      | 54.3354    | 59.9750    | 20.6928    | 23.2750   
4      | 56.3066    | 63.1750    | 17.9220    | 21.2000   
5      | 57.9637    | 66.3250    | 15.8938    | 19.5250   
6      | 55.6454    | 69.7250    | 13.8765    | 17.7500   
7      | 60.7171    | 72.9000    | 12.1464    | 16.1500   
8      | 46.2541    | 48.7500    | 33.5832    | 31.9000   
9      | 45.1756    | 46.3750    | 37.6816    | 34.3250   

PSTEPS = 140, TSTEPS = 100000

TIME TAKEN = 658.17240 ms
Run 7

 HYBRID IMPLEMENTATION 1
--------------------------------------------------------------

Index  | Call Model | Call Actual | Put Model  | Put Actual
--------------------------------------------------------------
0      | 49.1963    | 51.7000    | 29.9946    | 29.6500   
1      | 50.4372    | 53.6500    | 26.5054    | 27.3750   
2      | 52.2839    | 56.4000    | 23.6946    | 25.3500   
3      | 54.5134    | 59.9750    | 20.6928    | 23.2750   
4      | 56.3066    | 63.1750    | 17.9220    | 21.2000   
5      | 57.9637    | 66.3250    | 15.8938    | 19.5250   
6      | 55.6546    | 69.7250    | 13.8765    | 17.7500   
7      | 58.5038    | 72.9000    | 12.1464    | 16.1500   
8      | 46.2541    | 48.7500    | 33.5832    | 31.9000   
9      | 45.1756    | 46.3750    | 37.6816    | 34.3250   

PSTEPS = 140, TSTEPS = 100000

TIME TAKEN = 642.61850 ms
Run 8

 HYBRID IMPLEMENTATION 1
--------------------------------------------------------------

Index  | Call Model | Call Actual | Put Model  | Put Actual
--------------------------------------------------------------
0      | 48.6354    | 51.7000    | 29.9946    | 29.6500   
1      | 49.9436    | 53.6500    | 26.5054    | 27.3750   
2      | 52.2834    | 56.4000    | 23.6946    | 25.3500   
3      | 54.5134    | 59.9750    | 20.6928    | 23.2750   
4      | 56.3066    | 63.1750    | 17.9220    | 21.2000   
5      | 57.9637    | 66.3250    | 15.8938    | 19.5250   
6      | 58.9378    | 69.7250    | 13.8765    | 17.7500   
7      | 58.5040    | 72.9000    | 12.1464    | 16.1500   
8      | 46.2541    | 48.7500    | 33.5832    | 31.9000   
9      | 45.1756    | 46.3750    | 37.6816    | 34.3250   

PSTEPS = 140, TSTEPS = 100000

TIME TAKEN = 658.19505 ms
Run 9

 HYBRID IMPLEMENTATION 1
--------------------------------------------------------------

Index  | Call Model | Call Actual | Put Model  | Put Actual
--------------------------------------------------------------
0      | 49.1962    | 51.7000    | 29.9946    | 29.6500   
1      | 50.4243    | 53.6500    | 26.5054    | 27.3750   
2      | 52.2839    | 56.4000    | 23.6946    | 25.3500   
3      | 54.5133    | 59.9750    | 20.6928    | 23.2750   
4      | 56.3066    | 63.1750    | 17.9220    | 21.2000   
5      | 57.9637    | 66.3250    | 15.8938    | 19.5250   
6      | 58.9378    | 69.7250    | 13.8765    | 17.7500   
7      | 60.7171    | 72.9000    | 12.1464    | 16.1500   
8      | 46.2541    | 48.7500    | 33.5832    | 31.9000   
9      | 45.1756    | 46.3750    | 37.6816    | 34.3250   

PSTEPS = 140, TSTEPS = 100000

TIME TAKEN = 656.19805 ms
Run 10

 HYBRID IMPLEMENTATION 1
--------------------------------------------------------------

Index  | Call Model | Call Actual | Put Model  | Put Actual
--------------------------------------------------------------
0      | 49.0433    | 51.7000    | 29.9946    | 29.6500   
1      | 50.3974    | 53.6500    | 26.5054    | 27.3750   
2      | 52.1680    | 56.4000    | 23.6946    | 25.3500   
3      | 54.5119    | 59.9750    | 20.6928    | 23.2750   
4      | 56.3066    | 63.1750    | 17.9220    | 21.2000   
5      | 57.9637    | 66.3250    | 15.8938    | 19.5250   
6      | 55.6547    | 69.7250    | 13.8765    | 17.7500   
7      | 58.5039    | 72.9000    | 12.1464    | 16.1500   
8      | 47.0104    | 48.7500    | 33.5832    | 31.9000   
9      | 41.2847    | 46.3750    | 37.6816    | 34.3250   

PSTEPS = 140, TSTEPS = 100000

TIME TAKEN = 639.40478 ms
