Benchmarking: black_scholes_base with p=160, t=80000
Run 1

BASIC IMPLEMENTATION
--------------------------------------------------------------

Index  | Call Model | Call Actual | Put Model  | Put Actual
--------------------------------------------------------------
0      | 49.9266    | 51.7000    | 29.5123    | 29.6500   
1      | 51.3351    | 53.6500    | 25.9658    | 27.3750   
2      | 53.3610    | 56.4000    | 23.1037    | 25.3500   
3      | 55.7828    | 59.9750    | 20.0640    | 23.2750   
4      | 57.7645    | 63.1750    | 17.2741    | 21.2000   
5      | 59.6030    | 66.3250    | 15.2329    | 19.5250   
6      | 61.3824    | 69.7250    | 13.2148    | 17.7500   
7      | 62.8952    | 72.9000    | 11.4926    | 16.1500   
8      | 47.5706    | 48.7500    | 33.1847    | 31.9000   
9      | 45.5559    | 46.3750    | 37.3741    | 34.3250   

PSTEPS = 160, TSTEPS = 80000

TIME TAKEN = 4762.74806 ms
Run 2

BASIC IMPLEMENTATION
--------------------------------------------------------------

Index  | Call Model | Call Actual | Put Model  | Put Actual
--------------------------------------------------------------
0      | 49.9266    | 51.7000    | 29.5123    | 29.6500   
1      | 51.3351    | 53.6500    | 25.9658    | 27.3750   
2      | 53.3610    | 56.4000    | 23.1037    | 25.3500   
3      | 55.7828    | 59.9750    | 20.0640    | 23.2750   
4      | 57.7645    | 63.1750    | 17.2741    | 21.2000   
5      | 59.6030    | 66.3250    | 15.2329    | 19.5250   
6      | 61.3824    | 69.7250    | 13.2148    | 17.7500   
7      | 62.8952    | 72.9000    | 11.4926    | 16.1500   
8      | 47.5706    | 48.7500    | 33.1847    | 31.9000   
9      | 45.5559    | 46.3750    | 37.3741    | 34.3250   

PSTEPS = 160, TSTEPS = 80000

TIME TAKEN = 4737.63782 ms
Run 3

BASIC IMPLEMENTATION
--------------------------------------------------------------

Index  | Call Model | Call Actual | Put Model  | Put Actual
--------------------------------------------------------------
0      | 49.9266    | 51.7000    | 29.5123    | 29.6500   
1      | 51.3351    | 53.6500    | 25.9658    | 27.3750   
2      | 53.3610    | 56.4000    | 23.1037    | 25.3500   
3      | 55.7828    | 59.9750    | 20.0640    | 23.2750   
4      | 57.7645    | 63.1750    | 17.2741    | 21.2000   
5      | 59.6030    | 66.3250    | 15.2329    | 19.5250   
6      | 61.3824    | 69.7250    | 13.2148    | 17.7500   
7      | 62.8952    | 72.9000    | 11.4926    | 16.1500   
8      | 47.5706    | 48.7500    | 33.1847    | 31.9000   
9      | 45.5559    | 46.3750    | 37.3741    | 34.3250   

PSTEPS = 160, TSTEPS = 80000

TIME TAKEN = 4752.07432 ms
Run 4

BASIC IMPLEMENTATION
--------------------------------------------------------------

Index  | Call Model | Call Actual | Put Model  | Put Actual
--------------------------------------------------------------
0      | 49.9266    | 51.7000    | 29.5123    | 29.6500   
1      | 51.3351    | 53.6500    | 25.9658    | 27.3750   
2      | 53.3610    | 56.4000    | 23.1037    | 25.3500   
3      | 55.7828    | 59.9750    | 20.0640    | 23.2750   
4      | 57.7645    | 63.1750    | 17.2741    | 21.2000   
5      | 59.6030    | 66.3250    | 15.2329    | 19.5250   
6      | 61.3824    | 69.7250    | 13.2148    | 17.7500   
7      | 62.8952    | 72.9000    | 11.4926    | 16.1500   
8      | 47.5706    | 48.7500    | 33.1847    | 31.9000   
9      | 45.5559    | 46.3750    | 37.3741    | 34.3250   

PSTEPS = 160, TSTEPS = 80000

TIME TAKEN = 4747.16956 ms
Run 5

BASIC IMPLEMENTATION
--------------------------------------------------------------

Index  | Call Model | Call Actual | Put Model  | Put Actual
--------------------------------------------------------------
0      | 49.9266    | 51.7000    | 29.5123    | 29.6500   
1      | 51.3351    | 53.6500    | 25.9658    | 27.3750   
2      | 53.3610    | 56.4000    | 23.1037    | 25.3500   
3      | 55.7828    | 59.9750    | 20.0640    | 23.2750   
4      | 57.7645    | 63.1750    | 17.2741    | 21.2000   
5      | 59.6030    | 66.3250    | 15.2329    | 19.5250   
6      | 61.3824    | 69.7250    | 13.2148    | 17.7500   
7      | 62.8952    | 72.9000    | 11.4926    | 16.1500   
8      | 47.5706    | 48.7500    | 33.1847    | 31.9000   
9      | 45.5559    | 46.3750    | 37.3741    | 34.3250   

PSTEPS = 160, TSTEPS = 80000

TIME TAKEN = 4747.33033 ms
Run 6

BASIC IMPLEMENTATION
--------------------------------------------------------------

Index  | Call Model | Call Actual | Put Model  | Put Actual
--------------------------------------------------------------
0      | 49.9266    | 51.7000    | 29.5123    | 29.6500   
1      | 51.3351    | 53.6500    | 25.9658    | 27.3750   
2      | 53.3610    | 56.4000    | 23.1037    | 25.3500   
3      | 55.7828    | 59.9750    | 20.0640    | 23.2750   
4      | 57.7645    | 63.1750    | 17.2741    | 21.2000   
5      | 59.6030    | 66.3250    | 15.2329    | 19.5250   
6      | 61.3824    | 69.7250    | 13.2148    | 17.7500   
7      | 62.8952    | 72.9000    | 11.4926    | 16.1500   
8      | 47.5706    | 48.7500    | 33.1847    | 31.9000   
9      | 45.5559    | 46.3750    | 37.3741    | 34.3250   

PSTEPS = 160, TSTEPS = 80000

TIME TAKEN = 4770.77053 ms
Run 7

BASIC IMPLEMENTATION
--------------------------------------------------------------

Index  | Call Model | Call Actual | Put Model  | Put Actual
--------------------------------------------------------------
0      | 49.9266    | 51.7000    | 29.5123    | 29.6500   
1      | 51.3351    | 53.6500    | 25.9658    | 27.3750   
2      | 53.3610    | 56.4000    | 23.1037    | 25.3500   
3      | 55.7828    | 59.9750    | 20.0640    | 23.2750   
4      | 57.7645    | 63.1750    | 17.2741    | 21.2000   
5      | 59.6030    | 66.3250    | 15.2329    | 19.5250   
6      | 61.3824    | 69.7250    | 13.2148    | 17.7500   
7      | 62.8952    | 72.9000    | 11.4926    | 16.1500   
8      | 47.5706    | 48.7500    | 33.1847    | 31.9000   
9      | 45.5559    | 46.3750    | 37.3741    | 34.3250   

PSTEPS = 160, TSTEPS = 80000

TIME TAKEN = 4750.31517 ms
Run 8

BASIC IMPLEMENTATION
--------------------------------------------------------------

Index  | Call Model | Call Actual | Put Model  | Put Actual
--------------------------------------------------------------
0      | 49.9266    | 51.7000    | 29.5123    | 29.6500   
1      | 51.3351    | 53.6500    | 25.9658    | 27.3750   
2      | 53.3610    | 56.4000    | 23.1037    | 25.3500   
3      | 55.7828    | 59.9750    | 20.0640    | 23.2750   
4      | 57.7645    | 63.1750    | 17.2741    | 21.2000   
5      | 59.6030    | 66.3250    | 15.2329    | 19.5250   
6      | 61.3824    | 69.7250    | 13.2148    | 17.7500   
7      | 62.8952    | 72.9000    | 11.4926    | 16.1500   
8      | 47.5706    | 48.7500    | 33.1847    | 31.9000   
9      | 45.5559    | 46.3750    | 37.3741    | 34.3250   

PSTEPS = 160, TSTEPS = 80000

TIME TAKEN = 4745.57540 ms
Run 9

BASIC IMPLEMENTATION
--------------------------------------------------------------

Index  | Call Model | Call Actual | Put Model  | Put Actual
--------------------------------------------------------------
0      | 49.9266    | 51.7000    | 29.5123    | 29.6500   
1      | 51.3351    | 53.6500    | 25.9658    | 27.3750   
2      | 53.3610    | 56.4000    | 23.1037    | 25.3500   
3      | 55.7828    | 59.9750    | 20.0640    | 23.2750   
4      | 57.7645    | 63.1750    | 17.2741    | 21.2000   
5      | 59.6030    | 66.3250    | 15.2329    | 19.5250   
6      | 61.3824    | 69.7250    | 13.2148    | 17.7500   
7      | 62.8952    | 72.9000    | 11.4926    | 16.1500   
8      | 47.5706    | 48.7500    | 33.1847    | 31.9000   
9      | 45.5559    | 46.3750    | 37.3741    | 34.3250   

PSTEPS = 160, TSTEPS = 80000

TIME TAKEN = 4756.64944 ms
Run 10

BASIC IMPLEMENTATION
--------------------------------------------------------------

Index  | Call Model | Call Actual | Put Model  | Put Actual
--------------------------------------------------------------
0      | 49.9266    | 51.7000    | 29.5123    | 29.6500   
1      | 51.3351    | 53.6500    | 25.9658    | 27.3750   
2      | 53.3610    | 56.4000    | 23.1037    | 25.3500   
3      | 55.7828    | 59.9750    | 20.0640    | 23.2750   
4      | 57.7645    | 63.1750    | 17.2741    | 21.2000   
5      | 59.6030    | 66.3250    | 15.2329    | 19.5250   
6      | 61.3824    | 69.7250    | 13.2148    | 17.7500   
7      | 62.8952    | 72.9000    | 11.4926    | 16.1500   
8      | 47.5706    | 48.7500    | 33.1847    | 31.9000   
9      | 45.5559    | 46.3750    | 37.3741    | 34.3250   

PSTEPS = 160, TSTEPS = 80000

TIME TAKEN = 4757.71826 ms
