Benchmarking: black_scholes_hybrid2 with p=100, t=70000
Run 1

 HYBRID IMPLEMENTATION 2
--------------------------------------------------------------

Index  | Call Model | Call Actual | Put Model  | Put Actual
--------------------------------------------------------------
0      | 47.7779    | 51.7000    | 31.0197    | 29.6500   
1      | 48.6943    | 53.6500    | 27.6518    | 27.3750   
2      | 50.1741    | 56.4000    | 24.9302    | 25.3500   
3      | 52.0289    | 59.9750    | 22.0092    | 23.2750   
4      | 53.4632    | 63.1750    | 19.2890    | 21.2000   
5      | 54.7577    | 66.3250    | 17.2807    | 19.5250   
6      | 56.0023    | 69.7250    | 15.2750    | 17.7500   
7      | 57.0033    | 72.9000    | 13.5426    | 16.1500   
8      | 45.9514    | 48.7500    | 34.4393    | 31.9000   
9      | 44.4484    | 46.3750    | 38.3539    | 34.3250   

PSTEPS = 100, TSTEPS = 70000

TIME TAKEN = 704.53671 ms
Run 2

 HYBRID IMPLEMENTATION 2
--------------------------------------------------------------

Index  | Call Model | Call Actual | Put Model  | Put Actual
--------------------------------------------------------------
0      | 47.7779    | 51.7000    | 31.0197    | 29.6500   
1      | 48.6943    | 53.6500    | 27.6518    | 27.3750   
2      | 50.1741    | 56.4000    | 24.9302    | 25.3500   
3      | 52.0289    | 59.9750    | 22.0092    | 23.2750   
4      | 53.4632    | 63.1750    | 19.2890    | 21.2000   
5      | 54.7577    | 66.3250    | 17.2807    | 19.5250   
6      | 56.0023    | 69.7250    | 15.2750    | 17.7500   
7      | 57.0033    | 72.9000    | 13.5426    | 16.1500   
8      | 45.9514    | 48.7500    | 34.4393    | 31.9000   
9      | 44.4484    | 46.3750    | 38.3539    | 34.3250   

PSTEPS = 100, TSTEPS = 70000

TIME TAKEN = 736.21068 ms
Run 3

 HYBRID IMPLEMENTATION 2
--------------------------------------------------------------

Index  | Call Model | Call Actual | Put Model  | Put Actual
--------------------------------------------------------------
0      | 47.7779    | 51.7000    | 31.0197    | 29.6500   
1      | 48.6943    | 53.6500    | 27.6518    | 27.3750   
2      | 50.1741    | 56.4000    | 24.9302    | 25.3500   
3      | 52.0289    | 59.9750    | 22.0092    | 23.2750   
4      | 53.4632    | 63.1750    | 19.2890    | 21.2000   
5      | 54.7577    | 66.3250    | 17.2807    | 19.5250   
6      | 56.0023    | 69.7250    | 15.2750    | 17.7500   
7      | 57.0033    | 72.9000    | 13.5426    | 16.1500   
8      | 45.9514    | 48.7500    | 34.4393    | 31.9000   
9      | 44.4484    | 46.3750    | 38.3539    | 34.3250   

PSTEPS = 100, TSTEPS = 70000

TIME TAKEN = 740.29327 ms
Run 4

 HYBRID IMPLEMENTATION 2
--------------------------------------------------------------

Index  | Call Model | Call Actual | Put Model  | Put Actual
--------------------------------------------------------------
0      | 47.7779    | 51.7000    | 31.0197    | 29.6500   
1      | 48.6943    | 53.6500    | 27.6518    | 27.3750   
2      | 50.1741    | 56.4000    | 24.9302    | 25.3500   
3      | 52.0289    | 59.9750    | 22.0092    | 23.2750   
4      | 53.4632    | 63.1750    | 19.2890    | 21.2000   
5      | 54.7577    | 66.3250    | 17.2807    | 19.5250   
6      | 56.0023    | 69.7250    | 15.2750    | 17.7500   
7      | 57.0033    | 72.9000    | 13.5426    | 16.1500   
8      | 45.9514    | 48.7500    | 34.4393    | 31.9000   
9      | 44.4484    | 46.3750    | 38.3539    | 34.3250   

PSTEPS = 100, TSTEPS = 70000

TIME TAKEN = 730.27918 ms
Run 5

 HYBRID IMPLEMENTATION 2
--------------------------------------------------------------

Index  | Call Model | Call Actual | Put Model  | Put Actual
--------------------------------------------------------------
0      | 47.7779    | 51.7000    | 31.0197    | 29.6500   
1      | 48.6943    | 53.6500    | 27.6518    | 27.3750   
2      | 50.1741    | 56.4000    | 24.9302    | 25.3500   
3      | 52.0289    | 59.9750    | 22.0092    | 23.2750   
4      | 53.4632    | 63.1750    | 19.2890    | 21.2000   
5      | 54.7577    | 66.3250    | 17.2807    | 19.5250   
6      | 56.0023    | 69.7250    | 15.2750    | 17.7500   
7      | 57.0033    | 72.9000    | 13.5426    | 16.1500   
8      | 45.9514    | 48.7500    | 34.4393    | 31.9000   
9      | 44.4484    | 46.3750    | 38.3539    | 34.3250   

PSTEPS = 100, TSTEPS = 70000

TIME TAKEN = 722.35088 ms
Run 6

 HYBRID IMPLEMENTATION 2
--------------------------------------------------------------

Index  | Call Model | Call Actual | Put Model  | Put Actual
--------------------------------------------------------------
0      | 47.7779    | 51.7000    | 31.0197    | 29.6500   
1      | 48.6943    | 53.6500    | 27.6518    | 27.3750   
2      | 50.1741    | 56.4000    | 24.9302    | 25.3500   
3      | 52.0289    | 59.9750    | 22.0092    | 23.2750   
4      | 53.4632    | 63.1750    | 19.2890    | 21.2000   
5      | 54.7577    | 66.3250    | 17.2807    | 19.5250   
6      | 56.0023    | 69.7250    | 15.2750    | 17.7500   
7      | 57.0033    | 72.9000    | 13.5426    | 16.1500   
8      | 45.9514    | 48.7500    | 34.4393    | 31.9000   
9      | 44.4484    | 46.3750    | 38.3539    | 34.3250   

PSTEPS = 100, TSTEPS = 70000

TIME TAKEN = 697.96829 ms
Run 7

 HYBRID IMPLEMENTATION 2
--------------------------------------------------------------

Index  | Call Model | Call Actual | Put Model  | Put Actual
--------------------------------------------------------------
0      | 47.7779    | 51.7000    | 31.0197    | 29.6500   
1      | 48.6943    | 53.6500    | 27.6518    | 27.3750   
2      | 50.1741    | 56.4000    | 24.9302    | 25.3500   
3      | 52.0289    | 59.9750    | 22.0092    | 23.2750   
4      | 53.4632    | 63.1750    | 19.2890    | 21.2000   
5      | 54.7577    | 66.3250    | 17.2807    | 19.5250   
6      | 56.0023    | 69.7250    | 15.2750    | 17.7500   
7      | 57.0033    | 72.9000    | 13.5426    | 16.1500   
8      | 45.9514    | 48.7500    | 34.4393    | 31.9000   
9      | 44.4484    | 46.3750    | 38.3539    | 34.3250   

PSTEPS = 100, TSTEPS = 70000

TIME TAKEN = 739.41002 ms
Run 8

 HYBRID IMPLEMENTATION 2
--------------------------------------------------------------

Index  | Call Model | Call Actual | Put Model  | Put Actual
--------------------------------------------------------------
0      | 47.7779    | 51.7000    | 31.0197    | 29.6500   
1      | 48.6943    | 53.6500    | 27.6518    | 27.3750   
2      | 50.1741    | 56.4000    | 24.9302    | 25.3500   
3      | 52.0289    | 59.9750    | 22.0092    | 23.2750   
4      | 53.4632    | 63.1750    | 19.2890    | 21.2000   
5      | 54.7577    | 66.3250    | 17.2807    | 19.5250   
6      | 56.0023    | 69.7250    | 15.2750    | 17.7500   
7      | 57.0033    | 72.9000    | 13.5426    | 16.1500   
8      | 45.9514    | 48.7500    | 34.4393    | 31.9000   
9      | 44.4484    | 46.3750    | 38.3539    | 34.3250   

PSTEPS = 100, TSTEPS = 70000

TIME TAKEN = 695.52038 ms
Run 9

 HYBRID IMPLEMENTATION 2
--------------------------------------------------------------

Index  | Call Model | Call Actual | Put Model  | Put Actual
--------------------------------------------------------------
0      | 47.7779    | 51.7000    | 31.0197    | 29.6500   
1      | 48.6943    | 53.6500    | 27.6518    | 27.3750   
2      | 50.1741    | 56.4000    | 24.9302    | 25.3500   
3      | 52.0289    | 59.9750    | 22.0092    | 23.2750   
4      | 53.4632    | 63.1750    | 19.2890    | 21.2000   
5      | 54.7577    | 66.3250    | 17.2807    | 19.5250   
6      | 56.0023    | 69.7250    | 15.2750    | 17.7500   
7      | 57.0033    | 72.9000    | 13.5426    | 16.1500   
8      | 45.9514    | 48.7500    | 34.4393    | 31.9000   
9      | 44.4484    | 46.3750    | 38.3539    | 34.3250   

PSTEPS = 100, TSTEPS = 70000

TIME TAKEN = 733.46400 ms
Run 10

 HYBRID IMPLEMENTATION 2
--------------------------------------------------------------

Index  | Call Model | Call Actual | Put Model  | Put Actual
--------------------------------------------------------------
0      | 47.7779    | 51.7000    | 31.0197    | 29.6500   
1      | 48.6943    | 53.6500    | 27.6518    | 27.3750   
2      | 50.1741    | 56.4000    | 24.9302    | 25.3500   
3      | 52.0289    | 59.9750    | 22.0092    | 23.2750   
4      | 53.4632    | 63.1750    | 19.2890    | 21.2000   
5      | 54.7577    | 66.3250    | 17.2807    | 19.5250   
6      | 56.0023    | 69.7250    | 15.2750    | 17.7500   
7      | 57.0033    | 72.9000    | 13.5426    | 16.1500   
8      | 45.9514    | 48.7500    | 34.4393    | 31.9000   
9      | 44.4484    | 46.3750    | 38.3539    | 34.3250   

PSTEPS = 100, TSTEPS = 70000

TIME TAKEN = 721.91933 ms
