Benchmarking: black_scholes_cpu_acc with p=140, t=20000
Run 1

 CPU ACCELERATED IMPLEMENTATION
--------------------------------------------------------------

Index  | Call Model | Call Actual | Put Model  | Put Actual
--------------------------------------------------------------
0      | 49.1965    | 51.7000    | 29.9948    | 29.6500   
1      | 50.4374    | 53.6500    | 26.5056    | 27.3750   
2      | 52.2842    | 56.4000    | 23.6948    | 25.3500   
3      | 54.5136    | 59.9750    | 20.6930    | 23.2750   
4      | 56.3069    | 63.1750    | 17.9222    | 21.2000   
5      | 57.9639    | 66.3250    | 15.8940    | 19.5250   
6      | 59.5593    | 69.7250    | 13.8767    | 17.7500   
7      | 60.8942    | 72.9000    | 12.1466    | 16.1500   
8      | 47.0184    | 48.7500    | 33.5833    | 31.9000   
9      | 45.1758    | 46.3750    | 37.6817    | 34.3250   

PSTEPS = 140, TSTEPS = 20000

TIME TAKEN = 73.39025 ms
Run 2

 CPU ACCELERATED IMPLEMENTATION
--------------------------------------------------------------

Index  | Call Model | Call Actual | Put Model  | Put Actual
--------------------------------------------------------------
0      | 49.1965    | 51.7000    | 29.9948    | 29.6500   
1      | 50.4374    | 53.6500    | 26.5056    | 27.3750   
2      | 52.2842    | 56.4000    | 23.6948    | 25.3500   
3      | 54.5136    | 59.9750    | 20.6930    | 23.2750   
4      | 56.3069    | 63.1750    | 17.9222    | 21.2000   
5      | 57.9639    | 66.3250    | 15.8940    | 19.5250   
6      | 59.5593    | 69.7250    | 13.8767    | 17.7500   
7      | 60.8942    | 72.9000    | 12.1466    | 16.1500   
8      | 47.0184    | 48.7500    | 33.5833    | 31.9000   
9      | 45.1758    | 46.3750    | 37.6817    | 34.3250   

PSTEPS = 140, TSTEPS = 20000

TIME TAKEN = 73.40767 ms
Run 3

 CPU ACCELERATED IMPLEMENTATION
--------------------------------------------------------------

Index  | Call Model | Call Actual | Put Model  | Put Actual
--------------------------------------------------------------
0      | 49.1965    | 51.7000    | 29.9948    | 29.6500   
1      | 50.4374    | 53.6500    | 26.5056    | 27.3750   
2      | 52.2842    | 56.4000    | 23.6948    | 25.3500   
3      | 54.5136    | 59.9750    | 20.6930    | 23.2750   
4      | 56.3069    | 63.1750    | 17.9222    | 21.2000   
5      | 57.9639    | 66.3250    | 15.8940    | 19.5250   
6      | 59.5593    | 69.7250    | 13.8767    | 17.7500   
7      | 60.8942    | 72.9000    | 12.1466    | 16.1500   
8      | 47.0184    | 48.7500    | 33.5833    | 31.9000   
9      | 45.1758    | 46.3750    | 37.6817    | 34.3250   

PSTEPS = 140, TSTEPS = 20000

TIME TAKEN = 73.46249 ms
Run 4

 CPU ACCELERATED IMPLEMENTATION
--------------------------------------------------------------

Index  | Call Model | Call Actual | Put Model  | Put Actual
--------------------------------------------------------------
0      | 49.1965    | 51.7000    | 29.9948    | 29.6500   
1      | 50.4374    | 53.6500    | 26.5056    | 27.3750   
2      | 52.2842    | 56.4000    | 23.6948    | 25.3500   
3      | 54.5136    | 59.9750    | 20.6930    | 23.2750   
4      | 56.3069    | 63.1750    | 17.9222    | 21.2000   
5      | 57.9639    | 66.3250    | 15.8940    | 19.5250   
6      | 59.5593    | 69.7250    | 13.8767    | 17.7500   
7      | 60.8942    | 72.9000    | 12.1466    | 16.1500   
8      | 47.0184    | 48.7500    | 33.5833    | 31.9000   
9      | 45.1758    | 46.3750    | 37.6817    | 34.3250   

PSTEPS = 140, TSTEPS = 20000

TIME TAKEN = 73.40234 ms
Run 5

 CPU ACCELERATED IMPLEMENTATION
--------------------------------------------------------------

Index  | Call Model | Call Actual | Put Model  | Put Actual
--------------------------------------------------------------
0      | 49.1965    | 51.7000    | 29.9948    | 29.6500   
1      | 50.4374    | 53.6500    | 26.5056    | 27.3750   
2      | 52.2842    | 56.4000    | 23.6948    | 25.3500   
3      | 54.5136    | 59.9750    | 20.6930    | 23.2750   
4      | 56.3069    | 63.1750    | 17.9222    | 21.2000   
5      | 57.9639    | 66.3250    | 15.8940    | 19.5250   
6      | 59.5593    | 69.7250    | 13.8767    | 17.7500   
7      | 60.8942    | 72.9000    | 12.1466    | 16.1500   
8      | 47.0184    | 48.7500    | 33.5833    | 31.9000   
9      | 45.1758    | 46.3750    | 37.6817    | 34.3250   

PSTEPS = 140, TSTEPS = 20000

TIME TAKEN = 73.37940 ms
Run 6

 CPU ACCELERATED IMPLEMENTATION
--------------------------------------------------------------

Index  | Call Model | Call Actual | Put Model  | Put Actual
--------------------------------------------------------------
0      | 49.1965    | 51.7000    | 29.9948    | 29.6500   
1      | 50.4374    | 53.6500    | 26.5056    | 27.3750   
2      | 52.2842    | 56.4000    | 23.6948    | 25.3500   
3      | 54.5136    | 59.9750    | 20.6930    | 23.2750   
4      | 56.3069    | 63.1750    | 17.9222    | 21.2000   
5      | 57.9639    | 66.3250    | 15.8940    | 19.5250   
6      | 59.5593    | 69.7250    | 13.8767    | 17.7500   
7      | 60.8942    | 72.9000    | 12.1466    | 16.1500   
8      | 47.0184    | 48.7500    | 33.5833    | 31.9000   
9      | 45.1758    | 46.3750    | 37.6817    | 34.3250   

PSTEPS = 140, TSTEPS = 20000

TIME TAKEN = 73.28331 ms
Run 7

 CPU ACCELERATED IMPLEMENTATION
--------------------------------------------------------------

Index  | Call Model | Call Actual | Put Model  | Put Actual
--------------------------------------------------------------
0      | 49.1965    | 51.7000    | 29.9948    | 29.6500   
1      | 50.4374    | 53.6500    | 26.5056    | 27.3750   
2      | 52.2842    | 56.4000    | 23.6948    | 25.3500   
3      | 54.5136    | 59.9750    | 20.6930    | 23.2750   
4      | 56.3069    | 63.1750    | 17.9222    | 21.2000   
5      | 57.9639    | 66.3250    | 15.8940    | 19.5250   
6      | 59.5593    | 69.7250    | 13.8767    | 17.7500   
7      | 60.8942    | 72.9000    | 12.1466    | 16.1500   
8      | 47.0184    | 48.7500    | 33.5833    | 31.9000   
9      | 45.1758    | 46.3750    | 37.6817    | 34.3250   

PSTEPS = 140, TSTEPS = 20000

TIME TAKEN = 73.32622 ms
Run 8

 CPU ACCELERATED IMPLEMENTATION
--------------------------------------------------------------

Index  | Call Model | Call Actual | Put Model  | Put Actual
--------------------------------------------------------------
0      | 49.1965    | 51.7000    | 29.9948    | 29.6500   
1      | 50.4374    | 53.6500    | 26.5056    | 27.3750   
2      | 52.2842    | 56.4000    | 23.6948    | 25.3500   
3      | 54.5136    | 59.9750    | 20.6930    | 23.2750   
4      | 56.3069    | 63.1750    | 17.9222    | 21.2000   
5      | 57.9639    | 66.3250    | 15.8940    | 19.5250   
6      | 59.5593    | 69.7250    | 13.8767    | 17.7500   
7      | 60.8942    | 72.9000    | 12.1466    | 16.1500   
8      | 47.0184    | 48.7500    | 33.5833    | 31.9000   
9      | 45.1758    | 46.3750    | 37.6817    | 34.3250   

PSTEPS = 140, TSTEPS = 20000

TIME TAKEN = 73.30999 ms
Run 9

 CPU ACCELERATED IMPLEMENTATION
--------------------------------------------------------------

Index  | Call Model | Call Actual | Put Model  | Put Actual
--------------------------------------------------------------
0      | 49.1965    | 51.7000    | 29.9948    | 29.6500   
1      | 50.4374    | 53.6500    | 26.5056    | 27.3750   
2      | 52.2842    | 56.4000    | 23.6948    | 25.3500   
3      | 54.5136    | 59.9750    | 20.6930    | 23.2750   
4      | 56.3069    | 63.1750    | 17.9222    | 21.2000   
5      | 57.9639    | 66.3250    | 15.8940    | 19.5250   
6      | 59.5593    | 69.7250    | 13.8767    | 17.7500   
7      | 60.8942    | 72.9000    | 12.1466    | 16.1500   
8      | 47.0184    | 48.7500    | 33.5833    | 31.9000   
9      | 45.1758    | 46.3750    | 37.6817    | 34.3250   

PSTEPS = 140, TSTEPS = 20000

TIME TAKEN = 73.26438 ms
Run 10

 CPU ACCELERATED IMPLEMENTATION
--------------------------------------------------------------

Index  | Call Model | Call Actual | Put Model  | Put Actual
--------------------------------------------------------------
0      | 49.1965    | 51.7000    | 29.9948    | 29.6500   
1      | 50.4374    | 53.6500    | 26.5056    | 27.3750   
2      | 52.2842    | 56.4000    | 23.6948    | 25.3500   
3      | 54.5136    | 59.9750    | 20.6930    | 23.2750   
4      | 56.3069    | 63.1750    | 17.9222    | 21.2000   
5      | 57.9639    | 66.3250    | 15.8940    | 19.5250   
6      | 59.5593    | 69.7250    | 13.8767    | 17.7500   
7      | 60.8942    | 72.9000    | 12.1466    | 16.1500   
8      | 47.0184    | 48.7500    | 33.5833    | 31.9000   
9      | 45.1758    | 46.3750    | 37.6817    | 34.3250   

PSTEPS = 140, TSTEPS = 20000

TIME TAKEN = 73.33932 ms
