Benchmarking: black_scholes_hybrid1 with p=80, t=10000
Run 1

 HYBRID IMPLEMENTATION 1
--------------------------------------------------------------

Index  | Call Model | Call Actual | Put Model  | Put Actual
--------------------------------------------------------------
0      | 47.0816    | 51.7000    | 31.5715    | 29.6500   
1      | 47.8237    | 53.6500    | 28.2499    | 27.3750   
2      | 49.1531    | 56.4000    | 25.6030    | 25.3500   
3      | 50.8114    | 59.9750    | 22.7103    | 23.2750   
4      | 52.0768    | 63.1750    | 20.0226    | 21.2000   
5      | 53.1301    | 66.3250    | 18.0250    | 19.5250   
6      | 54.2878    | 69.7250    | 16.0456    | 17.7500   
7      | 55.0942    | 72.9000    | 14.2799    | 16.1500   
8      | 45.4297    | 48.7500    | 34.9076    | 31.9000   
9      | 44.0690    | 46.3750    | 38.7046    | 34.3250   

PSTEPS = 80, TSTEPS = 10000

TIME TAKEN = 264.50226 ms
Run 2

 HYBRID IMPLEMENTATION 1
--------------------------------------------------------------

Index  | Call Model | Call Actual | Put Model  | Put Actual
--------------------------------------------------------------
0      | 47.0816    | 51.7000    | 31.5715    | 29.6500   
1      | 47.8237    | 53.6500    | 28.2499    | 27.3750   
2      | 49.1531    | 56.4000    | 25.6030    | 25.3500   
3      | 50.8114    | 59.9750    | 22.7103    | 23.2750   
4      | 51.4578    | 63.1750    | 20.0226    | 21.2000   
5      | 53.1944    | 66.3250    | 18.0250    | 19.5250   
6      | 54.2878    | 69.7250    | 16.0456    | 17.7500   
7      | 55.0942    | 72.9000    | 14.2799    | 16.1500   
8      | 45.4297    | 48.7500    | 34.9076    | 31.9000   
9      | 44.0690    | 46.3750    | 38.7046    | 34.3250   

PSTEPS = 80, TSTEPS = 10000

TIME TAKEN = 275.04429 ms
Run 3

 HYBRID IMPLEMENTATION 1
--------------------------------------------------------------

Index  | Call Model | Call Actual | Put Model  | Put Actual
--------------------------------------------------------------
0      | 47.0816    | 51.7000    | 31.5715    | 29.6500   
1      | 47.8237    | 53.6500    | 28.2499    | 27.3750   
2      | 49.1531    | 56.4000    | 25.6030    | 25.3500   
3      | 50.8114    | 59.9750    | 22.7103    | 23.2750   
4      | 52.0768    | 63.1750    | 20.0226    | 21.2000   
5      | 53.1939    | 66.3250    | 18.0250    | 19.5250   
6      | 54.2878    | 69.7250    | 16.0456    | 17.7500   
7      | 55.0942    | 72.9000    | 14.2799    | 16.1500   
8      | 45.4297    | 48.7500    | 34.9076    | 31.9000   
9      | 44.0690    | 46.3750    | 38.7046    | 34.3250   

PSTEPS = 80, TSTEPS = 10000

TIME TAKEN = 249.65563 ms
Run 4

 HYBRID IMPLEMENTATION 1
--------------------------------------------------------------

Index  | Call Model | Call Actual | Put Model  | Put Actual
--------------------------------------------------------------
0      | 47.0816    | 51.7000    | 31.5715    | 29.6500   
1      | 47.8237    | 53.6500    | 28.2499    | 27.3750   
2      | 49.1531    | 56.4000    | 25.6030    | 25.3500   
3      | 50.8114    | 59.9750    | 22.7103    | 23.2750   
4      | 52.0768    | 63.1750    | 20.0226    | 21.2000   
5      | 53.1944    | 66.3250    | 18.0250    | 19.5250   
6      | 54.2878    | 69.7250    | 16.0456    | 17.7500   
7      | 55.0942    | 72.9000    | 14.2799    | 16.1500   
8      | 45.4297    | 48.7500    | 34.9076    | 31.9000   
9      | 44.0690    | 46.3750    | 38.7046    | 34.3250   

PSTEPS = 80, TSTEPS = 10000

TIME TAKEN = 279.74325 ms
Run 5

 HYBRID IMPLEMENTATION 1
--------------------------------------------------------------

Index  | Call Model | Call Actual | Put Model  | Put Actual
--------------------------------------------------------------
0      | 47.0816    | 51.7000    | 31.5715    | 29.6500   
1      | 47.8237    | 53.6500    | 28.2499    | 27.3750   
2      | 49.1531    | 56.4000    | 25.6030    | 25.3500   
3      | 50.8114    | 59.9750    | 22.7103    | 23.2750   
4      | 52.0768    | 63.1750    | 20.0226    | 21.2000   
5      | 53.1944    | 66.3250    | 18.0250    | 19.5250   
6      | 54.2878    | 69.7250    | 16.0456    | 17.7500   
7      | 55.0942    | 72.9000    | 14.2799    | 16.1500   
8      | 45.4297    | 48.7500    | 34.9076    | 31.9000   
9      | 44.0690    | 46.3750    | 38.7046    | 34.3250   

PSTEPS = 80, TSTEPS = 10000

TIME TAKEN = 247.41145 ms
Run 6

 HYBRID IMPLEMENTATION 1
--------------------------------------------------------------

Index  | Call Model | Call Actual | Put Model  | Put Actual
--------------------------------------------------------------
0      | 47.0816    | 51.7000    | 31.5715    | 29.6500   
1      | 47.8237    | 53.6500    | 28.2499    | 27.3750   
2      | 49.1531    | 56.4000    | 25.6030    | 25.3500   
3      | 50.8114    | 59.9750    | 22.7103    | 23.2750   
4      | 52.0768    | 63.1750    | 20.0226    | 21.2000   
5      | 53.1944    | 66.3250    | 18.0250    | 19.5250   
6      | 54.2878    | 69.7250    | 16.0456    | 17.7500   
7      | 55.0942    | 72.9000    | 14.2799    | 16.1500   
8      | 45.4297    | 48.7500    | 34.9076    | 31.9000   
9      | 44.0690    | 46.3750    | 38.7046    | 34.3250   

PSTEPS = 80, TSTEPS = 10000

TIME TAKEN = 253.49427 ms
Run 7

 HYBRID IMPLEMENTATION 1
--------------------------------------------------------------

Index  | Call Model | Call Actual | Put Model  | Put Actual
--------------------------------------------------------------
0      | 47.0816    | 51.7000    | 31.5715    | 29.6500   
1      | 47.8237    | 53.6500    | 28.2499    | 27.3750   
2      | 49.1531    | 56.4000    | 25.6030    | 25.3500   
3      | 50.8114    | 59.9750    | 22.7103    | 23.2750   
4      | 52.0334    | 63.1750    | 20.0226    | 21.2000   
5      | 53.1944    | 66.3250    | 18.0250    | 19.5250   
6      | 54.2878    | 69.7250    | 16.0456    | 17.7500   
7      | 55.0942    | 72.9000    | 14.2799    | 16.1500   
8      | 45.4297    | 48.7500    | 34.9076    | 31.9000   
9      | 44.0690    | 46.3750    | 38.7046    | 34.3250   

PSTEPS = 80, TSTEPS = 10000

TIME TAKEN = 265.65643 ms
Run 8

 HYBRID IMPLEMENTATION 1
--------------------------------------------------------------

Index  | Call Model | Call Actual | Put Model  | Put Actual
--------------------------------------------------------------
0      | 47.0816    | 51.7000    | 31.5715    | 29.6500   
1      | 47.8237    | 53.6500    | 28.2499    | 27.3750   
2      | 49.1531    | 56.4000    | 25.6030    | 25.3500   
3      | 50.8114    | 59.9750    | 22.7103    | 23.2750   
4      | 52.0768    | 63.1750    | 20.0226    | 21.2000   
5      | 53.1944    | 66.3250    | 18.0250    | 19.5250   
6      | 54.2878    | 69.7250    | 16.0456    | 17.7500   
7      | 55.0942    | 72.9000    | 14.2799    | 16.1500   
8      | 45.4297    | 48.7500    | 34.9076    | 31.9000   
9      | 44.0690    | 46.3750    | 38.7046    | 34.3250   

PSTEPS = 80, TSTEPS = 10000

TIME TAKEN = 258.00121 ms
Run 9

 HYBRID IMPLEMENTATION 1
--------------------------------------------------------------

Index  | Call Model | Call Actual | Put Model  | Put Actual
--------------------------------------------------------------
0      | 47.0816    | 51.7000    | 31.5715    | 29.6500   
1      | 47.8237    | 53.6500    | 28.2499    | 27.3750   
2      | 49.1531    | 56.4000    | 25.6030    | 25.3500   
3      | 50.8114    | 59.9750    | 22.7103    | 23.2750   
4      | 52.0768    | 63.1750    | 20.0226    | 21.2000   
5      | 53.1944    | 66.3250    | 18.0250    | 19.5250   
6      | 54.2878    | 69.7250    | 16.0456    | 17.7500   
7      | 55.0942    | 72.9000    | 14.2799    | 16.1500   
8      | 45.4297    | 48.7500    | 34.9076    | 31.9000   
9      | 44.0690    | 46.3750    | 38.7046    | 34.3250   

PSTEPS = 80, TSTEPS = 10000

TIME TAKEN = 248.89843 ms
Run 10

 HYBRID IMPLEMENTATION 1
--------------------------------------------------------------

Index  | Call Model | Call Actual | Put Model  | Put Actual
--------------------------------------------------------------
0      | 47.0816    | 51.7000    | 31.5715    | 29.6500   
1      | 47.8237    | 53.6500    | 28.2499    | 27.3750   
2      | 49.1531    | 56.4000    | 25.6030    | 25.3500   
3      | 50.8114    | 59.9750    | 22.7103    | 23.2750   
4      | 52.0296    | 63.1750    | 20.0226    | 21.2000   
5      | 53.1944    | 66.3250    | 18.0250    | 19.5250   
6      | 54.2878    | 69.7250    | 16.0456    | 17.7500   
7      | 55.0942    | 72.9000    | 14.2799    | 16.1500   
8      | 45.4297    | 48.7500    | 34.9076    | 31.9000   
9      | 44.0690    | 46.3750    | 38.7046    | 34.3250   

PSTEPS = 80, TSTEPS = 10000

TIME TAKEN = 275.46270 ms
