Benchmarking: black_scholes_base with p=120, t=20000
Run 1

BASIC IMPLEMENTATION
--------------------------------------------------------------

Index  | Call Model | Call Actual | Put Model  | Put Actual
--------------------------------------------------------------
0      | 48.4927    | 51.7000    | 30.5081    | 29.6500   
1      | 49.5570    | 53.6500    | 27.0658    | 27.3750   
2      | 51.2151    | 56.4000    | 24.2953    | 25.3500   
3      | 53.2626    | 59.9750    | 21.3401    | 23.2750   
4      | 54.8732    | 63.1750    | 18.5924    | 21.2000   
5      | 56.3506    | 66.3250    | 16.5769    | 19.5250   
6      | 57.7607    | 69.7250    | 14.5567    | 17.7500   
7      | 58.9180    | 72.9000    | 12.8162    | 16.1500   
8      | 46.4946    | 48.7500    | 34.0156    | 31.9000   
9      | 44.8095    | 46.3750    | 38.0093    | 34.3250   

PSTEPS = 120, TSTEPS = 20000

TIME TAKEN = 831.33872 ms
Run 2

BASIC IMPLEMENTATION
--------------------------------------------------------------

Index  | Call Model | Call Actual | Put Model  | Put Actual
--------------------------------------------------------------
0      | 48.4927    | 51.7000    | 30.5081    | 29.6500   
1      | 49.5570    | 53.6500    | 27.0658    | 27.3750   
2      | 51.2151    | 56.4000    | 24.2953    | 25.3500   
3      | 53.2626    | 59.9750    | 21.3401    | 23.2750   
4      | 54.8732    | 63.1750    | 18.5924    | 21.2000   
5      | 56.3506    | 66.3250    | 16.5769    | 19.5250   
6      | 57.7607    | 69.7250    | 14.5567    | 17.7500   
7      | 58.9180    | 72.9000    | 12.8162    | 16.1500   
8      | 46.4946    | 48.7500    | 34.0156    | 31.9000   
9      | 44.8095    | 46.3750    | 38.0093    | 34.3250   

PSTEPS = 120, TSTEPS = 20000

TIME TAKEN = 832.10841 ms
Run 3

BASIC IMPLEMENTATION
--------------------------------------------------------------

Index  | Call Model | Call Actual | Put Model  | Put Actual
--------------------------------------------------------------
0      | 48.4927    | 51.7000    | 30.5081    | 29.6500   
1      | 49.5570    | 53.6500    | 27.0658    | 27.3750   
2      | 51.2151    | 56.4000    | 24.2953    | 25.3500   
3      | 53.2626    | 59.9750    | 21.3401    | 23.2750   
4      | 54.8732    | 63.1750    | 18.5924    | 21.2000   
5      | 56.3506    | 66.3250    | 16.5769    | 19.5250   
6      | 57.7607    | 69.7250    | 14.5567    | 17.7500   
7      | 58.9180    | 72.9000    | 12.8162    | 16.1500   
8      | 46.4946    | 48.7500    | 34.0156    | 31.9000   
9      | 44.8095    | 46.3750    | 38.0093    | 34.3250   

PSTEPS = 120, TSTEPS = 20000

TIME TAKEN = 827.24305 ms
Run 4

BASIC IMPLEMENTATION
--------------------------------------------------------------

Index  | Call Model | Call Actual | Put Model  | Put Actual
--------------------------------------------------------------
0      | 48.4927    | 51.7000    | 30.5081    | 29.6500   
1      | 49.5570    | 53.6500    | 27.0658    | 27.3750   
2      | 51.2151    | 56.4000    | 24.2953    | 25.3500   
3      | 53.2626    | 59.9750    | 21.3401    | 23.2750   
4      | 54.8732    | 63.1750    | 18.5924    | 21.2000   
5      | 56.3506    | 66.3250    | 16.5769    | 19.5250   
6      | 57.7607    | 69.7250    | 14.5567    | 17.7500   
7      | 58.9180    | 72.9000    | 12.8162    | 16.1500   
8      | 46.4946    | 48.7500    | 34.0156    | 31.9000   
9      | 44.8095    | 46.3750    | 38.0093    | 34.3250   

PSTEPS = 120, TSTEPS = 20000

TIME TAKEN = 826.43149 ms
Run 5

BASIC IMPLEMENTATION
--------------------------------------------------------------

Index  | Call Model | Call Actual | Put Model  | Put Actual
--------------------------------------------------------------
0      | 48.4927    | 51.7000    | 30.5081    | 29.6500   
1      | 49.5570    | 53.6500    | 27.0658    | 27.3750   
2      | 51.2151    | 56.4000    | 24.2953    | 25.3500   
3      | 53.2626    | 59.9750    | 21.3401    | 23.2750   
4      | 54.8732    | 63.1750    | 18.5924    | 21.2000   
5      | 56.3506    | 66.3250    | 16.5769    | 19.5250   
6      | 57.7607    | 69.7250    | 14.5567    | 17.7500   
7      | 58.9180    | 72.9000    | 12.8162    | 16.1500   
8      | 46.4946    | 48.7500    | 34.0156    | 31.9000   
9      | 44.8095    | 46.3750    | 38.0093    | 34.3250   

PSTEPS = 120, TSTEPS = 20000

TIME TAKEN = 826.76385 ms
Run 6

BASIC IMPLEMENTATION
--------------------------------------------------------------

Index  | Call Model | Call Actual | Put Model  | Put Actual
--------------------------------------------------------------
0      | 48.4927    | 51.7000    | 30.5081    | 29.6500   
1      | 49.5570    | 53.6500    | 27.0658    | 27.3750   
2      | 51.2151    | 56.4000    | 24.2953    | 25.3500   
3      | 53.2626    | 59.9750    | 21.3401    | 23.2750   
4      | 54.8732    | 63.1750    | 18.5924    | 21.2000   
5      | 56.3506    | 66.3250    | 16.5769    | 19.5250   
6      | 57.7607    | 69.7250    | 14.5567    | 17.7500   
7      | 58.9180    | 72.9000    | 12.8162    | 16.1500   
8      | 46.4946    | 48.7500    | 34.0156    | 31.9000   
9      | 44.8095    | 46.3750    | 38.0093    | 34.3250   

PSTEPS = 120, TSTEPS = 20000

TIME TAKEN = 827.74127 ms
Run 7

BASIC IMPLEMENTATION
--------------------------------------------------------------

Index  | Call Model | Call Actual | Put Model  | Put Actual
--------------------------------------------------------------
0      | 48.4927    | 51.7000    | 30.5081    | 29.6500   
1      | 49.5570    | 53.6500    | 27.0658    | 27.3750   
2      | 51.2151    | 56.4000    | 24.2953    | 25.3500   
3      | 53.2626    | 59.9750    | 21.3401    | 23.2750   
4      | 54.8732    | 63.1750    | 18.5924    | 21.2000   
5      | 56.3506    | 66.3250    | 16.5769    | 19.5250   
6      | 57.7607    | 69.7250    | 14.5567    | 17.7500   
7      | 58.9180    | 72.9000    | 12.8162    | 16.1500   
8      | 46.4946    | 48.7500    | 34.0156    | 31.9000   
9      | 44.8095    | 46.3750    | 38.0093    | 34.3250   

PSTEPS = 120, TSTEPS = 20000

TIME TAKEN = 827.08985 ms
Run 8

BASIC IMPLEMENTATION
--------------------------------------------------------------

Index  | Call Model | Call Actual | Put Model  | Put Actual
--------------------------------------------------------------
0      | 48.4927    | 51.7000    | 30.5081    | 29.6500   
1      | 49.5570    | 53.6500    | 27.0658    | 27.3750   
2      | 51.2151    | 56.4000    | 24.2953    | 25.3500   
3      | 53.2626    | 59.9750    | 21.3401    | 23.2750   
4      | 54.8732    | 63.1750    | 18.5924    | 21.2000   
5      | 56.3506    | 66.3250    | 16.5769    | 19.5250   
6      | 57.7607    | 69.7250    | 14.5567    | 17.7500   
7      | 58.9180    | 72.9000    | 12.8162    | 16.1500   
8      | 46.4946    | 48.7500    | 34.0156    | 31.9000   
9      | 44.8095    | 46.3750    | 38.0093    | 34.3250   

PSTEPS = 120, TSTEPS = 20000

TIME TAKEN = 809.00781 ms
Run 9

BASIC IMPLEMENTATION
--------------------------------------------------------------

Index  | Call Model | Call Actual | Put Model  | Put Actual
--------------------------------------------------------------
0      | 48.4927    | 51.7000    | 30.5081    | 29.6500   
1      | 49.5570    | 53.6500    | 27.0658    | 27.3750   
2      | 51.2151    | 56.4000    | 24.2953    | 25.3500   
3      | 53.2626    | 59.9750    | 21.3401    | 23.2750   
4      | 54.8732    | 63.1750    | 18.5924    | 21.2000   
5      | 56.3506    | 66.3250    | 16.5769    | 19.5250   
6      | 57.7607    | 69.7250    | 14.5567    | 17.7500   
7      | 58.9180    | 72.9000    | 12.8162    | 16.1500   
8      | 46.4946    | 48.7500    | 34.0156    | 31.9000   
9      | 44.8095    | 46.3750    | 38.0093    | 34.3250   

PSTEPS = 120, TSTEPS = 20000

TIME TAKEN = 822.94709 ms
Run 10

BASIC IMPLEMENTATION
--------------------------------------------------------------

Index  | Call Model | Call Actual | Put Model  | Put Actual
--------------------------------------------------------------
0      | 48.4927    | 51.7000    | 30.5081    | 29.6500   
1      | 49.5570    | 53.6500    | 27.0658    | 27.3750   
2      | 51.2151    | 56.4000    | 24.2953    | 25.3500   
3      | 53.2626    | 59.9750    | 21.3401    | 23.2750   
4      | 54.8732    | 63.1750    | 18.5924    | 21.2000   
5      | 56.3506    | 66.3250    | 16.5769    | 19.5250   
6      | 57.7607    | 69.7250    | 14.5567    | 17.7500   
7      | 58.9180    | 72.9000    | 12.8162    | 16.1500   
8      | 46.4946    | 48.7500    | 34.0156    | 31.9000   
9      | 44.8095    | 46.3750    | 38.0093    | 34.3250   

PSTEPS = 120, TSTEPS = 20000

TIME TAKEN = 831.33380 ms
