Benchmarking: black_scholes_gpu with p=120, t=80000
Run 1

 GPU ACCELERATED IMPLEMENTATION
--------------------------------------------------------------

Index  | Call Model | Call Actual | Put Model  | Put Actual
--------------------------------------------------------------
0      | 48.4925    | 51.7000    | 30.5080    | 29.6500   
1      | 49.5568    | 53.6500    | 27.0657    | 27.3750   
2      | 51.2149    | 56.4000    | 24.2951    | 25.3500   
3      | 53.2624    | 59.9750    | 21.3399    | 23.2750   
4      | 54.8730    | 63.1750    | 18.5922    | 21.2000   
5      | 56.3504    | 66.3250    | 16.5767    | 19.5250   
6      | 57.7605    | 69.7250    | 14.5565    | 17.7500   
7      | 58.9178    | 72.9000    | 12.8159    | 16.1500   
8      | 46.4943    | 48.7500    | 34.0155    | 31.9000   
9      | 44.8093    | 46.3750    | 38.0093    | 34.3250   

PSTEPS = 120, TSTEPS = 80000

TIME TAKEN = 355.41200 ms
Run 2

 GPU ACCELERATED IMPLEMENTATION
--------------------------------------------------------------

Index  | Call Model | Call Actual | Put Model  | Put Actual
--------------------------------------------------------------
0      | 48.4925    | 51.7000    | 30.5080    | 29.6500   
1      | 49.5568    | 53.6500    | 27.0657    | 27.3750   
2      | 51.2149    | 56.4000    | 24.2951    | 25.3500   
3      | 53.2624    | 59.9750    | 21.3399    | 23.2750   
4      | 54.8730    | 63.1750    | 18.5922    | 21.2000   
5      | 56.3504    | 66.3250    | 16.5767    | 19.5250   
6      | 57.7605    | 69.7250    | 14.5565    | 17.7500   
7      | 58.9178    | 72.9000    | 12.8159    | 16.1500   
8      | 46.4943    | 48.7500    | 34.0155    | 31.9000   
9      | 44.8093    | 46.3750    | 38.0093    | 34.3250   

PSTEPS = 120, TSTEPS = 80000

TIME TAKEN = 335.51690 ms
Run 3

 GPU ACCELERATED IMPLEMENTATION
--------------------------------------------------------------

Index  | Call Model | Call Actual | Put Model  | Put Actual
--------------------------------------------------------------
0      | 48.4925    | 51.7000    | 30.5080    | 29.6500   
1      | 49.5568    | 53.6500    | 27.0657    | 27.3750   
2      | 51.2149    | 56.4000    | 24.2951    | 25.3500   
3      | 53.2624    | 59.9750    | 21.3399    | 23.2750   
4      | 54.8730    | 63.1750    | 18.5922    | 21.2000   
5      | 56.3504    | 66.3250    | 16.5767    | 19.5250   
6      | 57.7605    | 69.7250    | 14.5565    | 17.7500   
7      | 58.9178    | 72.9000    | 12.8159    | 16.1500   
8      | 46.4943    | 48.7500    | 34.0155    | 31.9000   
9      | 44.8093    | 46.3750    | 38.0093    | 34.3250   

PSTEPS = 120, TSTEPS = 80000

TIME TAKEN = 316.93375 ms
Run 4

 GPU ACCELERATED IMPLEMENTATION
--------------------------------------------------------------

Index  | Call Model | Call Actual | Put Model  | Put Actual
--------------------------------------------------------------
0      | 48.4925    | 51.7000    | 30.5080    | 29.6500   
1      | 49.5568    | 53.6500    | 27.0657    | 27.3750   
2      | 51.2149    | 56.4000    | 24.2951    | 25.3500   
3      | 53.2624    | 59.9750    | 21.3399    | 23.2750   
4      | 54.8730    | 63.1750    | 18.5922    | 21.2000   
5      | 56.3504    | 66.3250    | 16.5767    | 19.5250   
6      | 57.7605    | 69.7250    | 14.5565    | 17.7500   
7      | 58.9178    | 72.9000    | 12.8159    | 16.1500   
8      | 46.4943    | 48.7500    | 34.0155    | 31.9000   
9      | 44.8093    | 46.3750    | 38.0093    | 34.3250   

PSTEPS = 120, TSTEPS = 80000

TIME TAKEN = 335.50100 ms
Run 5

 GPU ACCELERATED IMPLEMENTATION
--------------------------------------------------------------

Index  | Call Model | Call Actual | Put Model  | Put Actual
--------------------------------------------------------------
0      | 48.4925    | 51.7000    | 30.5080    | 29.6500   
1      | 49.5568    | 53.6500    | 27.0657    | 27.3750   
2      | 51.2149    | 56.4000    | 24.2951    | 25.3500   
3      | 53.2624    | 59.9750    | 21.3399    | 23.2750   
4      | 54.8730    | 63.1750    | 18.5922    | 21.2000   
5      | 56.3504    | 66.3250    | 16.5767    | 19.5250   
6      | 57.7605    | 69.7250    | 14.5565    | 17.7500   
7      | 58.9178    | 72.9000    | 12.8159    | 16.1500   
8      | 46.4943    | 48.7500    | 34.0155    | 31.9000   
9      | 44.8093    | 46.3750    | 38.0093    | 34.3250   

PSTEPS = 120, TSTEPS = 80000

TIME TAKEN = 315.27489 ms
Run 6

 GPU ACCELERATED IMPLEMENTATION
--------------------------------------------------------------

Index  | Call Model | Call Actual | Put Model  | Put Actual
--------------------------------------------------------------
0      | 48.4925    | 51.7000    | 30.5080    | 29.6500   
1      | 49.5568    | 53.6500    | 27.0657    | 27.3750   
2      | 51.2149    | 56.4000    | 24.2951    | 25.3500   
3      | 53.2624    | 59.9750    | 21.3399    | 23.2750   
4      | 54.8730    | 63.1750    | 18.5922    | 21.2000   
5      | 56.3504    | 66.3250    | 16.5767    | 19.5250   
6      | 57.7605    | 69.7250    | 14.5565    | 17.7500   
7      | 58.9178    | 72.9000    | 12.8159    | 16.1500   
8      | 46.4943    | 48.7500    | 34.0155    | 31.9000   
9      | 44.8093    | 46.3750    | 38.0093    | 34.3250   

PSTEPS = 120, TSTEPS = 80000

TIME TAKEN = 295.40596 ms
Run 7

 GPU ACCELERATED IMPLEMENTATION
--------------------------------------------------------------

Index  | Call Model | Call Actual | Put Model  | Put Actual
--------------------------------------------------------------
0      | 48.4925    | 51.7000    | 30.5080    | 29.6500   
1      | 49.5568    | 53.6500    | 27.0657    | 27.3750   
2      | 51.2149    | 56.4000    | 24.2951    | 25.3500   
3      | 53.2624    | 59.9750    | 21.3399    | 23.2750   
4      | 54.8730    | 63.1750    | 18.5922    | 21.2000   
5      | 56.3504    | 66.3250    | 16.5767    | 19.5250   
6      | 57.7605    | 69.7250    | 14.5565    | 17.7500   
7      | 58.9178    | 72.9000    | 12.8159    | 16.1500   
8      | 46.4943    | 48.7500    | 34.0155    | 31.9000   
9      | 44.8093    | 46.3750    | 38.0093    | 34.3250   

PSTEPS = 120, TSTEPS = 80000

TIME TAKEN = 309.44776 ms
Run 8

 GPU ACCELERATED IMPLEMENTATION
--------------------------------------------------------------

Index  | Call Model | Call Actual | Put Model  | Put Actual
--------------------------------------------------------------
0      | 48.4925    | 51.7000    | 30.5080    | 29.6500   
1      | 49.5568    | 53.6500    | 27.0657    | 27.3750   
2      | 51.2149    | 56.4000    | 24.2951    | 25.3500   
3      | 53.2624    | 59.9750    | 21.3399    | 23.2750   
4      | 54.8730    | 63.1750    | 18.5922    | 21.2000   
5      | 56.3504    | 66.3250    | 16.5767    | 19.5250   
6      | 57.7605    | 69.7250    | 14.5565    | 17.7500   
7      | 58.9178    | 72.9000    | 12.8159    | 16.1500   
8      | 46.4943    | 48.7500    | 34.0155    | 31.9000   
9      | 44.8093    | 46.3750    | 38.0093    | 34.3250   

PSTEPS = 120, TSTEPS = 80000

TIME TAKEN = 356.90813 ms
Run 9

 GPU ACCELERATED IMPLEMENTATION
--------------------------------------------------------------

Index  | Call Model | Call Actual | Put Model  | Put Actual
--------------------------------------------------------------
0      | 48.4925    | 51.7000    | 30.5080    | 29.6500   
1      | 49.5568    | 53.6500    | 27.0657    | 27.3750   
2      | 51.2149    | 56.4000    | 24.2951    | 25.3500   
3      | 53.2624    | 59.9750    | 21.3399    | 23.2750   
4      | 54.8730    | 63.1750    | 18.5922    | 21.2000   
5      | 56.3504    | 66.3250    | 16.5767    | 19.5250   
6      | 57.7605    | 69.7250    | 14.5565    | 17.7500   
7      | 58.9178    | 72.9000    | 12.8159    | 16.1500   
8      | 46.4943    | 48.7500    | 34.0155    | 31.9000   
9      | 44.8093    | 46.3750    | 38.0093    | 34.3250   

PSTEPS = 120, TSTEPS = 80000

TIME TAKEN = 306.29347 ms
Run 10

 GPU ACCELERATED IMPLEMENTATION
--------------------------------------------------------------

Index  | Call Model | Call Actual | Put Model  | Put Actual
--------------------------------------------------------------
0      | 48.4925    | 51.7000    | 30.5080    | 29.6500   
1      | 49.5568    | 53.6500    | 27.0657    | 27.3750   
2      | 51.2149    | 56.4000    | 24.2951    | 25.3500   
3      | 53.2624    | 59.9750    | 21.3399    | 23.2750   
4      | 54.8730    | 63.1750    | 18.5922    | 21.2000   
5      | 56.3504    | 66.3250    | 16.5767    | 19.5250   
6      | 57.7605    | 69.7250    | 14.5565    | 17.7500   
7      | 58.9178    | 72.9000    | 12.8159    | 16.1500   
8      | 46.4943    | 48.7500    | 34.0155    | 31.9000   
9      | 44.8093    | 46.3750    | 38.0093    | 34.3250   

PSTEPS = 120, TSTEPS = 80000

TIME TAKEN = 310.06127 ms
