Benchmarking: black_scholes_hybrid1 with p=80, t=20000
Run 1

 HYBRID IMPLEMENTATION 1
--------------------------------------------------------------

Index  | Call Model | Call Actual | Put Model  | Put Actual
--------------------------------------------------------------
0      | 47.0813    | 51.7000    | 31.5713    | 29.6500   
1      | 47.8234    | 53.6500    | 28.2497    | 27.3750   
2      | 49.1528    | 56.4000    | 25.6027    | 25.3500   
3      | 50.8111    | 59.9750    | 22.7100    | 23.2750   
4      | 50.7838    | 63.1750    | 20.0223    | 21.2000   
5      | 53.1906    | 66.3250    | 18.0247    | 19.5250   
6      | 54.2876    | 69.7250    | 16.0452    | 17.7500   
7      | 55.0941    | 72.9000    | 14.2796    | 16.1500   
8      | 45.4294    | 48.7500    | 34.9075    | 31.9000   
9      | 44.0687    | 46.3750    | 38.7045    | 34.3250   

PSTEPS = 80, TSTEPS = 20000

TIME TAKEN = 286.70797 ms
Run 2

 HYBRID IMPLEMENTATION 1
--------------------------------------------------------------

Index  | Call Model | Call Actual | Put Model  | Put Actual
--------------------------------------------------------------
0      | 47.0813    | 51.7000    | 31.5713    | 29.6500   
1      | 47.8234    | 53.6500    | 28.2497    | 27.3750   
2      | 49.1528    | 56.4000    | 25.6027    | 25.3500   
3      | 50.8111    | 59.9750    | 22.7100    | 23.2750   
4      | 52.0765    | 63.1750    | 20.0223    | 21.2000   
5      | 53.1941    | 66.3250    | 18.0247    | 19.5250   
6      | 54.2876    | 69.7250    | 16.0452    | 17.7500   
7      | 55.0941    | 72.9000    | 14.2796    | 16.1500   
8      | 45.4294    | 48.7500    | 34.9075    | 31.9000   
9      | 44.0687    | 46.3750    | 38.7045    | 34.3250   

PSTEPS = 80, TSTEPS = 20000

TIME TAKEN = 285.10299 ms
Run 3

 HYBRID IMPLEMENTATION 1
--------------------------------------------------------------

Index  | Call Model | Call Actual | Put Model  | Put Actual
--------------------------------------------------------------
0      | 47.0813    | 51.7000    | 31.5713    | 29.6500   
1      | 47.8234    | 53.6500    | 28.2497    | 27.3750   
2      | 49.1528    | 56.4000    | 25.6027    | 25.3500   
3      | 50.8111    | 59.9750    | 22.7100    | 23.2750   
4      | 52.0765    | 63.1750    | 20.0223    | 21.2000   
5      | 53.1941    | 66.3250    | 18.0247    | 19.5250   
6      | 54.2876    | 69.7250    | 16.0452    | 17.7500   
7      | 55.0941    | 72.9000    | 14.2796    | 16.1500   
8      | 45.4294    | 48.7500    | 34.9075    | 31.9000   
9      | 44.0687    | 46.3750    | 38.7045    | 34.3250   

PSTEPS = 80, TSTEPS = 20000

TIME TAKEN = 286.20594 ms
Run 4

 HYBRID IMPLEMENTATION 1
--------------------------------------------------------------

Index  | Call Model | Call Actual | Put Model  | Put Actual
--------------------------------------------------------------
0      | 47.0813    | 51.7000    | 31.5713    | 29.6500   
1      | 47.8234    | 53.6500    | 28.2497    | 27.3750   
2      | 49.1528    | 56.4000    | 25.6027    | 25.3500   
3      | 50.8111    | 59.9750    | 22.7100    | 23.2750   
4      | 52.0765    | 63.1750    | 20.0223    | 21.2000   
5      | 53.1941    | 66.3250    | 18.0247    | 19.5250   
6      | 54.2876    | 69.7250    | 16.0452    | 17.7500   
7      | 55.0941    | 72.9000    | 14.2796    | 16.1500   
8      | 45.4294    | 48.7500    | 34.9075    | 31.9000   
9      | 44.0687    | 46.3750    | 38.7045    | 34.3250   

PSTEPS = 80, TSTEPS = 20000

TIME TAKEN = 268.88239 ms
Run 5

 HYBRID IMPLEMENTATION 1
--------------------------------------------------------------

Index  | Call Model | Call Actual | Put Model  | Put Actual
--------------------------------------------------------------
0      | 47.0813    | 51.7000    | 31.5713    | 29.6500   
1      | 47.8234    | 53.6500    | 28.2497    | 27.3750   
2      | 49.1528    | 56.4000    | 25.6027    | 25.3500   
3      | 50.8111    | 59.9750    | 22.7100    | 23.2750   
4      | 52.0765    | 63.1750    | 20.0223    | 21.2000   
5      | 53.1941    | 66.3250    | 18.0247    | 19.5250   
6      | 54.2876    | 69.7250    | 16.0452    | 17.7500   
7      | 55.0941    | 72.9000    | 14.2796    | 16.1500   
8      | 45.4294    | 48.7500    | 34.9075    | 31.9000   
9      | 44.0687    | 46.3750    | 38.7045    | 34.3250   

PSTEPS = 80, TSTEPS = 20000

TIME TAKEN = 265.68973 ms
Run 6

 HYBRID IMPLEMENTATION 1
--------------------------------------------------------------

Index  | Call Model | Call Actual | Put Model  | Put Actual
--------------------------------------------------------------
0      | 47.0813    | 51.7000    | 31.5713    | 29.6500   
1      | 47.8234    | 53.6500    | 28.2497    | 27.3750   
2      | 49.1528    | 56.4000    | 25.6027    | 25.3500   
3      | 50.8111    | 59.9750    | 22.7100    | 23.2750   
4      | 52.0765    | 63.1750    | 20.0223    | 21.2000   
5      | 52.8385    | 66.3250    | 18.0247    | 19.5250   
6      | 54.2876    | 69.7250    | 16.0452    | 17.7500   
7      | 55.0941    | 72.9000    | 14.2796    | 16.1500   
8      | 45.4294    | 48.7500    | 34.9075    | 31.9000   
9      | 44.0687    | 46.3750    | 38.7045    | 34.3250   

PSTEPS = 80, TSTEPS = 20000

TIME TAKEN = 292.18658 ms
Run 7

 HYBRID IMPLEMENTATION 1
--------------------------------------------------------------

Index  | Call Model | Call Actual | Put Model  | Put Actual
--------------------------------------------------------------
0      | 47.0813    | 51.7000    | 31.5713    | 29.6500   
1      | 47.8234    | 53.6500    | 28.2497    | 27.3750   
2      | 49.1528    | 56.4000    | 25.6027    | 25.3500   
3      | 50.8111    | 59.9750    | 22.7100    | 23.2750   
4      | 52.0765    | 63.1750    | 20.0223    | 21.2000   
5      | 53.1888    | 66.3250    | 18.0247    | 19.5250   
6      | 54.2876    | 69.7250    | 16.0452    | 17.7500   
7      | 55.0941    | 72.9000    | 14.2796    | 16.1500   
8      | 45.4294    | 48.7500    | 34.9075    | 31.9000   
9      | 44.0687    | 46.3750    | 38.7045    | 34.3250   

PSTEPS = 80, TSTEPS = 20000

TIME TAKEN = 306.10287 ms
Run 8

 HYBRID IMPLEMENTATION 1
--------------------------------------------------------------

Index  | Call Model | Call Actual | Put Model  | Put Actual
--------------------------------------------------------------
0      | 47.0813    | 51.7000    | 31.5713    | 29.6500   
1      | 47.8234    | 53.6500    | 28.2497    | 27.3750   
2      | 49.1528    | 56.4000    | 25.6027    | 25.3500   
3      | 50.8111    | 59.9750    | 22.7100    | 23.2750   
4      | 52.0765    | 63.1750    | 20.0223    | 21.2000   
5      | 53.1941    | 66.3250    | 18.0247    | 19.5250   
6      | 54.2876    | 69.7250    | 16.0452    | 17.7500   
7      | 55.0941    | 72.9000    | 14.2796    | 16.1500   
8      | 45.4294    | 48.7500    | 34.9075    | 31.9000   
9      | 44.0687    | 46.3750    | 38.7045    | 34.3250   

PSTEPS = 80, TSTEPS = 20000

TIME TAKEN = 287.96827 ms
Run 9

 HYBRID IMPLEMENTATION 1
--------------------------------------------------------------

Index  | Call Model | Call Actual | Put Model  | Put Actual
--------------------------------------------------------------
0      | 47.0813    | 51.7000    | 31.5713    | 29.6500   
1      | 47.8234    | 53.6500    | 28.2497    | 27.3750   
2      | 49.1528    | 56.4000    | 25.6027    | 25.3500   
3      | 50.8111    | 59.9750    | 22.7100    | 23.2750   
4      | 52.0765    | 63.1750    | 20.0223    | 21.2000   
5      | 53.1941    | 66.3250    | 18.0247    | 19.5250   
6      | 54.2876    | 69.7250    | 16.0452    | 17.7500   
7      | 55.0941    | 72.9000    | 14.2796    | 16.1500   
8      | 45.4294    | 48.7500    | 34.9075    | 31.9000   
9      | 44.0687    | 46.3750    | 38.7045    | 34.3250   

PSTEPS = 80, TSTEPS = 20000

TIME TAKEN = 296.37167 ms
Run 10

 HYBRID IMPLEMENTATION 1
--------------------------------------------------------------

Index  | Call Model | Call Actual | Put Model  | Put Actual
--------------------------------------------------------------
0      | 47.0813    | 51.7000    | 31.5713    | 29.6500   
1      | 47.8234    | 53.6500    | 28.2497    | 27.3750   
2      | 49.1528    | 56.4000    | 25.6027    | 25.3500   
3      | 50.8111    | 59.9750    | 22.7100    | 23.2750   
4      | 52.0765    | 63.1750    | 20.0223    | 21.2000   
5      | 53.1941    | 66.3250    | 18.0247    | 19.5250   
6      | 54.2876    | 69.7250    | 16.0452    | 17.7500   
7      | 55.0941    | 72.9000    | 14.2796    | 16.1500   
8      | 45.4294    | 48.7500    | 34.9075    | 31.9000   
9      | 44.0687    | 46.3750    | 38.7045    | 34.3250   

PSTEPS = 80, TSTEPS = 20000

TIME TAKEN = 288.30198 ms
