Benchmarking: black_scholes_gpu with p=200, t=40000
Run 1

 GPU ACCELERATED IMPLEMENTATION
--------------------------------------------------------------

Index  | Call Model | Call Actual | Put Model  | Put Actual
--------------------------------------------------------------
0      | 51.3884    | 51.7000    | 28.5524    | 29.6500   
1      | 53.1440    | 53.6500    | 24.8999    | 27.3750   
2      | 55.5508    | 56.4000    | 21.9541    | 25.3500   
3      | 58.3780    | 59.9750    | 18.8547    | 23.2750   
4      | 60.7532    | 63.1750    | 16.0375    | 21.2000   
5      | 62.9778    | 66.3250    | 13.9870    | 19.5250   
6      | 65.1465    | 69.7250    | 11.9811    | 17.7500   
7      | 67.0320    | 72.9000    | 10.2836    | 16.1500   
8      | 48.6630    | 48.7500    | 32.3818    | 31.9000   
9      | 46.3003    | 46.3750    | 36.7510    | 34.3250   

PSTEPS = 200, TSTEPS = 40000

TIME TAKEN = 328.74255 ms
Run 2

 GPU ACCELERATED IMPLEMENTATION
--------------------------------------------------------------

Index  | Call Model | Call Actual | Put Model  | Put Actual
--------------------------------------------------------------
0      | 51.3884    | 51.7000    | 28.5524    | 29.6500   
1      | 53.1440    | 53.6500    | 24.8999    | 27.3750   
2      | 55.5508    | 56.4000    | 21.9541    | 25.3500   
3      | 58.3780    | 59.9750    | 18.8547    | 23.2750   
4      | 60.7532    | 63.1750    | 16.0375    | 21.2000   
5      | 62.9778    | 66.3250    | 13.9870    | 19.5250   
6      | 65.1465    | 69.7250    | 11.9811    | 17.7500   
7      | 67.0320    | 72.9000    | 10.2836    | 16.1500   
8      | 48.6630    | 48.7500    | 32.3818    | 31.9000   
9      | 46.3003    | 46.3750    | 36.7510    | 34.3250   

PSTEPS = 200, TSTEPS = 40000

TIME TAKEN = 305.86127 ms
Run 3

 GPU ACCELERATED IMPLEMENTATION
--------------------------------------------------------------

Index  | Call Model | Call Actual | Put Model  | Put Actual
--------------------------------------------------------------
0      | 51.3884    | 51.7000    | 28.5524    | 29.6500   
1      | 53.1440    | 53.6500    | 24.8999    | 27.3750   
2      | 55.5508    | 56.4000    | 21.9541    | 25.3500   
3      | 58.3780    | 59.9750    | 18.8547    | 23.2750   
4      | 60.7532    | 63.1750    | 16.0375    | 21.2000   
5      | 62.9778    | 66.3250    | 13.9870    | 19.5250   
6      | 65.1465    | 69.7250    | 11.9811    | 17.7500   
7      | 67.0320    | 72.9000    | 10.2836    | 16.1500   
8      | 48.6630    | 48.7500    | 32.3818    | 31.9000   
9      | 46.3003    | 46.3750    | 36.7510    | 34.3250   

PSTEPS = 200, TSTEPS = 40000

TIME TAKEN = 285.18454 ms
Run 4

 GPU ACCELERATED IMPLEMENTATION
--------------------------------------------------------------

Index  | Call Model | Call Actual | Put Model  | Put Actual
--------------------------------------------------------------
0      | 51.3884    | 51.7000    | 28.5524    | 29.6500   
1      | 53.1440    | 53.6500    | 24.8999    | 27.3750   
2      | 55.5508    | 56.4000    | 21.9541    | 25.3500   
3      | 58.3780    | 59.9750    | 18.8547    | 23.2750   
4      | 60.7532    | 63.1750    | 16.0375    | 21.2000   
5      | 62.9778    | 66.3250    | 13.9870    | 19.5250   
6      | 65.1465    | 69.7250    | 11.9811    | 17.7500   
7      | 67.0320    | 72.9000    | 10.2836    | 16.1500   
8      | 48.6630    | 48.7500    | 32.3818    | 31.9000   
9      | 46.3003    | 46.3750    | 36.7510    | 34.3250   

PSTEPS = 200, TSTEPS = 40000

TIME TAKEN = 261.07408 ms
Run 5

 GPU ACCELERATED IMPLEMENTATION
--------------------------------------------------------------

Index  | Call Model | Call Actual | Put Model  | Put Actual
--------------------------------------------------------------
0      | 51.3884    | 51.7000    | 28.5524    | 29.6500   
1      | 53.1440    | 53.6500    | 24.8999    | 27.3750   
2      | 55.5508    | 56.4000    | 21.9541    | 25.3500   
3      | 58.3780    | 59.9750    | 18.8547    | 23.2750   
4      | 60.7532    | 63.1750    | 16.0375    | 21.2000   
5      | 62.9778    | 66.3250    | 13.9870    | 19.5250   
6      | 65.1465    | 69.7250    | 11.9811    | 17.7500   
7      | 67.0320    | 72.9000    | 10.2836    | 16.1500   
8      | 48.6630    | 48.7500    | 32.3818    | 31.9000   
9      | 46.3003    | 46.3750    | 36.7510    | 34.3250   

PSTEPS = 200, TSTEPS = 40000

TIME TAKEN = 265.61135 ms
Run 6

 GPU ACCELERATED IMPLEMENTATION
--------------------------------------------------------------

Index  | Call Model | Call Actual | Put Model  | Put Actual
--------------------------------------------------------------
0      | 51.3884    | 51.7000    | 28.5524    | 29.6500   
1      | 53.1440    | 53.6500    | 24.8999    | 27.3750   
2      | 55.5508    | 56.4000    | 21.9541    | 25.3500   
3      | 58.3780    | 59.9750    | 18.8547    | 23.2750   
4      | 60.7532    | 63.1750    | 16.0375    | 21.2000   
5      | 62.9778    | 66.3250    | 13.9870    | 19.5250   
6      | 65.1465    | 69.7250    | 11.9811    | 17.7500   
7      | 67.0320    | 72.9000    | 10.2836    | 16.1500   
8      | 48.6630    | 48.7500    | 32.3818    | 31.9000   
9      | 46.3003    | 46.3750    | 36.7510    | 34.3250   

PSTEPS = 200, TSTEPS = 40000

TIME TAKEN = 286.12779 ms
Run 7

 GPU ACCELERATED IMPLEMENTATION
--------------------------------------------------------------

Index  | Call Model | Call Actual | Put Model  | Put Actual
--------------------------------------------------------------
0      | 51.3884    | 51.7000    | 28.5524    | 29.6500   
1      | 53.1440    | 53.6500    | 24.8999    | 27.3750   
2      | 55.5508    | 56.4000    | 21.9541    | 25.3500   
3      | 58.3780    | 59.9750    | 18.8547    | 23.2750   
4      | 60.7532    | 63.1750    | 16.0375    | 21.2000   
5      | 62.9778    | 66.3250    | 13.9870    | 19.5250   
6      | 65.1465    | 69.7250    | 11.9811    | 17.7500   
7      | 67.0320    | 72.9000    | 10.2836    | 16.1500   
8      | 48.6630    | 48.7500    | 32.3818    | 31.9000   
9      | 46.3003    | 46.3750    | 36.7510    | 34.3250   

PSTEPS = 200, TSTEPS = 40000

TIME TAKEN = 304.44252 ms
Run 8

 GPU ACCELERATED IMPLEMENTATION
--------------------------------------------------------------

Index  | Call Model | Call Actual | Put Model  | Put Actual
--------------------------------------------------------------
0      | 51.3884    | 51.7000    | 28.5524    | 29.6500   
1      | 53.1440    | 53.6500    | 24.8999    | 27.3750   
2      | 55.5508    | 56.4000    | 21.9541    | 25.3500   
3      | 58.3780    | 59.9750    | 18.8547    | 23.2750   
4      | 60.7532    | 63.1750    | 16.0375    | 21.2000   
5      | 62.9778    | 66.3250    | 13.9870    | 19.5250   
6      | 65.1465    | 69.7250    | 11.9811    | 17.7500   
7      | 67.0320    | 72.9000    | 10.2836    | 16.1500   
8      | 48.6630    | 48.7500    | 32.3818    | 31.9000   
9      | 46.3003    | 46.3750    | 36.7510    | 34.3250   

PSTEPS = 200, TSTEPS = 40000

TIME TAKEN = 283.48927 ms
Run 9

 GPU ACCELERATED IMPLEMENTATION
--------------------------------------------------------------

Index  | Call Model | Call Actual | Put Model  | Put Actual
--------------------------------------------------------------
0      | 51.3884    | 51.7000    | 28.5524    | 29.6500   
1      | 53.1440    | 53.6500    | 24.8999    | 27.3750   
2      | 55.5508    | 56.4000    | 21.9541    | 25.3500   
3      | 58.3780    | 59.9750    | 18.8547    | 23.2750   
4      | 60.7532    | 63.1750    | 16.0375    | 21.2000   
5      | 62.9778    | 66.3250    | 13.9870    | 19.5250   
6      | 65.1465    | 69.7250    | 11.9811    | 17.7500   
7      | 67.0320    | 72.9000    | 10.2836    | 16.1500   
8      | 48.6630    | 48.7500    | 32.3818    | 31.9000   
9      | 46.3003    | 46.3750    | 36.7510    | 34.3250   

PSTEPS = 200, TSTEPS = 40000

TIME TAKEN = 263.49204 ms
Run 10

 GPU ACCELERATED IMPLEMENTATION
--------------------------------------------------------------

Index  | Call Model | Call Actual | Put Model  | Put Actual
--------------------------------------------------------------
0      | 51.3884    | 51.7000    | 28.5524    | 29.6500   
1      | 53.1440    | 53.6500    | 24.8999    | 27.3750   
2      | 55.5508    | 56.4000    | 21.9541    | 25.3500   
3      | 58.3780    | 59.9750    | 18.8547    | 23.2750   
4      | 60.7532    | 63.1750    | 16.0375    | 21.2000   
5      | 62.9778    | 66.3250    | 13.9870    | 19.5250   
6      | 65.1465    | 69.7250    | 11.9811    | 17.7500   
7      | 67.0320    | 72.9000    | 10.2836    | 16.1500   
8      | 48.6630    | 48.7500    | 32.3818    | 31.9000   
9      | 46.3003    | 46.3750    | 36.7510    | 34.3250   

PSTEPS = 200, TSTEPS = 40000

TIME TAKEN = 262.79111 ms
