Benchmarking: black_scholes_cpu_acc with p=180, t=30000
Run 1

 CPU ACCELERATED IMPLEMENTATION
--------------------------------------------------------------

Index  | Call Model | Call Actual | Put Model  | Put Actual
--------------------------------------------------------------
0      | 50.6486    | 51.7000    | 29.0231    | 29.6500   
1      | 52.2355    | 53.6500    | 25.4291    | 27.3750   
2      | 54.4495    | 56.4000    | 22.5235    | 25.3500   
3      | 57.0710    | 59.9750    | 19.4518    | 23.2750   
4      | 59.2468    | 63.1750    | 16.6465    | 21.2000   
5      | 61.2729    | 66.3250    | 14.5963    | 19.5250   
6      | 63.2478    | 69.7250    | 12.5864    | 17.7500   
7      | 64.9475    | 72.9000    | 10.8786    | 16.1500   
8      | 48.1107    | 48.7500    | 32.7765    | 31.9000   
9      | 45.9293    | 46.3750    | 37.0628    | 34.3250   

PSTEPS = 180, TSTEPS = 30000

TIME TAKEN = 140.88616 ms
Run 2

 CPU ACCELERATED IMPLEMENTATION
--------------------------------------------------------------

Index  | Call Model | Call Actual | Put Model  | Put Actual
--------------------------------------------------------------
0      | 50.6486    | 51.7000    | 29.0231    | 29.6500   
1      | 52.2355    | 53.6500    | 25.4291    | 27.3750   
2      | 54.4495    | 56.4000    | 22.5235    | 25.3500   
3      | 57.0710    | 59.9750    | 19.4518    | 23.2750   
4      | 59.2468    | 63.1750    | 16.6465    | 21.2000   
5      | 61.2729    | 66.3250    | 14.5963    | 19.5250   
6      | 63.2478    | 69.7250    | 12.5864    | 17.7500   
7      | 64.9475    | 72.9000    | 10.8786    | 16.1500   
8      | 48.1107    | 48.7500    | 32.7765    | 31.9000   
9      | 45.9293    | 46.3750    | 37.0628    | 34.3250   

PSTEPS = 180, TSTEPS = 30000

TIME TAKEN = 140.91695 ms
Run 3

 CPU ACCELERATED IMPLEMENTATION
--------------------------------------------------------------

Index  | Call Model | Call Actual | Put Model  | Put Actual
--------------------------------------------------------------
0      | 50.6486    | 51.7000    | 29.0231    | 29.6500   
1      | 52.2355    | 53.6500    | 25.4291    | 27.3750   
2      | 54.4495    | 56.4000    | 22.5235    | 25.3500   
3      | 57.0710    | 59.9750    | 19.4518    | 23.2750   
4      | 59.2468    | 63.1750    | 16.6465    | 21.2000   
5      | 61.2729    | 66.3250    | 14.5963    | 19.5250   
6      | 63.2478    | 69.7250    | 12.5864    | 17.7500   
7      | 64.9475    | 72.9000    | 10.8786    | 16.1500   
8      | 48.1107    | 48.7500    | 32.7765    | 31.9000   
9      | 45.9293    | 46.3750    | 37.0628    | 34.3250   

PSTEPS = 180, TSTEPS = 30000

TIME TAKEN = 141.10293 ms
Run 4

 CPU ACCELERATED IMPLEMENTATION
--------------------------------------------------------------

Index  | Call Model | Call Actual | Put Model  | Put Actual
--------------------------------------------------------------
0      | 50.6486    | 51.7000    | 29.0231    | 29.6500   
1      | 52.2355    | 53.6500    | 25.4291    | 27.3750   
2      | 54.4495    | 56.4000    | 22.5235    | 25.3500   
3      | 57.0710    | 59.9750    | 19.4518    | 23.2750   
4      | 59.2468    | 63.1750    | 16.6465    | 21.2000   
5      | 61.2729    | 66.3250    | 14.5963    | 19.5250   
6      | 63.2478    | 69.7250    | 12.5864    | 17.7500   
7      | 64.9475    | 72.9000    | 10.8786    | 16.1500   
8      | 48.1107    | 48.7500    | 32.7765    | 31.9000   
9      | 45.9293    | 46.3750    | 37.0628    | 34.3250   

PSTEPS = 180, TSTEPS = 30000

TIME TAKEN = 141.02918 ms
Run 5

 CPU ACCELERATED IMPLEMENTATION
--------------------------------------------------------------

Index  | Call Model | Call Actual | Put Model  | Put Actual
--------------------------------------------------------------
0      | 50.6486    | 51.7000    | 29.0231    | 29.6500   
1      | 52.2355    | 53.6500    | 25.4291    | 27.3750   
2      | 54.4495    | 56.4000    | 22.5235    | 25.3500   
3      | 57.0710    | 59.9750    | 19.4518    | 23.2750   
4      | 59.2468    | 63.1750    | 16.6465    | 21.2000   
5      | 61.2729    | 66.3250    | 14.5963    | 19.5250   
6      | 63.2478    | 69.7250    | 12.5864    | 17.7500   
7      | 64.9475    | 72.9000    | 10.8786    | 16.1500   
8      | 48.1107    | 48.7500    | 32.7765    | 31.9000   
9      | 45.9293    | 46.3750    | 37.0628    | 34.3250   

PSTEPS = 180, TSTEPS = 30000

TIME TAKEN = 141.00392 ms
Run 6

 CPU ACCELERATED IMPLEMENTATION
--------------------------------------------------------------

Index  | Call Model | Call Actual | Put Model  | Put Actual
--------------------------------------------------------------
0      | 50.6486    | 51.7000    | 29.0231    | 29.6500   
1      | 52.2355    | 53.6500    | 25.4291    | 27.3750   
2      | 54.4495    | 56.4000    | 22.5235    | 25.3500   
3      | 57.0710    | 59.9750    | 19.4518    | 23.2750   
4      | 59.2468    | 63.1750    | 16.6465    | 21.2000   
5      | 61.2729    | 66.3250    | 14.5963    | 19.5250   
6      | 63.2478    | 69.7250    | 12.5864    | 17.7500   
7      | 64.9475    | 72.9000    | 10.8786    | 16.1500   
8      | 48.1107    | 48.7500    | 32.7765    | 31.9000   
9      | 45.9293    | 46.3750    | 37.0628    | 34.3250   

PSTEPS = 180, TSTEPS = 30000

TIME TAKEN = 140.97723 ms
Run 7

 CPU ACCELERATED IMPLEMENTATION
--------------------------------------------------------------

Index  | Call Model | Call Actual | Put Model  | Put Actual
--------------------------------------------------------------
0      | 50.6486    | 51.7000    | 29.0231    | 29.6500   
1      | 52.2355    | 53.6500    | 25.4291    | 27.3750   
2      | 54.4495    | 56.4000    | 22.5235    | 25.3500   
3      | 57.0710    | 59.9750    | 19.4518    | 23.2750   
4      | 59.2468    | 63.1750    | 16.6465    | 21.2000   
5      | 61.2729    | 66.3250    | 14.5963    | 19.5250   
6      | 63.2478    | 69.7250    | 12.5864    | 17.7500   
7      | 64.9475    | 72.9000    | 10.8786    | 16.1500   
8      | 48.1107    | 48.7500    | 32.7765    | 31.9000   
9      | 45.9293    | 46.3750    | 37.0628    | 34.3250   

PSTEPS = 180, TSTEPS = 30000

TIME TAKEN = 140.77882 ms
Run 8

 CPU ACCELERATED IMPLEMENTATION
--------------------------------------------------------------

Index  | Call Model | Call Actual | Put Model  | Put Actual
--------------------------------------------------------------
0      | 50.6486    | 51.7000    | 29.0231    | 29.6500   
1      | 52.2355    | 53.6500    | 25.4291    | 27.3750   
2      | 54.4495    | 56.4000    | 22.5235    | 25.3500   
3      | 57.0710    | 59.9750    | 19.4518    | 23.2750   
4      | 59.2468    | 63.1750    | 16.6465    | 21.2000   
5      | 61.2729    | 66.3250    | 14.5963    | 19.5250   
6      | 63.2478    | 69.7250    | 12.5864    | 17.7500   
7      | 64.9475    | 72.9000    | 10.8786    | 16.1500   
8      | 48.1107    | 48.7500    | 32.7765    | 31.9000   
9      | 45.9293    | 46.3750    | 37.0628    | 34.3250   

PSTEPS = 180, TSTEPS = 30000

TIME TAKEN = 140.82178 ms
Run 9

 CPU ACCELERATED IMPLEMENTATION
--------------------------------------------------------------

Index  | Call Model | Call Actual | Put Model  | Put Actual
--------------------------------------------------------------
0      | 50.6486    | 51.7000    | 29.0231    | 29.6500   
1      | 52.2355    | 53.6500    | 25.4291    | 27.3750   
2      | 54.4495    | 56.4000    | 22.5235    | 25.3500   
3      | 57.0710    | 59.9750    | 19.4518    | 23.2750   
4      | 59.2468    | 63.1750    | 16.6465    | 21.2000   
5      | 61.2729    | 66.3250    | 14.5963    | 19.5250   
6      | 63.2478    | 69.7250    | 12.5864    | 17.7500   
7      | 64.9475    | 72.9000    | 10.8786    | 16.1500   
8      | 48.1107    | 48.7500    | 32.7765    | 31.9000   
9      | 45.9293    | 46.3750    | 37.0628    | 34.3250   

PSTEPS = 180, TSTEPS = 30000

TIME TAKEN = 140.85755 ms
Run 10

 CPU ACCELERATED IMPLEMENTATION
--------------------------------------------------------------

Index  | Call Model | Call Actual | Put Model  | Put Actual
--------------------------------------------------------------
0      | 50.6486    | 51.7000    | 29.0231    | 29.6500   
1      | 52.2355    | 53.6500    | 25.4291    | 27.3750   
2      | 54.4495    | 56.4000    | 22.5235    | 25.3500   
3      | 57.0710    | 59.9750    | 19.4518    | 23.2750   
4      | 59.2468    | 63.1750    | 16.6465    | 21.2000   
5      | 61.2729    | 66.3250    | 14.5963    | 19.5250   
6      | 63.2478    | 69.7250    | 12.5864    | 17.7500   
7      | 64.9475    | 72.9000    | 10.8786    | 16.1500   
8      | 48.1107    | 48.7500    | 32.7765    | 31.9000   
9      | 45.9293    | 46.3750    | 37.0628    | 34.3250   

PSTEPS = 180, TSTEPS = 30000

TIME TAKEN = 140.80816 ms
