Benchmarking: black_scholes_hybrid2 with p=60, t=20000
Run 1

 HYBRID IMPLEMENTATION 2
--------------------------------------------------------------

Index  | Call Model | Call Actual | Put Model  | Put Actual
--------------------------------------------------------------
0      | 46.3914    | 51.7000    | 32.1873    | 29.6500   
1      | 46.9436    | 53.6500    | 28.8934    | 27.3750   
2      | 48.1460    | 56.4000    | 26.3408    | 25.3500   
3      | 49.6024    | 59.9750    | 23.4674    | 23.2750   
4      | 50.7089    | 63.1750    | 20.8187    | 21.2000   
5      | 51.6876    | 66.3250    | 18.8659    | 19.5250   
6      | 52.5653    | 69.7250    | 16.8436    | 17.7500   
7      | 53.2800    | 72.9000    | 15.1439    | 16.1500   
8      | 44.9049    | 48.7500    | 35.4342    | 31.9000   
9      | 43.6772    | 46.3750    | 39.1072    | 34.3250   

PSTEPS = 60, TSTEPS = 20000

TIME TAKEN = 309.64407 ms
Run 2

 HYBRID IMPLEMENTATION 2
--------------------------------------------------------------

Index  | Call Model | Call Actual | Put Model  | Put Actual
--------------------------------------------------------------
0      | 46.3914    | 51.7000    | 32.1873    | 29.6500   
1      | 46.9436    | 53.6500    | 28.8934    | 27.3750   
2      | 48.1460    | 56.4000    | 26.3408    | 25.3500   
3      | 49.6024    | 59.9750    | 23.4674    | 23.2750   
4      | 50.7089    | 63.1750    | 20.8187    | 21.2000   
5      | 51.6876    | 66.3250    | 18.8659    | 19.5250   
6      | 52.5653    | 69.7250    | 16.8436    | 17.7500   
7      | 53.2800    | 72.9000    | 15.1439    | 16.1500   
8      | 44.9049    | 48.7500    | 35.4342    | 31.9000   
9      | 43.6772    | 46.3750    | 39.1072    | 34.3250   

PSTEPS = 60, TSTEPS = 20000

TIME TAKEN = 290.74324 ms
Run 3

 HYBRID IMPLEMENTATION 2
--------------------------------------------------------------

Index  | Call Model | Call Actual | Put Model  | Put Actual
--------------------------------------------------------------
0      | 46.3914    | 51.7000    | 32.1873    | 29.6500   
1      | 46.9436    | 53.6500    | 28.8934    | 27.3750   
2      | 48.1460    | 56.4000    | 26.3408    | 25.3500   
3      | 49.6024    | 59.9750    | 23.4674    | 23.2750   
4      | 50.7089    | 63.1750    | 20.8187    | 21.2000   
5      | 51.6876    | 66.3250    | 18.8659    | 19.5250   
6      | 52.5653    | 69.7250    | 16.8436    | 17.7500   
7      | 53.2800    | 72.9000    | 15.1439    | 16.1500   
8      | 44.9049    | 48.7500    | 35.4342    | 31.9000   
9      | 43.6772    | 46.3750    | 39.1072    | 34.3250   

PSTEPS = 60, TSTEPS = 20000

TIME TAKEN = 325.93629 ms
Run 4

 HYBRID IMPLEMENTATION 2
--------------------------------------------------------------

Index  | Call Model | Call Actual | Put Model  | Put Actual
--------------------------------------------------------------
0      | 46.3914    | 51.7000    | 32.1873    | 29.6500   
1      | 46.9436    | 53.6500    | 28.8934    | 27.3750   
2      | 48.1460    | 56.4000    | 26.3408    | 25.3500   
3      | 49.6024    | 59.9750    | 23.4674    | 23.2750   
4      | 50.7089    | 63.1750    | 20.8187    | 21.2000   
5      | 51.6876    | 66.3250    | 18.8659    | 19.5250   
6      | 52.5653    | 69.7250    | 16.8436    | 17.7500   
7      | 53.2800    | 72.9000    | 15.1439    | 16.1500   
8      | 44.9049    | 48.7500    | 35.4342    | 31.9000   
9      | 43.6772    | 46.3750    | 39.1072    | 34.3250   

PSTEPS = 60, TSTEPS = 20000

TIME TAKEN = 305.85497 ms
Run 5

 HYBRID IMPLEMENTATION 2
--------------------------------------------------------------

Index  | Call Model | Call Actual | Put Model  | Put Actual
--------------------------------------------------------------
0      | 46.3914    | 51.7000    | 32.1873    | 29.6500   
1      | 46.9436    | 53.6500    | 28.8934    | 27.3750   
2      | 48.1460    | 56.4000    | 26.3408    | 25.3500   
3      | 49.6024    | 59.9750    | 23.4674    | 23.2750   
4      | 50.7089    | 63.1750    | 20.8187    | 21.2000   
5      | 51.6876    | 66.3250    | 18.8659    | 19.5250   
6      | 52.5653    | 69.7250    | 16.8436    | 17.7500   
7      | 53.2800    | 72.9000    | 15.1439    | 16.1500   
8      | 44.9049    | 48.7500    | 35.4342    | 31.9000   
9      | 43.6772    | 46.3750    | 39.1072    | 34.3250   

PSTEPS = 60, TSTEPS = 20000

TIME TAKEN = 309.63677 ms
Run 6

 HYBRID IMPLEMENTATION 2
--------------------------------------------------------------

Index  | Call Model | Call Actual | Put Model  | Put Actual
--------------------------------------------------------------
0      | 46.3914    | 51.7000    | 32.1873    | 29.6500   
1      | 46.9436    | 53.6500    | 28.8934    | 27.3750   
2      | 48.1460    | 56.4000    | 26.3408    | 25.3500   
3      | 49.6024    | 59.9750    | 23.4674    | 23.2750   
4      | 50.7089    | 63.1750    | 20.8187    | 21.2000   
5      | 51.6876    | 66.3250    | 18.8659    | 19.5250   
6      | 52.5653    | 69.7250    | 16.8436    | 17.7500   
7      | 53.2800    | 72.9000    | 15.1439    | 16.1500   
8      | 44.9049    | 48.7500    | 35.4342    | 31.9000   
9      | 43.6772    | 46.3750    | 39.1072    | 34.3250   

PSTEPS = 60, TSTEPS = 20000

TIME TAKEN = 301.42292 ms
Run 7

 HYBRID IMPLEMENTATION 2
--------------------------------------------------------------

Index  | Call Model | Call Actual | Put Model  | Put Actual
--------------------------------------------------------------
0      | 46.3914    | 51.7000    | 32.1873    | 29.6500   
1      | 46.9436    | 53.6500    | 28.8934    | 27.3750   
2      | 48.1460    | 56.4000    | 26.3408    | 25.3500   
3      | 49.6024    | 59.9750    | 23.4674    | 23.2750   
4      | 50.7089    | 63.1750    | 20.8187    | 21.2000   
5      | 51.6876    | 66.3250    | 18.8659    | 19.5250   
6      | 52.5653    | 69.7250    | 16.8436    | 17.7500   
7      | 53.2800    | 72.9000    | 15.1439    | 16.1500   
8      | 44.9049    | 48.7500    | 35.4342    | 31.9000   
9      | 43.6772    | 46.3750    | 39.1072    | 34.3250   

PSTEPS = 60, TSTEPS = 20000

TIME TAKEN = 330.60163 ms
Run 8

 HYBRID IMPLEMENTATION 2
--------------------------------------------------------------

Index  | Call Model | Call Actual | Put Model  | Put Actual
--------------------------------------------------------------
0      | 46.3914    | 51.7000    | 32.1873    | 29.6500   
1      | 46.9436    | 53.6500    | 28.8934    | 27.3750   
2      | 48.1460    | 56.4000    | 26.3408    | 25.3500   
3      | 49.6024    | 59.9750    | 23.4674    | 23.2750   
4      | 50.7089    | 63.1750    | 20.8187    | 21.2000   
5      | 51.6876    | 66.3250    | 18.8659    | 19.5250   
6      | 52.5653    | 69.7250    | 16.8436    | 17.7500   
7      | 53.2800    | 72.9000    | 15.1439    | 16.1500   
8      | 44.9049    | 48.7500    | 35.4342    | 31.9000   
9      | 43.6772    | 46.3750    | 39.1072    | 34.3250   

PSTEPS = 60, TSTEPS = 20000

TIME TAKEN = 325.11824 ms
Run 9

 HYBRID IMPLEMENTATION 2
--------------------------------------------------------------

Index  | Call Model | Call Actual | Put Model  | Put Actual
--------------------------------------------------------------
0      | 46.3914    | 51.7000    | 32.1873    | 29.6500   
1      | 46.9436    | 53.6500    | 28.8934    | 27.3750   
2      | 48.1460    | 56.4000    | 26.3408    | 25.3500   
3      | 49.6024    | 59.9750    | 23.4674    | 23.2750   
4      | 50.7089    | 63.1750    | 20.8187    | 21.2000   
5      | 51.6876    | 66.3250    | 18.8659    | 19.5250   
6      | 52.5653    | 69.7250    | 16.8436    | 17.7500   
7      | 53.2800    | 72.9000    | 15.1439    | 16.1500   
8      | 44.9049    | 48.7500    | 35.4342    | 31.9000   
9      | 43.6772    | 46.3750    | 39.1072    | 34.3250   

PSTEPS = 60, TSTEPS = 20000

TIME TAKEN = 331.20987 ms
Run 10

 HYBRID IMPLEMENTATION 2
--------------------------------------------------------------

Index  | Call Model | Call Actual | Put Model  | Put Actual
--------------------------------------------------------------
0      | 46.3914    | 51.7000    | 32.1873    | 29.6500   
1      | 46.9436    | 53.6500    | 28.8934    | 27.3750   
2      | 48.1460    | 56.4000    | 26.3408    | 25.3500   
3      | 49.6024    | 59.9750    | 23.4674    | 23.2750   
4      | 50.7089    | 63.1750    | 20.8187    | 21.2000   
5      | 51.6876    | 66.3250    | 18.8659    | 19.5250   
6      | 52.5653    | 69.7250    | 16.8436    | 17.7500   
7      | 53.2800    | 72.9000    | 15.1439    | 16.1500   
8      | 44.9049    | 48.7500    | 35.4342    | 31.9000   
9      | 43.6772    | 46.3750    | 39.1072    | 34.3250   

PSTEPS = 60, TSTEPS = 20000

TIME TAKEN = 340.25349 ms
