Benchmarking: black_scholes_base with p=40, t=40000
Run 1

BASIC IMPLEMENTATION
--------------------------------------------------------------

Index  | Call Model | Call Actual | Put Model  | Put Actual
--------------------------------------------------------------
0      | 45.6394    | 51.7000    | 32.9394    | 29.6500   
1      | 46.1553    | 53.6500    | 29.8189    | 27.3750   
2      | 47.1410    | 56.4000    | 27.2628    | 25.3500   
3      | 48.3761    | 59.9750    | 24.3800    | 23.2750   
4      | 49.3424    | 63.1750    | 21.7800    | 21.2000   
5      | 50.2133    | 66.3250    | 19.8948    | 19.5250   
6      | 50.9420    | 69.7250    | 17.8880    | 17.7500   
7      | 51.3781    | 72.9000    | 16.0577    | 16.1500   
8      | 44.3193    | 48.7500    | 36.1073    | 31.9000   
9      | 43.3609    | 46.3750    | 39.8025    | 34.3250   

PSTEPS = 40, TSTEPS = 40000

TIME TAKEN = 460.51381 ms
Run 2

BASIC IMPLEMENTATION
--------------------------------------------------------------

Index  | Call Model | Call Actual | Put Model  | Put Actual
--------------------------------------------------------------
0      | 45.6394    | 51.7000    | 32.9394    | 29.6500   
1      | 46.1553    | 53.6500    | 29.8189    | 27.3750   
2      | 47.1410    | 56.4000    | 27.2628    | 25.3500   
3      | 48.3761    | 59.9750    | 24.3800    | 23.2750   
4      | 49.3424    | 63.1750    | 21.7800    | 21.2000   
5      | 50.2133    | 66.3250    | 19.8948    | 19.5250   
6      | 50.9420    | 69.7250    | 17.8880    | 17.7500   
7      | 51.3781    | 72.9000    | 16.0577    | 16.1500   
8      | 44.3193    | 48.7500    | 36.1073    | 31.9000   
9      | 43.3609    | 46.3750    | 39.8025    | 34.3250   

PSTEPS = 40, TSTEPS = 40000

TIME TAKEN = 441.71022 ms
Run 3

BASIC IMPLEMENTATION
--------------------------------------------------------------

Index  | Call Model | Call Actual | Put Model  | Put Actual
--------------------------------------------------------------
0      | 45.6394    | 51.7000    | 32.9394    | 29.6500   
1      | 46.1553    | 53.6500    | 29.8189    | 27.3750   
2      | 47.1410    | 56.4000    | 27.2628    | 25.3500   
3      | 48.3761    | 59.9750    | 24.3800    | 23.2750   
4      | 49.3424    | 63.1750    | 21.7800    | 21.2000   
5      | 50.2133    | 66.3250    | 19.8948    | 19.5250   
6      | 50.9420    | 69.7250    | 17.8880    | 17.7500   
7      | 51.3781    | 72.9000    | 16.0577    | 16.1500   
8      | 44.3193    | 48.7500    | 36.1073    | 31.9000   
9      | 43.3609    | 46.3750    | 39.8025    | 34.3250   

PSTEPS = 40, TSTEPS = 40000

TIME TAKEN = 442.69011 ms
Run 4

BASIC IMPLEMENTATION
--------------------------------------------------------------

Index  | Call Model | Call Actual | Put Model  | Put Actual
--------------------------------------------------------------
0      | 45.6394    | 51.7000    | 32.9394    | 29.6500   
1      | 46.1553    | 53.6500    | 29.8189    | 27.3750   
2      | 47.1410    | 56.4000    | 27.2628    | 25.3500   
3      | 48.3761    | 59.9750    | 24.3800    | 23.2750   
4      | 49.3424    | 63.1750    | 21.7800    | 21.2000   
5      | 50.2133    | 66.3250    | 19.8948    | 19.5250   
6      | 50.9420    | 69.7250    | 17.8880    | 17.7500   
7      | 51.3781    | 72.9000    | 16.0577    | 16.1500   
8      | 44.3193    | 48.7500    | 36.1073    | 31.9000   
9      | 43.3609    | 46.3750    | 39.8025    | 34.3250   

PSTEPS = 40, TSTEPS = 40000

TIME TAKEN = 449.63672 ms
Run 5

BASIC IMPLEMENTATION
--------------------------------------------------------------

Index  | Call Model | Call Actual | Put Model  | Put Actual
--------------------------------------------------------------
0      | 45.6394    | 51.7000    | 32.9394    | 29.6500   
1      | 46.1553    | 53.6500    | 29.8189    | 27.3750   
2      | 47.1410    | 56.4000    | 27.2628    | 25.3500   
3      | 48.3761    | 59.9750    | 24.3800    | 23.2750   
4      | 49.3424    | 63.1750    | 21.7800    | 21.2000   
5      | 50.2133    | 66.3250    | 19.8948    | 19.5250   
6      | 50.9420    | 69.7250    | 17.8880    | 17.7500   
7      | 51.3781    | 72.9000    | 16.0577    | 16.1500   
8      | 44.3193    | 48.7500    | 36.1073    | 31.9000   
9      | 43.3609    | 46.3750    | 39.8025    | 34.3250   

PSTEPS = 40, TSTEPS = 40000

TIME TAKEN = 439.56393 ms
Run 6

BASIC IMPLEMENTATION
--------------------------------------------------------------

Index  | Call Model | Call Actual | Put Model  | Put Actual
--------------------------------------------------------------
0      | 45.6394    | 51.7000    | 32.9394    | 29.6500   
1      | 46.1553    | 53.6500    | 29.8189    | 27.3750   
2      | 47.1410    | 56.4000    | 27.2628    | 25.3500   
3      | 48.3761    | 59.9750    | 24.3800    | 23.2750   
4      | 49.3424    | 63.1750    | 21.7800    | 21.2000   
5      | 50.2133    | 66.3250    | 19.8948    | 19.5250   
6      | 50.9420    | 69.7250    | 17.8880    | 17.7500   
7      | 51.3781    | 72.9000    | 16.0577    | 16.1500   
8      | 44.3193    | 48.7500    | 36.1073    | 31.9000   
9      | 43.3609    | 46.3750    | 39.8025    | 34.3250   

PSTEPS = 40, TSTEPS = 40000

TIME TAKEN = 443.97034 ms
Run 7

BASIC IMPLEMENTATION
--------------------------------------------------------------

Index  | Call Model | Call Actual | Put Model  | Put Actual
--------------------------------------------------------------
0      | 45.6394    | 51.7000    | 32.9394    | 29.6500   
1      | 46.1553    | 53.6500    | 29.8189    | 27.3750   
2      | 47.1410    | 56.4000    | 27.2628    | 25.3500   
3      | 48.3761    | 59.9750    | 24.3800    | 23.2750   
4      | 49.3424    | 63.1750    | 21.7800    | 21.2000   
5      | 50.2133    | 66.3250    | 19.8948    | 19.5250   
6      | 50.9420    | 69.7250    | 17.8880    | 17.7500   
7      | 51.3781    | 72.9000    | 16.0577    | 16.1500   
8      | 44.3193    | 48.7500    | 36.1073    | 31.9000   
9      | 43.3609    | 46.3750    | 39.8025    | 34.3250   

PSTEPS = 40, TSTEPS = 40000

TIME TAKEN = 454.07622 ms
Run 8

BASIC IMPLEMENTATION
--------------------------------------------------------------

Index  | Call Model | Call Actual | Put Model  | Put Actual
--------------------------------------------------------------
0      | 45.6394    | 51.7000    | 32.9394    | 29.6500   
1      | 46.1553    | 53.6500    | 29.8189    | 27.3750   
2      | 47.1410    | 56.4000    | 27.2628    | 25.3500   
3      | 48.3761    | 59.9750    | 24.3800    | 23.2750   
4      | 49.3424    | 63.1750    | 21.7800    | 21.2000   
5      | 50.2133    | 66.3250    | 19.8948    | 19.5250   
6      | 50.9420    | 69.7250    | 17.8880    | 17.7500   
7      | 51.3781    | 72.9000    | 16.0577    | 16.1500   
8      | 44.3193    | 48.7500    | 36.1073    | 31.9000   
9      | 43.3609    | 46.3750    | 39.8025    | 34.3250   

PSTEPS = 40, TSTEPS = 40000

TIME TAKEN = 440.64549 ms
Run 9

BASIC IMPLEMENTATION
--------------------------------------------------------------

Index  | Call Model | Call Actual | Put Model  | Put Actual
--------------------------------------------------------------
0      | 45.6394    | 51.7000    | 32.9394    | 29.6500   
1      | 46.1553    | 53.6500    | 29.8189    | 27.3750   
2      | 47.1410    | 56.4000    | 27.2628    | 25.3500   
3      | 48.3761    | 59.9750    | 24.3800    | 23.2750   
4      | 49.3424    | 63.1750    | 21.7800    | 21.2000   
5      | 50.2133    | 66.3250    | 19.8948    | 19.5250   
6      | 50.9420    | 69.7250    | 17.8880    | 17.7500   
7      | 51.3781    | 72.9000    | 16.0577    | 16.1500   
8      | 44.3193    | 48.7500    | 36.1073    | 31.9000   
9      | 43.3609    | 46.3750    | 39.8025    | 34.3250   

PSTEPS = 40, TSTEPS = 40000

TIME TAKEN = 444.50844 ms
Run 10

BASIC IMPLEMENTATION
--------------------------------------------------------------

Index  | Call Model | Call Actual | Put Model  | Put Actual
--------------------------------------------------------------
0      | 45.6394    | 51.7000    | 32.9394    | 29.6500   
1      | 46.1553    | 53.6500    | 29.8189    | 27.3750   
2      | 47.1410    | 56.4000    | 27.2628    | 25.3500   
3      | 48.3761    | 59.9750    | 24.3800    | 23.2750   
4      | 49.3424    | 63.1750    | 21.7800    | 21.2000   
5      | 50.2133    | 66.3250    | 19.8948    | 19.5250   
6      | 50.9420    | 69.7250    | 17.8880    | 17.7500   
7      | 51.3781    | 72.9000    | 16.0577    | 16.1500   
8      | 44.3193    | 48.7500    | 36.1073    | 31.9000   
9      | 43.3609    | 46.3750    | 39.8025    | 34.3250   

PSTEPS = 40, TSTEPS = 40000

TIME TAKEN = 451.38896 ms
