Benchmarking: black_scholes_hybrid2 with p=140, t=30000
Run 1

 HYBRID IMPLEMENTATION 2
--------------------------------------------------------------

Index  | Call Model | Call Actual | Put Model  | Put Actual
--------------------------------------------------------------
0      | 49.1964    | 51.7000    | 29.9947    | 29.6500   
1      | 50.4373    | 53.6500    | 26.5055    | 27.3750   
2      | 52.2841    | 56.4000    | 23.6947    | 25.3500   
3      | 54.5135    | 59.9750    | 20.6929    | 23.2750   
4      | 56.3068    | 63.1750    | 17.9221    | 21.2000   
5      | 57.9638    | 66.3250    | 15.8940    | 19.5250   
6      | 59.5592    | 69.7250    | 13.8766    | 17.7500   
7      | 60.8941    | 72.9000    | 12.1465    | 16.1500   
8      | 47.0183    | 48.7500    | 33.5832    | 31.9000   
9      | 45.1757    | 46.3750    | 37.6817    | 34.3250   

PSTEPS = 140, TSTEPS = 30000

TIME TAKEN = 497.11288 ms
Run 2

 HYBRID IMPLEMENTATION 2
--------------------------------------------------------------

Index  | Call Model | Call Actual | Put Model  | Put Actual
--------------------------------------------------------------
0      | 49.1964    | 51.7000    | 29.9947    | 29.6500   
1      | 50.4373    | 53.6500    | 26.5055    | 27.3750   
2      | 52.2841    | 56.4000    | 23.6947    | 25.3500   
3      | 54.5135    | 59.9750    | 20.6929    | 23.2750   
4      | 56.3068    | 63.1750    | 17.9221    | 21.2000   
5      | 57.9638    | 66.3250    | 15.8940    | 19.5250   
6      | 59.5592    | 69.7250    | 13.8766    | 17.7500   
7      | 60.8941    | 72.9000    | 12.1465    | 16.1500   
8      | 47.0183    | 48.7500    | 33.5832    | 31.9000   
9      | 45.1757    | 46.3750    | 37.6817    | 34.3250   

PSTEPS = 140, TSTEPS = 30000

TIME TAKEN = 497.81983 ms
Run 3

 HYBRID IMPLEMENTATION 2
--------------------------------------------------------------

Index  | Call Model | Call Actual | Put Model  | Put Actual
--------------------------------------------------------------
0      | 49.1964    | 51.7000    | 29.9947    | 29.6500   
1      | 50.4373    | 53.6500    | 26.5055    | 27.3750   
2      | 52.2841    | 56.4000    | 23.6947    | 25.3500   
3      | 54.5135    | 59.9750    | 20.6929    | 23.2750   
4      | 56.3068    | 63.1750    | 17.9221    | 21.2000   
5      | 57.9638    | 66.3250    | 15.8940    | 19.5250   
6      | 59.5592    | 69.7250    | 13.8766    | 17.7500   
7      | 60.8941    | 72.9000    | 12.1465    | 16.1500   
8      | 47.0183    | 48.7500    | 33.5832    | 31.9000   
9      | 45.1757    | 46.3750    | 37.6817    | 34.3250   

PSTEPS = 140, TSTEPS = 30000

TIME TAKEN = 500.77186 ms
Run 4

 HYBRID IMPLEMENTATION 2
--------------------------------------------------------------

Index  | Call Model | Call Actual | Put Model  | Put Actual
--------------------------------------------------------------
0      | 49.1964    | 51.7000    | 29.9947    | 29.6500   
1      | 50.4373    | 53.6500    | 26.5055    | 27.3750   
2      | 52.2841    | 56.4000    | 23.6947    | 25.3500   
3      | 54.5135    | 59.9750    | 20.6929    | 23.2750   
4      | 56.3068    | 63.1750    | 17.9221    | 21.2000   
5      | 57.9638    | 66.3250    | 15.8940    | 19.5250   
6      | 59.5592    | 69.7250    | 13.8766    | 17.7500   
7      | 60.8941    | 72.9000    | 12.1465    | 16.1500   
8      | 47.0183    | 48.7500    | 33.5832    | 31.9000   
9      | 45.1757    | 46.3750    | 37.6817    | 34.3250   

PSTEPS = 140, TSTEPS = 30000

TIME TAKEN = 521.15639 ms
Run 5

 HYBRID IMPLEMENTATION 2
--------------------------------------------------------------

Index  | Call Model | Call Actual | Put Model  | Put Actual
--------------------------------------------------------------
0      | 49.1964    | 51.7000    | 29.9947    | 29.6500   
1      | 50.4373    | 53.6500    | 26.5055    | 27.3750   
2      | 52.2841    | 56.4000    | 23.6947    | 25.3500   
3      | 54.5135    | 59.9750    | 20.6929    | 23.2750   
4      | 56.3068    | 63.1750    | 17.9221    | 21.2000   
5      | 57.9638    | 66.3250    | 15.8940    | 19.5250   
6      | 59.5592    | 69.7250    | 13.8766    | 17.7500   
7      | 60.8941    | 72.9000    | 12.1465    | 16.1500   
8      | 47.0183    | 48.7500    | 33.5832    | 31.9000   
9      | 45.1757    | 46.3750    | 37.6817    | 34.3250   

PSTEPS = 140, TSTEPS = 30000

TIME TAKEN = 509.71544 ms
Run 6

 HYBRID IMPLEMENTATION 2
--------------------------------------------------------------

Index  | Call Model | Call Actual | Put Model  | Put Actual
--------------------------------------------------------------
0      | 49.1964    | 51.7000    | 29.9947    | 29.6500   
1      | 50.4373    | 53.6500    | 26.5055    | 27.3750   
2      | 52.2841    | 56.4000    | 23.6947    | 25.3500   
3      | 54.5135    | 59.9750    | 20.6929    | 23.2750   
4      | 56.3068    | 63.1750    | 17.9221    | 21.2000   
5      | 57.9638    | 66.3250    | 15.8940    | 19.5250   
6      | 59.5592    | 69.7250    | 13.8766    | 17.7500   
7      | 60.8941    | 72.9000    | 12.1465    | 16.1500   
8      | 47.0183    | 48.7500    | 33.5832    | 31.9000   
9      | 45.1757    | 46.3750    | 37.6817    | 34.3250   

PSTEPS = 140, TSTEPS = 30000

TIME TAKEN = 523.31888 ms
Run 7

 HYBRID IMPLEMENTATION 2
--------------------------------------------------------------

Index  | Call Model | Call Actual | Put Model  | Put Actual
--------------------------------------------------------------
0      | 49.1964    | 51.7000    | 29.9947    | 29.6500   
1      | 50.4373    | 53.6500    | 26.5055    | 27.3750   
2      | 52.2841    | 56.4000    | 23.6947    | 25.3500   
3      | 54.5135    | 59.9750    | 20.6929    | 23.2750   
4      | 56.3068    | 63.1750    | 17.9221    | 21.2000   
5      | 57.9638    | 66.3250    | 15.8940    | 19.5250   
6      | 59.5592    | 69.7250    | 13.8766    | 17.7500   
7      | 60.8941    | 72.9000    | 12.1465    | 16.1500   
8      | 47.0183    | 48.7500    | 33.5832    | 31.9000   
9      | 45.1757    | 46.3750    | 37.6817    | 34.3250   

PSTEPS = 140, TSTEPS = 30000

TIME TAKEN = 546.87196 ms
Run 8

 HYBRID IMPLEMENTATION 2
--------------------------------------------------------------

Index  | Call Model | Call Actual | Put Model  | Put Actual
--------------------------------------------------------------
0      | 49.1964    | 51.7000    | 29.9947    | 29.6500   
1      | 50.4373    | 53.6500    | 26.5055    | 27.3750   
2      | 52.2841    | 56.4000    | 23.6947    | 25.3500   
3      | 54.5135    | 59.9750    | 20.6929    | 23.2750   
4      | 56.3068    | 63.1750    | 17.9221    | 21.2000   
5      | 57.9638    | 66.3250    | 15.8940    | 19.5250   
6      | 59.5592    | 69.7250    | 13.8766    | 17.7500   
7      | 60.8941    | 72.9000    | 12.1465    | 16.1500   
8      | 47.0183    | 48.7500    | 33.5832    | 31.9000   
9      | 45.1757    | 46.3750    | 37.6817    | 34.3250   

PSTEPS = 140, TSTEPS = 30000

TIME TAKEN = 538.77452 ms
Run 9

 HYBRID IMPLEMENTATION 2
--------------------------------------------------------------

Index  | Call Model | Call Actual | Put Model  | Put Actual
--------------------------------------------------------------
0      | 49.1964    | 51.7000    | 29.9947    | 29.6500   
1      | 50.4373    | 53.6500    | 26.5055    | 27.3750   
2      | 52.2841    | 56.4000    | 23.6947    | 25.3500   
3      | 54.5135    | 59.9750    | 20.6929    | 23.2750   
4      | 56.3068    | 63.1750    | 17.9221    | 21.2000   
5      | 57.9638    | 66.3250    | 15.8940    | 19.5250   
6      | 59.5592    | 69.7250    | 13.8766    | 17.7500   
7      | 60.8941    | 72.9000    | 12.1465    | 16.1500   
8      | 47.0183    | 48.7500    | 33.5832    | 31.9000   
9      | 45.1757    | 46.3750    | 37.6817    | 34.3250   

PSTEPS = 140, TSTEPS = 30000

TIME TAKEN = 543.03314 ms
Run 10

 HYBRID IMPLEMENTATION 2
--------------------------------------------------------------

Index  | Call Model | Call Actual | Put Model  | Put Actual
--------------------------------------------------------------
0      | 49.1964    | 51.7000    | 29.9947    | 29.6500   
1      | 50.4373    | 53.6500    | 26.5055    | 27.3750   
2      | 52.2841    | 56.4000    | 23.6947    | 25.3500   
3      | 54.5135    | 59.9750    | 20.6929    | 23.2750   
4      | 56.3068    | 63.1750    | 17.9221    | 21.2000   
5      | 57.9638    | 66.3250    | 15.8940    | 19.5250   
6      | 59.5592    | 69.7250    | 13.8766    | 17.7500   
7      | 60.8941    | 72.9000    | 12.1465    | 16.1500   
8      | 47.0183    | 48.7500    | 33.5832    | 31.9000   
9      | 45.1757    | 46.3750    | 37.6817    | 34.3250   

PSTEPS = 140, TSTEPS = 30000

TIME TAKEN = 514.74852 ms
