Benchmarking: black_scholes_gpu with p=120, t=50000
Run 1

 GPU ACCELERATED IMPLEMENTATION
--------------------------------------------------------------

Index  | Call Model | Call Actual | Put Model  | Put Actual
--------------------------------------------------------------
0      | 48.4926    | 51.7000    | 30.5080    | 29.6500   
1      | 49.5568    | 53.6500    | 27.0657    | 27.3750   
2      | 51.2149    | 56.4000    | 24.2952    | 25.3500   
3      | 53.2625    | 59.9750    | 21.3399    | 23.2750   
4      | 54.8731    | 63.1750    | 18.5922    | 21.2000   
5      | 56.3504    | 66.3250    | 16.5768    | 19.5250   
6      | 57.7605    | 69.7250    | 14.5565    | 17.7500   
7      | 58.9179    | 72.9000    | 12.8160    | 16.1500   
8      | 46.4944    | 48.7500    | 34.0156    | 31.9000   
9      | 44.8093    | 46.3750    | 38.0093    | 34.3250   

PSTEPS = 120, TSTEPS = 50000

TIME TAKEN = 398.69778 ms
Run 2

 GPU ACCELERATED IMPLEMENTATION
--------------------------------------------------------------

Index  | Call Model | Call Actual | Put Model  | Put Actual
--------------------------------------------------------------
0      | 48.4926    | 51.7000    | 30.5080    | 29.6500   
1      | 49.5568    | 53.6500    | 27.0657    | 27.3750   
2      | 51.2149    | 56.4000    | 24.2952    | 25.3500   
3      | 53.2625    | 59.9750    | 21.3399    | 23.2750   
4      | 54.8731    | 63.1750    | 18.5922    | 21.2000   
5      | 56.3504    | 66.3250    | 16.5768    | 19.5250   
6      | 57.7605    | 69.7250    | 14.5565    | 17.7500   
7      | 58.9179    | 72.9000    | 12.8160    | 16.1500   
8      | 46.4944    | 48.7500    | 34.0156    | 31.9000   
9      | 44.8093    | 46.3750    | 38.0093    | 34.3250   

PSTEPS = 120, TSTEPS = 50000

TIME TAKEN = 324.40243 ms
Run 3

 GPU ACCELERATED IMPLEMENTATION
--------------------------------------------------------------

Index  | Call Model | Call Actual | Put Model  | Put Actual
--------------------------------------------------------------
0      | 48.4926    | 51.7000    | 30.5080    | 29.6500   
1      | 49.5568    | 53.6500    | 27.0657    | 27.3750   
2      | 51.2149    | 56.4000    | 24.2952    | 25.3500   
3      | 53.2625    | 59.9750    | 21.3399    | 23.2750   
4      | 54.8731    | 63.1750    | 18.5922    | 21.2000   
5      | 56.3504    | 66.3250    | 16.5768    | 19.5250   
6      | 57.7605    | 69.7250    | 14.5565    | 17.7500   
7      | 58.9179    | 72.9000    | 12.8160    | 16.1500   
8      | 46.4944    | 48.7500    | 34.0156    | 31.9000   
9      | 44.8093    | 46.3750    | 38.0093    | 34.3250   

PSTEPS = 120, TSTEPS = 50000

TIME TAKEN = 351.04565 ms
Run 4

 GPU ACCELERATED IMPLEMENTATION
--------------------------------------------------------------

Index  | Call Model | Call Actual | Put Model  | Put Actual
--------------------------------------------------------------
0      | 48.4926    | 51.7000    | 30.5080    | 29.6500   
1      | 49.5568    | 53.6500    | 27.0657    | 27.3750   
2      | 51.2149    | 56.4000    | 24.2952    | 25.3500   
3      | 53.2625    | 59.9750    | 21.3399    | 23.2750   
4      | 54.8731    | 63.1750    | 18.5922    | 21.2000   
5      | 56.3504    | 66.3250    | 16.5768    | 19.5250   
6      | 57.7605    | 69.7250    | 14.5565    | 17.7500   
7      | 58.9179    | 72.9000    | 12.8160    | 16.1500   
8      | 46.4944    | 48.7500    | 34.0156    | 31.9000   
9      | 44.8093    | 46.3750    | 38.0093    | 34.3250   

PSTEPS = 120, TSTEPS = 50000

TIME TAKEN = 329.79050 ms
Run 5

 GPU ACCELERATED IMPLEMENTATION
--------------------------------------------------------------

Index  | Call Model | Call Actual | Put Model  | Put Actual
--------------------------------------------------------------
0      | 48.4926    | 51.7000    | 30.5080    | 29.6500   
1      | 49.5568    | 53.6500    | 27.0657    | 27.3750   
2      | 51.2149    | 56.4000    | 24.2952    | 25.3500   
3      | 53.2625    | 59.9750    | 21.3399    | 23.2750   
4      | 54.8731    | 63.1750    | 18.5922    | 21.2000   
5      | 56.3504    | 66.3250    | 16.5768    | 19.5250   
6      | 57.7605    | 69.7250    | 14.5565    | 17.7500   
7      | 58.9179    | 72.9000    | 12.8160    | 16.1500   
8      | 46.4944    | 48.7500    | 34.0156    | 31.9000   
9      | 44.8093    | 46.3750    | 38.0093    | 34.3250   

PSTEPS = 120, TSTEPS = 50000

TIME TAKEN = 316.23625 ms
Run 6

 GPU ACCELERATED IMPLEMENTATION
--------------------------------------------------------------

Index  | Call Model | Call Actual | Put Model  | Put Actual
--------------------------------------------------------------
0      | 48.4926    | 51.7000    | 30.5080    | 29.6500   
1      | 49.5568    | 53.6500    | 27.0657    | 27.3750   
2      | 51.2149    | 56.4000    | 24.2952    | 25.3500   
3      | 53.2625    | 59.9750    | 21.3399    | 23.2750   
4      | 54.8731    | 63.1750    | 18.5922    | 21.2000   
5      | 56.3504    | 66.3250    | 16.5768    | 19.5250   
6      | 57.7605    | 69.7250    | 14.5565    | 17.7500   
7      | 58.9179    | 72.9000    | 12.8160    | 16.1500   
8      | 46.4944    | 48.7500    | 34.0156    | 31.9000   
9      | 44.8093    | 46.3750    | 38.0093    | 34.3250   

PSTEPS = 120, TSTEPS = 50000

TIME TAKEN = 306.54620 ms
Run 7

 GPU ACCELERATED IMPLEMENTATION
--------------------------------------------------------------

Index  | Call Model | Call Actual | Put Model  | Put Actual
--------------------------------------------------------------
0      | 48.4926    | 51.7000    | 30.5080    | 29.6500   
1      | 49.5568    | 53.6500    | 27.0657    | 27.3750   
2      | 51.2149    | 56.4000    | 24.2952    | 25.3500   
3      | 53.2625    | 59.9750    | 21.3399    | 23.2750   
4      | 54.8731    | 63.1750    | 18.5922    | 21.2000   
5      | 56.3504    | 66.3250    | 16.5768    | 19.5250   
6      | 57.7605    | 69.7250    | 14.5565    | 17.7500   
7      | 58.9179    | 72.9000    | 12.8160    | 16.1500   
8      | 46.4944    | 48.7500    | 34.0156    | 31.9000   
9      | 44.8093    | 46.3750    | 38.0093    | 34.3250   

PSTEPS = 120, TSTEPS = 50000

TIME TAKEN = 381.67653 ms
Run 8

 GPU ACCELERATED IMPLEMENTATION
--------------------------------------------------------------

Index  | Call Model | Call Actual | Put Model  | Put Actual
--------------------------------------------------------------
0      | 48.4926    | 51.7000    | 30.5080    | 29.6500   
1      | 49.5568    | 53.6500    | 27.0657    | 27.3750   
2      | 51.2149    | 56.4000    | 24.2952    | 25.3500   
3      | 53.2625    | 59.9750    | 21.3399    | 23.2750   
4      | 54.8731    | 63.1750    | 18.5922    | 21.2000   
5      | 56.3504    | 66.3250    | 16.5768    | 19.5250   
6      | 57.7605    | 69.7250    | 14.5565    | 17.7500   
7      | 58.9179    | 72.9000    | 12.8160    | 16.1500   
8      | 46.4944    | 48.7500    | 34.0156    | 31.9000   
9      | 44.8093    | 46.3750    | 38.0093    | 34.3250   

PSTEPS = 120, TSTEPS = 50000

TIME TAKEN = 330.50688 ms
Run 9

 GPU ACCELERATED IMPLEMENTATION
--------------------------------------------------------------

Index  | Call Model | Call Actual | Put Model  | Put Actual
--------------------------------------------------------------
0      | 48.4926    | 51.7000    | 30.5080    | 29.6500   
1      | 49.5568    | 53.6500    | 27.0657    | 27.3750   
2      | 51.2149    | 56.4000    | 24.2952    | 25.3500   
3      | 53.2625    | 59.9750    | 21.3399    | 23.2750   
4      | 54.8731    | 63.1750    | 18.5922    | 21.2000   
5      | 56.3504    | 66.3250    | 16.5768    | 19.5250   
6      | 57.7605    | 69.7250    | 14.5565    | 17.7500   
7      | 58.9179    | 72.9000    | 12.8160    | 16.1500   
8      | 46.4944    | 48.7500    | 34.0156    | 31.9000   
9      | 44.8093    | 46.3750    | 38.0093    | 34.3250   

PSTEPS = 120, TSTEPS = 50000

TIME TAKEN = 366.75187 ms
Run 10

 GPU ACCELERATED IMPLEMENTATION
--------------------------------------------------------------

Index  | Call Model | Call Actual | Put Model  | Put Actual
--------------------------------------------------------------
0      | 48.4926    | 51.7000    | 30.5080    | 29.6500   
1      | 49.5568    | 53.6500    | 27.0657    | 27.3750   
2      | 51.2149    | 56.4000    | 24.2952    | 25.3500   
3      | 53.2625    | 59.9750    | 21.3399    | 23.2750   
4      | 54.8731    | 63.1750    | 18.5922    | 21.2000   
5      | 56.3504    | 66.3250    | 16.5768    | 19.5250   
6      | 57.7605    | 69.7250    | 14.5565    | 17.7500   
7      | 58.9179    | 72.9000    | 12.8160    | 16.1500   
8      | 46.4944    | 48.7500    | 34.0156    | 31.9000   
9      | 44.8093    | 46.3750    | 38.0093    | 34.3250   

PSTEPS = 120, TSTEPS = 50000

TIME TAKEN = 340.35527 ms
