Benchmarking: black_scholes_hybrid1 with p=80, t=50000
Run 1

 HYBRID IMPLEMENTATION 1
--------------------------------------------------------------

Index  | Call Model | Call Actual | Put Model  | Put Actual
--------------------------------------------------------------
0      | 47.0811    | 51.7000    | 31.5712    | 29.6500   
1      | 47.8232    | 53.6500    | 28.2495    | 27.3750   
2      | 49.1526    | 56.4000    | 25.6026    | 25.3500   
3      | 50.8110    | 59.9750    | 22.7099    | 23.2750   
4      | 52.0764    | 63.1750    | 20.0222    | 21.2000   
5      | 53.1940    | 66.3250    | 18.0245    | 19.5250   
6      | 54.2875    | 69.7250    | 16.0450    | 17.7500   
7      | 55.0940    | 72.9000    | 14.2794    | 16.1500   
8      | 45.4292    | 48.7500    | 34.9074    | 31.9000   
9      | 44.0685    | 46.3750    | 38.7045    | 34.3250   

PSTEPS = 80, TSTEPS = 50000

TIME TAKEN = 398.05461 ms
Run 2

 HYBRID IMPLEMENTATION 1
--------------------------------------------------------------

Index  | Call Model | Call Actual | Put Model  | Put Actual
--------------------------------------------------------------
0      | 47.0811    | 51.7000    | 31.5712    | 29.6500   
1      | 47.8232    | 53.6500    | 28.2495    | 27.3750   
2      | 49.1526    | 56.4000    | 25.6026    | 25.3500   
3      | 50.8110    | 59.9750    | 22.7099    | 23.2750   
4      | 52.0764    | 63.1750    | 20.0222    | 21.2000   
5      | 53.1940    | 66.3250    | 18.0245    | 19.5250   
6      | 54.2875    | 69.7250    | 16.0450    | 17.7500   
7      | 55.0940    | 72.9000    | 14.2794    | 16.1500   
8      | 45.4292    | 48.7500    | 34.9074    | 31.9000   
9      | 44.0685    | 46.3750    | 38.7045    | 34.3250   

PSTEPS = 80, TSTEPS = 50000

TIME TAKEN = 398.92444 ms
Run 3

 HYBRID IMPLEMENTATION 1
--------------------------------------------------------------

Index  | Call Model | Call Actual | Put Model  | Put Actual
--------------------------------------------------------------
0      | 47.0811    | 51.7000    | 31.5712    | 29.6500   
1      | 47.8232    | 53.6500    | 28.2495    | 27.3750   
2      | 49.1526    | 56.4000    | 25.6026    | 25.3500   
3      | 50.8110    | 59.9750    | 22.7099    | 23.2750   
4      | 52.0764    | 63.1750    | 20.0222    | 21.2000   
5      | 53.1940    | 66.3250    | 18.0245    | 19.5250   
6      | 54.2875    | 69.7250    | 16.0450    | 17.7500   
7      | 55.0940    | 72.9000    | 14.2794    | 16.1500   
8      | 45.4292    | 48.7500    | 34.9074    | 31.9000   
9      | 44.0685    | 46.3750    | 38.7045    | 34.3250   

PSTEPS = 80, TSTEPS = 50000

TIME TAKEN = 360.56877 ms
Run 4

 HYBRID IMPLEMENTATION 1
--------------------------------------------------------------

Index  | Call Model | Call Actual | Put Model  | Put Actual
--------------------------------------------------------------
0      | 47.0811    | 51.7000    | 31.5712    | 29.6500   
1      | 47.8232    | 53.6500    | 28.2495    | 27.3750   
2      | 49.1526    | 56.4000    | 25.6026    | 25.3500   
3      | 50.8110    | 59.9750    | 22.7099    | 23.2750   
4      | 51.0516    | 63.1750    | 20.0222    | 21.2000   
5      | 53.1940    | 66.3250    | 18.0245    | 19.5250   
6      | 54.2875    | 69.7250    | 16.0450    | 17.7500   
7      | 55.0940    | 72.9000    | 14.2794    | 16.1500   
8      | 45.4292    | 48.7500    | 34.9074    | 31.9000   
9      | 44.0685    | 46.3750    | 38.7045    | 34.3250   

PSTEPS = 80, TSTEPS = 50000

TIME TAKEN = 384.73415 ms
Run 5

 HYBRID IMPLEMENTATION 1
--------------------------------------------------------------

Index  | Call Model | Call Actual | Put Model  | Put Actual
--------------------------------------------------------------
0      | 47.0811    | 51.7000    | 31.5712    | 29.6500   
1      | 47.8232    | 53.6500    | 28.2495    | 27.3750   
2      | 49.1526    | 56.4000    | 25.6026    | 25.3500   
3      | 50.8110    | 59.9750    | 22.7099    | 23.2750   
4      | 52.0712    | 63.1750    | 20.0222    | 21.2000   
5      | 53.1940    | 66.3250    | 18.0245    | 19.5250   
6      | 54.2875    | 69.7250    | 16.0450    | 17.7500   
7      | 55.0940    | 72.9000    | 14.2794    | 16.1500   
8      | 45.4292    | 48.7500    | 34.9074    | 31.9000   
9      | 44.0685    | 46.3750    | 38.7045    | 34.3250   

PSTEPS = 80, TSTEPS = 50000

TIME TAKEN = 406.09785 ms
Run 6

 HYBRID IMPLEMENTATION 1
--------------------------------------------------------------

Index  | Call Model | Call Actual | Put Model  | Put Actual
--------------------------------------------------------------
0      | 47.0811    | 51.7000    | 31.5712    | 29.6500   
1      | 47.8232    | 53.6500    | 28.2495    | 27.3750   
2      | 49.1526    | 56.4000    | 25.6026    | 25.3500   
3      | 50.8110    | 59.9750    | 22.7099    | 23.2750   
4      | 52.0764    | 63.1750    | 20.0222    | 21.2000   
5      | 53.1940    | 66.3250    | 18.0245    | 19.5250   
6      | 54.2875    | 69.7250    | 16.0450    | 17.7500   
7      | 55.0940    | 72.9000    | 14.2794    | 16.1500   
8      | 45.4292    | 48.7500    | 34.9074    | 31.9000   
9      | 44.0685    | 46.3750    | 38.7045    | 34.3250   

PSTEPS = 80, TSTEPS = 50000

TIME TAKEN = 379.61853 ms
Run 7

 HYBRID IMPLEMENTATION 1
--------------------------------------------------------------

Index  | Call Model | Call Actual | Put Model  | Put Actual
--------------------------------------------------------------
0      | 47.0811    | 51.7000    | 31.5712    | 29.6500   
1      | 47.8232    | 53.6500    | 28.2495    | 27.3750   
2      | 49.1526    | 56.4000    | 25.6026    | 25.3500   
3      | 50.8110    | 59.9750    | 22.7099    | 23.2750   
4      | 52.0764    | 63.1750    | 20.0222    | 21.2000   
5      | 53.1940    | 66.3250    | 18.0245    | 19.5250   
6      | 54.2875    | 69.7250    | 16.0450    | 17.7500   
7      | 55.0940    | 72.9000    | 14.2794    | 16.1500   
8      | 45.4292    | 48.7500    | 34.9074    | 31.9000   
9      | 44.0685    | 46.3750    | 38.7045    | 34.3250   

PSTEPS = 80, TSTEPS = 50000

TIME TAKEN = 351.40571 ms
Run 8

 HYBRID IMPLEMENTATION 1
--------------------------------------------------------------

Index  | Call Model | Call Actual | Put Model  | Put Actual
--------------------------------------------------------------
0      | 47.0811    | 51.7000    | 31.5712    | 29.6500   
1      | 47.8232    | 53.6500    | 28.2495    | 27.3750   
2      | 49.1526    | 56.4000    | 25.6026    | 25.3500   
3      | 50.8110    | 59.9750    | 22.7099    | 23.2750   
4      | 51.1331    | 63.1750    | 20.0222    | 21.2000   
5      | 52.9314    | 66.3250    | 18.0245    | 19.5250   
6      | 54.2875    | 69.7250    | 16.0450    | 17.7500   
7      | 55.0940    | 72.9000    | 14.2794    | 16.1500   
8      | 45.4292    | 48.7500    | 34.9074    | 31.9000   
9      | 44.0685    | 46.3750    | 38.7045    | 34.3250   

PSTEPS = 80, TSTEPS = 50000

TIME TAKEN = 378.74163 ms
Run 9

 HYBRID IMPLEMENTATION 1
--------------------------------------------------------------

Index  | Call Model | Call Actual | Put Model  | Put Actual
--------------------------------------------------------------
0      | 47.0811    | 51.7000    | 31.5712    | 29.6500   
1      | 47.8232    | 53.6500    | 28.2495    | 27.3750   
2      | 49.1526    | 56.4000    | 25.6026    | 25.3500   
3      | 50.8110    | 59.9750    | 22.7099    | 23.2750   
4      | 52.0732    | 63.1750    | 20.0222    | 21.2000   
5      | 52.2908    | 66.3250    | 18.0245    | 19.5250   
6      | 54.2875    | 69.7250    | 16.0450    | 17.7500   
7      | 55.0940    | 72.9000    | 14.2794    | 16.1500   
8      | 45.4292    | 48.7500    | 34.9074    | 31.9000   
9      | 44.0685    | 46.3750    | 38.7045    | 34.3250   

PSTEPS = 80, TSTEPS = 50000

TIME TAKEN = 380.15897 ms
Run 10

 HYBRID IMPLEMENTATION 1
--------------------------------------------------------------

Index  | Call Model | Call Actual | Put Model  | Put Actual
--------------------------------------------------------------
0      | 47.0811    | 51.7000    | 31.5712    | 29.6500   
1      | 47.8232    | 53.6500    | 28.2495    | 27.3750   
2      | 49.1526    | 56.4000    | 25.6026    | 25.3500   
3      | 50.8110    | 59.9750    | 22.7099    | 23.2750   
4      | 51.6660    | 63.1750    | 20.0222    | 21.2000   
5      | 53.1767    | 66.3250    | 18.0245    | 19.5250   
6      | 54.2875    | 69.7250    | 16.0450    | 17.7500   
7      | 55.0940    | 72.9000    | 14.2794    | 16.1500   
8      | 45.4292    | 48.7500    | 34.9074    | 31.9000   
9      | 44.0685    | 46.3750    | 38.7045    | 34.3250   

PSTEPS = 80, TSTEPS = 50000

TIME TAKEN = 422.47892 ms
