Benchmarking: black_scholes_hybrid1 with p=140, t=50000
Run 1

 HYBRID IMPLEMENTATION 1
--------------------------------------------------------------

Index  | Call Model | Call Actual | Put Model  | Put Actual
--------------------------------------------------------------
0      | 49.1963    | 51.7000    | 29.9947    | 29.6500   
1      | 50.4372    | 53.6500    | 26.5055    | 27.3750   
2      | 52.1470    | 56.4000    | 23.6946    | 25.3500   
3      | 54.3820    | 59.9750    | 20.6928    | 23.2750   
4      | 56.3067    | 63.1750    | 17.9220    | 21.2000   
5      | 57.9638    | 66.3250    | 15.8939    | 19.5250   
6      | 59.5591    | 69.7250    | 13.8765    | 17.7500   
7      | 60.8941    | 72.9000    | 12.1464    | 16.1500   
8      | 43.3146    | 48.7500    | 33.5832    | 31.9000   
9      | 45.1757    | 46.3750    | 37.6817    | 34.3250   

PSTEPS = 140, TSTEPS = 50000

TIME TAKEN = 453.11980 ms
Run 2

 HYBRID IMPLEMENTATION 1
--------------------------------------------------------------

Index  | Call Model | Call Actual | Put Model  | Put Actual
--------------------------------------------------------------
0      | 48.9092    | 51.7000    | 29.9947    | 29.6500   
1      | 50.4371    | 53.6500    | 26.5055    | 27.3750   
2      | 51.5930    | 56.4000    | 23.6946    | 25.3500   
3      | 54.4730    | 59.9750    | 20.6928    | 23.2750   
4      | 56.3067    | 63.1750    | 17.9220    | 21.2000   
5      | 57.9638    | 66.3250    | 15.8939    | 19.5250   
6      | 57.6615    | 69.7250    | 13.8765    | 17.7500   
7      | 58.5052    | 72.9000    | 12.1464    | 16.1500   
8      | 43.3144    | 48.7500    | 33.5832    | 31.9000   
9      | 45.1757    | 46.3750    | 37.6817    | 34.3250   

PSTEPS = 140, TSTEPS = 50000

TIME TAKEN = 426.26285 ms
Run 3

 HYBRID IMPLEMENTATION 1
--------------------------------------------------------------

Index  | Call Model | Call Actual | Put Model  | Put Actual
--------------------------------------------------------------
0      | 49.1951    | 51.7000    | 29.9947    | 29.6500   
1      | 50.4372    | 53.6500    | 26.5055    | 27.3750   
2      | 51.3725    | 56.4000    | 23.6946    | 25.3500   
3      | 54.2185    | 59.9750    | 20.6928    | 23.2750   
4      | 56.3067    | 63.1750    | 17.9220    | 21.2000   
5      | 57.9638    | 66.3250    | 15.8939    | 19.5250   
6      | 59.5591    | 69.7250    | 13.8765    | 17.7500   
7      | 58.5052    | 72.9000    | 12.1464    | 16.1500   
8      | 43.3144    | 48.7500    | 33.5832    | 31.9000   
9      | 45.1757    | 46.3750    | 37.6817    | 34.3250   

PSTEPS = 140, TSTEPS = 50000

TIME TAKEN = 424.25020 ms
Run 4

 HYBRID IMPLEMENTATION 1
--------------------------------------------------------------

Index  | Call Model | Call Actual | Put Model  | Put Actual
--------------------------------------------------------------
0      | 49.1963    | 51.7000    | 29.9947    | 29.6500   
1      | 50.2843    | 53.6500    | 26.5055    | 27.3750   
2      | 52.2839    | 56.4000    | 23.6946    | 25.3500   
3      | 54.5127    | 59.9750    | 20.6928    | 23.2750   
4      | 56.3067    | 63.1750    | 17.9220    | 21.2000   
5      | 57.9638    | 66.3250    | 15.8939    | 19.5250   
6      | 59.5591    | 69.7250    | 13.8765    | 17.7500   
7      | 58.5052    | 72.9000    | 12.1464    | 16.1500   
8      | 43.3147    | 48.7500    | 33.5832    | 31.9000   
9      | 45.1757    | 46.3750    | 37.6817    | 34.3250   

PSTEPS = 140, TSTEPS = 50000

TIME TAKEN = 431.61859 ms
Run 5

 HYBRID IMPLEMENTATION 1
--------------------------------------------------------------

Index  | Call Model | Call Actual | Put Model  | Put Actual
--------------------------------------------------------------
0      | 48.7503    | 51.7000    | 29.9947    | 29.6500   
1      | 50.4372    | 53.6500    | 26.5055    | 27.3750   
2      | 51.4522    | 56.4000    | 23.6946    | 25.3500   
3      | 54.2545    | 59.9750    | 20.6928    | 23.2750   
4      | 56.3067    | 63.1750    | 17.9220    | 21.2000   
5      | 57.9638    | 66.3250    | 15.8939    | 19.5250   
6      | 59.5591    | 69.7250    | 13.8765    | 17.7500   
7      | 58.5052    | 72.9000    | 12.1464    | 16.1500   
8      | 43.3144    | 48.7500    | 33.5832    | 31.9000   
9      | 45.1757    | 46.3750    | 37.6817    | 34.3250   

PSTEPS = 140, TSTEPS = 50000

TIME TAKEN = 420.33496 ms
Run 6

 HYBRID IMPLEMENTATION 1
--------------------------------------------------------------

Index  | Call Model | Call Actual | Put Model  | Put Actual
--------------------------------------------------------------
0      | 49.0370    | 51.7000    | 29.9947    | 29.6500   
1      | 50.2385    | 53.6500    | 26.5055    | 27.3750   
2      | 51.4000    | 56.4000    | 23.6946    | 25.3500   
3      | 54.5133    | 59.9750    | 20.6928    | 23.2750   
4      | 56.3067    | 63.1750    | 17.9220    | 21.2000   
5      | 57.9638    | 66.3250    | 15.8939    | 19.5250   
6      | 59.5591    | 69.7250    | 13.8765    | 17.7500   
7      | 58.5052    | 72.9000    | 12.1464    | 16.1500   
8      | 43.3144    | 48.7500    | 33.5832    | 31.9000   
9      | 45.1757    | 46.3750    | 37.6817    | 34.3250   

PSTEPS = 140, TSTEPS = 50000

TIME TAKEN = 426.04502 ms
Run 7

 HYBRID IMPLEMENTATION 1
--------------------------------------------------------------

Index  | Call Model | Call Actual | Put Model  | Put Actual
--------------------------------------------------------------
0      | 49.1941    | 51.7000    | 29.9947    | 29.6500   
1      | 50.4346    | 53.6500    | 26.5055    | 27.3750   
2      | 52.2840    | 56.4000    | 23.6946    | 25.3500   
3      | 54.4810    | 59.9750    | 20.6928    | 23.2750   
4      | 56.3067    | 63.1750    | 17.9220    | 21.2000   
5      | 57.9638    | 66.3250    | 15.8939    | 19.5250   
6      | 59.5591    | 69.7250    | 13.8765    | 17.7500   
7      | 58.5053    | 72.9000    | 12.1464    | 16.1500   
8      | 43.3144    | 48.7500    | 33.5832    | 31.9000   
9      | 45.1757    | 46.3750    | 37.6817    | 34.3250   

PSTEPS = 140, TSTEPS = 50000

TIME TAKEN = 430.55993 ms
Run 8

 HYBRID IMPLEMENTATION 1
--------------------------------------------------------------

Index  | Call Model | Call Actual | Put Model  | Put Actual
--------------------------------------------------------------
0      | 49.1963    | 51.7000    | 29.9947    | 29.6500   
1      | 50.2128    | 53.6500    | 26.5055    | 27.3750   
2      | 51.4000    | 56.4000    | 23.6946    | 25.3500   
3      | 54.1576    | 59.9750    | 20.6928    | 23.2750   
4      | 56.3067    | 63.1750    | 17.9220    | 21.2000   
5      | 57.9638    | 66.3250    | 15.8939    | 19.5250   
6      | 59.5591    | 69.7250    | 13.8765    | 17.7500   
7      | 60.8941    | 72.9000    | 12.1464    | 16.1500   
8      | 47.0183    | 48.7500    | 33.5832    | 31.9000   
9      | 45.1757    | 46.3750    | 37.6817    | 34.3250   

PSTEPS = 140, TSTEPS = 50000

TIME TAKEN = 422.30642 ms
Run 9

 HYBRID IMPLEMENTATION 1
--------------------------------------------------------------

Index  | Call Model | Call Actual | Put Model  | Put Actual
--------------------------------------------------------------
0      | 49.1963    | 51.7000    | 29.9947    | 29.6500   
1      | 49.7670    | 53.6500    | 26.5055    | 27.3750   
2      | 52.2840    | 56.4000    | 23.6946    | 25.3500   
3      | 54.2272    | 59.9750    | 20.6928    | 23.2750   
4      | 56.3067    | 63.1750    | 17.9220    | 21.2000   
5      | 57.9638    | 66.3250    | 15.8939    | 19.5250   
6      | 59.5591    | 69.7250    | 13.8765    | 17.7500   
7      | 60.8941    | 72.9000    | 12.1464    | 16.1500   
8      | 43.3150    | 48.7500    | 33.5832    | 31.9000   
9      | 45.1757    | 46.3750    | 37.6817    | 34.3250   

PSTEPS = 140, TSTEPS = 50000

TIME TAKEN = 428.41478 ms
Run 10

 HYBRID IMPLEMENTATION 1
--------------------------------------------------------------

Index  | Call Model | Call Actual | Put Model  | Put Actual
--------------------------------------------------------------
0      | 49.1963    | 51.7000    | 29.9947    | 29.6500   
1      | 50.4372    | 53.6500    | 26.5055    | 27.3750   
2      | 52.2840    | 56.4000    | 23.6946    | 25.3500   
3      | 54.1582    | 59.9750    | 20.6928    | 23.2750   
4      | 56.3067    | 63.1750    | 17.9220    | 21.2000   
5      | 57.9638    | 66.3250    | 15.8939    | 19.5250   
6      | 59.5591    | 69.7250    | 13.8765    | 17.7500   
7      | 60.8941    | 72.9000    | 12.1464    | 16.1500   
8      | 47.0183    | 48.7500    | 33.5832    | 31.9000   
9      | 45.1757    | 46.3750    | 37.6817    | 34.3250   

PSTEPS = 140, TSTEPS = 50000

TIME TAKEN = 413.33112 ms
