Benchmarking: black_scholes_cpu_acc with p=20, t=50000
Run 1

 CPU ACCELERATED IMPLEMENTATION
--------------------------------------------------------------

Index  | Call Model | Call Actual | Put Model  | Put Actual
--------------------------------------------------------------
0      | 45.0875    | 51.7000    | 35.1063    | 29.6500   
1      | 45.2910    | 53.6500    | 31.8381    | 27.3750   
2      | 45.9653    | 56.4000    | 29.1410    | 25.3500   
3      | 46.8975    | 59.9750    | 26.1168    | 23.2750   
4      | 47.7937    | 63.1750    | 23.5894    | 21.2000   
5      | 48.6772    | 66.3250    | 21.8509    | 19.5250   
6      | 49.4043    | 69.7250    | 19.9648    | 17.7500   
7      | 49.8330    | 72.9000    | 18.2346    | 16.1500   
8      | 43.9257    | 48.7500    | 38.2334    | 31.9000   
9      | 42.9440    | 46.3750    | 41.7016    | 34.3250   

PSTEPS = 20, TSTEPS = 50000

TIME TAKEN = 29.25716 ms
Run 2

 CPU ACCELERATED IMPLEMENTATION
--------------------------------------------------------------

Index  | Call Model | Call Actual | Put Model  | Put Actual
--------------------------------------------------------------
0      | 45.0875    | 51.7000    | 35.1063    | 29.6500   
1      | 45.2910    | 53.6500    | 31.8381    | 27.3750   
2      | 45.9653    | 56.4000    | 29.1410    | 25.3500   
3      | 46.8975    | 59.9750    | 26.1168    | 23.2750   
4      | 47.7937    | 63.1750    | 23.5894    | 21.2000   
5      | 48.6772    | 66.3250    | 21.8509    | 19.5250   
6      | 49.4043    | 69.7250    | 19.9648    | 17.7500   
7      | 49.8330    | 72.9000    | 18.2346    | 16.1500   
8      | 43.9257    | 48.7500    | 38.2334    | 31.9000   
9      | 42.9440    | 46.3750    | 41.7016    | 34.3250   

PSTEPS = 20, TSTEPS = 50000

TIME TAKEN = 29.18187 ms
Run 3

 CPU ACCELERATED IMPLEMENTATION
--------------------------------------------------------------

Index  | Call Model | Call Actual | Put Model  | Put Actual
--------------------------------------------------------------
0      | 45.0875    | 51.7000    | 35.1063    | 29.6500   
1      | 45.2910    | 53.6500    | 31.8381    | 27.3750   
2      | 45.9653    | 56.4000    | 29.1410    | 25.3500   
3      | 46.8975    | 59.9750    | 26.1168    | 23.2750   
4      | 47.7937    | 63.1750    | 23.5894    | 21.2000   
5      | 48.6772    | 66.3250    | 21.8509    | 19.5250   
6      | 49.4043    | 69.7250    | 19.9648    | 17.7500   
7      | 49.8330    | 72.9000    | 18.2346    | 16.1500   
8      | 43.9257    | 48.7500    | 38.2334    | 31.9000   
9      | 42.9440    | 46.3750    | 41.7016    | 34.3250   

PSTEPS = 20, TSTEPS = 50000

TIME TAKEN = 29.20312 ms
Run 4

 CPU ACCELERATED IMPLEMENTATION
--------------------------------------------------------------

Index  | Call Model | Call Actual | Put Model  | Put Actual
--------------------------------------------------------------
0      | 45.0875    | 51.7000    | 35.1063    | 29.6500   
1      | 45.2910    | 53.6500    | 31.8381    | 27.3750   
2      | 45.9653    | 56.4000    | 29.1410    | 25.3500   
3      | 46.8975    | 59.9750    | 26.1168    | 23.2750   
4      | 47.7937    | 63.1750    | 23.5894    | 21.2000   
5      | 48.6772    | 66.3250    | 21.8509    | 19.5250   
6      | 49.4043    | 69.7250    | 19.9648    | 17.7500   
7      | 49.8330    | 72.9000    | 18.2346    | 16.1500   
8      | 43.9257    | 48.7500    | 38.2334    | 31.9000   
9      | 42.9440    | 46.3750    | 41.7016    | 34.3250   

PSTEPS = 20, TSTEPS = 50000

TIME TAKEN = 29.00394 ms
Run 5

 CPU ACCELERATED IMPLEMENTATION
--------------------------------------------------------------

Index  | Call Model | Call Actual | Put Model  | Put Actual
--------------------------------------------------------------
0      | 45.0875    | 51.7000    | 35.1063    | 29.6500   
1      | 45.2910    | 53.6500    | 31.8381    | 27.3750   
2      | 45.9653    | 56.4000    | 29.1410    | 25.3500   
3      | 46.8975    | 59.9750    | 26.1168    | 23.2750   
4      | 47.7937    | 63.1750    | 23.5894    | 21.2000   
5      | 48.6772    | 66.3250    | 21.8509    | 19.5250   
6      | 49.4043    | 69.7250    | 19.9648    | 17.7500   
7      | 49.8330    | 72.9000    | 18.2346    | 16.1500   
8      | 43.9257    | 48.7500    | 38.2334    | 31.9000   
9      | 42.9440    | 46.3750    | 41.7016    | 34.3250   

PSTEPS = 20, TSTEPS = 50000

TIME TAKEN = 29.24126 ms
Run 6

 CPU ACCELERATED IMPLEMENTATION
--------------------------------------------------------------

Index  | Call Model | Call Actual | Put Model  | Put Actual
--------------------------------------------------------------
0      | 45.0875    | 51.7000    | 35.1063    | 29.6500   
1      | 45.2910    | 53.6500    | 31.8381    | 27.3750   
2      | 45.9653    | 56.4000    | 29.1410    | 25.3500   
3      | 46.8975    | 59.9750    | 26.1168    | 23.2750   
4      | 47.7937    | 63.1750    | 23.5894    | 21.2000   
5      | 48.6772    | 66.3250    | 21.8509    | 19.5250   
6      | 49.4043    | 69.7250    | 19.9648    | 17.7500   
7      | 49.8330    | 72.9000    | 18.2346    | 16.1500   
8      | 43.9257    | 48.7500    | 38.2334    | 31.9000   
9      | 42.9440    | 46.3750    | 41.7016    | 34.3250   

PSTEPS = 20, TSTEPS = 50000

TIME TAKEN = 29.04050 ms
Run 7

 CPU ACCELERATED IMPLEMENTATION
--------------------------------------------------------------

Index  | Call Model | Call Actual | Put Model  | Put Actual
--------------------------------------------------------------
0      | 45.0875    | 51.7000    | 35.1063    | 29.6500   
1      | 45.2910    | 53.6500    | 31.8381    | 27.3750   
2      | 45.9653    | 56.4000    | 29.1410    | 25.3500   
3      | 46.8975    | 59.9750    | 26.1168    | 23.2750   
4      | 47.7937    | 63.1750    | 23.5894    | 21.2000   
5      | 48.6772    | 66.3250    | 21.8509    | 19.5250   
6      | 49.4043    | 69.7250    | 19.9648    | 17.7500   
7      | 49.8330    | 72.9000    | 18.2346    | 16.1500   
8      | 43.9257    | 48.7500    | 38.2334    | 31.9000   
9      | 42.9440    | 46.3750    | 41.7016    | 34.3250   

PSTEPS = 20, TSTEPS = 50000

TIME TAKEN = 29.44093 ms
Run 8

 CPU ACCELERATED IMPLEMENTATION
--------------------------------------------------------------

Index  | Call Model | Call Actual | Put Model  | Put Actual
--------------------------------------------------------------
0      | 45.0875    | 51.7000    | 35.1063    | 29.6500   
1      | 45.2910    | 53.6500    | 31.8381    | 27.3750   
2      | 45.9653    | 56.4000    | 29.1410    | 25.3500   
3      | 46.8975    | 59.9750    | 26.1168    | 23.2750   
4      | 47.7937    | 63.1750    | 23.5894    | 21.2000   
5      | 48.6772    | 66.3250    | 21.8509    | 19.5250   
6      | 49.4043    | 69.7250    | 19.9648    | 17.7500   
7      | 49.8330    | 72.9000    | 18.2346    | 16.1500   
8      | 43.9257    | 48.7500    | 38.2334    | 31.9000   
9      | 42.9440    | 46.3750    | 41.7016    | 34.3250   

PSTEPS = 20, TSTEPS = 50000

TIME TAKEN = 29.27941 ms
Run 9

 CPU ACCELERATED IMPLEMENTATION
--------------------------------------------------------------

Index  | Call Model | Call Actual | Put Model  | Put Actual
--------------------------------------------------------------
0      | 45.0875    | 51.7000    | 35.1063    | 29.6500   
1      | 45.2910    | 53.6500    | 31.8381    | 27.3750   
2      | 45.9653    | 56.4000    | 29.1410    | 25.3500   
3      | 46.8975    | 59.9750    | 26.1168    | 23.2750   
4      | 47.7937    | 63.1750    | 23.5894    | 21.2000   
5      | 48.6772    | 66.3250    | 21.8509    | 19.5250   
6      | 49.4043    | 69.7250    | 19.9648    | 17.7500   
7      | 49.8330    | 72.9000    | 18.2346    | 16.1500   
8      | 43.9257    | 48.7500    | 38.2334    | 31.9000   
9      | 42.9440    | 46.3750    | 41.7016    | 34.3250   

PSTEPS = 20, TSTEPS = 50000

TIME TAKEN = 29.65506 ms
Run 10

 CPU ACCELERATED IMPLEMENTATION
--------------------------------------------------------------

Index  | Call Model | Call Actual | Put Model  | Put Actual
--------------------------------------------------------------
0      | 45.0875    | 51.7000    | 35.1063    | 29.6500   
1      | 45.2910    | 53.6500    | 31.8381    | 27.3750   
2      | 45.9653    | 56.4000    | 29.1410    | 25.3500   
3      | 46.8975    | 59.9750    | 26.1168    | 23.2750   
4      | 47.7937    | 63.1750    | 23.5894    | 21.2000   
5      | 48.6772    | 66.3250    | 21.8509    | 19.5250   
6      | 49.4043    | 69.7250    | 19.9648    | 17.7500   
7      | 49.8330    | 72.9000    | 18.2346    | 16.1500   
8      | 43.9257    | 48.7500    | 38.2334    | 31.9000   
9      | 42.9440    | 46.3750    | 41.7016    | 34.3250   

PSTEPS = 20, TSTEPS = 50000

TIME TAKEN = 29.45164 ms
