Benchmarking: black_scholes_hybrid1 with p=160, t=50000
Run 1

 HYBRID IMPLEMENTATION 1
--------------------------------------------------------------

Index  | Call Model | Call Actual | Put Model  | Put Actual
--------------------------------------------------------------
0      | 49.9266    | 51.7000    | 29.5123    | 29.6500   
1      | 51.3352    | 53.6500    | 25.9658    | 27.3750   
2      | 53.3610    | 56.4000    | 23.1037    | 25.3500   
3      | 55.4033    | 59.9750    | 20.0641    | 23.2750   
4      | 57.7645    | 63.1750    | 17.2742    | 21.2000   
5      | 59.6030    | 66.3250    | 15.2330    | 19.5250   
6      | 54.9792    | 69.7250    | 13.2148    | 17.7500   
7      | 55.3527    | 72.9000    | 11.4927    | 16.1500   
8      | 41.5628    | 48.7500    | 33.1846    | 31.9000   
9      | 38.8816    | 46.3750    | 37.3739    | 34.3250   

PSTEPS = 160, TSTEPS = 50000

TIME TAKEN = 462.42365 ms
Run 2

 HYBRID IMPLEMENTATION 1
--------------------------------------------------------------

Index  | Call Model | Call Actual | Put Model  | Put Actual
--------------------------------------------------------------
0      | 49.9266    | 51.7000    | 29.5123    | 29.6500   
1      | 51.3352    | 53.6500    | 25.9658    | 27.3750   
2      | 53.3610    | 56.4000    | 23.1037    | 25.3500   
3      | 55.7828    | 59.9750    | 20.0641    | 23.2750   
4      | 57.7645    | 63.1750    | 17.2742    | 21.2000   
5      | 59.6030    | 66.3250    | 15.2330    | 19.5250   
6      | 54.9792    | 69.7250    | 13.2148    | 17.7500   
7      | 62.8952    | 72.9000    | 11.4927    | 16.1500   
8      | 41.5630    | 48.7500    | 33.1846    | 31.9000   
9      | 38.8819    | 46.3750    | 37.3739    | 34.3250   

PSTEPS = 160, TSTEPS = 50000

TIME TAKEN = 459.15856 ms
Run 3

 HYBRID IMPLEMENTATION 1
--------------------------------------------------------------

Index  | Call Model | Call Actual | Put Model  | Put Actual
--------------------------------------------------------------
0      | 49.9266    | 51.7000    | 29.5123    | 29.6500   
1      | 51.3352    | 53.6500    | 25.9658    | 27.3750   
2      | 53.3610    | 56.4000    | 23.1037    | 25.3500   
3      | 55.7828    | 59.9750    | 20.0641    | 23.2750   
4      | 57.7645    | 63.1750    | 17.2742    | 21.2000   
5      | 59.6030    | 66.3250    | 15.2330    | 19.5250   
6      | 54.9792    | 69.7250    | 13.2148    | 17.7500   
7      | 55.3522    | 72.9000    | 11.4927    | 16.1500   
8      | 41.5628    | 48.7500    | 33.1846    | 31.9000   
9      | 38.8818    | 46.3750    | 37.3739    | 34.3250   

PSTEPS = 160, TSTEPS = 50000

TIME TAKEN = 485.61809 ms
Run 4

 HYBRID IMPLEMENTATION 1
--------------------------------------------------------------

Index  | Call Model | Call Actual | Put Model  | Put Actual
--------------------------------------------------------------
0      | 49.9266    | 51.7000    | 29.5123    | 29.6500   
1      | 51.3352    | 53.6500    | 25.9658    | 27.3750   
2      | 53.3610    | 56.4000    | 23.1037    | 25.3500   
3      | 55.7828    | 59.9750    | 20.0641    | 23.2750   
4      | 57.7645    | 63.1750    | 17.2742    | 21.2000   
5      | 59.6030    | 66.3250    | 15.2330    | 19.5250   
6      | 54.9790    | 69.7250    | 13.2148    | 17.7500   
7      | 55.3526    | 72.9000    | 11.4927    | 16.1500   
8      | 41.5629    | 48.7500    | 33.1846    | 31.9000   
9      | 38.8820    | 46.3750    | 37.3739    | 34.3250   

PSTEPS = 160, TSTEPS = 50000

TIME TAKEN = 471.69775 ms
Run 5

 HYBRID IMPLEMENTATION 1
--------------------------------------------------------------

Index  | Call Model | Call Actual | Put Model  | Put Actual
--------------------------------------------------------------
0      | 49.9266    | 51.7000    | 29.5123    | 29.6500   
1      | 51.3333    | 53.6500    | 25.9658    | 27.3750   
2      | 53.1698    | 56.4000    | 23.1037    | 25.3500   
3      | 55.7828    | 59.9750    | 20.0641    | 23.2750   
4      | 57.7645    | 63.1750    | 17.2742    | 21.2000   
5      | 59.6030    | 66.3250    | 15.2330    | 19.5250   
6      | 54.9790    | 69.7250    | 13.2148    | 17.7500   
7      | 55.3521    | 72.9000    | 11.4927    | 16.1500   
8      | 41.5631    | 48.7500    | 33.1846    | 31.9000   
9      | 38.8817    | 46.3750    | 37.3739    | 34.3250   

PSTEPS = 160, TSTEPS = 50000

TIME TAKEN = 448.88036 ms
Run 6

 HYBRID IMPLEMENTATION 1
--------------------------------------------------------------

Index  | Call Model | Call Actual | Put Model  | Put Actual
--------------------------------------------------------------
0      | 49.9266    | 51.7000    | 29.5123    | 29.6500   
1      | 51.3352    | 53.6500    | 25.9658    | 27.3750   
2      | 53.3610    | 56.4000    | 23.1037    | 25.3500   
3      | 55.7828    | 59.9750    | 20.0641    | 23.2750   
4      | 57.7645    | 63.1750    | 17.2742    | 21.2000   
5      | 59.6030    | 66.3250    | 15.2330    | 19.5250   
6      | 61.3824    | 69.7250    | 13.2148    | 17.7500   
7      | 55.3522    | 72.9000    | 11.4927    | 16.1500   
8      | 41.5628    | 48.7500    | 33.1846    | 31.9000   
9      | 38.8818    | 46.3750    | 37.3739    | 34.3250   

PSTEPS = 160, TSTEPS = 50000

TIME TAKEN = 455.34188 ms
Run 7

 HYBRID IMPLEMENTATION 1
--------------------------------------------------------------

Index  | Call Model | Call Actual | Put Model  | Put Actual
--------------------------------------------------------------
0      | 49.9266    | 51.7000    | 29.5123    | 29.6500   
1      | 51.3352    | 53.6500    | 25.9658    | 27.3750   
2      | 53.3610    | 56.4000    | 23.1037    | 25.3500   
3      | 55.7828    | 59.9750    | 20.0641    | 23.2750   
4      | 57.7645    | 63.1750    | 17.2742    | 21.2000   
5      | 59.6030    | 66.3250    | 15.2330    | 19.5250   
6      | 54.9791    | 69.7250    | 13.2148    | 17.7500   
7      | 55.3526    | 72.9000    | 11.4927    | 16.1500   
8      | 41.5628    | 48.7500    | 33.1846    | 31.9000   
9      | 38.8817    | 46.3750    | 37.3739    | 34.3250   

PSTEPS = 160, TSTEPS = 50000

TIME TAKEN = 473.43972 ms
Run 8

 HYBRID IMPLEMENTATION 1
--------------------------------------------------------------

Index  | Call Model | Call Actual | Put Model  | Put Actual
--------------------------------------------------------------
0      | 49.9266    | 51.7000    | 29.5123    | 29.6500   
1      | 51.3352    | 53.6500    | 25.9658    | 27.3750   
2      | 53.3610    | 56.4000    | 23.1037    | 25.3500   
3      | 55.7828    | 59.9750    | 20.0641    | 23.2750   
4      | 57.7645    | 63.1750    | 17.2742    | 21.2000   
5      | 59.6030    | 66.3250    | 15.2330    | 19.5250   
6      | 54.9793    | 69.7250    | 13.2148    | 17.7500   
7      | 55.3527    | 72.9000    | 11.4927    | 16.1500   
8      | 41.5628    | 48.7500    | 33.1846    | 31.9000   
9      | 38.8819    | 46.3750    | 37.3739    | 34.3250   

PSTEPS = 160, TSTEPS = 50000

TIME TAKEN = 439.69047 ms
Run 9

 HYBRID IMPLEMENTATION 1
--------------------------------------------------------------

Index  | Call Model | Call Actual | Put Model  | Put Actual
--------------------------------------------------------------
0      | 49.9266    | 51.7000    | 29.5123    | 29.6500   
1      | 51.3352    | 53.6500    | 25.9658    | 27.3750   
2      | 53.3610    | 56.4000    | 23.1037    | 25.3500   
3      | 55.4033    | 59.9750    | 20.0641    | 23.2750   
4      | 57.7645    | 63.1750    | 17.2742    | 21.2000   
5      | 59.6030    | 66.3250    | 15.2330    | 19.5250   
6      | 54.9792    | 69.7250    | 13.2148    | 17.7500   
7      | 55.3522    | 72.9000    | 11.4927    | 16.1500   
8      | 41.5628    | 48.7500    | 33.1846    | 31.9000   
9      | 38.8817    | 46.3750    | 37.3739    | 34.3250   

PSTEPS = 160, TSTEPS = 50000

TIME TAKEN = 452.81104 ms
Run 10

 HYBRID IMPLEMENTATION 1
--------------------------------------------------------------

Index  | Call Model | Call Actual | Put Model  | Put Actual
--------------------------------------------------------------
0      | 49.2794    | 51.7000    | 29.5123    | 29.6500   
1      | 51.3352    | 53.6500    | 25.9658    | 27.3750   
2      | 53.3610    | 56.4000    | 23.1037    | 25.3500   
3      | 55.7828    | 59.9750    | 20.0641    | 23.2750   
4      | 57.7645    | 63.1750    | 17.2742    | 21.2000   
5      | 59.6030    | 66.3250    | 15.2330    | 19.5250   
6      | 54.9795    | 69.7250    | 13.2148    | 17.7500   
7      | 55.3523    | 72.9000    | 11.4927    | 16.1500   
8      | 41.5632    | 48.7500    | 33.1846    | 31.9000   
9      | 38.8816    | 46.3750    | 37.3739    | 34.3250   

PSTEPS = 160, TSTEPS = 50000

TIME TAKEN = 445.05982 ms
