Benchmarking: black_scholes_cpu_acc with p=180, t=40000
Run 1

 CPU ACCELERATED IMPLEMENTATION
--------------------------------------------------------------

Index  | Call Model | Call Actual | Put Model  | Put Actual
--------------------------------------------------------------
0      | 50.6485    | 51.7000    | 29.0231    | 29.6500   
1      | 52.2354    | 53.6500    | 25.4290    | 27.3750   
2      | 54.4494    | 56.4000    | 22.5235    | 25.3500   
3      | 57.0709    | 59.9750    | 19.4517    | 23.2750   
4      | 59.2467    | 63.1750    | 16.6464    | 21.2000   
5      | 61.2728    | 66.3250    | 14.5962    | 19.5250   
6      | 63.2477    | 69.7250    | 12.5863    | 17.7500   
7      | 64.9475    | 72.9000    | 10.8786    | 16.1500   
8      | 48.1107    | 48.7500    | 32.7765    | 31.9000   
9      | 45.9292    | 46.3750    | 37.0628    | 34.3250   

PSTEPS = 180, TSTEPS = 40000

TIME TAKEN = 187.06650 ms
Run 2

 CPU ACCELERATED IMPLEMENTATION
--------------------------------------------------------------

Index  | Call Model | Call Actual | Put Model  | Put Actual
--------------------------------------------------------------
0      | 50.6485    | 51.7000    | 29.0231    | 29.6500   
1      | 52.2354    | 53.6500    | 25.4290    | 27.3750   
2      | 54.4494    | 56.4000    | 22.5235    | 25.3500   
3      | 57.0709    | 59.9750    | 19.4517    | 23.2750   
4      | 59.2467    | 63.1750    | 16.6464    | 21.2000   
5      | 61.2728    | 66.3250    | 14.5962    | 19.5250   
6      | 63.2477    | 69.7250    | 12.5863    | 17.7500   
7      | 64.9475    | 72.9000    | 10.8786    | 16.1500   
8      | 48.1107    | 48.7500    | 32.7765    | 31.9000   
9      | 45.9292    | 46.3750    | 37.0628    | 34.3250   

PSTEPS = 180, TSTEPS = 40000

TIME TAKEN = 187.09465 ms
Run 3

 CPU ACCELERATED IMPLEMENTATION
--------------------------------------------------------------

Index  | Call Model | Call Actual | Put Model  | Put Actual
--------------------------------------------------------------
0      | 50.6485    | 51.7000    | 29.0231    | 29.6500   
1      | 52.2354    | 53.6500    | 25.4290    | 27.3750   
2      | 54.4494    | 56.4000    | 22.5235    | 25.3500   
3      | 57.0709    | 59.9750    | 19.4517    | 23.2750   
4      | 59.2467    | 63.1750    | 16.6464    | 21.2000   
5      | 61.2728    | 66.3250    | 14.5962    | 19.5250   
6      | 63.2477    | 69.7250    | 12.5863    | 17.7500   
7      | 64.9475    | 72.9000    | 10.8786    | 16.1500   
8      | 48.1107    | 48.7500    | 32.7765    | 31.9000   
9      | 45.9292    | 46.3750    | 37.0628    | 34.3250   

PSTEPS = 180, TSTEPS = 40000

TIME TAKEN = 187.17115 ms
Run 4

 CPU ACCELERATED IMPLEMENTATION
--------------------------------------------------------------

Index  | Call Model | Call Actual | Put Model  | Put Actual
--------------------------------------------------------------
0      | 50.6485    | 51.7000    | 29.0231    | 29.6500   
1      | 52.2354    | 53.6500    | 25.4290    | 27.3750   
2      | 54.4494    | 56.4000    | 22.5235    | 25.3500   
3      | 57.0709    | 59.9750    | 19.4517    | 23.2750   
4      | 59.2467    | 63.1750    | 16.6464    | 21.2000   
5      | 61.2728    | 66.3250    | 14.5962    | 19.5250   
6      | 63.2477    | 69.7250    | 12.5863    | 17.7500   
7      | 64.9475    | 72.9000    | 10.8786    | 16.1500   
8      | 48.1107    | 48.7500    | 32.7765    | 31.9000   
9      | 45.9292    | 46.3750    | 37.0628    | 34.3250   

PSTEPS = 180, TSTEPS = 40000

TIME TAKEN = 187.17380 ms
Run 5

 CPU ACCELERATED IMPLEMENTATION
--------------------------------------------------------------

Index  | Call Model | Call Actual | Put Model  | Put Actual
--------------------------------------------------------------
0      | 50.6485    | 51.7000    | 29.0231    | 29.6500   
1      | 52.2354    | 53.6500    | 25.4290    | 27.3750   
2      | 54.4494    | 56.4000    | 22.5235    | 25.3500   
3      | 57.0709    | 59.9750    | 19.4517    | 23.2750   
4      | 59.2467    | 63.1750    | 16.6464    | 21.2000   
5      | 61.2728    | 66.3250    | 14.5962    | 19.5250   
6      | 63.2477    | 69.7250    | 12.5863    | 17.7500   
7      | 64.9475    | 72.9000    | 10.8786    | 16.1500   
8      | 48.1107    | 48.7500    | 32.7765    | 31.9000   
9      | 45.9292    | 46.3750    | 37.0628    | 34.3250   

PSTEPS = 180, TSTEPS = 40000

TIME TAKEN = 187.07453 ms
Run 6

 CPU ACCELERATED IMPLEMENTATION
--------------------------------------------------------------

Index  | Call Model | Call Actual | Put Model  | Put Actual
--------------------------------------------------------------
0      | 50.6485    | 51.7000    | 29.0231    | 29.6500   
1      | 52.2354    | 53.6500    | 25.4290    | 27.3750   
2      | 54.4494    | 56.4000    | 22.5235    | 25.3500   
3      | 57.0709    | 59.9750    | 19.4517    | 23.2750   
4      | 59.2467    | 63.1750    | 16.6464    | 21.2000   
5      | 61.2728    | 66.3250    | 14.5962    | 19.5250   
6      | 63.2477    | 69.7250    | 12.5863    | 17.7500   
7      | 64.9475    | 72.9000    | 10.8786    | 16.1500   
8      | 48.1107    | 48.7500    | 32.7765    | 31.9000   
9      | 45.9292    | 46.3750    | 37.0628    | 34.3250   

PSTEPS = 180, TSTEPS = 40000

TIME TAKEN = 187.06776 ms
Run 7

 CPU ACCELERATED IMPLEMENTATION
--------------------------------------------------------------

Index  | Call Model | Call Actual | Put Model  | Put Actual
--------------------------------------------------------------
0      | 50.6485    | 51.7000    | 29.0231    | 29.6500   
1      | 52.2354    | 53.6500    | 25.4290    | 27.3750   
2      | 54.4494    | 56.4000    | 22.5235    | 25.3500   
3      | 57.0709    | 59.9750    | 19.4517    | 23.2750   
4      | 59.2467    | 63.1750    | 16.6464    | 21.2000   
5      | 61.2728    | 66.3250    | 14.5962    | 19.5250   
6      | 63.2477    | 69.7250    | 12.5863    | 17.7500   
7      | 64.9475    | 72.9000    | 10.8786    | 16.1500   
8      | 48.1107    | 48.7500    | 32.7765    | 31.9000   
9      | 45.9292    | 46.3750    | 37.0628    | 34.3250   

PSTEPS = 180, TSTEPS = 40000

TIME TAKEN = 187.11928 ms
Run 8

 CPU ACCELERATED IMPLEMENTATION
--------------------------------------------------------------

Index  | Call Model | Call Actual | Put Model  | Put Actual
--------------------------------------------------------------
0      | 50.6485    | 51.7000    | 29.0231    | 29.6500   
1      | 52.2354    | 53.6500    | 25.4290    | 27.3750   
2      | 54.4494    | 56.4000    | 22.5235    | 25.3500   
3      | 57.0709    | 59.9750    | 19.4517    | 23.2750   
4      | 59.2467    | 63.1750    | 16.6464    | 21.2000   
5      | 61.2728    | 66.3250    | 14.5962    | 19.5250   
6      | 63.2477    | 69.7250    | 12.5863    | 17.7500   
7      | 64.9475    | 72.9000    | 10.8786    | 16.1500   
8      | 48.1107    | 48.7500    | 32.7765    | 31.9000   
9      | 45.9292    | 46.3750    | 37.0628    | 34.3250   

PSTEPS = 180, TSTEPS = 40000

TIME TAKEN = 187.56678 ms
Run 9

 CPU ACCELERATED IMPLEMENTATION
--------------------------------------------------------------

Index  | Call Model | Call Actual | Put Model  | Put Actual
--------------------------------------------------------------
0      | 50.6485    | 51.7000    | 29.0231    | 29.6500   
1      | 52.2354    | 53.6500    | 25.4290    | 27.3750   
2      | 54.4494    | 56.4000    | 22.5235    | 25.3500   
3      | 57.0709    | 59.9750    | 19.4517    | 23.2750   
4      | 59.2467    | 63.1750    | 16.6464    | 21.2000   
5      | 61.2728    | 66.3250    | 14.5962    | 19.5250   
6      | 63.2477    | 69.7250    | 12.5863    | 17.7500   
7      | 64.9475    | 72.9000    | 10.8786    | 16.1500   
8      | 48.1107    | 48.7500    | 32.7765    | 31.9000   
9      | 45.9292    | 46.3750    | 37.0628    | 34.3250   

PSTEPS = 180, TSTEPS = 40000

TIME TAKEN = 187.04398 ms
Run 10

 CPU ACCELERATED IMPLEMENTATION
--------------------------------------------------------------

Index  | Call Model | Call Actual | Put Model  | Put Actual
--------------------------------------------------------------
0      | 50.6485    | 51.7000    | 29.0231    | 29.6500   
1      | 52.2354    | 53.6500    | 25.4290    | 27.3750   
2      | 54.4494    | 56.4000    | 22.5235    | 25.3500   
3      | 57.0709    | 59.9750    | 19.4517    | 23.2750   
4      | 59.2467    | 63.1750    | 16.6464    | 21.2000   
5      | 61.2728    | 66.3250    | 14.5962    | 19.5250   
6      | 63.2477    | 69.7250    | 12.5863    | 17.7500   
7      | 64.9475    | 72.9000    | 10.8786    | 16.1500   
8      | 48.1107    | 48.7500    | 32.7765    | 31.9000   
9      | 45.9292    | 46.3750    | 37.0628    | 34.3250   

PSTEPS = 180, TSTEPS = 40000

TIME TAKEN = 187.06601 ms
