Benchmarking: black_scholes_cpu_acc with p=120, t=10000
Run 1

 CPU ACCELERATED IMPLEMENTATION
--------------------------------------------------------------

Index  | Call Model | Call Actual | Put Model  | Put Actual
--------------------------------------------------------------
0      | 48.4931    | 51.7000    | 30.5083    | 29.6500   
1      | 49.5573    | 53.6500    | 27.0660    | 27.3750   
2      | 51.2154    | 56.4000    | 24.2955    | 25.3500   
3      | 53.2629    | 59.9750    | 21.3403    | 23.2750   
4      | 54.8735    | 63.1750    | 18.5926    | 21.2000   
5      | 56.3509    | 66.3250    | 16.5772    | 19.5250   
6      | 57.7609    | 69.7250    | 14.5570    | 17.7500   
7      | 58.9182    | 72.9000    | 12.8164    | 16.1500   
8      | 46.4949    | 48.7500    | 34.0158    | 31.9000   
9      | 44.8098    | 46.3750    | 38.0094    | 34.3250   

PSTEPS = 120, TSTEPS = 10000

TIME TAKEN = 32.51259 ms
Run 2

 CPU ACCELERATED IMPLEMENTATION
--------------------------------------------------------------

Index  | Call Model | Call Actual | Put Model  | Put Actual
--------------------------------------------------------------
0      | 48.4931    | 51.7000    | 30.5083    | 29.6500   
1      | 49.5573    | 53.6500    | 27.0660    | 27.3750   
2      | 51.2154    | 56.4000    | 24.2955    | 25.3500   
3      | 53.2629    | 59.9750    | 21.3403    | 23.2750   
4      | 54.8735    | 63.1750    | 18.5926    | 21.2000   
5      | 56.3509    | 66.3250    | 16.5772    | 19.5250   
6      | 57.7609    | 69.7250    | 14.5570    | 17.7500   
7      | 58.9182    | 72.9000    | 12.8164    | 16.1500   
8      | 46.4949    | 48.7500    | 34.0158    | 31.9000   
9      | 44.8098    | 46.3750    | 38.0094    | 34.3250   

PSTEPS = 120, TSTEPS = 10000

TIME TAKEN = 32.44574 ms
Run 3

 CPU ACCELERATED IMPLEMENTATION
--------------------------------------------------------------

Index  | Call Model | Call Actual | Put Model  | Put Actual
--------------------------------------------------------------
0      | 48.4931    | 51.7000    | 30.5083    | 29.6500   
1      | 49.5573    | 53.6500    | 27.0660    | 27.3750   
2      | 51.2154    | 56.4000    | 24.2955    | 25.3500   
3      | 53.2629    | 59.9750    | 21.3403    | 23.2750   
4      | 54.8735    | 63.1750    | 18.5926    | 21.2000   
5      | 56.3509    | 66.3250    | 16.5772    | 19.5250   
6      | 57.7609    | 69.7250    | 14.5570    | 17.7500   
7      | 58.9182    | 72.9000    | 12.8164    | 16.1500   
8      | 46.4949    | 48.7500    | 34.0158    | 31.9000   
9      | 44.8098    | 46.3750    | 38.0094    | 34.3250   

PSTEPS = 120, TSTEPS = 10000

TIME TAKEN = 32.39818 ms
Run 4

 CPU ACCELERATED IMPLEMENTATION
--------------------------------------------------------------

Index  | Call Model | Call Actual | Put Model  | Put Actual
--------------------------------------------------------------
0      | 48.4931    | 51.7000    | 30.5083    | 29.6500   
1      | 49.5573    | 53.6500    | 27.0660    | 27.3750   
2      | 51.2154    | 56.4000    | 24.2955    | 25.3500   
3      | 53.2629    | 59.9750    | 21.3403    | 23.2750   
4      | 54.8735    | 63.1750    | 18.5926    | 21.2000   
5      | 56.3509    | 66.3250    | 16.5772    | 19.5250   
6      | 57.7609    | 69.7250    | 14.5570    | 17.7500   
7      | 58.9182    | 72.9000    | 12.8164    | 16.1500   
8      | 46.4949    | 48.7500    | 34.0158    | 31.9000   
9      | 44.8098    | 46.3750    | 38.0094    | 34.3250   

PSTEPS = 120, TSTEPS = 10000

TIME TAKEN = 32.50220 ms
Run 5

 CPU ACCELERATED IMPLEMENTATION
--------------------------------------------------------------

Index  | Call Model | Call Actual | Put Model  | Put Actual
--------------------------------------------------------------
0      | 48.4931    | 51.7000    | 30.5083    | 29.6500   
1      | 49.5573    | 53.6500    | 27.0660    | 27.3750   
2      | 51.2154    | 56.4000    | 24.2955    | 25.3500   
3      | 53.2629    | 59.9750    | 21.3403    | 23.2750   
4      | 54.8735    | 63.1750    | 18.5926    | 21.2000   
5      | 56.3509    | 66.3250    | 16.5772    | 19.5250   
6      | 57.7609    | 69.7250    | 14.5570    | 17.7500   
7      | 58.9182    | 72.9000    | 12.8164    | 16.1500   
8      | 46.4949    | 48.7500    | 34.0158    | 31.9000   
9      | 44.8098    | 46.3750    | 38.0094    | 34.3250   

PSTEPS = 120, TSTEPS = 10000

TIME TAKEN = 32.39867 ms
Run 6

 CPU ACCELERATED IMPLEMENTATION
--------------------------------------------------------------

Index  | Call Model | Call Actual | Put Model  | Put Actual
--------------------------------------------------------------
0      | 48.4931    | 51.7000    | 30.5083    | 29.6500   
1      | 49.5573    | 53.6500    | 27.0660    | 27.3750   
2      | 51.2154    | 56.4000    | 24.2955    | 25.3500   
3      | 53.2629    | 59.9750    | 21.3403    | 23.2750   
4      | 54.8735    | 63.1750    | 18.5926    | 21.2000   
5      | 56.3509    | 66.3250    | 16.5772    | 19.5250   
6      | 57.7609    | 69.7250    | 14.5570    | 17.7500   
7      | 58.9182    | 72.9000    | 12.8164    | 16.1500   
8      | 46.4949    | 48.7500    | 34.0158    | 31.9000   
9      | 44.8098    | 46.3750    | 38.0094    | 34.3250   

PSTEPS = 120, TSTEPS = 10000

TIME TAKEN = 32.40954 ms
Run 7

 CPU ACCELERATED IMPLEMENTATION
--------------------------------------------------------------

Index  | Call Model | Call Actual | Put Model  | Put Actual
--------------------------------------------------------------
0      | 48.4931    | 51.7000    | 30.5083    | 29.6500   
1      | 49.5573    | 53.6500    | 27.0660    | 27.3750   
2      | 51.2154    | 56.4000    | 24.2955    | 25.3500   
3      | 53.2629    | 59.9750    | 21.3403    | 23.2750   
4      | 54.8735    | 63.1750    | 18.5926    | 21.2000   
5      | 56.3509    | 66.3250    | 16.5772    | 19.5250   
6      | 57.7609    | 69.7250    | 14.5570    | 17.7500   
7      | 58.9182    | 72.9000    | 12.8164    | 16.1500   
8      | 46.4949    | 48.7500    | 34.0158    | 31.9000   
9      | 44.8098    | 46.3750    | 38.0094    | 34.3250   

PSTEPS = 120, TSTEPS = 10000

TIME TAKEN = 32.41065 ms
Run 8

 CPU ACCELERATED IMPLEMENTATION
--------------------------------------------------------------

Index  | Call Model | Call Actual | Put Model  | Put Actual
--------------------------------------------------------------
0      | 48.4931    | 51.7000    | 30.5083    | 29.6500   
1      | 49.5573    | 53.6500    | 27.0660    | 27.3750   
2      | 51.2154    | 56.4000    | 24.2955    | 25.3500   
3      | 53.2629    | 59.9750    | 21.3403    | 23.2750   
4      | 54.8735    | 63.1750    | 18.5926    | 21.2000   
5      | 56.3509    | 66.3250    | 16.5772    | 19.5250   
6      | 57.7609    | 69.7250    | 14.5570    | 17.7500   
7      | 58.9182    | 72.9000    | 12.8164    | 16.1500   
8      | 46.4949    | 48.7500    | 34.0158    | 31.9000   
9      | 44.8098    | 46.3750    | 38.0094    | 34.3250   

PSTEPS = 120, TSTEPS = 10000

TIME TAKEN = 32.42332 ms
Run 9

 CPU ACCELERATED IMPLEMENTATION
--------------------------------------------------------------

Index  | Call Model | Call Actual | Put Model  | Put Actual
--------------------------------------------------------------
0      | 48.4931    | 51.7000    | 30.5083    | 29.6500   
1      | 49.5573    | 53.6500    | 27.0660    | 27.3750   
2      | 51.2154    | 56.4000    | 24.2955    | 25.3500   
3      | 53.2629    | 59.9750    | 21.3403    | 23.2750   
4      | 54.8735    | 63.1750    | 18.5926    | 21.2000   
5      | 56.3509    | 66.3250    | 16.5772    | 19.5250   
6      | 57.7609    | 69.7250    | 14.5570    | 17.7500   
7      | 58.9182    | 72.9000    | 12.8164    | 16.1500   
8      | 46.4949    | 48.7500    | 34.0158    | 31.9000   
9      | 44.8098    | 46.3750    | 38.0094    | 34.3250   

PSTEPS = 120, TSTEPS = 10000

TIME TAKEN = 32.49136 ms
Run 10

 CPU ACCELERATED IMPLEMENTATION
--------------------------------------------------------------

Index  | Call Model | Call Actual | Put Model  | Put Actual
--------------------------------------------------------------
0      | 48.4931    | 51.7000    | 30.5083    | 29.6500   
1      | 49.5573    | 53.6500    | 27.0660    | 27.3750   
2      | 51.2154    | 56.4000    | 24.2955    | 25.3500   
3      | 53.2629    | 59.9750    | 21.3403    | 23.2750   
4      | 54.8735    | 63.1750    | 18.5926    | 21.2000   
5      | 56.3509    | 66.3250    | 16.5772    | 19.5250   
6      | 57.7609    | 69.7250    | 14.5570    | 17.7500   
7      | 58.9182    | 72.9000    | 12.8164    | 16.1500   
8      | 46.4949    | 48.7500    | 34.0158    | 31.9000   
9      | 44.8098    | 46.3750    | 38.0094    | 34.3250   

PSTEPS = 120, TSTEPS = 10000

TIME TAKEN = 32.40286 ms
