Benchmarking: black_scholes_hybrid1 with p=160, t=80000
Run 1

 HYBRID IMPLEMENTATION 1
--------------------------------------------------------------

Index  | Call Model | Call Actual | Put Model  | Put Actual
--------------------------------------------------------------
0      | 49.9266    | 51.7000    | 29.5123    | 29.6500   
1      | 50.9396    | 53.6500    | 25.9658    | 27.3750   
2      | 53.3610    | 56.4000    | 23.1037    | 25.3500   
3      | 55.7828    | 59.9750    | 20.0640    | 23.2750   
4      | 57.7645    | 63.1750    | 17.2741    | 21.2000   
5      | 59.6030    | 66.3250    | 15.2329    | 19.5250   
6      | 53.3533    | 69.7250    | 13.2148    | 17.7500   
7      | 55.3506    | 72.9000    | 11.4926    | 16.1500   
8      | 42.8092    | 48.7500    | 33.1846    | 31.9000   
9      | 41.3340    | 46.3750    | 37.3739    | 34.3250   

PSTEPS = 160, TSTEPS = 80000

TIME TAKEN = 623.88115 ms
Run 2

 HYBRID IMPLEMENTATION 1
--------------------------------------------------------------

Index  | Call Model | Call Actual | Put Model  | Put Actual
--------------------------------------------------------------
0      | 49.9266    | 51.7000    | 29.5123    | 29.6500   
1      | 51.3351    | 53.6500    | 25.9658    | 27.3750   
2      | 53.3610    | 56.4000    | 23.1037    | 25.3500   
3      | 55.7828    | 59.9750    | 20.0640    | 23.2750   
4      | 57.7645    | 63.1750    | 17.2741    | 21.2000   
5      | 59.6030    | 66.3250    | 15.2329    | 19.5250   
6      | 53.3543    | 69.7250    | 13.2148    | 17.7500   
7      | 55.3509    | 72.9000    | 11.4926    | 16.1500   
8      | 42.8092    | 48.7500    | 33.1846    | 31.9000   
9      | 41.3339    | 46.3750    | 37.3739    | 34.3250   

PSTEPS = 160, TSTEPS = 80000

TIME TAKEN = 598.91947 ms
Run 3

 HYBRID IMPLEMENTATION 1
--------------------------------------------------------------

Index  | Call Model | Call Actual | Put Model  | Put Actual
--------------------------------------------------------------
0      | 47.6870    | 51.7000    | 29.5123    | 29.6500   
1      | 51.3351    | 53.6500    | 25.9658    | 27.3750   
2      | 53.3610    | 56.4000    | 23.1037    | 25.3500   
3      | 55.7828    | 59.9750    | 20.0640    | 23.2750   
4      | 57.7645    | 63.1750    | 17.2741    | 21.2000   
5      | 59.6030    | 66.3250    | 15.2329    | 19.5250   
6      | 53.3541    | 69.7250    | 13.2148    | 17.7500   
7      | 55.3508    | 72.9000    | 11.4926    | 16.1500   
8      | 42.8093    | 48.7500    | 33.1846    | 31.9000   
9      | 41.3340    | 46.3750    | 37.3739    | 34.3250   

PSTEPS = 160, TSTEPS = 80000

TIME TAKEN = 583.59496 ms
Run 4

 HYBRID IMPLEMENTATION 1
--------------------------------------------------------------

Index  | Call Model | Call Actual | Put Model  | Put Actual
--------------------------------------------------------------
0      | 49.9266    | 51.7000    | 29.5123    | 29.6500   
1      | 51.3351    | 53.6500    | 25.9658    | 27.3750   
2      | 53.3610    | 56.4000    | 23.1037    | 25.3500   
3      | 55.7828    | 59.9750    | 20.0640    | 23.2750   
4      | 57.7645    | 63.1750    | 17.2741    | 21.2000   
5      | 59.6030    | 66.3250    | 15.2329    | 19.5250   
6      | 53.3542    | 69.7250    | 13.2148    | 17.7500   
7      | 55.3506    | 72.9000    | 11.4926    | 16.1500   
8      | 42.8092    | 48.7500    | 33.1846    | 31.9000   
9      | 41.3342    | 46.3750    | 37.3739    | 34.3250   

PSTEPS = 160, TSTEPS = 80000

TIME TAKEN = 588.49596 ms
Run 5

 HYBRID IMPLEMENTATION 1
--------------------------------------------------------------

Index  | Call Model | Call Actual | Put Model  | Put Actual
--------------------------------------------------------------
0      | 49.9266    | 51.7000    | 29.5123    | 29.6500   
1      | 51.3351    | 53.6500    | 25.9658    | 27.3750   
2      | 53.3610    | 56.4000    | 23.1037    | 25.3500   
3      | 55.7828    | 59.9750    | 20.0640    | 23.2750   
4      | 57.7645    | 63.1750    | 17.2741    | 21.2000   
5      | 59.6030    | 66.3250    | 15.2329    | 19.5250   
6      | 53.3541    | 69.7250    | 13.2148    | 17.7500   
7      | 55.3505    | 72.9000    | 11.4926    | 16.1500   
8      | 42.8039    | 48.7500    | 33.1846    | 31.9000   
9      | 45.1080    | 46.3750    | 37.3740    | 34.3250   

PSTEPS = 160, TSTEPS = 80000

TIME TAKEN = 600.13579 ms
Run 6

 HYBRID IMPLEMENTATION 1
--------------------------------------------------------------

Index  | Call Model | Call Actual | Put Model  | Put Actual
--------------------------------------------------------------
0      | 49.9266    | 51.7000    | 29.5123    | 29.6500   
1      | 51.3351    | 53.6500    | 25.9658    | 27.3750   
2      | 53.3610    | 56.4000    | 23.1037    | 25.3500   
3      | 55.7828    | 59.9750    | 20.0640    | 23.2750   
4      | 57.7645    | 63.1750    | 17.2741    | 21.2000   
5      | 59.6030    | 66.3250    | 15.2329    | 19.5250   
6      | 53.3542    | 69.7250    | 13.2148    | 17.7500   
7      | 55.3505    | 72.9000    | 11.4926    | 16.1500   
8      | 42.8092    | 48.7500    | 33.1846    | 31.9000   
9      | 41.3339    | 46.3750    | 37.3739    | 34.3250   

PSTEPS = 160, TSTEPS = 80000

TIME TAKEN = 582.79197 ms
Run 7

 HYBRID IMPLEMENTATION 1
--------------------------------------------------------------

Index  | Call Model | Call Actual | Put Model  | Put Actual
--------------------------------------------------------------
0      | 49.9266    | 51.7000    | 29.5123    | 29.6500   
1      | 51.3351    | 53.6500    | 25.9658    | 27.3750   
2      | 53.3610    | 56.4000    | 23.1037    | 25.3500   
3      | 55.7828    | 59.9750    | 20.0640    | 23.2750   
4      | 57.7645    | 63.1750    | 17.2741    | 21.2000   
5      | 59.6030    | 66.3250    | 15.2329    | 19.5250   
6      | 53.3540    | 69.7250    | 13.2148    | 17.7500   
7      | 55.3505    | 72.9000    | 11.4926    | 16.1500   
8      | 42.8091    | 48.7500    | 33.1846    | 31.9000   
9      | 41.3339    | 46.3750    | 37.3739    | 34.3250   

PSTEPS = 160, TSTEPS = 80000

TIME TAKEN = 594.90386 ms
Run 8

 HYBRID IMPLEMENTATION 1
--------------------------------------------------------------

Index  | Call Model | Call Actual | Put Model  | Put Actual
--------------------------------------------------------------
0      | 48.0881    | 51.7000    | 29.5123    | 29.6500   
1      | 51.3351    | 53.6500    | 25.9658    | 27.3750   
2      | 53.3610    | 56.4000    | 23.1037    | 25.3500   
3      | 55.7828    | 59.9750    | 20.0640    | 23.2750   
4      | 57.7645    | 63.1750    | 17.2741    | 21.2000   
5      | 59.6030    | 66.3250    | 15.2329    | 19.5250   
6      | 53.3520    | 69.7250    | 13.2148    | 17.7500   
7      | 55.3506    | 72.9000    | 11.4926    | 16.1500   
8      | 42.8092    | 48.7500    | 33.1846    | 31.9000   
9      | 41.3338    | 46.3750    | 37.3739    | 34.3250   

PSTEPS = 160, TSTEPS = 80000

TIME TAKEN = 602.39341 ms
Run 9

 HYBRID IMPLEMENTATION 1
--------------------------------------------------------------

Index  | Call Model | Call Actual | Put Model  | Put Actual
--------------------------------------------------------------
0      | 49.9266    | 51.7000    | 29.5123    | 29.6500   
1      | 51.3351    | 53.6500    | 25.9658    | 27.3750   
2      | 53.3610    | 56.4000    | 23.1037    | 25.3500   
3      | 55.7828    | 59.9750    | 20.0640    | 23.2750   
4      | 57.7645    | 63.1750    | 17.2741    | 21.2000   
5      | 59.6030    | 66.3250    | 15.2329    | 19.5250   
6      | 61.3824    | 69.7250    | 13.2148    | 17.7500   
7      | 55.3506    | 72.9000    | 11.4926    | 16.1500   
8      | 42.8092    | 48.7500    | 33.1846    | 31.9000   
9      | 41.3339    | 46.3750    | 37.3739    | 34.3250   

PSTEPS = 160, TSTEPS = 80000

TIME TAKEN = 578.23452 ms
Run 10

 HYBRID IMPLEMENTATION 1
--------------------------------------------------------------

Index  | Call Model | Call Actual | Put Model  | Put Actual
--------------------------------------------------------------
0      | 49.9266    | 51.7000    | 29.5123    | 29.6500   
1      | 51.3351    | 53.6500    | 25.9658    | 27.3750   
2      | 53.3610    | 56.4000    | 23.1037    | 25.3500   
3      | 55.7828    | 59.9750    | 20.0640    | 23.2750   
4      | 57.7645    | 63.1750    | 17.2741    | 21.2000   
5      | 59.6030    | 66.3250    | 15.2329    | 19.5250   
6      | 53.3541    | 69.7250    | 13.2148    | 17.7500   
7      | 55.3505    | 72.9000    | 11.4926    | 16.1500   
8      | 42.8040    | 48.7500    | 33.1846    | 31.9000   
9      | 41.3339    | 46.3750    | 37.3739    | 34.3250   

PSTEPS = 160, TSTEPS = 80000

TIME TAKEN = 591.61584 ms
