Benchmarking: black_scholes_hybrid2 with p=20, t=50000
Run 1

 HYBRID IMPLEMENTATION 2
--------------------------------------------------------------

Index  | Call Model | Call Actual | Put Model  | Put Actual
--------------------------------------------------------------
0      | 45.0875    | 51.7000    | 35.1063    | 29.6500   
1      | 45.2910    | 53.6500    | 31.8381    | 27.3750   
2      | 45.9653    | 56.4000    | 29.1410    | 25.3500   
3      | 46.8975    | 59.9750    | 26.1168    | 23.2750   
4      | 47.7937    | 63.1750    | 23.5894    | 21.2000   
5      | 48.6772    | 66.3250    | 21.8509    | 19.5250   
6      | 49.4043    | 69.7250    | 19.9648    | 17.7500   
7      | 49.8330    | 72.9000    | 18.2346    | 16.1500   
8      | 43.9257    | 48.7500    | 38.2334    | 31.9000   
9      | 42.9440    | 46.3750    | 41.7016    | 34.3250   

PSTEPS = 20, TSTEPS = 50000

TIME TAKEN = 299.65868 ms
Run 2

 HYBRID IMPLEMENTATION 2
--------------------------------------------------------------

Index  | Call Model | Call Actual | Put Model  | Put Actual
--------------------------------------------------------------
0      | 45.0875    | 51.7000    | 35.1063    | 29.6500   
1      | 45.2910    | 53.6500    | 31.8381    | 27.3750   
2      | 45.9653    | 56.4000    | 29.1410    | 25.3500   
3      | 46.8975    | 59.9750    | 26.1168    | 23.2750   
4      | 47.7937    | 63.1750    | 23.5894    | 21.2000   
5      | 48.6772    | 66.3250    | 21.8509    | 19.5250   
6      | 49.4043    | 69.7250    | 19.9648    | 17.7500   
7      | 49.8330    | 72.9000    | 18.2346    | 16.1500   
8      | 43.9257    | 48.7500    | 38.2334    | 31.9000   
9      | 42.9440    | 46.3750    | 41.7016    | 34.3250   

PSTEPS = 20, TSTEPS = 50000

TIME TAKEN = 310.40308 ms
Run 3

 HYBRID IMPLEMENTATION 2
--------------------------------------------------------------

Index  | Call Model | Call Actual | Put Model  | Put Actual
--------------------------------------------------------------
0      | 45.0875    | 51.7000    | 35.1063    | 29.6500   
1      | 45.2910    | 53.6500    | 31.8381    | 27.3750   
2      | 45.9653    | 56.4000    | 29.1410    | 25.3500   
3      | 46.8975    | 59.9750    | 26.1168    | 23.2750   
4      | 47.7937    | 63.1750    | 23.5894    | 21.2000   
5      | 48.6772    | 66.3250    | 21.8509    | 19.5250   
6      | 49.4043    | 69.7250    | 19.9648    | 17.7500   
7      | 49.8330    | 72.9000    | 18.2346    | 16.1500   
8      | 43.9257    | 48.7500    | 38.2334    | 31.9000   
9      | 42.9440    | 46.3750    | 41.7016    | 34.3250   

PSTEPS = 20, TSTEPS = 50000

TIME TAKEN = 307.33817 ms
Run 4

 HYBRID IMPLEMENTATION 2
--------------------------------------------------------------

Index  | Call Model | Call Actual | Put Model  | Put Actual
--------------------------------------------------------------
0      | 45.0875    | 51.7000    | 35.1063    | 29.6500   
1      | 45.2910    | 53.6500    | 31.8381    | 27.3750   
2      | 45.9653    | 56.4000    | 29.1410    | 25.3500   
3      | 46.8975    | 59.9750    | 26.1168    | 23.2750   
4      | 47.7937    | 63.1750    | 23.5894    | 21.2000   
5      | 48.6772    | 66.3250    | 21.8509    | 19.5250   
6      | 49.4043    | 69.7250    | 19.9648    | 17.7500   
7      | 49.8330    | 72.9000    | 18.2346    | 16.1500   
8      | 43.9257    | 48.7500    | 38.2334    | 31.9000   
9      | 42.9440    | 46.3750    | 41.7016    | 34.3250   

PSTEPS = 20, TSTEPS = 50000

TIME TAKEN = 316.01815 ms
Run 5

 HYBRID IMPLEMENTATION 2
--------------------------------------------------------------

Index  | Call Model | Call Actual | Put Model  | Put Actual
--------------------------------------------------------------
0      | 45.0875    | 51.7000    | 35.1063    | 29.6500   
1      | 45.2910    | 53.6500    | 31.8381    | 27.3750   
2      | 45.9653    | 56.4000    | 29.1410    | 25.3500   
3      | 46.8975    | 59.9750    | 26.1168    | 23.2750   
4      | 47.7937    | 63.1750    | 23.5894    | 21.2000   
5      | 48.6772    | 66.3250    | 21.8509    | 19.5250   
6      | 49.4043    | 69.7250    | 19.9648    | 17.7500   
7      | 49.8330    | 72.9000    | 18.2346    | 16.1500   
8      | 43.9257    | 48.7500    | 38.2334    | 31.9000   
9      | 42.9440    | 46.3750    | 41.7016    | 34.3250   

PSTEPS = 20, TSTEPS = 50000

TIME TAKEN = 289.47169 ms
Run 6

 HYBRID IMPLEMENTATION 2
--------------------------------------------------------------

Index  | Call Model | Call Actual | Put Model  | Put Actual
--------------------------------------------------------------
0      | 45.0875    | 51.7000    | 35.1063    | 29.6500   
1      | 45.2910    | 53.6500    | 31.8381    | 27.3750   
2      | 45.9653    | 56.4000    | 29.1410    | 25.3500   
3      | 46.8975    | 59.9750    | 26.1168    | 23.2750   
4      | 47.7937    | 63.1750    | 23.5894    | 21.2000   
5      | 48.6772    | 66.3250    | 21.8509    | 19.5250   
6      | 49.4043    | 69.7250    | 19.9648    | 17.7500   
7      | 49.8330    | 72.9000    | 18.2346    | 16.1500   
8      | 43.9257    | 48.7500    | 38.2334    | 31.9000   
9      | 42.9440    | 46.3750    | 41.7016    | 34.3250   

PSTEPS = 20, TSTEPS = 50000

TIME TAKEN = 303.82451 ms
Run 7

 HYBRID IMPLEMENTATION 2
--------------------------------------------------------------

Index  | Call Model | Call Actual | Put Model  | Put Actual
--------------------------------------------------------------
0      | 45.0875    | 51.7000    | 35.1063    | 29.6500   
1      | 45.2910    | 53.6500    | 31.8381    | 27.3750   
2      | 45.9653    | 56.4000    | 29.1410    | 25.3500   
3      | 46.8975    | 59.9750    | 26.1168    | 23.2750   
4      | 47.7937    | 63.1750    | 23.5894    | 21.2000   
5      | 48.6772    | 66.3250    | 21.8509    | 19.5250   
6      | 49.4043    | 69.7250    | 19.9648    | 17.7500   
7      | 49.8330    | 72.9000    | 18.2346    | 16.1500   
8      | 43.9257    | 48.7500    | 38.2334    | 31.9000   
9      | 42.9440    | 46.3750    | 41.7016    | 34.3250   

PSTEPS = 20, TSTEPS = 50000

TIME TAKEN = 290.86279 ms
Run 8

 HYBRID IMPLEMENTATION 2
--------------------------------------------------------------

Index  | Call Model | Call Actual | Put Model  | Put Actual
--------------------------------------------------------------
0      | 45.0875    | 51.7000    | 35.1063    | 29.6500   
1      | 45.2910    | 53.6500    | 31.8381    | 27.3750   
2      | 45.9653    | 56.4000    | 29.1410    | 25.3500   
3      | 46.8975    | 59.9750    | 26.1168    | 23.2750   
4      | 47.7937    | 63.1750    | 23.5894    | 21.2000   
5      | 48.6772    | 66.3250    | 21.8509    | 19.5250   
6      | 49.4043    | 69.7250    | 19.9648    | 17.7500   
7      | 49.8330    | 72.9000    | 18.2346    | 16.1500   
8      | 43.9257    | 48.7500    | 38.2334    | 31.9000   
9      | 42.9440    | 46.3750    | 41.7016    | 34.3250   

PSTEPS = 20, TSTEPS = 50000

TIME TAKEN = 318.90863 ms
Run 9

 HYBRID IMPLEMENTATION 2
--------------------------------------------------------------

Index  | Call Model | Call Actual | Put Model  | Put Actual
--------------------------------------------------------------
0      | 45.0875    | 51.7000    | 35.1063    | 29.6500   
1      | 45.2910    | 53.6500    | 31.8381    | 27.3750   
2      | 45.9653    | 56.4000    | 29.1410    | 25.3500   
3      | 46.8975    | 59.9750    | 26.1168    | 23.2750   
4      | 47.7937    | 63.1750    | 23.5894    | 21.2000   
5      | 48.6772    | 66.3250    | 21.8509    | 19.5250   
6      | 49.4043    | 69.7250    | 19.9648    | 17.7500   
7      | 49.8330    | 72.9000    | 18.2346    | 16.1500   
8      | 43.9257    | 48.7500    | 38.2334    | 31.9000   
9      | 42.9440    | 46.3750    | 41.7016    | 34.3250   

PSTEPS = 20, TSTEPS = 50000

TIME TAKEN = 324.31197 ms
Run 10

 HYBRID IMPLEMENTATION 2
--------------------------------------------------------------

Index  | Call Model | Call Actual | Put Model  | Put Actual
--------------------------------------------------------------
0      | 45.0875    | 51.7000    | 35.1063    | 29.6500   
1      | 45.2910    | 53.6500    | 31.8381    | 27.3750   
2      | 45.9653    | 56.4000    | 29.1410    | 25.3500   
3      | 46.8975    | 59.9750    | 26.1168    | 23.2750   
4      | 47.7937    | 63.1750    | 23.5894    | 21.2000   
5      | 48.6772    | 66.3250    | 21.8509    | 19.5250   
6      | 49.4043    | 69.7250    | 19.9648    | 17.7500   
7      | 49.8330    | 72.9000    | 18.2346    | 16.1500   
8      | 43.9257    | 48.7500    | 38.2334    | 31.9000   
9      | 42.9440    | 46.3750    | 41.7016    | 34.3250   

PSTEPS = 20, TSTEPS = 50000

TIME TAKEN = 335.44781 ms
