Benchmarking: black_scholes_hybrid2 with p=160, t=50000
Run 1

 HYBRID IMPLEMENTATION 2
--------------------------------------------------------------

Index  | Call Model | Call Actual | Put Model  | Put Actual
--------------------------------------------------------------
0      | 49.9266    | 51.7000    | 29.5123    | 29.6500   
1      | 51.3352    | 53.6500    | 25.9658    | 27.3750   
2      | 53.3610    | 56.4000    | 23.1037    | 25.3500   
3      | 55.7828    | 59.9750    | 20.0641    | 23.2750   
4      | 57.7645    | 63.1750    | 17.2742    | 21.2000   
5      | 59.6030    | 66.3250    | 15.2330    | 19.5250   
6      | 61.3824    | 69.7250    | 13.2148    | 17.7500   
7      | 62.8952    | 72.9000    | 11.4927    | 16.1500   
8      | 47.5706    | 48.7500    | 33.1847    | 31.9000   
9      | 45.5559    | 46.3750    | 37.3741    | 34.3250   

PSTEPS = 160, TSTEPS = 50000

TIME TAKEN = 779.99651 ms
Run 2

 HYBRID IMPLEMENTATION 2
--------------------------------------------------------------

Index  | Call Model | Call Actual | Put Model  | Put Actual
--------------------------------------------------------------
0      | 49.9266    | 51.7000    | 29.5123    | 29.6500   
1      | 51.3352    | 53.6500    | 25.9658    | 27.3750   
2      | 53.3610    | 56.4000    | 23.1037    | 25.3500   
3      | 55.7828    | 59.9750    | 20.0641    | 23.2750   
4      | 57.7645    | 63.1750    | 17.2742    | 21.2000   
5      | 59.6030    | 66.3250    | 15.2330    | 19.5250   
6      | 61.3824    | 69.7250    | 13.2148    | 17.7500   
7      | 62.8952    | 72.9000    | 11.4927    | 16.1500   
8      | 47.5706    | 48.7500    | 33.1847    | 31.9000   
9      | 45.5559    | 46.3750    | 37.3741    | 34.3250   

PSTEPS = 160, TSTEPS = 50000

TIME TAKEN = 790.98743 ms
Run 3

 HYBRID IMPLEMENTATION 2
--------------------------------------------------------------

Index  | Call Model | Call Actual | Put Model  | Put Actual
--------------------------------------------------------------
0      | 49.9266    | 51.7000    | 29.5123    | 29.6500   
1      | 51.3352    | 53.6500    | 25.9658    | 27.3750   
2      | 53.3610    | 56.4000    | 23.1037    | 25.3500   
3      | 55.7828    | 59.9750    | 20.0641    | 23.2750   
4      | 57.7645    | 63.1750    | 17.2742    | 21.2000   
5      | 59.6030    | 66.3250    | 15.2330    | 19.5250   
6      | 61.3824    | 69.7250    | 13.2148    | 17.7500   
7      | 62.8952    | 72.9000    | 11.4927    | 16.1500   
8      | 47.5706    | 48.7500    | 33.1847    | 31.9000   
9      | 45.5559    | 46.3750    | 37.3741    | 34.3250   

PSTEPS = 160, TSTEPS = 50000

TIME TAKEN = 796.98352 ms
Run 4

 HYBRID IMPLEMENTATION 2
--------------------------------------------------------------

Index  | Call Model | Call Actual | Put Model  | Put Actual
--------------------------------------------------------------
0      | 49.9266    | 51.7000    | 29.5123    | 29.6500   
1      | 51.3352    | 53.6500    | 25.9658    | 27.3750   
2      | 53.3610    | 56.4000    | 23.1037    | 25.3500   
3      | 55.7828    | 59.9750    | 20.0641    | 23.2750   
4      | 57.7645    | 63.1750    | 17.2742    | 21.2000   
5      | 59.6030    | 66.3250    | 15.2330    | 19.5250   
6      | 61.3824    | 69.7250    | 13.2148    | 17.7500   
7      | 62.8952    | 72.9000    | 11.4927    | 16.1500   
8      | 47.5706    | 48.7500    | 33.1847    | 31.9000   
9      | 45.5559    | 46.3750    | 37.3741    | 34.3250   

PSTEPS = 160, TSTEPS = 50000

TIME TAKEN = 769.20913 ms
Run 5

 HYBRID IMPLEMENTATION 2
--------------------------------------------------------------

Index  | Call Model | Call Actual | Put Model  | Put Actual
--------------------------------------------------------------
0      | 49.9266    | 51.7000    | 29.5123    | 29.6500   
1      | 51.3352    | 53.6500    | 25.9658    | 27.3750   
2      | 53.3610    | 56.4000    | 23.1037    | 25.3500   
3      | 55.7828    | 59.9750    | 20.0641    | 23.2750   
4      | 57.7645    | 63.1750    | 17.2742    | 21.2000   
5      | 59.6030    | 66.3250    | 15.2330    | 19.5250   
6      | 61.3824    | 69.7250    | 13.2148    | 17.7500   
7      | 62.8952    | 72.9000    | 11.4927    | 16.1500   
8      | 47.5706    | 48.7500    | 33.1847    | 31.9000   
9      | 45.5559    | 46.3750    | 37.3741    | 34.3250   

PSTEPS = 160, TSTEPS = 50000

TIME TAKEN = 770.58172 ms
Run 6

 HYBRID IMPLEMENTATION 2
--------------------------------------------------------------

Index  | Call Model | Call Actual | Put Model  | Put Actual
--------------------------------------------------------------
0      | 49.9266    | 51.7000    | 29.5123    | 29.6500   
1      | 51.3352    | 53.6500    | 25.9658    | 27.3750   
2      | 53.3610    | 56.4000    | 23.1037    | 25.3500   
3      | 55.7828    | 59.9750    | 20.0641    | 23.2750   
4      | 57.7645    | 63.1750    | 17.2742    | 21.2000   
5      | 59.6030    | 66.3250    | 15.2330    | 19.5250   
6      | 61.3824    | 69.7250    | 13.2148    | 17.7500   
7      | 62.8952    | 72.9000    | 11.4927    | 16.1500   
8      | 47.5706    | 48.7500    | 33.1847    | 31.9000   
9      | 45.5559    | 46.3750    | 37.3741    | 34.3250   

PSTEPS = 160, TSTEPS = 50000

TIME TAKEN = 786.58280 ms
Run 7

 HYBRID IMPLEMENTATION 2
--------------------------------------------------------------

Index  | Call Model | Call Actual | Put Model  | Put Actual
--------------------------------------------------------------
0      | 49.9266    | 51.7000    | 29.5123    | 29.6500   
1      | 51.3352    | 53.6500    | 25.9658    | 27.3750   
2      | 53.3610    | 56.4000    | 23.1037    | 25.3500   
3      | 55.7828    | 59.9750    | 20.0641    | 23.2750   
4      | 57.7645    | 63.1750    | 17.2742    | 21.2000   
5      | 59.6030    | 66.3250    | 15.2330    | 19.5250   
6      | 61.3824    | 69.7250    | 13.2148    | 17.7500   
7      | 62.8952    | 72.9000    | 11.4927    | 16.1500   
8      | 47.5706    | 48.7500    | 33.1847    | 31.9000   
9      | 45.5559    | 46.3750    | 37.3741    | 34.3250   

PSTEPS = 160, TSTEPS = 50000

TIME TAKEN = 763.63185 ms
Run 8

 HYBRID IMPLEMENTATION 2
--------------------------------------------------------------

Index  | Call Model | Call Actual | Put Model  | Put Actual
--------------------------------------------------------------
0      | 49.9266    | 51.7000    | 29.5123    | 29.6500   
1      | 51.3352    | 53.6500    | 25.9658    | 27.3750   
2      | 53.3610    | 56.4000    | 23.1037    | 25.3500   
3      | 55.7828    | 59.9750    | 20.0641    | 23.2750   
4      | 57.7645    | 63.1750    | 17.2742    | 21.2000   
5      | 59.6030    | 66.3250    | 15.2330    | 19.5250   
6      | 61.3824    | 69.7250    | 13.2148    | 17.7500   
7      | 62.8952    | 72.9000    | 11.4927    | 16.1500   
8      | 47.5706    | 48.7500    | 33.1847    | 31.9000   
9      | 45.5559    | 46.3750    | 37.3741    | 34.3250   

PSTEPS = 160, TSTEPS = 50000

TIME TAKEN = 796.48972 ms
Run 9

 HYBRID IMPLEMENTATION 2
--------------------------------------------------------------

Index  | Call Model | Call Actual | Put Model  | Put Actual
--------------------------------------------------------------
0      | 49.9266    | 51.7000    | 29.5123    | 29.6500   
1      | 51.3352    | 53.6500    | 25.9658    | 27.3750   
2      | 53.3610    | 56.4000    | 23.1037    | 25.3500   
3      | 55.7828    | 59.9750    | 20.0641    | 23.2750   
4      | 57.7645    | 63.1750    | 17.2742    | 21.2000   
5      | 59.6030    | 66.3250    | 15.2330    | 19.5250   
6      | 61.3824    | 69.7250    | 13.2148    | 17.7500   
7      | 62.8952    | 72.9000    | 11.4927    | 16.1500   
8      | 47.5706    | 48.7500    | 33.1847    | 31.9000   
9      | 45.5559    | 46.3750    | 37.3741    | 34.3250   

PSTEPS = 160, TSTEPS = 50000

TIME TAKEN = 783.05670 ms
Run 10

 HYBRID IMPLEMENTATION 2
--------------------------------------------------------------

Index  | Call Model | Call Actual | Put Model  | Put Actual
--------------------------------------------------------------
0      | 49.9266    | 51.7000    | 29.5123    | 29.6500   
1      | 51.3352    | 53.6500    | 25.9658    | 27.3750   
2      | 53.3610    | 56.4000    | 23.1037    | 25.3500   
3      | 55.7828    | 59.9750    | 20.0641    | 23.2750   
4      | 57.7645    | 63.1750    | 17.2742    | 21.2000   
5      | 59.6030    | 66.3250    | 15.2330    | 19.5250   
6      | 61.3824    | 69.7250    | 13.2148    | 17.7500   
7      | 62.8952    | 72.9000    | 11.4927    | 16.1500   
8      | 47.5706    | 48.7500    | 33.1847    | 31.9000   
9      | 45.5559    | 46.3750    | 37.3741    | 34.3250   

PSTEPS = 160, TSTEPS = 50000

TIME TAKEN = 769.68374 ms
