Benchmarking: black_scholes_hybrid1 with p=200, t=20000
Run 1

 HYBRID IMPLEMENTATION 1
--------------------------------------------------------------

Index  | Call Model | Call Actual | Put Model  | Put Actual
--------------------------------------------------------------
0      | 51.3885    | 51.7000    | 28.5525    | 29.6500   
1      | 53.1442    | 53.6500    | 24.9000    | 27.3750   
2      | 55.5509    | 56.4000    | 21.9542    | 25.3500   
3      | 58.3782    | 59.9750    | 18.8548    | 23.2750   
4      | 60.7534    | 63.1750    | 16.0376    | 21.2000   
5      | 62.9780    | 66.3250    | 13.9871    | 19.5250   
6      | 65.1467    | 69.7250    | 11.9812    | 17.7500   
7      | 67.0321    | 72.9000    | 10.2837    | 16.1500   
8      | 48.6632    | 48.7500    | 32.3819    | 31.9000   
9      | 46.3004    | 46.3750    | 36.7511    | 34.3250   

PSTEPS = 200, TSTEPS = 20000

TIME TAKEN = 372.40551 ms
Run 2

 HYBRID IMPLEMENTATION 1
--------------------------------------------------------------

Index  | Call Model | Call Actual | Put Model  | Put Actual
--------------------------------------------------------------
0      | 51.3885    | 51.7000    | 28.5525    | 29.6500   
1      | 53.1442    | 53.6500    | 24.9000    | 27.3750   
2      | 55.5509    | 56.4000    | 21.9542    | 25.3500   
3      | 58.3782    | 59.9750    | 18.8548    | 23.2750   
4      | 60.7534    | 63.1750    | 16.0376    | 21.2000   
5      | 62.9780    | 66.3250    | 13.9871    | 19.5250   
6      | 65.1467    | 69.7250    | 11.9812    | 17.7500   
7      | 67.0321    | 72.9000    | 10.2837    | 16.1500   
8      | 48.6632    | 48.7500    | 32.3819    | 31.9000   
9      | 46.3004    | 46.3750    | 36.7511    | 34.3250   

PSTEPS = 200, TSTEPS = 20000

TIME TAKEN = 350.72307 ms
Run 3

 HYBRID IMPLEMENTATION 1
--------------------------------------------------------------

Index  | Call Model | Call Actual | Put Model  | Put Actual
--------------------------------------------------------------
0      | 51.3885    | 51.7000    | 28.5525    | 29.6500   
1      | 53.1442    | 53.6500    | 24.9000    | 27.3750   
2      | 55.5509    | 56.4000    | 21.9542    | 25.3500   
3      | 58.3782    | 59.9750    | 18.8548    | 23.2750   
4      | 60.7534    | 63.1750    | 16.0376    | 21.2000   
5      | 62.9780    | 66.3250    | 13.9871    | 19.5250   
6      | 65.1467    | 69.7250    | 11.9812    | 17.7500   
7      | 67.0321    | 72.9000    | 10.2837    | 16.1500   
8      | 48.6632    | 48.7500    | 32.3819    | 31.9000   
9      | 46.3004    | 46.3750    | 36.7511    | 34.3250   

PSTEPS = 200, TSTEPS = 20000

TIME TAKEN = 325.35299 ms
Run 4

 HYBRID IMPLEMENTATION 1
--------------------------------------------------------------

Index  | Call Model | Call Actual | Put Model  | Put Actual
--------------------------------------------------------------
0      | 51.3885    | 51.7000    | 28.5525    | 29.6500   
1      | 53.1442    | 53.6500    | 24.9000    | 27.3750   
2      | 55.5509    | 56.4000    | 21.9542    | 25.3500   
3      | 58.3782    | 59.9750    | 18.8548    | 23.2750   
4      | 60.7534    | 63.1750    | 16.0376    | 21.2000   
5      | 62.9780    | 66.3250    | 13.9871    | 19.5250   
6      | 65.1467    | 69.7250    | 11.9812    | 17.7500   
7      | 67.0321    | 72.9000    | 10.2837    | 16.1500   
8      | 48.6632    | 48.7500    | 32.3819    | 31.9000   
9      | 46.3004    | 46.3750    | 36.7511    | 34.3250   

PSTEPS = 200, TSTEPS = 20000

TIME TAKEN = 326.49562 ms
Run 5

 HYBRID IMPLEMENTATION 1
--------------------------------------------------------------

Index  | Call Model | Call Actual | Put Model  | Put Actual
--------------------------------------------------------------
0      | 51.3885    | 51.7000    | 28.5525    | 29.6500   
1      | 53.1442    | 53.6500    | 24.9000    | 27.3750   
2      | 55.5509    | 56.4000    | 21.9542    | 25.3500   
3      | 58.3782    | 59.9750    | 18.8548    | 23.2750   
4      | 60.7534    | 63.1750    | 16.0376    | 21.2000   
5      | 62.9780    | 66.3250    | 13.9871    | 19.5250   
6      | 65.1467    | 69.7250    | 11.9812    | 17.7500   
7      | 67.0321    | 72.9000    | 10.2837    | 16.1500   
8      | 48.6632    | 48.7500    | 32.3819    | 31.9000   
9      | 46.3004    | 46.3750    | 36.7511    | 34.3250   

PSTEPS = 200, TSTEPS = 20000

TIME TAKEN = 332.82425 ms
Run 6

 HYBRID IMPLEMENTATION 1
--------------------------------------------------------------

Index  | Call Model | Call Actual | Put Model  | Put Actual
--------------------------------------------------------------
0      | 51.3885    | 51.7000    | 28.5525    | 29.6500   
1      | 53.1442    | 53.6500    | 24.9000    | 27.3750   
2      | 55.5509    | 56.4000    | 21.9542    | 25.3500   
3      | 58.3782    | 59.9750    | 18.8548    | 23.2750   
4      | 60.7534    | 63.1750    | 16.0376    | 21.2000   
5      | 62.9780    | 66.3250    | 13.9871    | 19.5250   
6      | 65.1467    | 69.7250    | 11.9812    | 17.7500   
7      | 67.0321    | 72.9000    | 10.2837    | 16.1500   
8      | 48.6632    | 48.7500    | 32.3819    | 31.9000   
9      | 46.3004    | 46.3750    | 36.7511    | 34.3250   

PSTEPS = 200, TSTEPS = 20000

TIME TAKEN = 341.47934 ms
Run 7

 HYBRID IMPLEMENTATION 1
--------------------------------------------------------------

Index  | Call Model | Call Actual | Put Model  | Put Actual
--------------------------------------------------------------
0      | 51.3885    | 51.7000    | 28.5525    | 29.6500   
1      | 53.1442    | 53.6500    | 24.9000    | 27.3750   
2      | 55.5509    | 56.4000    | 21.9542    | 25.3500   
3      | 58.3782    | 59.9750    | 18.8548    | 23.2750   
4      | 60.7534    | 63.1750    | 16.0376    | 21.2000   
5      | 62.9780    | 66.3250    | 13.9871    | 19.5250   
6      | 65.1467    | 69.7250    | 11.9812    | 17.7500   
7      | 67.0321    | 72.9000    | 10.2837    | 16.1500   
8      | 48.6632    | 48.7500    | 32.3819    | 31.9000   
9      | 46.3004    | 46.3750    | 36.7511    | 34.3250   

PSTEPS = 200, TSTEPS = 20000

TIME TAKEN = 326.84594 ms
Run 8

 HYBRID IMPLEMENTATION 1
--------------------------------------------------------------

Index  | Call Model | Call Actual | Put Model  | Put Actual
--------------------------------------------------------------
0      | 51.3885    | 51.7000    | 28.5525    | 29.6500   
1      | 53.1442    | 53.6500    | 24.9000    | 27.3750   
2      | 55.5509    | 56.4000    | 21.9542    | 25.3500   
3      | 58.3782    | 59.9750    | 18.8548    | 23.2750   
4      | 60.7534    | 63.1750    | 16.0376    | 21.2000   
5      | 62.9780    | 66.3250    | 13.9871    | 19.5250   
6      | 65.1467    | 69.7250    | 11.9812    | 17.7500   
7      | 67.0321    | 72.9000    | 10.2837    | 16.1500   
8      | 48.6632    | 48.7500    | 32.3819    | 31.9000   
9      | 46.3004    | 46.3750    | 36.7511    | 34.3250   

PSTEPS = 200, TSTEPS = 20000

TIME TAKEN = 332.69887 ms
Run 9

 HYBRID IMPLEMENTATION 1
--------------------------------------------------------------

Index  | Call Model | Call Actual | Put Model  | Put Actual
--------------------------------------------------------------
0      | 51.3885    | 51.7000    | 28.5525    | 29.6500   
1      | 53.1442    | 53.6500    | 24.9000    | 27.3750   
2      | 55.5509    | 56.4000    | 21.9542    | 25.3500   
3      | 58.3782    | 59.9750    | 18.8548    | 23.2750   
4      | 60.7534    | 63.1750    | 16.0376    | 21.2000   
5      | 62.9780    | 66.3250    | 13.9871    | 19.5250   
6      | 65.1467    | 69.7250    | 11.9812    | 17.7500   
7      | 67.0321    | 72.9000    | 10.2837    | 16.1500   
8      | 48.6632    | 48.7500    | 32.3819    | 31.9000   
9      | 46.3004    | 46.3750    | 36.7511    | 34.3250   

PSTEPS = 200, TSTEPS = 20000

TIME TAKEN = 332.53329 ms
Run 10

 HYBRID IMPLEMENTATION 1
--------------------------------------------------------------

Index  | Call Model | Call Actual | Put Model  | Put Actual
--------------------------------------------------------------
0      | 51.3885    | 51.7000    | 28.5525    | 29.6500   
1      | 53.1442    | 53.6500    | 24.9000    | 27.3750   
2      | 55.5509    | 56.4000    | 21.9542    | 25.3500   
3      | 58.3782    | 59.9750    | 18.8548    | 23.2750   
4      | 60.7534    | 63.1750    | 16.0376    | 21.2000   
5      | 62.9780    | 66.3250    | 13.9871    | 19.5250   
6      | 65.1467    | 69.7250    | 11.9812    | 17.7500   
7      | 67.0321    | 72.9000    | 10.2837    | 16.1500   
8      | 48.6632    | 48.7500    | 32.3819    | 31.9000   
9      | 46.3004    | 46.3750    | 36.7511    | 34.3250   

PSTEPS = 200, TSTEPS = 20000

TIME TAKEN = 344.84875 ms
