Benchmarking: black_scholes_gpu with p=200, t=20000
Run 1

 GPU ACCELERATED IMPLEMENTATION
--------------------------------------------------------------

Index  | Call Model | Call Actual | Put Model  | Put Actual
--------------------------------------------------------------
0      | 51.3885    | 51.7000    | 28.5525    | 29.6500   
1      | 53.1442    | 53.6500    | 24.9000    | 27.3750   
2      | 55.5509    | 56.4000    | 21.9542    | 25.3500   
3      | 58.3782    | 59.9750    | 18.8548    | 23.2750   
4      | 60.7534    | 63.1750    | 16.0376    | 21.2000   
5      | 62.9780    | 66.3250    | 13.9871    | 19.5250   
6      | 65.1467    | 69.7250    | 11.9812    | 17.7500   
7      | 67.0321    | 72.9000    | 10.2837    | 16.1500   
8      | 48.6632    | 48.7500    | 32.3819    | 31.9000   
9      | 46.3004    | 46.3750    | 36.7511    | 34.3250   

PSTEPS = 200, TSTEPS = 20000

TIME TAKEN = 308.72759 ms
Run 2

 GPU ACCELERATED IMPLEMENTATION
--------------------------------------------------------------

Index  | Call Model | Call Actual | Put Model  | Put Actual
--------------------------------------------------------------
0      | 51.3885    | 51.7000    | 28.5525    | 29.6500   
1      | 53.1442    | 53.6500    | 24.9000    | 27.3750   
2      | 55.5509    | 56.4000    | 21.9542    | 25.3500   
3      | 58.3782    | 59.9750    | 18.8548    | 23.2750   
4      | 60.7534    | 63.1750    | 16.0376    | 21.2000   
5      | 62.9780    | 66.3250    | 13.9871    | 19.5250   
6      | 65.1467    | 69.7250    | 11.9812    | 17.7500   
7      | 67.0321    | 72.9000    | 10.2837    | 16.1500   
8      | 48.6632    | 48.7500    | 32.3819    | 31.9000   
9      | 46.3004    | 46.3750    | 36.7511    | 34.3250   

PSTEPS = 200, TSTEPS = 20000

TIME TAKEN = 275.30367 ms
Run 3

 GPU ACCELERATED IMPLEMENTATION
--------------------------------------------------------------

Index  | Call Model | Call Actual | Put Model  | Put Actual
--------------------------------------------------------------
0      | 51.3885    | 51.7000    | 28.5525    | 29.6500   
1      | 53.1442    | 53.6500    | 24.9000    | 27.3750   
2      | 55.5509    | 56.4000    | 21.9542    | 25.3500   
3      | 58.3782    | 59.9750    | 18.8548    | 23.2750   
4      | 60.7534    | 63.1750    | 16.0376    | 21.2000   
5      | 62.9780    | 66.3250    | 13.9871    | 19.5250   
6      | 65.1467    | 69.7250    | 11.9812    | 17.7500   
7      | 67.0321    | 72.9000    | 10.2837    | 16.1500   
8      | 48.6632    | 48.7500    | 32.3819    | 31.9000   
9      | 46.3004    | 46.3750    | 36.7511    | 34.3250   

PSTEPS = 200, TSTEPS = 20000

TIME TAKEN = 249.87075 ms
Run 4

 GPU ACCELERATED IMPLEMENTATION
--------------------------------------------------------------

Index  | Call Model | Call Actual | Put Model  | Put Actual
--------------------------------------------------------------
0      | 51.3885    | 51.7000    | 28.5525    | 29.6500   
1      | 53.1442    | 53.6500    | 24.9000    | 27.3750   
2      | 55.5509    | 56.4000    | 21.9542    | 25.3500   
3      | 58.3782    | 59.9750    | 18.8548    | 23.2750   
4      | 60.7534    | 63.1750    | 16.0376    | 21.2000   
5      | 62.9780    | 66.3250    | 13.9871    | 19.5250   
6      | 65.1467    | 69.7250    | 11.9812    | 17.7500   
7      | 67.0321    | 72.9000    | 10.2837    | 16.1500   
8      | 48.6632    | 48.7500    | 32.3819    | 31.9000   
9      | 46.3004    | 46.3750    | 36.7511    | 34.3250   

PSTEPS = 200, TSTEPS = 20000

TIME TAKEN = 252.35807 ms
Run 5

 GPU ACCELERATED IMPLEMENTATION
--------------------------------------------------------------

Index  | Call Model | Call Actual | Put Model  | Put Actual
--------------------------------------------------------------
0      | 51.3885    | 51.7000    | 28.5525    | 29.6500   
1      | 53.1442    | 53.6500    | 24.9000    | 27.3750   
2      | 55.5509    | 56.4000    | 21.9542    | 25.3500   
3      | 58.3782    | 59.9750    | 18.8548    | 23.2750   
4      | 60.7534    | 63.1750    | 16.0376    | 21.2000   
5      | 62.9780    | 66.3250    | 13.9871    | 19.5250   
6      | 65.1467    | 69.7250    | 11.9812    | 17.7500   
7      | 67.0321    | 72.9000    | 10.2837    | 16.1500   
8      | 48.6632    | 48.7500    | 32.3819    | 31.9000   
9      | 46.3004    | 46.3750    | 36.7511    | 34.3250   

PSTEPS = 200, TSTEPS = 20000

TIME TAKEN = 246.51654 ms
Run 6

 GPU ACCELERATED IMPLEMENTATION
--------------------------------------------------------------

Index  | Call Model | Call Actual | Put Model  | Put Actual
--------------------------------------------------------------
0      | 51.3885    | 51.7000    | 28.5525    | 29.6500   
1      | 53.1442    | 53.6500    | 24.9000    | 27.3750   
2      | 55.5509    | 56.4000    | 21.9542    | 25.3500   
3      | 58.3782    | 59.9750    | 18.8548    | 23.2750   
4      | 60.7534    | 63.1750    | 16.0376    | 21.2000   
5      | 62.9780    | 66.3250    | 13.9871    | 19.5250   
6      | 65.1467    | 69.7250    | 11.9812    | 17.7500   
7      | 67.0321    | 72.9000    | 10.2837    | 16.1500   
8      | 48.6632    | 48.7500    | 32.3819    | 31.9000   
9      | 46.3004    | 46.3750    | 36.7511    | 34.3250   

PSTEPS = 200, TSTEPS = 20000

TIME TAKEN = 297.35452 ms
Run 7

 GPU ACCELERATED IMPLEMENTATION
--------------------------------------------------------------

Index  | Call Model | Call Actual | Put Model  | Put Actual
--------------------------------------------------------------
0      | 51.3885    | 51.7000    | 28.5525    | 29.6500   
1      | 53.1442    | 53.6500    | 24.9000    | 27.3750   
2      | 55.5509    | 56.4000    | 21.9542    | 25.3500   
3      | 58.3782    | 59.9750    | 18.8548    | 23.2750   
4      | 60.7534    | 63.1750    | 16.0376    | 21.2000   
5      | 62.9780    | 66.3250    | 13.9871    | 19.5250   
6      | 65.1467    | 69.7250    | 11.9812    | 17.7500   
7      | 67.0321    | 72.9000    | 10.2837    | 16.1500   
8      | 48.6632    | 48.7500    | 32.3819    | 31.9000   
9      | 46.3004    | 46.3750    | 36.7511    | 34.3250   

PSTEPS = 200, TSTEPS = 20000

TIME TAKEN = 240.99969 ms
Run 8

 GPU ACCELERATED IMPLEMENTATION
--------------------------------------------------------------

Index  | Call Model | Call Actual | Put Model  | Put Actual
--------------------------------------------------------------
0      | 51.3885    | 51.7000    | 28.5525    | 29.6500   
1      | 53.1442    | 53.6500    | 24.9000    | 27.3750   
2      | 55.5509    | 56.4000    | 21.9542    | 25.3500   
3      | 58.3782    | 59.9750    | 18.8548    | 23.2750   
4      | 60.7534    | 63.1750    | 16.0376    | 21.2000   
5      | 62.9780    | 66.3250    | 13.9871    | 19.5250   
6      | 65.1467    | 69.7250    | 11.9812    | 17.7500   
7      | 67.0321    | 72.9000    | 10.2837    | 16.1500   
8      | 48.6632    | 48.7500    | 32.3819    | 31.9000   
9      | 46.3004    | 46.3750    | 36.7511    | 34.3250   

PSTEPS = 200, TSTEPS = 20000

TIME TAKEN = 244.74760 ms
Run 9

 GPU ACCELERATED IMPLEMENTATION
--------------------------------------------------------------

Index  | Call Model | Call Actual | Put Model  | Put Actual
--------------------------------------------------------------
0      | 51.3885    | 51.7000    | 28.5525    | 29.6500   
1      | 53.1442    | 53.6500    | 24.9000    | 27.3750   
2      | 55.5509    | 56.4000    | 21.9542    | 25.3500   
3      | 58.3782    | 59.9750    | 18.8548    | 23.2750   
4      | 60.7534    | 63.1750    | 16.0376    | 21.2000   
5      | 62.9780    | 66.3250    | 13.9871    | 19.5250   
6      | 65.1467    | 69.7250    | 11.9812    | 17.7500   
7      | 67.0321    | 72.9000    | 10.2837    | 16.1500   
8      | 48.6632    | 48.7500    | 32.3819    | 31.9000   
9      | 46.3004    | 46.3750    | 36.7511    | 34.3250   

PSTEPS = 200, TSTEPS = 20000

TIME TAKEN = 265.42997 ms
Run 10

 GPU ACCELERATED IMPLEMENTATION
--------------------------------------------------------------

Index  | Call Model | Call Actual | Put Model  | Put Actual
--------------------------------------------------------------
0      | 51.3885    | 51.7000    | 28.5525    | 29.6500   
1      | 53.1442    | 53.6500    | 24.9000    | 27.3750   
2      | 55.5509    | 56.4000    | 21.9542    | 25.3500   
3      | 58.3782    | 59.9750    | 18.8548    | 23.2750   
4      | 60.7534    | 63.1750    | 16.0376    | 21.2000   
5      | 62.9780    | 66.3250    | 13.9871    | 19.5250   
6      | 65.1467    | 69.7250    | 11.9812    | 17.7500   
7      | 67.0321    | 72.9000    | 10.2837    | 16.1500   
8      | 48.6632    | 48.7500    | 32.3819    | 31.9000   
9      | 46.3004    | 46.3750    | 36.7511    | 34.3250   

PSTEPS = 200, TSTEPS = 20000

TIME TAKEN = 265.26724 ms
