Benchmarking: black_scholes_hybrid1 with p=40, t=70000
Run 1

 HYBRID IMPLEMENTATION 1
--------------------------------------------------------------

Index  | Call Model | Call Actual | Put Model  | Put Actual
--------------------------------------------------------------
0      | 45.6393    | 51.7000    | 32.9394    | 29.6500   
1      | 46.1552    | 53.6500    | 29.8188    | 27.3750   
2      | 47.1410    | 56.4000    | 27.2627    | 25.3500   
3      | 48.3760    | 59.9750    | 24.3799    | 23.2750   
4      | 49.3423    | 63.1750    | 21.7799    | 21.2000   
5      | 50.2132    | 66.3250    | 19.8948    | 19.5250   
6      | 50.9420    | 69.7250    | 17.8879    | 17.7500   
7      | 51.3780    | 72.9000    | 16.0576    | 16.1500   
8      | 44.3192    | 48.7500    | 36.1073    | 31.9000   
9      | 43.3608    | 46.3750    | 39.8025    | 34.3250   

PSTEPS = 40, TSTEPS = 70000

TIME TAKEN = 391.27093 ms
Run 2

 HYBRID IMPLEMENTATION 1
--------------------------------------------------------------

Index  | Call Model | Call Actual | Put Model  | Put Actual
--------------------------------------------------------------
0      | 45.5852    | 51.7000    | 32.9394    | 29.6500   
1      | 46.1552    | 53.6500    | 29.8188    | 27.3750   
2      | 47.1410    | 56.4000    | 27.2627    | 25.3500   
3      | 48.3760    | 59.9750    | 24.3799    | 23.2750   
4      | 49.3423    | 63.1750    | 21.7799    | 21.2000   
5      | 50.2132    | 66.3250    | 19.8948    | 19.5250   
6      | 50.9420    | 69.7250    | 17.8879    | 17.7500   
7      | 51.3780    | 72.9000    | 16.0576    | 16.1500   
8      | 44.2871    | 48.7500    | 36.1073    | 31.9000   
9      | 43.3608    | 46.3750    | 39.8025    | 34.3250   

PSTEPS = 40, TSTEPS = 70000

TIME TAKEN = 409.49012 ms
Run 3

 HYBRID IMPLEMENTATION 1
--------------------------------------------------------------

Index  | Call Model | Call Actual | Put Model  | Put Actual
--------------------------------------------------------------
0      | 45.6393    | 51.7000    | 32.9394    | 29.6500   
1      | 46.1552    | 53.6500    | 29.8188    | 27.3750   
2      | 47.1410    | 56.4000    | 27.2627    | 25.3500   
3      | 48.3760    | 59.9750    | 24.3799    | 23.2750   
4      | 49.3423    | 63.1750    | 21.7799    | 21.2000   
5      | 50.2132    | 66.3250    | 19.8948    | 19.5250   
6      | 50.9420    | 69.7250    | 17.8879    | 17.7500   
7      | 51.3780    | 72.9000    | 16.0576    | 16.1500   
8      | 44.3192    | 48.7500    | 36.1073    | 31.9000   
9      | 43.3608    | 46.3750    | 39.8025    | 34.3250   

PSTEPS = 40, TSTEPS = 70000

TIME TAKEN = 357.30577 ms
Run 4

 HYBRID IMPLEMENTATION 1
--------------------------------------------------------------

Index  | Call Model | Call Actual | Put Model  | Put Actual
--------------------------------------------------------------
0      | 45.6393    | 51.7000    | 32.9394    | 29.6500   
1      | 46.1552    | 53.6500    | 29.8188    | 27.3750   
2      | 47.1410    | 56.4000    | 27.2627    | 25.3500   
3      | 48.3760    | 59.9750    | 24.3799    | 23.2750   
4      | 49.3423    | 63.1750    | 21.7799    | 21.2000   
5      | 50.2132    | 66.3250    | 19.8948    | 19.5250   
6      | 50.9420    | 69.7250    | 17.8879    | 17.7500   
7      | 51.3780    | 72.9000    | 16.0576    | 16.1500   
8      | 44.3192    | 48.7500    | 36.1073    | 31.9000   
9      | 43.3608    | 46.3750    | 39.8025    | 34.3250   

PSTEPS = 40, TSTEPS = 70000

TIME TAKEN = 374.19745 ms
Run 5

 HYBRID IMPLEMENTATION 1
--------------------------------------------------------------

Index  | Call Model | Call Actual | Put Model  | Put Actual
--------------------------------------------------------------
0      | 45.4272    | 51.7000    | 32.9394    | 29.6500   
1      | 46.1552    | 53.6500    | 29.8188    | 27.3750   
2      | 47.1410    | 56.4000    | 27.2627    | 25.3500   
3      | 48.3760    | 59.9750    | 24.3799    | 23.2750   
4      | 49.3423    | 63.1750    | 21.7799    | 21.2000   
5      | 49.5348    | 66.3250    | 19.8948    | 19.5250   
6      | 50.9420    | 69.7250    | 17.8879    | 17.7500   
7      | 51.3780    | 72.9000    | 16.0576    | 16.1500   
8      | 44.3192    | 48.7500    | 36.1073    | 31.9000   
9      | 43.3608    | 46.3750    | 39.8025    | 34.3250   

PSTEPS = 40, TSTEPS = 70000

TIME TAKEN = 363.65606 ms
Run 6

 HYBRID IMPLEMENTATION 1
--------------------------------------------------------------

Index  | Call Model | Call Actual | Put Model  | Put Actual
--------------------------------------------------------------
0      | 45.6393    | 51.7000    | 32.9394    | 29.6500   
1      | 46.1552    | 53.6500    | 29.8188    | 27.3750   
2      | 47.1377    | 56.4000    | 27.2627    | 25.3500   
3      | 48.3760    | 59.9750    | 24.3799    | 23.2750   
4      | 49.3423    | 63.1750    | 21.7799    | 21.2000   
5      | 50.2132    | 66.3250    | 19.8948    | 19.5250   
6      | 50.9420    | 69.7250    | 17.8879    | 17.7500   
7      | 51.3780    | 72.9000    | 16.0576    | 16.1500   
8      | 43.0575    | 48.7500    | 36.1073    | 31.9000   
9      | 43.3608    | 46.3750    | 39.8025    | 34.3250   

PSTEPS = 40, TSTEPS = 70000

TIME TAKEN = 365.11514 ms
Run 7

 HYBRID IMPLEMENTATION 1
--------------------------------------------------------------

Index  | Call Model | Call Actual | Put Model  | Put Actual
--------------------------------------------------------------
0      | 45.6393    | 51.7000    | 32.9394    | 29.6500   
1      | 46.1552    | 53.6500    | 29.8188    | 27.3750   
2      | 47.1410    | 56.4000    | 27.2627    | 25.3500   
3      | 48.3594    | 59.9750    | 24.3799    | 23.2750   
4      | 48.5107    | 63.1750    | 21.7799    | 21.2000   
5      | 50.2132    | 66.3250    | 19.8948    | 19.5250   
6      | 49.7487    | 69.7250    | 17.8879    | 17.7500   
7      | 51.2469    | 72.9000    | 16.0576    | 16.1500   
8      | 43.8073    | 48.7500    | 36.1073    | 31.9000   
9      | 43.3608    | 46.3750    | 39.8025    | 34.3250   

PSTEPS = 40, TSTEPS = 70000

TIME TAKEN = 391.28031 ms
Run 8

 HYBRID IMPLEMENTATION 1
--------------------------------------------------------------

Index  | Call Model | Call Actual | Put Model  | Put Actual
--------------------------------------------------------------
0      | 45.6393    | 51.7000    | 32.9394    | 29.6500   
1      | 45.1048    | 53.6500    | 29.8188    | 27.3750   
2      | 47.1410    | 56.4000    | 27.2627    | 25.3500   
3      | 48.3760    | 59.9750    | 24.3799    | 23.2750   
4      | 49.3423    | 63.1750    | 21.7799    | 21.2000   
5      | 50.2132    | 66.3250    | 19.8948    | 19.5250   
6      | 50.9402    | 69.7250    | 17.8879    | 17.7500   
7      | 51.2421    | 72.9000    | 16.0576    | 16.1500   
8      | 44.3192    | 48.7500    | 36.1073    | 31.9000   
9      | 43.3608    | 46.3750    | 39.8025    | 34.3250   

PSTEPS = 40, TSTEPS = 70000

TIME TAKEN = 366.89831 ms
Run 9

 HYBRID IMPLEMENTATION 1
--------------------------------------------------------------

Index  | Call Model | Call Actual | Put Model  | Put Actual
--------------------------------------------------------------
0      | 45.6393    | 51.7000    | 32.9394    | 29.6500   
1      | 46.1552    | 53.6500    | 29.8188    | 27.3750   
2      | 47.1410    | 56.4000    | 27.2627    | 25.3500   
3      | 48.3760    | 59.9750    | 24.3799    | 23.2750   
4      | 49.3423    | 63.1750    | 21.7799    | 21.2000   
5      | 50.2132    | 66.3250    | 19.8948    | 19.5250   
6      | 50.9420    | 69.7250    | 17.8879    | 17.7500   
7      | 51.3780    | 72.9000    | 16.0576    | 16.1500   
8      | 44.3192    | 48.7500    | 36.1073    | 31.9000   
9      | 43.3608    | 46.3750    | 39.8025    | 34.3250   

PSTEPS = 40, TSTEPS = 70000

TIME TAKEN = 393.41649 ms
Run 10

 HYBRID IMPLEMENTATION 1
--------------------------------------------------------------

Index  | Call Model | Call Actual | Put Model  | Put Actual
--------------------------------------------------------------
0      | 45.6393    | 51.7000    | 32.9394    | 29.6500   
1      | 45.8749    | 53.6500    | 29.8188    | 27.3750   
2      | 47.1410    | 56.4000    | 27.2627    | 25.3500   
3      | 48.3760    | 59.9750    | 24.3799    | 23.2750   
4      | 49.3423    | 63.1750    | 21.7799    | 21.2000   
5      | 50.2132    | 66.3250    | 19.8948    | 19.5250   
6      | 50.9420    | 69.7250    | 17.8879    | 17.7500   
7      | 51.3780    | 72.9000    | 16.0576    | 16.1500   
8      | 44.3192    | 48.7500    | 36.1073    | 31.9000   
9      | 43.3608    | 46.3750    | 39.8025    | 34.3250   

PSTEPS = 40, TSTEPS = 70000

TIME TAKEN = 379.72682 ms
