Benchmarking: black_scholes_cpu_acc with p=100, t=10000
Run 1

 CPU ACCELERATED IMPLEMENTATION
--------------------------------------------------------------

Index  | Call Model | Call Actual | Put Model  | Put Actual
--------------------------------------------------------------
0      | 47.7784    | 51.7000    | 31.0200    | 29.6500   
1      | 48.6948    | 53.6500    | 27.6522    | 27.3750   
2      | 50.1746    | 56.4000    | 24.9307    | 25.3500   
3      | 52.0294    | 59.9750    | 22.0097    | 23.2750   
4      | 53.4637    | 63.1750    | 19.2895    | 21.2000   
5      | 54.7581    | 66.3250    | 17.2812    | 19.5250   
6      | 56.0027    | 69.7250    | 15.2755    | 17.7500   
7      | 57.0037    | 72.9000    | 13.5432    | 16.1500   
8      | 45.9519    | 48.7500    | 34.4395    | 31.9000   
9      | 44.4489    | 46.3750    | 38.3541    | 34.3250   

PSTEPS = 100, TSTEPS = 10000

TIME TAKEN = 27.82047 ms
Run 2

 CPU ACCELERATED IMPLEMENTATION
--------------------------------------------------------------

Index  | Call Model | Call Actual | Put Model  | Put Actual
--------------------------------------------------------------
0      | 47.7784    | 51.7000    | 31.0200    | 29.6500   
1      | 48.6948    | 53.6500    | 27.6522    | 27.3750   
2      | 50.1746    | 56.4000    | 24.9307    | 25.3500   
3      | 52.0294    | 59.9750    | 22.0097    | 23.2750   
4      | 53.4637    | 63.1750    | 19.2895    | 21.2000   
5      | 54.7581    | 66.3250    | 17.2812    | 19.5250   
6      | 56.0027    | 69.7250    | 15.2755    | 17.7500   
7      | 57.0037    | 72.9000    | 13.5432    | 16.1500   
8      | 45.9519    | 48.7500    | 34.4395    | 31.9000   
9      | 44.4489    | 46.3750    | 38.3541    | 34.3250   

PSTEPS = 100, TSTEPS = 10000

TIME TAKEN = 27.79603 ms
Run 3

 CPU ACCELERATED IMPLEMENTATION
--------------------------------------------------------------

Index  | Call Model | Call Actual | Put Model  | Put Actual
--------------------------------------------------------------
0      | 47.7784    | 51.7000    | 31.0200    | 29.6500   
1      | 48.6948    | 53.6500    | 27.6522    | 27.3750   
2      | 50.1746    | 56.4000    | 24.9307    | 25.3500   
3      | 52.0294    | 59.9750    | 22.0097    | 23.2750   
4      | 53.4637    | 63.1750    | 19.2895    | 21.2000   
5      | 54.7581    | 66.3250    | 17.2812    | 19.5250   
6      | 56.0027    | 69.7250    | 15.2755    | 17.7500   
7      | 57.0037    | 72.9000    | 13.5432    | 16.1500   
8      | 45.9519    | 48.7500    | 34.4395    | 31.9000   
9      | 44.4489    | 46.3750    | 38.3541    | 34.3250   

PSTEPS = 100, TSTEPS = 10000

TIME TAKEN = 29.13497 ms
Run 4

 CPU ACCELERATED IMPLEMENTATION
--------------------------------------------------------------

Index  | Call Model | Call Actual | Put Model  | Put Actual
--------------------------------------------------------------
0      | 47.7784    | 51.7000    | 31.0200    | 29.6500   
1      | 48.6948    | 53.6500    | 27.6522    | 27.3750   
2      | 50.1746    | 56.4000    | 24.9307    | 25.3500   
3      | 52.0294    | 59.9750    | 22.0097    | 23.2750   
4      | 53.4637    | 63.1750    | 19.2895    | 21.2000   
5      | 54.7581    | 66.3250    | 17.2812    | 19.5250   
6      | 56.0027    | 69.7250    | 15.2755    | 17.7500   
7      | 57.0037    | 72.9000    | 13.5432    | 16.1500   
8      | 45.9519    | 48.7500    | 34.4395    | 31.9000   
9      | 44.4489    | 46.3750    | 38.3541    | 34.3250   

PSTEPS = 100, TSTEPS = 10000

TIME TAKEN = 27.72886 ms
Run 5

 CPU ACCELERATED IMPLEMENTATION
--------------------------------------------------------------

Index  | Call Model | Call Actual | Put Model  | Put Actual
--------------------------------------------------------------
0      | 47.7784    | 51.7000    | 31.0200    | 29.6500   
1      | 48.6948    | 53.6500    | 27.6522    | 27.3750   
2      | 50.1746    | 56.4000    | 24.9307    | 25.3500   
3      | 52.0294    | 59.9750    | 22.0097    | 23.2750   
4      | 53.4637    | 63.1750    | 19.2895    | 21.2000   
5      | 54.7581    | 66.3250    | 17.2812    | 19.5250   
6      | 56.0027    | 69.7250    | 15.2755    | 17.7500   
7      | 57.0037    | 72.9000    | 13.5432    | 16.1500   
8      | 45.9519    | 48.7500    | 34.4395    | 31.9000   
9      | 44.4489    | 46.3750    | 38.3541    | 34.3250   

PSTEPS = 100, TSTEPS = 10000

TIME TAKEN = 27.75909 ms
Run 6

 CPU ACCELERATED IMPLEMENTATION
--------------------------------------------------------------

Index  | Call Model | Call Actual | Put Model  | Put Actual
--------------------------------------------------------------
0      | 47.7784    | 51.7000    | 31.0200    | 29.6500   
1      | 48.6948    | 53.6500    | 27.6522    | 27.3750   
2      | 50.1746    | 56.4000    | 24.9307    | 25.3500   
3      | 52.0294    | 59.9750    | 22.0097    | 23.2750   
4      | 53.4637    | 63.1750    | 19.2895    | 21.2000   
5      | 54.7581    | 66.3250    | 17.2812    | 19.5250   
6      | 56.0027    | 69.7250    | 15.2755    | 17.7500   
7      | 57.0037    | 72.9000    | 13.5432    | 16.1500   
8      | 45.9519    | 48.7500    | 34.4395    | 31.9000   
9      | 44.4489    | 46.3750    | 38.3541    | 34.3250   

PSTEPS = 100, TSTEPS = 10000

TIME TAKEN = 27.75525 ms
Run 7

 CPU ACCELERATED IMPLEMENTATION
--------------------------------------------------------------

Index  | Call Model | Call Actual | Put Model  | Put Actual
--------------------------------------------------------------
0      | 47.7784    | 51.7000    | 31.0200    | 29.6500   
1      | 48.6948    | 53.6500    | 27.6522    | 27.3750   
2      | 50.1746    | 56.4000    | 24.9307    | 25.3500   
3      | 52.0294    | 59.9750    | 22.0097    | 23.2750   
4      | 53.4637    | 63.1750    | 19.2895    | 21.2000   
5      | 54.7581    | 66.3250    | 17.2812    | 19.5250   
6      | 56.0027    | 69.7250    | 15.2755    | 17.7500   
7      | 57.0037    | 72.9000    | 13.5432    | 16.1500   
8      | 45.9519    | 48.7500    | 34.4395    | 31.9000   
9      | 44.4489    | 46.3750    | 38.3541    | 34.3250   

PSTEPS = 100, TSTEPS = 10000

TIME TAKEN = 27.75060 ms
Run 8

 CPU ACCELERATED IMPLEMENTATION
--------------------------------------------------------------

Index  | Call Model | Call Actual | Put Model  | Put Actual
--------------------------------------------------------------
0      | 47.7784    | 51.7000    | 31.0200    | 29.6500   
1      | 48.6948    | 53.6500    | 27.6522    | 27.3750   
2      | 50.1746    | 56.4000    | 24.9307    | 25.3500   
3      | 52.0294    | 59.9750    | 22.0097    | 23.2750   
4      | 53.4637    | 63.1750    | 19.2895    | 21.2000   
5      | 54.7581    | 66.3250    | 17.2812    | 19.5250   
6      | 56.0027    | 69.7250    | 15.2755    | 17.7500   
7      | 57.0037    | 72.9000    | 13.5432    | 16.1500   
8      | 45.9519    | 48.7500    | 34.4395    | 31.9000   
9      | 44.4489    | 46.3750    | 38.3541    | 34.3250   

PSTEPS = 100, TSTEPS = 10000

TIME TAKEN = 27.61625 ms
Run 9

 CPU ACCELERATED IMPLEMENTATION
--------------------------------------------------------------

Index  | Call Model | Call Actual | Put Model  | Put Actual
--------------------------------------------------------------
0      | 47.7784    | 51.7000    | 31.0200    | 29.6500   
1      | 48.6948    | 53.6500    | 27.6522    | 27.3750   
2      | 50.1746    | 56.4000    | 24.9307    | 25.3500   
3      | 52.0294    | 59.9750    | 22.0097    | 23.2750   
4      | 53.4637    | 63.1750    | 19.2895    | 21.2000   
5      | 54.7581    | 66.3250    | 17.2812    | 19.5250   
6      | 56.0027    | 69.7250    | 15.2755    | 17.7500   
7      | 57.0037    | 72.9000    | 13.5432    | 16.1500   
8      | 45.9519    | 48.7500    | 34.4395    | 31.9000   
9      | 44.4489    | 46.3750    | 38.3541    | 34.3250   

PSTEPS = 100, TSTEPS = 10000

TIME TAKEN = 28.15538 ms
Run 10

 CPU ACCELERATED IMPLEMENTATION
--------------------------------------------------------------

Index  | Call Model | Call Actual | Put Model  | Put Actual
--------------------------------------------------------------
0      | 47.7784    | 51.7000    | 31.0200    | 29.6500   
1      | 48.6948    | 53.6500    | 27.6522    | 27.3750   
2      | 50.1746    | 56.4000    | 24.9307    | 25.3500   
3      | 52.0294    | 59.9750    | 22.0097    | 23.2750   
4      | 53.4637    | 63.1750    | 19.2895    | 21.2000   
5      | 54.7581    | 66.3250    | 17.2812    | 19.5250   
6      | 56.0027    | 69.7250    | 15.2755    | 17.7500   
7      | 57.0037    | 72.9000    | 13.5432    | 16.1500   
8      | 45.9519    | 48.7500    | 34.4395    | 31.9000   
9      | 44.4489    | 46.3750    | 38.3541    | 34.3250   

PSTEPS = 100, TSTEPS = 10000

TIME TAKEN = 27.79671 ms
