Benchmarking: black_scholes_base with p=160, t=10000
Run 1

BASIC IMPLEMENTATION
--------------------------------------------------------------

Index  | Call Model | Call Actual | Put Model  | Put Actual
--------------------------------------------------------------
0      | 49.9271    | 51.7000    | 29.5126    | 29.6500   
1      | 51.3357    | 53.6500    | 25.9661    | 27.3750   
2      | 53.3615    | 56.4000    | 23.1041    | 25.3500   
3      | 55.7833    | 59.9750    | 20.0644    | 23.2750   
4      | 57.7650    | 63.1750    | 17.2746    | 21.2000   
5      | 59.6035    | 66.3250    | 15.2334    | 19.5250   
6      | 61.3829    | 69.7250    | 13.2152    | 17.7500   
7      | 62.8956    | 72.9000    | 11.4931    | 16.1500   
8      | 47.5711    | 48.7500    | 33.1850    | 31.9000   
9      | 45.5564    | 46.3750    | 37.3743    | 34.3250   

PSTEPS = 160, TSTEPS = 10000

TIME TAKEN = 262.37074 ms
Run 2

BASIC IMPLEMENTATION
--------------------------------------------------------------

Index  | Call Model | Call Actual | Put Model  | Put Actual
--------------------------------------------------------------
0      | 49.9271    | 51.7000    | 29.5126    | 29.6500   
1      | 51.3357    | 53.6500    | 25.9661    | 27.3750   
2      | 53.3615    | 56.4000    | 23.1041    | 25.3500   
3      | 55.7833    | 59.9750    | 20.0644    | 23.2750   
4      | 57.7650    | 63.1750    | 17.2746    | 21.2000   
5      | 59.6035    | 66.3250    | 15.2334    | 19.5250   
6      | 61.3829    | 69.7250    | 13.2152    | 17.7500   
7      | 62.8956    | 72.9000    | 11.4931    | 16.1500   
8      | 47.5711    | 48.7500    | 33.1850    | 31.9000   
9      | 45.5564    | 46.3750    | 37.3743    | 34.3250   

PSTEPS = 160, TSTEPS = 10000

TIME TAKEN = 261.94625 ms
Run 3

BASIC IMPLEMENTATION
--------------------------------------------------------------

Index  | Call Model | Call Actual | Put Model  | Put Actual
--------------------------------------------------------------
0      | 49.9271    | 51.7000    | 29.5126    | 29.6500   
1      | 51.3357    | 53.6500    | 25.9661    | 27.3750   
2      | 53.3615    | 56.4000    | 23.1041    | 25.3500   
3      | 55.7833    | 59.9750    | 20.0644    | 23.2750   
4      | 57.7650    | 63.1750    | 17.2746    | 21.2000   
5      | 59.6035    | 66.3250    | 15.2334    | 19.5250   
6      | 61.3829    | 69.7250    | 13.2152    | 17.7500   
7      | 62.8956    | 72.9000    | 11.4931    | 16.1500   
8      | 47.5711    | 48.7500    | 33.1850    | 31.9000   
9      | 45.5564    | 46.3750    | 37.3743    | 34.3250   

PSTEPS = 160, TSTEPS = 10000

TIME TAKEN = 261.14934 ms
Run 4

BASIC IMPLEMENTATION
--------------------------------------------------------------

Index  | Call Model | Call Actual | Put Model  | Put Actual
--------------------------------------------------------------
0      | 49.9271    | 51.7000    | 29.5126    | 29.6500   
1      | 51.3357    | 53.6500    | 25.9661    | 27.3750   
2      | 53.3615    | 56.4000    | 23.1041    | 25.3500   
3      | 55.7833    | 59.9750    | 20.0644    | 23.2750   
4      | 57.7650    | 63.1750    | 17.2746    | 21.2000   
5      | 59.6035    | 66.3250    | 15.2334    | 19.5250   
6      | 61.3829    | 69.7250    | 13.2152    | 17.7500   
7      | 62.8956    | 72.9000    | 11.4931    | 16.1500   
8      | 47.5711    | 48.7500    | 33.1850    | 31.9000   
9      | 45.5564    | 46.3750    | 37.3743    | 34.3250   

PSTEPS = 160, TSTEPS = 10000

TIME TAKEN = 261.58608 ms
Run 5

BASIC IMPLEMENTATION
--------------------------------------------------------------

Index  | Call Model | Call Actual | Put Model  | Put Actual
--------------------------------------------------------------
0      | 49.9271    | 51.7000    | 29.5126    | 29.6500   
1      | 51.3357    | 53.6500    | 25.9661    | 27.3750   
2      | 53.3615    | 56.4000    | 23.1041    | 25.3500   
3      | 55.7833    | 59.9750    | 20.0644    | 23.2750   
4      | 57.7650    | 63.1750    | 17.2746    | 21.2000   
5      | 59.6035    | 66.3250    | 15.2334    | 19.5250   
6      | 61.3829    | 69.7250    | 13.2152    | 17.7500   
7      | 62.8956    | 72.9000    | 11.4931    | 16.1500   
8      | 47.5711    | 48.7500    | 33.1850    | 31.9000   
9      | 45.5564    | 46.3750    | 37.3743    | 34.3250   

PSTEPS = 160, TSTEPS = 10000

TIME TAKEN = 262.52151 ms
Run 6

BASIC IMPLEMENTATION
--------------------------------------------------------------

Index  | Call Model | Call Actual | Put Model  | Put Actual
--------------------------------------------------------------
0      | 49.9271    | 51.7000    | 29.5126    | 29.6500   
1      | 51.3357    | 53.6500    | 25.9661    | 27.3750   
2      | 53.3615    | 56.4000    | 23.1041    | 25.3500   
3      | 55.7833    | 59.9750    | 20.0644    | 23.2750   
4      | 57.7650    | 63.1750    | 17.2746    | 21.2000   
5      | 59.6035    | 66.3250    | 15.2334    | 19.5250   
6      | 61.3829    | 69.7250    | 13.2152    | 17.7500   
7      | 62.8956    | 72.9000    | 11.4931    | 16.1500   
8      | 47.5711    | 48.7500    | 33.1850    | 31.9000   
9      | 45.5564    | 46.3750    | 37.3743    | 34.3250   

PSTEPS = 160, TSTEPS = 10000

TIME TAKEN = 261.10641 ms
Run 7

BASIC IMPLEMENTATION
--------------------------------------------------------------

Index  | Call Model | Call Actual | Put Model  | Put Actual
--------------------------------------------------------------
0      | 49.9271    | 51.7000    | 29.5126    | 29.6500   
1      | 51.3357    | 53.6500    | 25.9661    | 27.3750   
2      | 53.3615    | 56.4000    | 23.1041    | 25.3500   
3      | 55.7833    | 59.9750    | 20.0644    | 23.2750   
4      | 57.7650    | 63.1750    | 17.2746    | 21.2000   
5      | 59.6035    | 66.3250    | 15.2334    | 19.5250   
6      | 61.3829    | 69.7250    | 13.2152    | 17.7500   
7      | 62.8956    | 72.9000    | 11.4931    | 16.1500   
8      | 47.5711    | 48.7500    | 33.1850    | 31.9000   
9      | 45.5564    | 46.3750    | 37.3743    | 34.3250   

PSTEPS = 160, TSTEPS = 10000

TIME TAKEN = 261.51653 ms
Run 8

BASIC IMPLEMENTATION
--------------------------------------------------------------

Index  | Call Model | Call Actual | Put Model  | Put Actual
--------------------------------------------------------------
0      | 49.9271    | 51.7000    | 29.5126    | 29.6500   
1      | 51.3357    | 53.6500    | 25.9661    | 27.3750   
2      | 53.3615    | 56.4000    | 23.1041    | 25.3500   
3      | 55.7833    | 59.9750    | 20.0644    | 23.2750   
4      | 57.7650    | 63.1750    | 17.2746    | 21.2000   
5      | 59.6035    | 66.3250    | 15.2334    | 19.5250   
6      | 61.3829    | 69.7250    | 13.2152    | 17.7500   
7      | 62.8956    | 72.9000    | 11.4931    | 16.1500   
8      | 47.5711    | 48.7500    | 33.1850    | 31.9000   
9      | 45.5564    | 46.3750    | 37.3743    | 34.3250   

PSTEPS = 160, TSTEPS = 10000

TIME TAKEN = 263.69661 ms
Run 9

BASIC IMPLEMENTATION
--------------------------------------------------------------

Index  | Call Model | Call Actual | Put Model  | Put Actual
--------------------------------------------------------------
0      | 49.9271    | 51.7000    | 29.5126    | 29.6500   
1      | 51.3357    | 53.6500    | 25.9661    | 27.3750   
2      | 53.3615    | 56.4000    | 23.1041    | 25.3500   
3      | 55.7833    | 59.9750    | 20.0644    | 23.2750   
4      | 57.7650    | 63.1750    | 17.2746    | 21.2000   
5      | 59.6035    | 66.3250    | 15.2334    | 19.5250   
6      | 61.3829    | 69.7250    | 13.2152    | 17.7500   
7      | 62.8956    | 72.9000    | 11.4931    | 16.1500   
8      | 47.5711    | 48.7500    | 33.1850    | 31.9000   
9      | 45.5564    | 46.3750    | 37.3743    | 34.3250   

PSTEPS = 160, TSTEPS = 10000

TIME TAKEN = 262.12263 ms
Run 10

BASIC IMPLEMENTATION
--------------------------------------------------------------

Index  | Call Model | Call Actual | Put Model  | Put Actual
--------------------------------------------------------------
0      | 49.9271    | 51.7000    | 29.5126    | 29.6500   
1      | 51.3357    | 53.6500    | 25.9661    | 27.3750   
2      | 53.3615    | 56.4000    | 23.1041    | 25.3500   
3      | 55.7833    | 59.9750    | 20.0644    | 23.2750   
4      | 57.7650    | 63.1750    | 17.2746    | 21.2000   
5      | 59.6035    | 66.3250    | 15.2334    | 19.5250   
6      | 61.3829    | 69.7250    | 13.2152    | 17.7500   
7      | 62.8956    | 72.9000    | 11.4931    | 16.1500   
8      | 47.5711    | 48.7500    | 33.1850    | 31.9000   
9      | 45.5564    | 46.3750    | 37.3743    | 34.3250   

PSTEPS = 160, TSTEPS = 10000

TIME TAKEN = 261.74757 ms
