Benchmarking: black_scholes_gpu with p=140, t=20000
Run 1

 GPU ACCELERATED IMPLEMENTATION
--------------------------------------------------------------

Index  | Call Model | Call Actual | Put Model  | Put Actual
--------------------------------------------------------------
0      | 49.1965    | 51.7000    | 29.9948    | 29.6500   
1      | 50.4374    | 53.6500    | 26.5056    | 27.3750   
2      | 52.2842    | 56.4000    | 23.6948    | 25.3500   
3      | 54.5136    | 59.9750    | 20.6930    | 23.2750   
4      | 56.3069    | 63.1750    | 17.9222    | 21.2000   
5      | 57.9639    | 66.3250    | 15.8940    | 19.5250   
6      | 59.5593    | 69.7250    | 13.8767    | 17.7500   
7      | 60.8942    | 72.9000    | 12.1466    | 16.1500   
8      | 47.0184    | 48.7500    | 33.5833    | 31.9000   
9      | 45.1758    | 46.3750    | 37.6817    | 34.3250   

PSTEPS = 140, TSTEPS = 20000

TIME TAKEN = 271.06639 ms
Run 2

 GPU ACCELERATED IMPLEMENTATION
--------------------------------------------------------------

Index  | Call Model | Call Actual | Put Model  | Put Actual
--------------------------------------------------------------
0      | 49.1965    | 51.7000    | 29.9948    | 29.6500   
1      | 50.4374    | 53.6500    | 26.5056    | 27.3750   
2      | 52.2842    | 56.4000    | 23.6948    | 25.3500   
3      | 54.5136    | 59.9750    | 20.6930    | 23.2750   
4      | 56.3069    | 63.1750    | 17.9222    | 21.2000   
5      | 57.9639    | 66.3250    | 15.8940    | 19.5250   
6      | 59.5593    | 69.7250    | 13.8767    | 17.7500   
7      | 60.8942    | 72.9000    | 12.1466    | 16.1500   
8      | 47.0184    | 48.7500    | 33.5833    | 31.9000   
9      | 45.1758    | 46.3750    | 37.6817    | 34.3250   

PSTEPS = 140, TSTEPS = 20000

TIME TAKEN = 248.11914 ms
Run 3

 GPU ACCELERATED IMPLEMENTATION
--------------------------------------------------------------

Index  | Call Model | Call Actual | Put Model  | Put Actual
--------------------------------------------------------------
0      | 49.1965    | 51.7000    | 29.9948    | 29.6500   
1      | 50.4374    | 53.6500    | 26.5056    | 27.3750   
2      | 52.2842    | 56.4000    | 23.6948    | 25.3500   
3      | 54.5136    | 59.9750    | 20.6930    | 23.2750   
4      | 56.3069    | 63.1750    | 17.9222    | 21.2000   
5      | 57.9639    | 66.3250    | 15.8940    | 19.5250   
6      | 59.5593    | 69.7250    | 13.8767    | 17.7500   
7      | 60.8942    | 72.9000    | 12.1466    | 16.1500   
8      | 47.0184    | 48.7500    | 33.5833    | 31.9000   
9      | 45.1758    | 46.3750    | 37.6817    | 34.3250   

PSTEPS = 140, TSTEPS = 20000

TIME TAKEN = 262.34480 ms
Run 4

 GPU ACCELERATED IMPLEMENTATION
--------------------------------------------------------------

Index  | Call Model | Call Actual | Put Model  | Put Actual
--------------------------------------------------------------
0      | 49.1965    | 51.7000    | 29.9948    | 29.6500   
1      | 50.4374    | 53.6500    | 26.5056    | 27.3750   
2      | 52.2842    | 56.4000    | 23.6948    | 25.3500   
3      | 54.5136    | 59.9750    | 20.6930    | 23.2750   
4      | 56.3069    | 63.1750    | 17.9222    | 21.2000   
5      | 57.9639    | 66.3250    | 15.8940    | 19.5250   
6      | 59.5593    | 69.7250    | 13.8767    | 17.7500   
7      | 60.8942    | 72.9000    | 12.1466    | 16.1500   
8      | 47.0184    | 48.7500    | 33.5833    | 31.9000   
9      | 45.1758    | 46.3750    | 37.6817    | 34.3250   

PSTEPS = 140, TSTEPS = 20000

TIME TAKEN = 253.71349 ms
Run 5

 GPU ACCELERATED IMPLEMENTATION
--------------------------------------------------------------

Index  | Call Model | Call Actual | Put Model  | Put Actual
--------------------------------------------------------------
0      | 49.1965    | 51.7000    | 29.9948    | 29.6500   
1      | 50.4374    | 53.6500    | 26.5056    | 27.3750   
2      | 52.2842    | 56.4000    | 23.6948    | 25.3500   
3      | 54.5136    | 59.9750    | 20.6930    | 23.2750   
4      | 56.3069    | 63.1750    | 17.9222    | 21.2000   
5      | 57.9639    | 66.3250    | 15.8940    | 19.5250   
6      | 59.5593    | 69.7250    | 13.8767    | 17.7500   
7      | 60.8942    | 72.9000    | 12.1466    | 16.1500   
8      | 47.0184    | 48.7500    | 33.5833    | 31.9000   
9      | 45.1758    | 46.3750    | 37.6817    | 34.3250   

PSTEPS = 140, TSTEPS = 20000

TIME TAKEN = 246.03563 ms
Run 6

 GPU ACCELERATED IMPLEMENTATION
--------------------------------------------------------------

Index  | Call Model | Call Actual | Put Model  | Put Actual
--------------------------------------------------------------
0      | 49.1965    | 51.7000    | 29.9948    | 29.6500   
1      | 50.4374    | 53.6500    | 26.5056    | 27.3750   
2      | 52.2842    | 56.4000    | 23.6948    | 25.3500   
3      | 54.5136    | 59.9750    | 20.6930    | 23.2750   
4      | 56.3069    | 63.1750    | 17.9222    | 21.2000   
5      | 57.9639    | 66.3250    | 15.8940    | 19.5250   
6      | 59.5593    | 69.7250    | 13.8767    | 17.7500   
7      | 60.8942    | 72.9000    | 12.1466    | 16.1500   
8      | 47.0184    | 48.7500    | 33.5833    | 31.9000   
9      | 45.1758    | 46.3750    | 37.6817    | 34.3250   

PSTEPS = 140, TSTEPS = 20000

TIME TAKEN = 280.26305 ms
Run 7

 GPU ACCELERATED IMPLEMENTATION
--------------------------------------------------------------

Index  | Call Model | Call Actual | Put Model  | Put Actual
--------------------------------------------------------------
0      | 49.1965    | 51.7000    | 29.9948    | 29.6500   
1      | 50.4374    | 53.6500    | 26.5056    | 27.3750   
2      | 52.2842    | 56.4000    | 23.6948    | 25.3500   
3      | 54.5136    | 59.9750    | 20.6930    | 23.2750   
4      | 56.3069    | 63.1750    | 17.9222    | 21.2000   
5      | 57.9639    | 66.3250    | 15.8940    | 19.5250   
6      | 59.5593    | 69.7250    | 13.8767    | 17.7500   
7      | 60.8942    | 72.9000    | 12.1466    | 16.1500   
8      | 47.0184    | 48.7500    | 33.5833    | 31.9000   
9      | 45.1758    | 46.3750    | 37.6817    | 34.3250   

PSTEPS = 140, TSTEPS = 20000

TIME TAKEN = 242.48795 ms
Run 8

 GPU ACCELERATED IMPLEMENTATION
--------------------------------------------------------------

Index  | Call Model | Call Actual | Put Model  | Put Actual
--------------------------------------------------------------
0      | 49.1965    | 51.7000    | 29.9948    | 29.6500   
1      | 50.4374    | 53.6500    | 26.5056    | 27.3750   
2      | 52.2842    | 56.4000    | 23.6948    | 25.3500   
3      | 54.5136    | 59.9750    | 20.6930    | 23.2750   
4      | 56.3069    | 63.1750    | 17.9222    | 21.2000   
5      | 57.9639    | 66.3250    | 15.8940    | 19.5250   
6      | 59.5593    | 69.7250    | 13.8767    | 17.7500   
7      | 60.8942    | 72.9000    | 12.1466    | 16.1500   
8      | 47.0184    | 48.7500    | 33.5833    | 31.9000   
9      | 45.1758    | 46.3750    | 37.6817    | 34.3250   

PSTEPS = 140, TSTEPS = 20000

TIME TAKEN = 229.08829 ms
Run 9

 GPU ACCELERATED IMPLEMENTATION
--------------------------------------------------------------

Index  | Call Model | Call Actual | Put Model  | Put Actual
--------------------------------------------------------------
0      | 49.1965    | 51.7000    | 29.9948    | 29.6500   
1      | 50.4374    | 53.6500    | 26.5056    | 27.3750   
2      | 52.2842    | 56.4000    | 23.6948    | 25.3500   
3      | 54.5136    | 59.9750    | 20.6930    | 23.2750   
4      | 56.3069    | 63.1750    | 17.9222    | 21.2000   
5      | 57.9639    | 66.3250    | 15.8940    | 19.5250   
6      | 59.5593    | 69.7250    | 13.8767    | 17.7500   
7      | 60.8942    | 72.9000    | 12.1466    | 16.1500   
8      | 47.0184    | 48.7500    | 33.5833    | 31.9000   
9      | 45.1758    | 46.3750    | 37.6817    | 34.3250   

PSTEPS = 140, TSTEPS = 20000

TIME TAKEN = 269.03563 ms
Run 10

 GPU ACCELERATED IMPLEMENTATION
--------------------------------------------------------------

Index  | Call Model | Call Actual | Put Model  | Put Actual
--------------------------------------------------------------
0      | 49.1965    | 51.7000    | 29.9948    | 29.6500   
1      | 50.4374    | 53.6500    | 26.5056    | 27.3750   
2      | 52.2842    | 56.4000    | 23.6948    | 25.3500   
3      | 54.5136    | 59.9750    | 20.6930    | 23.2750   
4      | 56.3069    | 63.1750    | 17.9222    | 21.2000   
5      | 57.9639    | 66.3250    | 15.8940    | 19.5250   
6      | 59.5593    | 69.7250    | 13.8767    | 17.7500   
7      | 60.8942    | 72.9000    | 12.1466    | 16.1500   
8      | 47.0184    | 48.7500    | 33.5833    | 31.9000   
9      | 45.1758    | 46.3750    | 37.6817    | 34.3250   

PSTEPS = 140, TSTEPS = 20000

TIME TAKEN = 226.19520 ms
