Benchmarking: black_scholes_base with p=100, t=30000
Run 1

BASIC IMPLEMENTATION
--------------------------------------------------------------

Index  | Call Model | Call Actual | Put Model  | Put Actual
--------------------------------------------------------------
0      | 47.7780    | 51.7000    | 31.0197    | 29.6500   
1      | 48.6944    | 53.6500    | 27.6519    | 27.3750   
2      | 50.1742    | 56.4000    | 24.9303    | 25.3500   
3      | 52.0290    | 59.9750    | 22.0093    | 23.2750   
4      | 53.4634    | 63.1750    | 19.2891    | 21.2000   
5      | 54.7578    | 66.3250    | 17.2808    | 19.5250   
6      | 56.0024    | 69.7250    | 15.2751    | 17.7500   
7      | 57.0034    | 72.9000    | 13.5427    | 16.1500   
8      | 45.9515    | 48.7500    | 34.4393    | 31.9000   
9      | 44.4485    | 46.3750    | 38.3539    | 34.3250   

PSTEPS = 100, TSTEPS = 30000

TIME TAKEN = 1105.60026 ms
Run 2

BASIC IMPLEMENTATION
--------------------------------------------------------------

Index  | Call Model | Call Actual | Put Model  | Put Actual
--------------------------------------------------------------
0      | 47.7780    | 51.7000    | 31.0197    | 29.6500   
1      | 48.6944    | 53.6500    | 27.6519    | 27.3750   
2      | 50.1742    | 56.4000    | 24.9303    | 25.3500   
3      | 52.0290    | 59.9750    | 22.0093    | 23.2750   
4      | 53.4634    | 63.1750    | 19.2891    | 21.2000   
5      | 54.7578    | 66.3250    | 17.2808    | 19.5250   
6      | 56.0024    | 69.7250    | 15.2751    | 17.7500   
7      | 57.0034    | 72.9000    | 13.5427    | 16.1500   
8      | 45.9515    | 48.7500    | 34.4393    | 31.9000   
9      | 44.4485    | 46.3750    | 38.3539    | 34.3250   

PSTEPS = 100, TSTEPS = 30000

TIME TAKEN = 1077.52110 ms
Run 3

BASIC IMPLEMENTATION
--------------------------------------------------------------

Index  | Call Model | Call Actual | Put Model  | Put Actual
--------------------------------------------------------------
0      | 47.7780    | 51.7000    | 31.0197    | 29.6500   
1      | 48.6944    | 53.6500    | 27.6519    | 27.3750   
2      | 50.1742    | 56.4000    | 24.9303    | 25.3500   
3      | 52.0290    | 59.9750    | 22.0093    | 23.2750   
4      | 53.4634    | 63.1750    | 19.2891    | 21.2000   
5      | 54.7578    | 66.3250    | 17.2808    | 19.5250   
6      | 56.0024    | 69.7250    | 15.2751    | 17.7500   
7      | 57.0034    | 72.9000    | 13.5427    | 16.1500   
8      | 45.9515    | 48.7500    | 34.4393    | 31.9000   
9      | 44.4485    | 46.3750    | 38.3539    | 34.3250   

PSTEPS = 100, TSTEPS = 30000

TIME TAKEN = 1101.60691 ms
Run 4

BASIC IMPLEMENTATION
--------------------------------------------------------------

Index  | Call Model | Call Actual | Put Model  | Put Actual
--------------------------------------------------------------
0      | 47.7780    | 51.7000    | 31.0197    | 29.6500   
1      | 48.6944    | 53.6500    | 27.6519    | 27.3750   
2      | 50.1742    | 56.4000    | 24.9303    | 25.3500   
3      | 52.0290    | 59.9750    | 22.0093    | 23.2750   
4      | 53.4634    | 63.1750    | 19.2891    | 21.2000   
5      | 54.7578    | 66.3250    | 17.2808    | 19.5250   
6      | 56.0024    | 69.7250    | 15.2751    | 17.7500   
7      | 57.0034    | 72.9000    | 13.5427    | 16.1500   
8      | 45.9515    | 48.7500    | 34.4393    | 31.9000   
9      | 44.4485    | 46.3750    | 38.3539    | 34.3250   

PSTEPS = 100, TSTEPS = 30000

TIME TAKEN = 1101.30324 ms
Run 5

BASIC IMPLEMENTATION
--------------------------------------------------------------

Index  | Call Model | Call Actual | Put Model  | Put Actual
--------------------------------------------------------------
0      | 47.7780    | 51.7000    | 31.0197    | 29.6500   
1      | 48.6944    | 53.6500    | 27.6519    | 27.3750   
2      | 50.1742    | 56.4000    | 24.9303    | 25.3500   
3      | 52.0290    | 59.9750    | 22.0093    | 23.2750   
4      | 53.4634    | 63.1750    | 19.2891    | 21.2000   
5      | 54.7578    | 66.3250    | 17.2808    | 19.5250   
6      | 56.0024    | 69.7250    | 15.2751    | 17.7500   
7      | 57.0034    | 72.9000    | 13.5427    | 16.1500   
8      | 45.9515    | 48.7500    | 34.4393    | 31.9000   
9      | 44.4485    | 46.3750    | 38.3539    | 34.3250   

PSTEPS = 100, TSTEPS = 30000

TIME TAKEN = 1099.55184 ms
Run 6

BASIC IMPLEMENTATION
--------------------------------------------------------------

Index  | Call Model | Call Actual | Put Model  | Put Actual
--------------------------------------------------------------
0      | 47.7780    | 51.7000    | 31.0197    | 29.6500   
1      | 48.6944    | 53.6500    | 27.6519    | 27.3750   
2      | 50.1742    | 56.4000    | 24.9303    | 25.3500   
3      | 52.0290    | 59.9750    | 22.0093    | 23.2750   
4      | 53.4634    | 63.1750    | 19.2891    | 21.2000   
5      | 54.7578    | 66.3250    | 17.2808    | 19.5250   
6      | 56.0024    | 69.7250    | 15.2751    | 17.7500   
7      | 57.0034    | 72.9000    | 13.5427    | 16.1500   
8      | 45.9515    | 48.7500    | 34.4393    | 31.9000   
9      | 44.4485    | 46.3750    | 38.3539    | 34.3250   

PSTEPS = 100, TSTEPS = 30000

TIME TAKEN = 1100.49821 ms
Run 7

BASIC IMPLEMENTATION
--------------------------------------------------------------

Index  | Call Model | Call Actual | Put Model  | Put Actual
--------------------------------------------------------------
0      | 47.7780    | 51.7000    | 31.0197    | 29.6500   
1      | 48.6944    | 53.6500    | 27.6519    | 27.3750   
2      | 50.1742    | 56.4000    | 24.9303    | 25.3500   
3      | 52.0290    | 59.9750    | 22.0093    | 23.2750   
4      | 53.4634    | 63.1750    | 19.2891    | 21.2000   
5      | 54.7578    | 66.3250    | 17.2808    | 19.5250   
6      | 56.0024    | 69.7250    | 15.2751    | 17.7500   
7      | 57.0034    | 72.9000    | 13.5427    | 16.1500   
8      | 45.9515    | 48.7500    | 34.4393    | 31.9000   
9      | 44.4485    | 46.3750    | 38.3539    | 34.3250   

PSTEPS = 100, TSTEPS = 30000

TIME TAKEN = 1099.77021 ms
Run 8

BASIC IMPLEMENTATION
--------------------------------------------------------------

Index  | Call Model | Call Actual | Put Model  | Put Actual
--------------------------------------------------------------
0      | 47.7780    | 51.7000    | 31.0197    | 29.6500   
1      | 48.6944    | 53.6500    | 27.6519    | 27.3750   
2      | 50.1742    | 56.4000    | 24.9303    | 25.3500   
3      | 52.0290    | 59.9750    | 22.0093    | 23.2750   
4      | 53.4634    | 63.1750    | 19.2891    | 21.2000   
5      | 54.7578    | 66.3250    | 17.2808    | 19.5250   
6      | 56.0024    | 69.7250    | 15.2751    | 17.7500   
7      | 57.0034    | 72.9000    | 13.5427    | 16.1500   
8      | 45.9515    | 48.7500    | 34.4393    | 31.9000   
9      | 44.4485    | 46.3750    | 38.3539    | 34.3250   

PSTEPS = 100, TSTEPS = 30000

TIME TAKEN = 1101.63391 ms
Run 9

BASIC IMPLEMENTATION
--------------------------------------------------------------

Index  | Call Model | Call Actual | Put Model  | Put Actual
--------------------------------------------------------------
0      | 47.7780    | 51.7000    | 31.0197    | 29.6500   
1      | 48.6944    | 53.6500    | 27.6519    | 27.3750   
2      | 50.1742    | 56.4000    | 24.9303    | 25.3500   
3      | 52.0290    | 59.9750    | 22.0093    | 23.2750   
4      | 53.4634    | 63.1750    | 19.2891    | 21.2000   
5      | 54.7578    | 66.3250    | 17.2808    | 19.5250   
6      | 56.0024    | 69.7250    | 15.2751    | 17.7500   
7      | 57.0034    | 72.9000    | 13.5427    | 16.1500   
8      | 45.9515    | 48.7500    | 34.4393    | 31.9000   
9      | 44.4485    | 46.3750    | 38.3539    | 34.3250   

PSTEPS = 100, TSTEPS = 30000

TIME TAKEN = 1101.67743 ms
Run 10

BASIC IMPLEMENTATION
--------------------------------------------------------------

Index  | Call Model | Call Actual | Put Model  | Put Actual
--------------------------------------------------------------
0      | 47.7780    | 51.7000    | 31.0197    | 29.6500   
1      | 48.6944    | 53.6500    | 27.6519    | 27.3750   
2      | 50.1742    | 56.4000    | 24.9303    | 25.3500   
3      | 52.0290    | 59.9750    | 22.0093    | 23.2750   
4      | 53.4634    | 63.1750    | 19.2891    | 21.2000   
5      | 54.7578    | 66.3250    | 17.2808    | 19.5250   
6      | 56.0024    | 69.7250    | 15.2751    | 17.7500   
7      | 57.0034    | 72.9000    | 13.5427    | 16.1500   
8      | 45.9515    | 48.7500    | 34.4393    | 31.9000   
9      | 44.4485    | 46.3750    | 38.3539    | 34.3250   

PSTEPS = 100, TSTEPS = 30000

TIME TAKEN = 1101.79636 ms
