Benchmarking: black_scholes_hybrid1 with p=40, t=60000
Run 1

 HYBRID IMPLEMENTATION 1
--------------------------------------------------------------

Index  | Call Model | Call Actual | Put Model  | Put Actual
--------------------------------------------------------------
0      | 45.6393    | 51.7000    | 32.9394    | 29.6500   
1      | 45.1447    | 53.6500    | 29.8188    | 27.3750   
2      | 46.7765    | 56.4000    | 27.2627    | 25.3500   
3      | 48.3761    | 59.9750    | 24.3799    | 23.2750   
4      | 49.3423    | 63.1750    | 21.7799    | 21.2000   
5      | 50.2133    | 66.3250    | 19.8948    | 19.5250   
6      | 49.5208    | 69.7250    | 17.8880    | 17.7500   
7      | 51.3780    | 72.9000    | 16.0576    | 16.1500   
8      | 44.3192    | 48.7500    | 36.1073    | 31.9000   
9      | 43.3609    | 46.3750    | 39.8025    | 34.3250   

PSTEPS = 40, TSTEPS = 60000

TIME TAKEN = 353.12548 ms
Run 2

 HYBRID IMPLEMENTATION 1
--------------------------------------------------------------

Index  | Call Model | Call Actual | Put Model  | Put Actual
--------------------------------------------------------------
0      | 45.6393    | 51.7000    | 32.9394    | 29.6500   
1      | 46.1552    | 53.6500    | 29.8188    | 27.3750   
2      | 47.1401    | 56.4000    | 27.2627    | 25.3500   
3      | 48.3761    | 59.9750    | 24.3799    | 23.2750   
4      | 49.1771    | 63.1750    | 21.7799    | 21.2000   
5      | 50.2133    | 66.3250    | 19.8948    | 19.5250   
6      | 50.9420    | 69.7250    | 17.8880    | 17.7500   
7      | 50.7016    | 72.9000    | 16.0576    | 16.1500   
8      | 44.3192    | 48.7500    | 36.1073    | 31.9000   
9      | 43.3609    | 46.3750    | 39.8025    | 34.3250   

PSTEPS = 40, TSTEPS = 60000

TIME TAKEN = 341.57159 ms
Run 3

 HYBRID IMPLEMENTATION 1
--------------------------------------------------------------

Index  | Call Model | Call Actual | Put Model  | Put Actual
--------------------------------------------------------------
0      | 45.6393    | 51.7000    | 32.9394    | 29.6500   
1      | 46.1552    | 53.6500    | 29.8188    | 27.3750   
2      | 47.1410    | 56.4000    | 27.2627    | 25.3500   
3      | 48.3761    | 59.9750    | 24.3799    | 23.2750   
4      | 49.3423    | 63.1750    | 21.7799    | 21.2000   
5      | 50.2133    | 66.3250    | 19.8948    | 19.5250   
6      | 50.9420    | 69.7250    | 17.8880    | 17.7500   
7      | 51.3780    | 72.9000    | 16.0576    | 16.1500   
8      | 44.3192    | 48.7500    | 36.1073    | 31.9000   
9      | 43.3609    | 46.3750    | 39.8025    | 34.3250   

PSTEPS = 40, TSTEPS = 60000

TIME TAKEN = 331.43658 ms
Run 4

 HYBRID IMPLEMENTATION 1
--------------------------------------------------------------

Index  | Call Model | Call Actual | Put Model  | Put Actual
--------------------------------------------------------------
0      | 45.6393    | 51.7000    | 32.9394    | 29.6500   
1      | 46.1552    | 53.6500    | 29.8188    | 27.3750   
2      | 47.1410    | 56.4000    | 27.2627    | 25.3500   
3      | 48.3761    | 59.9750    | 24.3799    | 23.2750   
4      | 49.3423    | 63.1750    | 21.7799    | 21.2000   
5      | 48.8954    | 66.3250    | 19.8948    | 19.5250   
6      | 50.9420    | 69.7250    | 17.8880    | 17.7500   
7      | 51.3780    | 72.9000    | 16.0576    | 16.1500   
8      | 44.3192    | 48.7500    | 36.1073    | 31.9000   
9      | 43.3609    | 46.3750    | 39.8025    | 34.3250   

PSTEPS = 40, TSTEPS = 60000

TIME TAKEN = 327.02740 ms
Run 5

 HYBRID IMPLEMENTATION 1
--------------------------------------------------------------

Index  | Call Model | Call Actual | Put Model  | Put Actual
--------------------------------------------------------------
0      | 44.9006    | 51.7000    | 32.9394    | 29.6500   
1      | 45.5358    | 53.6500    | 29.8188    | 27.3750   
2      | 47.1410    | 56.4000    | 27.2627    | 25.3500   
3      | 48.3761    | 59.9750    | 24.3799    | 23.2750   
4      | 49.3423    | 63.1750    | 21.7799    | 21.2000   
5      | 49.5434    | 66.3250    | 19.8948    | 19.5250   
6      | 50.9420    | 69.7250    | 17.8880    | 17.7500   
7      | 51.3780    | 72.9000    | 16.0576    | 16.1500   
8      | 44.3192    | 48.7500    | 36.1073    | 31.9000   
9      | 43.3609    | 46.3750    | 39.8025    | 34.3250   

PSTEPS = 40, TSTEPS = 60000

TIME TAKEN = 342.42943 ms
Run 6

 HYBRID IMPLEMENTATION 1
--------------------------------------------------------------

Index  | Call Model | Call Actual | Put Model  | Put Actual
--------------------------------------------------------------
0      | 44.6590    | 51.7000    | 32.9394    | 29.6500   
1      | 46.1552    | 53.6500    | 29.8188    | 27.3750   
2      | 47.1410    | 56.4000    | 27.2627    | 25.3500   
3      | 48.3761    | 59.9750    | 24.3799    | 23.2750   
4      | 49.3423    | 63.1750    | 21.7799    | 21.2000   
5      | 50.2133    | 66.3250    | 19.8948    | 19.5250   
6      | 50.5126    | 69.7250    | 17.8880    | 17.7500   
7      | 51.3780    | 72.9000    | 16.0576    | 16.1500   
8      | 44.3192    | 48.7500    | 36.1073    | 31.9000   
9      | 43.3609    | 46.3750    | 39.8025    | 34.3250   

PSTEPS = 40, TSTEPS = 60000

TIME TAKEN = 348.47081 ms
Run 7

 HYBRID IMPLEMENTATION 1
--------------------------------------------------------------

Index  | Call Model | Call Actual | Put Model  | Put Actual
--------------------------------------------------------------
0      | 45.3538    | 51.7000    | 32.9394    | 29.6500   
1      | 44.9457    | 53.6500    | 29.8188    | 27.3750   
2      | 47.1410    | 56.4000    | 27.2627    | 25.3500   
3      | 48.3761    | 59.9750    | 24.3799    | 23.2750   
4      | 49.3423    | 63.1750    | 21.7799    | 21.2000   
5      | 50.2133    | 66.3250    | 19.8948    | 19.5250   
6      | 50.9420    | 69.7250    | 17.8880    | 17.7500   
7      | 50.0708    | 72.9000    | 16.0576    | 16.1500   
8      | 44.3192    | 48.7500    | 36.1073    | 31.9000   
9      | 43.3609    | 46.3750    | 39.8025    | 34.3250   

PSTEPS = 40, TSTEPS = 60000

TIME TAKEN = 353.00394 ms
Run 8

 HYBRID IMPLEMENTATION 1
--------------------------------------------------------------

Index  | Call Model | Call Actual | Put Model  | Put Actual
--------------------------------------------------------------
0      | 45.6393    | 51.7000    | 32.9394    | 29.6500   
1      | 46.1552    | 53.6500    | 29.8188    | 27.3750   
2      | 47.1410    | 56.4000    | 27.2627    | 25.3500   
3      | 48.3761    | 59.9750    | 24.3799    | 23.2750   
4      | 49.3423    | 63.1750    | 21.7799    | 21.2000   
5      | 50.2133    | 66.3250    | 19.8948    | 19.5250   
6      | 50.9420    | 69.7250    | 17.8880    | 17.7500   
7      | 51.3780    | 72.9000    | 16.0576    | 16.1500   
8      | 44.3192    | 48.7500    | 36.1073    | 31.9000   
9      | 43.3609    | 46.3750    | 39.8025    | 34.3250   

PSTEPS = 40, TSTEPS = 60000

TIME TAKEN = 343.38555 ms
Run 9

 HYBRID IMPLEMENTATION 1
--------------------------------------------------------------

Index  | Call Model | Call Actual | Put Model  | Put Actual
--------------------------------------------------------------
0      | 45.6393    | 51.7000    | 32.9394    | 29.6500   
1      | 46.1552    | 53.6500    | 29.8188    | 27.3750   
2      | 47.1410    | 56.4000    | 27.2627    | 25.3500   
3      | 48.3761    | 59.9750    | 24.3799    | 23.2750   
4      | 47.8484    | 63.1750    | 21.7799    | 21.2000   
5      | 50.2133    | 66.3250    | 19.8948    | 19.5250   
6      | 50.9420    | 69.7250    | 17.8880    | 17.7500   
7      | 51.3780    | 72.9000    | 16.0576    | 16.1500   
8      | 43.8931    | 48.7500    | 36.1073    | 31.9000   
9      | 43.3609    | 46.3750    | 39.8025    | 34.3250   

PSTEPS = 40, TSTEPS = 60000

TIME TAKEN = 368.27305 ms
Run 10

 HYBRID IMPLEMENTATION 1
--------------------------------------------------------------

Index  | Call Model | Call Actual | Put Model  | Put Actual
--------------------------------------------------------------
0      | 45.6393    | 51.7000    | 32.9394    | 29.6500   
1      | 46.1552    | 53.6500    | 29.8188    | 27.3750   
2      | 47.1410    | 56.4000    | 27.2627    | 25.3500   
3      | 48.3761    | 59.9750    | 24.3799    | 23.2750   
4      | 48.6066    | 63.1750    | 21.7799    | 21.2000   
5      | 50.2133    | 66.3250    | 19.8948    | 19.5250   
6      | 50.9420    | 69.7250    | 17.8880    | 17.7500   
7      | 51.0136    | 72.9000    | 16.0576    | 16.1500   
8      | 44.3192    | 48.7500    | 36.1073    | 31.9000   
9      | 43.3221    | 46.3750    | 39.8025    | 34.3250   

PSTEPS = 40, TSTEPS = 60000

TIME TAKEN = 368.42107 ms
