Benchmarking: black_scholes_cpu_acc with p=60, t=30000
Run 1

 CPU ACCELERATED IMPLEMENTATION
--------------------------------------------------------------

Index  | Call Model | Call Actual | Put Model  | Put Actual
--------------------------------------------------------------
0      | 46.3913    | 51.7000    | 32.1873    | 29.6500   
1      | 46.9435    | 53.6500    | 28.8933    | 27.3750   
2      | 48.1459    | 56.4000    | 26.3407    | 25.3500   
3      | 49.6023    | 59.9750    | 23.4673    | 23.2750   
4      | 50.7089    | 63.1750    | 20.8186    | 21.2000   
5      | 51.6875    | 66.3250    | 18.8658    | 19.5250   
6      | 52.5653    | 69.7250    | 16.8435    | 17.7500   
7      | 53.2799    | 72.9000    | 15.1438    | 16.1500   
8      | 44.9048    | 48.7500    | 35.4341    | 31.9000   
9      | 43.6771    | 46.3750    | 39.1071    | 34.3250   

PSTEPS = 60, TSTEPS = 30000

TIME TAKEN = 48.81233 ms
Run 2

 CPU ACCELERATED IMPLEMENTATION
--------------------------------------------------------------

Index  | Call Model | Call Actual | Put Model  | Put Actual
--------------------------------------------------------------
0      | 46.3913    | 51.7000    | 32.1873    | 29.6500   
1      | 46.9435    | 53.6500    | 28.8933    | 27.3750   
2      | 48.1459    | 56.4000    | 26.3407    | 25.3500   
3      | 49.6023    | 59.9750    | 23.4673    | 23.2750   
4      | 50.7089    | 63.1750    | 20.8186    | 21.2000   
5      | 51.6875    | 66.3250    | 18.8658    | 19.5250   
6      | 52.5653    | 69.7250    | 16.8435    | 17.7500   
7      | 53.2799    | 72.9000    | 15.1438    | 16.1500   
8      | 44.9048    | 48.7500    | 35.4341    | 31.9000   
9      | 43.6771    | 46.3750    | 39.1071    | 34.3250   

PSTEPS = 60, TSTEPS = 30000

TIME TAKEN = 49.06587 ms
Run 3

 CPU ACCELERATED IMPLEMENTATION
--------------------------------------------------------------

Index  | Call Model | Call Actual | Put Model  | Put Actual
--------------------------------------------------------------
0      | 46.3913    | 51.7000    | 32.1873    | 29.6500   
1      | 46.9435    | 53.6500    | 28.8933    | 27.3750   
2      | 48.1459    | 56.4000    | 26.3407    | 25.3500   
3      | 49.6023    | 59.9750    | 23.4673    | 23.2750   
4      | 50.7089    | 63.1750    | 20.8186    | 21.2000   
5      | 51.6875    | 66.3250    | 18.8658    | 19.5250   
6      | 52.5653    | 69.7250    | 16.8435    | 17.7500   
7      | 53.2799    | 72.9000    | 15.1438    | 16.1500   
8      | 44.9048    | 48.7500    | 35.4341    | 31.9000   
9      | 43.6771    | 46.3750    | 39.1071    | 34.3250   

PSTEPS = 60, TSTEPS = 30000

TIME TAKEN = 48.76941 ms
Run 4

 CPU ACCELERATED IMPLEMENTATION
--------------------------------------------------------------

Index  | Call Model | Call Actual | Put Model  | Put Actual
--------------------------------------------------------------
0      | 46.3913    | 51.7000    | 32.1873    | 29.6500   
1      | 46.9435    | 53.6500    | 28.8933    | 27.3750   
2      | 48.1459    | 56.4000    | 26.3407    | 25.3500   
3      | 49.6023    | 59.9750    | 23.4673    | 23.2750   
4      | 50.7089    | 63.1750    | 20.8186    | 21.2000   
5      | 51.6875    | 66.3250    | 18.8658    | 19.5250   
6      | 52.5653    | 69.7250    | 16.8435    | 17.7500   
7      | 53.2799    | 72.9000    | 15.1438    | 16.1500   
8      | 44.9048    | 48.7500    | 35.4341    | 31.9000   
9      | 43.6771    | 46.3750    | 39.1071    | 34.3250   

PSTEPS = 60, TSTEPS = 30000

TIME TAKEN = 48.70159 ms
Run 5

 CPU ACCELERATED IMPLEMENTATION
--------------------------------------------------------------

Index  | Call Model | Call Actual | Put Model  | Put Actual
--------------------------------------------------------------
0      | 46.3913    | 51.7000    | 32.1873    | 29.6500   
1      | 46.9435    | 53.6500    | 28.8933    | 27.3750   
2      | 48.1459    | 56.4000    | 26.3407    | 25.3500   
3      | 49.6023    | 59.9750    | 23.4673    | 23.2750   
4      | 50.7089    | 63.1750    | 20.8186    | 21.2000   
5      | 51.6875    | 66.3250    | 18.8658    | 19.5250   
6      | 52.5653    | 69.7250    | 16.8435    | 17.7500   
7      | 53.2799    | 72.9000    | 15.1438    | 16.1500   
8      | 44.9048    | 48.7500    | 35.4341    | 31.9000   
9      | 43.6771    | 46.3750    | 39.1071    | 34.3250   

PSTEPS = 60, TSTEPS = 30000

TIME TAKEN = 49.65079 ms
Run 6

 CPU ACCELERATED IMPLEMENTATION
--------------------------------------------------------------

Index  | Call Model | Call Actual | Put Model  | Put Actual
--------------------------------------------------------------
0      | 46.3913    | 51.7000    | 32.1873    | 29.6500   
1      | 46.9435    | 53.6500    | 28.8933    | 27.3750   
2      | 48.1459    | 56.4000    | 26.3407    | 25.3500   
3      | 49.6023    | 59.9750    | 23.4673    | 23.2750   
4      | 50.7089    | 63.1750    | 20.8186    | 21.2000   
5      | 51.6875    | 66.3250    | 18.8658    | 19.5250   
6      | 52.5653    | 69.7250    | 16.8435    | 17.7500   
7      | 53.2799    | 72.9000    | 15.1438    | 16.1500   
8      | 44.9048    | 48.7500    | 35.4341    | 31.9000   
9      | 43.6771    | 46.3750    | 39.1071    | 34.3250   

PSTEPS = 60, TSTEPS = 30000

TIME TAKEN = 48.80709 ms
Run 7

 CPU ACCELERATED IMPLEMENTATION
--------------------------------------------------------------

Index  | Call Model | Call Actual | Put Model  | Put Actual
--------------------------------------------------------------
0      | 46.3913    | 51.7000    | 32.1873    | 29.6500   
1      | 46.9435    | 53.6500    | 28.8933    | 27.3750   
2      | 48.1459    | 56.4000    | 26.3407    | 25.3500   
3      | 49.6023    | 59.9750    | 23.4673    | 23.2750   
4      | 50.7089    | 63.1750    | 20.8186    | 21.2000   
5      | 51.6875    | 66.3250    | 18.8658    | 19.5250   
6      | 52.5653    | 69.7250    | 16.8435    | 17.7500   
7      | 53.2799    | 72.9000    | 15.1438    | 16.1500   
8      | 44.9048    | 48.7500    | 35.4341    | 31.9000   
9      | 43.6771    | 46.3750    | 39.1071    | 34.3250   

PSTEPS = 60, TSTEPS = 30000

TIME TAKEN = 48.83485 ms
Run 8

 CPU ACCELERATED IMPLEMENTATION
--------------------------------------------------------------

Index  | Call Model | Call Actual | Put Model  | Put Actual
--------------------------------------------------------------
0      | 46.3913    | 51.7000    | 32.1873    | 29.6500   
1      | 46.9435    | 53.6500    | 28.8933    | 27.3750   
2      | 48.1459    | 56.4000    | 26.3407    | 25.3500   
3      | 49.6023    | 59.9750    | 23.4673    | 23.2750   
4      | 50.7089    | 63.1750    | 20.8186    | 21.2000   
5      | 51.6875    | 66.3250    | 18.8658    | 19.5250   
6      | 52.5653    | 69.7250    | 16.8435    | 17.7500   
7      | 53.2799    | 72.9000    | 15.1438    | 16.1500   
8      | 44.9048    | 48.7500    | 35.4341    | 31.9000   
9      | 43.6771    | 46.3750    | 39.1071    | 34.3250   

PSTEPS = 60, TSTEPS = 30000

TIME TAKEN = 49.02722 ms
Run 9

 CPU ACCELERATED IMPLEMENTATION
--------------------------------------------------------------

Index  | Call Model | Call Actual | Put Model  | Put Actual
--------------------------------------------------------------
0      | 46.3913    | 51.7000    | 32.1873    | 29.6500   
1      | 46.9435    | 53.6500    | 28.8933    | 27.3750   
2      | 48.1459    | 56.4000    | 26.3407    | 25.3500   
3      | 49.6023    | 59.9750    | 23.4673    | 23.2750   
4      | 50.7089    | 63.1750    | 20.8186    | 21.2000   
5      | 51.6875    | 66.3250    | 18.8658    | 19.5250   
6      | 52.5653    | 69.7250    | 16.8435    | 17.7500   
7      | 53.2799    | 72.9000    | 15.1438    | 16.1500   
8      | 44.9048    | 48.7500    | 35.4341    | 31.9000   
9      | 43.6771    | 46.3750    | 39.1071    | 34.3250   

PSTEPS = 60, TSTEPS = 30000

TIME TAKEN = 48.85791 ms
Run 10

 CPU ACCELERATED IMPLEMENTATION
--------------------------------------------------------------

Index  | Call Model | Call Actual | Put Model  | Put Actual
--------------------------------------------------------------
0      | 46.3913    | 51.7000    | 32.1873    | 29.6500   
1      | 46.9435    | 53.6500    | 28.8933    | 27.3750   
2      | 48.1459    | 56.4000    | 26.3407    | 25.3500   
3      | 49.6023    | 59.9750    | 23.4673    | 23.2750   
4      | 50.7089    | 63.1750    | 20.8186    | 21.2000   
5      | 51.6875    | 66.3250    | 18.8658    | 19.5250   
6      | 52.5653    | 69.7250    | 16.8435    | 17.7500   
7      | 53.2799    | 72.9000    | 15.1438    | 16.1500   
8      | 44.9048    | 48.7500    | 35.4341    | 31.9000   
9      | 43.6771    | 46.3750    | 39.1071    | 34.3250   

PSTEPS = 60, TSTEPS = 30000

TIME TAKEN = 48.94186 ms
