Benchmarking: black_scholes_base with p=80, t=40000
Run 1

BASIC IMPLEMENTATION
--------------------------------------------------------------

Index  | Call Model | Call Actual | Put Model  | Put Actual
--------------------------------------------------------------
0      | 47.0811    | 51.7000    | 31.5712    | 29.6500   
1      | 47.8232    | 53.6500    | 28.2496    | 27.3750   
2      | 49.1527    | 56.4000    | 25.6026    | 25.3500   
3      | 50.8110    | 59.9750    | 22.7099    | 23.2750   
4      | 52.0764    | 63.1750    | 20.0222    | 21.2000   
5      | 53.1940    | 66.3250    | 18.0245    | 19.5250   
6      | 54.2875    | 69.7250    | 16.0451    | 17.7500   
7      | 55.0940    | 72.9000    | 14.2794    | 16.1500   
8      | 45.4292    | 48.7500    | 34.9074    | 31.9000   
9      | 44.0686    | 46.3750    | 38.7045    | 34.3250   

PSTEPS = 80, TSTEPS = 40000

TIME TAKEN = 1176.54054 ms
Run 2

BASIC IMPLEMENTATION
--------------------------------------------------------------

Index  | Call Model | Call Actual | Put Model  | Put Actual
--------------------------------------------------------------
0      | 47.0811    | 51.7000    | 31.5712    | 29.6500   
1      | 47.8232    | 53.6500    | 28.2496    | 27.3750   
2      | 49.1527    | 56.4000    | 25.6026    | 25.3500   
3      | 50.8110    | 59.9750    | 22.7099    | 23.2750   
4      | 52.0764    | 63.1750    | 20.0222    | 21.2000   
5      | 53.1940    | 66.3250    | 18.0245    | 19.5250   
6      | 54.2875    | 69.7250    | 16.0451    | 17.7500   
7      | 55.0940    | 72.9000    | 14.2794    | 16.1500   
8      | 45.4292    | 48.7500    | 34.9074    | 31.9000   
9      | 44.0686    | 46.3750    | 38.7045    | 34.3250   

PSTEPS = 80, TSTEPS = 40000

TIME TAKEN = 1157.26902 ms
Run 3

BASIC IMPLEMENTATION
--------------------------------------------------------------

Index  | Call Model | Call Actual | Put Model  | Put Actual
--------------------------------------------------------------
0      | 47.0811    | 51.7000    | 31.5712    | 29.6500   
1      | 47.8232    | 53.6500    | 28.2496    | 27.3750   
2      | 49.1527    | 56.4000    | 25.6026    | 25.3500   
3      | 50.8110    | 59.9750    | 22.7099    | 23.2750   
4      | 52.0764    | 63.1750    | 20.0222    | 21.2000   
5      | 53.1940    | 66.3250    | 18.0245    | 19.5250   
6      | 54.2875    | 69.7250    | 16.0451    | 17.7500   
7      | 55.0940    | 72.9000    | 14.2794    | 16.1500   
8      | 45.4292    | 48.7500    | 34.9074    | 31.9000   
9      | 44.0686    | 46.3750    | 38.7045    | 34.3250   

PSTEPS = 80, TSTEPS = 40000

TIME TAKEN = 1175.26738 ms
Run 4

BASIC IMPLEMENTATION
--------------------------------------------------------------

Index  | Call Model | Call Actual | Put Model  | Put Actual
--------------------------------------------------------------
0      | 47.0811    | 51.7000    | 31.5712    | 29.6500   
1      | 47.8232    | 53.6500    | 28.2496    | 27.3750   
2      | 49.1527    | 56.4000    | 25.6026    | 25.3500   
3      | 50.8110    | 59.9750    | 22.7099    | 23.2750   
4      | 52.0764    | 63.1750    | 20.0222    | 21.2000   
5      | 53.1940    | 66.3250    | 18.0245    | 19.5250   
6      | 54.2875    | 69.7250    | 16.0451    | 17.7500   
7      | 55.0940    | 72.9000    | 14.2794    | 16.1500   
8      | 45.4292    | 48.7500    | 34.9074    | 31.9000   
9      | 44.0686    | 46.3750    | 38.7045    | 34.3250   

PSTEPS = 80, TSTEPS = 40000

TIME TAKEN = 1177.60329 ms
Run 5

BASIC IMPLEMENTATION
--------------------------------------------------------------

Index  | Call Model | Call Actual | Put Model  | Put Actual
--------------------------------------------------------------
0      | 47.0811    | 51.7000    | 31.5712    | 29.6500   
1      | 47.8232    | 53.6500    | 28.2496    | 27.3750   
2      | 49.1527    | 56.4000    | 25.6026    | 25.3500   
3      | 50.8110    | 59.9750    | 22.7099    | 23.2750   
4      | 52.0764    | 63.1750    | 20.0222    | 21.2000   
5      | 53.1940    | 66.3250    | 18.0245    | 19.5250   
6      | 54.2875    | 69.7250    | 16.0451    | 17.7500   
7      | 55.0940    | 72.9000    | 14.2794    | 16.1500   
8      | 45.4292    | 48.7500    | 34.9074    | 31.9000   
9      | 44.0686    | 46.3750    | 38.7045    | 34.3250   

PSTEPS = 80, TSTEPS = 40000

TIME TAKEN = 1175.32570 ms
Run 6

BASIC IMPLEMENTATION
--------------------------------------------------------------

Index  | Call Model | Call Actual | Put Model  | Put Actual
--------------------------------------------------------------
0      | 47.0811    | 51.7000    | 31.5712    | 29.6500   
1      | 47.8232    | 53.6500    | 28.2496    | 27.3750   
2      | 49.1527    | 56.4000    | 25.6026    | 25.3500   
3      | 50.8110    | 59.9750    | 22.7099    | 23.2750   
4      | 52.0764    | 63.1750    | 20.0222    | 21.2000   
5      | 53.1940    | 66.3250    | 18.0245    | 19.5250   
6      | 54.2875    | 69.7250    | 16.0451    | 17.7500   
7      | 55.0940    | 72.9000    | 14.2794    | 16.1500   
8      | 45.4292    | 48.7500    | 34.9074    | 31.9000   
9      | 44.0686    | 46.3750    | 38.7045    | 34.3250   

PSTEPS = 80, TSTEPS = 40000

TIME TAKEN = 1174.54882 ms
Run 7

BASIC IMPLEMENTATION
--------------------------------------------------------------

Index  | Call Model | Call Actual | Put Model  | Put Actual
--------------------------------------------------------------
0      | 47.0811    | 51.7000    | 31.5712    | 29.6500   
1      | 47.8232    | 53.6500    | 28.2496    | 27.3750   
2      | 49.1527    | 56.4000    | 25.6026    | 25.3500   
3      | 50.8110    | 59.9750    | 22.7099    | 23.2750   
4      | 52.0764    | 63.1750    | 20.0222    | 21.2000   
5      | 53.1940    | 66.3250    | 18.0245    | 19.5250   
6      | 54.2875    | 69.7250    | 16.0451    | 17.7500   
7      | 55.0940    | 72.9000    | 14.2794    | 16.1500   
8      | 45.4292    | 48.7500    | 34.9074    | 31.9000   
9      | 44.0686    | 46.3750    | 38.7045    | 34.3250   

PSTEPS = 80, TSTEPS = 40000

TIME TAKEN = 1164.68694 ms
Run 8

BASIC IMPLEMENTATION
--------------------------------------------------------------

Index  | Call Model | Call Actual | Put Model  | Put Actual
--------------------------------------------------------------
0      | 47.0811    | 51.7000    | 31.5712    | 29.6500   
1      | 47.8232    | 53.6500    | 28.2496    | 27.3750   
2      | 49.1527    | 56.4000    | 25.6026    | 25.3500   
3      | 50.8110    | 59.9750    | 22.7099    | 23.2750   
4      | 52.0764    | 63.1750    | 20.0222    | 21.2000   
5      | 53.1940    | 66.3250    | 18.0245    | 19.5250   
6      | 54.2875    | 69.7250    | 16.0451    | 17.7500   
7      | 55.0940    | 72.9000    | 14.2794    | 16.1500   
8      | 45.4292    | 48.7500    | 34.9074    | 31.9000   
9      | 44.0686    | 46.3750    | 38.7045    | 34.3250   

PSTEPS = 80, TSTEPS = 40000

TIME TAKEN = 1163.62613 ms
Run 9

BASIC IMPLEMENTATION
--------------------------------------------------------------

Index  | Call Model | Call Actual | Put Model  | Put Actual
--------------------------------------------------------------
0      | 47.0811    | 51.7000    | 31.5712    | 29.6500   
1      | 47.8232    | 53.6500    | 28.2496    | 27.3750   
2      | 49.1527    | 56.4000    | 25.6026    | 25.3500   
3      | 50.8110    | 59.9750    | 22.7099    | 23.2750   
4      | 52.0764    | 63.1750    | 20.0222    | 21.2000   
5      | 53.1940    | 66.3250    | 18.0245    | 19.5250   
6      | 54.2875    | 69.7250    | 16.0451    | 17.7500   
7      | 55.0940    | 72.9000    | 14.2794    | 16.1500   
8      | 45.4292    | 48.7500    | 34.9074    | 31.9000   
9      | 44.0686    | 46.3750    | 38.7045    | 34.3250   

PSTEPS = 80, TSTEPS = 40000

TIME TAKEN = 1161.89091 ms
Run 10

BASIC IMPLEMENTATION
--------------------------------------------------------------

Index  | Call Model | Call Actual | Put Model  | Put Actual
--------------------------------------------------------------
0      | 47.0811    | 51.7000    | 31.5712    | 29.6500   
1      | 47.8232    | 53.6500    | 28.2496    | 27.3750   
2      | 49.1527    | 56.4000    | 25.6026    | 25.3500   
3      | 50.8110    | 59.9750    | 22.7099    | 23.2750   
4      | 52.0764    | 63.1750    | 20.0222    | 21.2000   
5      | 53.1940    | 66.3250    | 18.0245    | 19.5250   
6      | 54.2875    | 69.7250    | 16.0451    | 17.7500   
7      | 55.0940    | 72.9000    | 14.2794    | 16.1500   
8      | 45.4292    | 48.7500    | 34.9074    | 31.9000   
9      | 44.0686    | 46.3750    | 38.7045    | 34.3250   

PSTEPS = 80, TSTEPS = 40000

TIME TAKEN = 1165.92666 ms
