Benchmarking: black_scholes_gpu with p=80, t=60000
Run 1

 GPU ACCELERATED IMPLEMENTATION
--------------------------------------------------------------

Index  | Call Model | Call Actual | Put Model  | Put Actual
--------------------------------------------------------------
0      | 47.0811    | 51.7000    | 31.5711    | 29.6500   
1      | 47.8232    | 53.6500    | 28.2495    | 27.3750   
2      | 49.1526    | 56.4000    | 25.6025    | 25.3500   
3      | 50.8109    | 59.9750    | 22.7098    | 23.2750   
4      | 52.0764    | 63.1750    | 20.0222    | 21.2000   
5      | 53.1940    | 66.3250    | 18.0245    | 19.5250   
6      | 54.2875    | 69.7250    | 16.0450    | 17.7500   
7      | 55.0940    | 72.9000    | 14.2794    | 16.1500   
8      | 45.4292    | 48.7500    | 34.9074    | 31.9000   
9      | 44.0685    | 46.3750    | 38.7045    | 34.3250   

PSTEPS = 80, TSTEPS = 60000

TIME TAKEN = 329.91510 ms
Run 2

 GPU ACCELERATED IMPLEMENTATION
--------------------------------------------------------------

Index  | Call Model | Call Actual | Put Model  | Put Actual
--------------------------------------------------------------
0      | 47.0811    | 51.7000    | 31.5711    | 29.6500   
1      | 47.8232    | 53.6500    | 28.2495    | 27.3750   
2      | 49.1526    | 56.4000    | 25.6025    | 25.3500   
3      | 50.8109    | 59.9750    | 22.7098    | 23.2750   
4      | 52.0764    | 63.1750    | 20.0222    | 21.2000   
5      | 53.1940    | 66.3250    | 18.0245    | 19.5250   
6      | 54.2875    | 69.7250    | 16.0450    | 17.7500   
7      | 55.0940    | 72.9000    | 14.2794    | 16.1500   
8      | 45.4292    | 48.7500    | 34.9074    | 31.9000   
9      | 44.0685    | 46.3750    | 38.7045    | 34.3250   

PSTEPS = 80, TSTEPS = 60000

TIME TAKEN = 289.55465 ms
Run 3

 GPU ACCELERATED IMPLEMENTATION
--------------------------------------------------------------

Index  | Call Model | Call Actual | Put Model  | Put Actual
--------------------------------------------------------------
0      | 47.0811    | 51.7000    | 31.5711    | 29.6500   
1      | 47.8232    | 53.6500    | 28.2495    | 27.3750   
2      | 49.1526    | 56.4000    | 25.6025    | 25.3500   
3      | 50.8109    | 59.9750    | 22.7098    | 23.2750   
4      | 52.0764    | 63.1750    | 20.0222    | 21.2000   
5      | 53.1940    | 66.3250    | 18.0245    | 19.5250   
6      | 54.2875    | 69.7250    | 16.0450    | 17.7500   
7      | 55.0940    | 72.9000    | 14.2794    | 16.1500   
8      | 45.4292    | 48.7500    | 34.9074    | 31.9000   
9      | 44.0685    | 46.3750    | 38.7045    | 34.3250   

PSTEPS = 80, TSTEPS = 60000

TIME TAKEN = 278.01016 ms
Run 4

 GPU ACCELERATED IMPLEMENTATION
--------------------------------------------------------------

Index  | Call Model | Call Actual | Put Model  | Put Actual
--------------------------------------------------------------
0      | 47.0811    | 51.7000    | 31.5711    | 29.6500   
1      | 47.8232    | 53.6500    | 28.2495    | 27.3750   
2      | 49.1526    | 56.4000    | 25.6025    | 25.3500   
3      | 50.8109    | 59.9750    | 22.7098    | 23.2750   
4      | 52.0764    | 63.1750    | 20.0222    | 21.2000   
5      | 53.1940    | 66.3250    | 18.0245    | 19.5250   
6      | 54.2875    | 69.7250    | 16.0450    | 17.7500   
7      | 55.0940    | 72.9000    | 14.2794    | 16.1500   
8      | 45.4292    | 48.7500    | 34.9074    | 31.9000   
9      | 44.0685    | 46.3750    | 38.7045    | 34.3250   

PSTEPS = 80, TSTEPS = 60000

TIME TAKEN = 299.54273 ms
Run 5

 GPU ACCELERATED IMPLEMENTATION
--------------------------------------------------------------

Index  | Call Model | Call Actual | Put Model  | Put Actual
--------------------------------------------------------------
0      | 47.0811    | 51.7000    | 31.5711    | 29.6500   
1      | 47.8232    | 53.6500    | 28.2495    | 27.3750   
2      | 49.1526    | 56.4000    | 25.6025    | 25.3500   
3      | 50.8109    | 59.9750    | 22.7098    | 23.2750   
4      | 52.0764    | 63.1750    | 20.0222    | 21.2000   
5      | 53.1940    | 66.3250    | 18.0245    | 19.5250   
6      | 54.2875    | 69.7250    | 16.0450    | 17.7500   
7      | 55.0940    | 72.9000    | 14.2794    | 16.1500   
8      | 45.4292    | 48.7500    | 34.9074    | 31.9000   
9      | 44.0685    | 46.3750    | 38.7045    | 34.3250   

PSTEPS = 80, TSTEPS = 60000

TIME TAKEN = 289.77012 ms
Run 6

 GPU ACCELERATED IMPLEMENTATION
--------------------------------------------------------------

Index  | Call Model | Call Actual | Put Model  | Put Actual
--------------------------------------------------------------
0      | 47.0811    | 51.7000    | 31.5711    | 29.6500   
1      | 47.8232    | 53.6500    | 28.2495    | 27.3750   
2      | 49.1526    | 56.4000    | 25.6025    | 25.3500   
3      | 50.8109    | 59.9750    | 22.7098    | 23.2750   
4      | 52.0764    | 63.1750    | 20.0222    | 21.2000   
5      | 53.1940    | 66.3250    | 18.0245    | 19.5250   
6      | 54.2875    | 69.7250    | 16.0450    | 17.7500   
7      | 55.0940    | 72.9000    | 14.2794    | 16.1500   
8      | 45.4292    | 48.7500    | 34.9074    | 31.9000   
9      | 44.0685    | 46.3750    | 38.7045    | 34.3250   

PSTEPS = 80, TSTEPS = 60000

TIME TAKEN = 309.18042 ms
Run 7

 GPU ACCELERATED IMPLEMENTATION
--------------------------------------------------------------

Index  | Call Model | Call Actual | Put Model  | Put Actual
--------------------------------------------------------------
0      | 47.0811    | 51.7000    | 31.5711    | 29.6500   
1      | 47.8232    | 53.6500    | 28.2495    | 27.3750   
2      | 49.1526    | 56.4000    | 25.6025    | 25.3500   
3      | 50.8109    | 59.9750    | 22.7098    | 23.2750   
4      | 52.0764    | 63.1750    | 20.0222    | 21.2000   
5      | 53.1940    | 66.3250    | 18.0245    | 19.5250   
6      | 54.2875    | 69.7250    | 16.0450    | 17.7500   
7      | 55.0940    | 72.9000    | 14.2794    | 16.1500   
8      | 45.4292    | 48.7500    | 34.9074    | 31.9000   
9      | 44.0685    | 46.3750    | 38.7045    | 34.3250   

PSTEPS = 80, TSTEPS = 60000

TIME TAKEN = 379.19583 ms
Run 8

 GPU ACCELERATED IMPLEMENTATION
--------------------------------------------------------------

Index  | Call Model | Call Actual | Put Model  | Put Actual
--------------------------------------------------------------
0      | 47.0811    | 51.7000    | 31.5711    | 29.6500   
1      | 47.8232    | 53.6500    | 28.2495    | 27.3750   
2      | 49.1526    | 56.4000    | 25.6025    | 25.3500   
3      | 50.8109    | 59.9750    | 22.7098    | 23.2750   
4      | 52.0764    | 63.1750    | 20.0222    | 21.2000   
5      | 53.1940    | 66.3250    | 18.0245    | 19.5250   
6      | 54.2875    | 69.7250    | 16.0450    | 17.7500   
7      | 55.0940    | 72.9000    | 14.2794    | 16.1500   
8      | 45.4292    | 48.7500    | 34.9074    | 31.9000   
9      | 44.0685    | 46.3750    | 38.7045    | 34.3250   

PSTEPS = 80, TSTEPS = 60000

TIME TAKEN = 301.80540 ms
Run 9

 GPU ACCELERATED IMPLEMENTATION
--------------------------------------------------------------

Index  | Call Model | Call Actual | Put Model  | Put Actual
--------------------------------------------------------------
0      | 47.0811    | 51.7000    | 31.5711    | 29.6500   
1      | 47.8232    | 53.6500    | 28.2495    | 27.3750   
2      | 49.1526    | 56.4000    | 25.6025    | 25.3500   
3      | 50.8109    | 59.9750    | 22.7098    | 23.2750   
4      | 52.0764    | 63.1750    | 20.0222    | 21.2000   
5      | 53.1940    | 66.3250    | 18.0245    | 19.5250   
6      | 54.2875    | 69.7250    | 16.0450    | 17.7500   
7      | 55.0940    | 72.9000    | 14.2794    | 16.1500   
8      | 45.4292    | 48.7500    | 34.9074    | 31.9000   
9      | 44.0685    | 46.3750    | 38.7045    | 34.3250   

PSTEPS = 80, TSTEPS = 60000

TIME TAKEN = 312.04273 ms
Run 10

 GPU ACCELERATED IMPLEMENTATION
--------------------------------------------------------------

Index  | Call Model | Call Actual | Put Model  | Put Actual
--------------------------------------------------------------
0      | 47.0811    | 51.7000    | 31.5711    | 29.6500   
1      | 47.8232    | 53.6500    | 28.2495    | 27.3750   
2      | 49.1526    | 56.4000    | 25.6025    | 25.3500   
3      | 50.8109    | 59.9750    | 22.7098    | 23.2750   
4      | 52.0764    | 63.1750    | 20.0222    | 21.2000   
5      | 53.1940    | 66.3250    | 18.0245    | 19.5250   
6      | 54.2875    | 69.7250    | 16.0450    | 17.7500   
7      | 55.0940    | 72.9000    | 14.2794    | 16.1500   
8      | 45.4292    | 48.7500    | 34.9074    | 31.9000   
9      | 44.0685    | 46.3750    | 38.7045    | 34.3250   

PSTEPS = 80, TSTEPS = 60000

TIME TAKEN = 320.95376 ms
