Benchmarking: black_scholes_hybrid1 with p=140, t=30000
Run 1

 HYBRID IMPLEMENTATION 1
--------------------------------------------------------------

Index  | Call Model | Call Actual | Put Model  | Put Actual
--------------------------------------------------------------
0      | 49.1964    | 51.7000    | 29.9947    | 29.6500   
1      | 50.4373    | 53.6500    | 26.5055    | 27.3750   
2      | 52.2841    | 56.4000    | 23.6947    | 25.3500   
3      | 54.5135    | 59.9750    | 20.6929    | 23.2750   
4      | 56.3068    | 63.1750    | 17.9221    | 21.2000   
5      | 57.9638    | 66.3250    | 15.8940    | 19.5250   
6      | 59.5592    | 69.7250    | 13.8766    | 17.7500   
7      | 60.8941    | 72.9000    | 12.1465    | 16.1500   
8      | 47.0183    | 48.7500    | 33.5832    | 31.9000   
9      | 45.1757    | 46.3750    | 37.6817    | 34.3250   

PSTEPS = 140, TSTEPS = 30000

TIME TAKEN = 360.61148 ms
Run 2

 HYBRID IMPLEMENTATION 1
--------------------------------------------------------------

Index  | Call Model | Call Actual | Put Model  | Put Actual
--------------------------------------------------------------
0      | 49.1964    | 51.7000    | 29.9947    | 29.6500   
1      | 49.6289    | 53.6500    | 26.5055    | 27.3750   
2      | 52.2841    | 56.4000    | 23.6947    | 25.3500   
3      | 53.5063    | 59.9750    | 20.6929    | 23.2750   
4      | 56.3068    | 63.1750    | 17.9221    | 21.2000   
5      | 57.9638    | 66.3250    | 15.8940    | 19.5250   
6      | 59.5592    | 69.7250    | 13.8766    | 17.7500   
7      | 60.8941    | 72.9000    | 12.1465    | 16.1500   
8      | 47.0183    | 48.7500    | 33.5832    | 31.9000   
9      | 45.1757    | 46.3750    | 37.6817    | 34.3250   

PSTEPS = 140, TSTEPS = 30000

TIME TAKEN = 346.30761 ms
Run 3

 HYBRID IMPLEMENTATION 1
--------------------------------------------------------------

Index  | Call Model | Call Actual | Put Model  | Put Actual
--------------------------------------------------------------
0      | 49.1964    | 51.7000    | 29.9947    | 29.6500   
1      | 50.4373    | 53.6500    | 26.5055    | 27.3750   
2      | 52.2795    | 56.4000    | 23.6947    | 25.3500   
3      | 54.5005    | 59.9750    | 20.6929    | 23.2750   
4      | 56.3068    | 63.1750    | 17.9221    | 21.2000   
5      | 57.9638    | 66.3250    | 15.8940    | 19.5250   
6      | 59.5592    | 69.7250    | 13.8766    | 17.7500   
7      | 60.8941    | 72.9000    | 12.1465    | 16.1500   
8      | 47.0183    | 48.7500    | 33.5832    | 31.9000   
9      | 45.1757    | 46.3750    | 37.6817    | 34.3250   

PSTEPS = 140, TSTEPS = 30000

TIME TAKEN = 362.45568 ms
Run 4

 HYBRID IMPLEMENTATION 1
--------------------------------------------------------------

Index  | Call Model | Call Actual | Put Model  | Put Actual
--------------------------------------------------------------
0      | 49.1702    | 51.7000    | 29.9947    | 29.6500   
1      | 50.4373    | 53.6500    | 26.5055    | 27.3750   
2      | 52.2841    | 56.4000    | 23.6947    | 25.3500   
3      | 54.4136    | 59.9750    | 20.6929    | 23.2750   
4      | 56.3068    | 63.1750    | 17.9221    | 21.2000   
5      | 57.9638    | 66.3250    | 15.8940    | 19.5250   
6      | 59.5592    | 69.7250    | 13.8766    | 17.7500   
7      | 60.8941    | 72.9000    | 12.1465    | 16.1500   
8      | 46.8780    | 48.7500    | 33.5832    | 31.9000   
9      | 45.1757    | 46.3750    | 37.6817    | 34.3250   

PSTEPS = 140, TSTEPS = 30000

TIME TAKEN = 357.72703 ms
Run 5

 HYBRID IMPLEMENTATION 1
--------------------------------------------------------------

Index  | Call Model | Call Actual | Put Model  | Put Actual
--------------------------------------------------------------
0      | 49.1946    | 51.7000    | 29.9947    | 29.6500   
1      | 50.0768    | 53.6500    | 26.5055    | 27.3750   
2      | 51.5191    | 56.4000    | 23.6947    | 25.3500   
3      | 54.5135    | 59.9750    | 20.6929    | 23.2750   
4      | 56.3068    | 63.1750    | 17.9221    | 21.2000   
5      | 57.9638    | 66.3250    | 15.8940    | 19.5250   
6      | 59.5592    | 69.7250    | 13.8766    | 17.7500   
7      | 60.8941    | 72.9000    | 12.1465    | 16.1500   
8      | 47.0183    | 48.7500    | 33.5832    | 31.9000   
9      | 45.1757    | 46.3750    | 37.6817    | 34.3250   

PSTEPS = 140, TSTEPS = 30000

TIME TAKEN = 371.88699 ms
Run 6

 HYBRID IMPLEMENTATION 1
--------------------------------------------------------------

Index  | Call Model | Call Actual | Put Model  | Put Actual
--------------------------------------------------------------
0      | 48.6813    | 51.7000    | 29.9947    | 29.6500   
1      | 50.0826    | 53.6500    | 26.5055    | 27.3750   
2      | 52.2841    | 56.4000    | 23.6947    | 25.3500   
3      | 54.5135    | 59.9750    | 20.6929    | 23.2750   
4      | 56.3068    | 63.1750    | 17.9221    | 21.2000   
5      | 57.9638    | 66.3250    | 15.8940    | 19.5250   
6      | 59.5592    | 69.7250    | 13.8766    | 17.7500   
7      | 60.8941    | 72.9000    | 12.1465    | 16.1500   
8      | 47.0183    | 48.7500    | 33.5832    | 31.9000   
9      | 45.1757    | 46.3750    | 37.6817    | 34.3250   

PSTEPS = 140, TSTEPS = 30000

TIME TAKEN = 346.68941 ms
Run 7

 HYBRID IMPLEMENTATION 1
--------------------------------------------------------------

Index  | Call Model | Call Actual | Put Model  | Put Actual
--------------------------------------------------------------
0      | 48.9103    | 51.7000    | 29.9947    | 29.6500   
1      | 50.3757    | 53.6500    | 26.5055    | 27.3750   
2      | 52.2841    | 56.4000    | 23.6947    | 25.3500   
3      | 54.5135    | 59.9750    | 20.6929    | 23.2750   
4      | 56.3068    | 63.1750    | 17.9221    | 21.2000   
5      | 57.9638    | 66.3250    | 15.8940    | 19.5250   
6      | 59.5592    | 69.7250    | 13.8766    | 17.7500   
7      | 60.6785    | 72.9000    | 12.1465    | 16.1500   
8      | 47.0183    | 48.7500    | 33.5832    | 31.9000   
9      | 45.1757    | 46.3750    | 37.6817    | 34.3250   

PSTEPS = 140, TSTEPS = 30000

TIME TAKEN = 350.67607 ms
Run 8

 HYBRID IMPLEMENTATION 1
--------------------------------------------------------------

Index  | Call Model | Call Actual | Put Model  | Put Actual
--------------------------------------------------------------
0      | 49.0088    | 51.7000    | 29.9947    | 29.6500   
1      | 50.4373    | 53.6500    | 26.5055    | 27.3750   
2      | 52.2661    | 56.4000    | 23.6947    | 25.3500   
3      | 54.5135    | 59.9750    | 20.6929    | 23.2750   
4      | 56.3068    | 63.1750    | 17.9221    | 21.2000   
5      | 57.9638    | 66.3250    | 15.8940    | 19.5250   
6      | 59.5592    | 69.7250    | 13.8766    | 17.7500   
7      | 60.0614    | 72.9000    | 12.1465    | 16.1500   
8      | 47.0183    | 48.7500    | 33.5832    | 31.9000   
9      | 45.1757    | 46.3750    | 37.6817    | 34.3250   

PSTEPS = 140, TSTEPS = 30000

TIME TAKEN = 353.65182 ms
Run 9

 HYBRID IMPLEMENTATION 1
--------------------------------------------------------------

Index  | Call Model | Call Actual | Put Model  | Put Actual
--------------------------------------------------------------
0      | 49.1964    | 51.7000    | 29.9947    | 29.6500   
1      | 50.4373    | 53.6500    | 26.5055    | 27.3750   
2      | 52.2841    | 56.4000    | 23.6947    | 25.3500   
3      | 54.4957    | 59.9750    | 20.6929    | 23.2750   
4      | 56.3068    | 63.1750    | 17.9221    | 21.2000   
5      | 57.9638    | 66.3250    | 15.8940    | 19.5250   
6      | 59.5592    | 69.7250    | 13.8766    | 17.7500   
7      | 60.8941    | 72.9000    | 12.1465    | 16.1500   
8      | 47.0170    | 48.7500    | 33.5832    | 31.9000   
9      | 45.1757    | 46.3750    | 37.6817    | 34.3250   

PSTEPS = 140, TSTEPS = 30000

TIME TAKEN = 354.02503 ms
Run 10

 HYBRID IMPLEMENTATION 1
--------------------------------------------------------------

Index  | Call Model | Call Actual | Put Model  | Put Actual
--------------------------------------------------------------
0      | 49.1964    | 51.7000    | 29.9947    | 29.6500   
1      | 50.4373    | 53.6500    | 26.5055    | 27.3750   
2      | 52.2841    | 56.4000    | 23.6947    | 25.3500   
3      | 54.5135    | 59.9750    | 20.6929    | 23.2750   
4      | 56.3068    | 63.1750    | 17.9221    | 21.2000   
5      | 57.9638    | 66.3250    | 15.8940    | 19.5250   
6      | 59.5592    | 69.7250    | 13.8766    | 17.7500   
7      | 60.8941    | 72.9000    | 12.1465    | 16.1500   
8      | 47.0183    | 48.7500    | 33.5832    | 31.9000   
9      | 45.1757    | 46.3750    | 37.6817    | 34.3250   

PSTEPS = 140, TSTEPS = 30000

TIME TAKEN = 341.27146 ms
