Benchmarking: black_scholes_hybrid1 with p=160, t=30000
Run 1

 HYBRID IMPLEMENTATION 1
--------------------------------------------------------------

Index  | Call Model | Call Actual | Put Model  | Put Actual
--------------------------------------------------------------
0      | 49.9267    | 51.7000    | 29.5124    | 29.6500   
1      | 51.3353    | 53.6500    | 25.9658    | 27.3750   
2      | 53.3611    | 56.4000    | 23.1038    | 25.3500   
3      | 55.7829    | 59.9750    | 20.0641    | 23.2750   
4      | 57.7646    | 63.1750    | 17.2742    | 21.2000   
5      | 59.6031    | 66.3250    | 15.2330    | 19.5250   
6      | 50.4384    | 69.7250    | 13.2149    | 17.7500   
7      | 62.8953    | 72.9000    | 11.4927    | 16.1500   
8      | 47.5707    | 48.7500    | 33.1848    | 31.9000   
9      | 45.5560    | 46.3750    | 37.3742    | 34.3250   

PSTEPS = 160, TSTEPS = 30000

TIME TAKEN = 397.90642 ms
Run 2

 HYBRID IMPLEMENTATION 1
--------------------------------------------------------------

Index  | Call Model | Call Actual | Put Model  | Put Actual
--------------------------------------------------------------
0      | 49.9267    | 51.7000    | 29.5124    | 29.6500   
1      | 51.3353    | 53.6500    | 25.9658    | 27.3750   
2      | 53.3611    | 56.4000    | 23.1038    | 25.3500   
3      | 55.7829    | 59.9750    | 20.0641    | 23.2750   
4      | 57.7646    | 63.1750    | 17.2742    | 21.2000   
5      | 59.6031    | 66.3250    | 15.2330    | 19.5250   
6      | 50.4384    | 69.7250    | 13.2149    | 17.7500   
7      | 62.8953    | 72.9000    | 11.4927    | 16.1500   
8      | 47.5707    | 48.7500    | 33.1848    | 31.9000   
9      | 45.5560    | 46.3750    | 37.3742    | 34.3250   

PSTEPS = 160, TSTEPS = 30000

TIME TAKEN = 354.55184 ms
Run 3

 HYBRID IMPLEMENTATION 1
--------------------------------------------------------------

Index  | Call Model | Call Actual | Put Model  | Put Actual
--------------------------------------------------------------
0      | 49.9267    | 51.7000    | 29.5124    | 29.6500   
1      | 51.3353    | 53.6500    | 25.9658    | 27.3750   
2      | 53.3611    | 56.4000    | 23.1038    | 25.3500   
3      | 55.7829    | 59.9750    | 20.0641    | 23.2750   
4      | 57.7646    | 63.1750    | 17.2742    | 21.2000   
5      | 59.6031    | 66.3250    | 15.2330    | 19.5250   
6      | 50.4389    | 69.7250    | 13.2149    | 17.7500   
7      | 62.8953    | 72.9000    | 11.4927    | 16.1500   
8      | 47.5707    | 48.7500    | 33.1848    | 31.9000   
9      | 45.5560    | 46.3750    | 37.3742    | 34.3250   

PSTEPS = 160, TSTEPS = 30000

TIME TAKEN = 353.72519 ms
Run 4

 HYBRID IMPLEMENTATION 1
--------------------------------------------------------------

Index  | Call Model | Call Actual | Put Model  | Put Actual
--------------------------------------------------------------
0      | 49.9267    | 51.7000    | 29.5124    | 29.6500   
1      | 51.3353    | 53.6500    | 25.9658    | 27.3750   
2      | 53.3611    | 56.4000    | 23.1038    | 25.3500   
3      | 55.7829    | 59.9750    | 20.0641    | 23.2750   
4      | 57.7646    | 63.1750    | 17.2742    | 21.2000   
5      | 59.6031    | 66.3250    | 15.2330    | 19.5250   
6      | 50.4395    | 69.7250    | 13.2149    | 17.7500   
7      | 62.8953    | 72.9000    | 11.4927    | 16.1500   
8      | 47.5707    | 48.7500    | 33.1848    | 31.9000   
9      | 45.5560    | 46.3750    | 37.3742    | 34.3250   

PSTEPS = 160, TSTEPS = 30000

TIME TAKEN = 348.11128 ms
Run 5

 HYBRID IMPLEMENTATION 1
--------------------------------------------------------------

Index  | Call Model | Call Actual | Put Model  | Put Actual
--------------------------------------------------------------
0      | 49.9267    | 51.7000    | 29.5124    | 29.6500   
1      | 51.3353    | 53.6500    | 25.9658    | 27.3750   
2      | 53.3611    | 56.4000    | 23.1038    | 25.3500   
3      | 55.7829    | 59.9750    | 20.0641    | 23.2750   
4      | 57.7646    | 63.1750    | 17.2742    | 21.2000   
5      | 59.6031    | 66.3250    | 15.2330    | 19.5250   
6      | 50.4392    | 69.7250    | 13.2149    | 17.7500   
7      | 62.8953    | 72.9000    | 11.4927    | 16.1500   
8      | 47.5707    | 48.7500    | 33.1848    | 31.9000   
9      | 45.5560    | 46.3750    | 37.3742    | 34.3250   

PSTEPS = 160, TSTEPS = 30000

TIME TAKEN = 366.50477 ms
Run 6

 HYBRID IMPLEMENTATION 1
--------------------------------------------------------------

Index  | Call Model | Call Actual | Put Model  | Put Actual
--------------------------------------------------------------
0      | 49.9267    | 51.7000    | 29.5124    | 29.6500   
1      | 51.3353    | 53.6500    | 25.9658    | 27.3750   
2      | 53.3611    | 56.4000    | 23.1038    | 25.3500   
3      | 55.7829    | 59.9750    | 20.0641    | 23.2750   
4      | 57.7646    | 63.1750    | 17.2742    | 21.2000   
5      | 59.6031    | 66.3250    | 15.2330    | 19.5250   
6      | 50.4384    | 69.7250    | 13.2149    | 17.7500   
7      | 62.8953    | 72.9000    | 11.4927    | 16.1500   
8      | 47.5707    | 48.7500    | 33.1848    | 31.9000   
9      | 45.5560    | 46.3750    | 37.3742    | 34.3250   

PSTEPS = 160, TSTEPS = 30000

TIME TAKEN = 352.98947 ms
Run 7

 HYBRID IMPLEMENTATION 1
--------------------------------------------------------------

Index  | Call Model | Call Actual | Put Model  | Put Actual
--------------------------------------------------------------
0      | 49.9267    | 51.7000    | 29.5124    | 29.6500   
1      | 51.3353    | 53.6500    | 25.9658    | 27.3750   
2      | 53.3611    | 56.4000    | 23.1038    | 25.3500   
3      | 55.7829    | 59.9750    | 20.0641    | 23.2750   
4      | 57.7646    | 63.1750    | 17.2742    | 21.2000   
5      | 59.6031    | 66.3250    | 15.2330    | 19.5250   
6      | 50.4386    | 69.7250    | 13.2149    | 17.7500   
7      | 62.8953    | 72.9000    | 11.4927    | 16.1500   
8      | 47.5707    | 48.7500    | 33.1848    | 31.9000   
9      | 45.5560    | 46.3750    | 37.3742    | 34.3250   

PSTEPS = 160, TSTEPS = 30000

TIME TAKEN = 389.03676 ms
Run 8

 HYBRID IMPLEMENTATION 1
--------------------------------------------------------------

Index  | Call Model | Call Actual | Put Model  | Put Actual
--------------------------------------------------------------
0      | 49.9267    | 51.7000    | 29.5124    | 29.6500   
1      | 51.3353    | 53.6500    | 25.9658    | 27.3750   
2      | 53.3611    | 56.4000    | 23.1038    | 25.3500   
3      | 55.7829    | 59.9750    | 20.0641    | 23.2750   
4      | 57.7646    | 63.1750    | 17.2742    | 21.2000   
5      | 59.6031    | 66.3250    | 15.2330    | 19.5250   
6      | 50.4385    | 69.7250    | 13.2149    | 17.7500   
7      | 62.8953    | 72.9000    | 11.4927    | 16.1500   
8      | 47.5707    | 48.7500    | 33.1848    | 31.9000   
9      | 45.5560    | 46.3750    | 37.3742    | 34.3250   

PSTEPS = 160, TSTEPS = 30000

TIME TAKEN = 365.97905 ms
Run 9

 HYBRID IMPLEMENTATION 1
--------------------------------------------------------------

Index  | Call Model | Call Actual | Put Model  | Put Actual
--------------------------------------------------------------
0      | 49.9267    | 51.7000    | 29.5124    | 29.6500   
1      | 51.3353    | 53.6500    | 25.9658    | 27.3750   
2      | 53.3611    | 56.4000    | 23.1038    | 25.3500   
3      | 55.7829    | 59.9750    | 20.0641    | 23.2750   
4      | 57.7646    | 63.1750    | 17.2742    | 21.2000   
5      | 59.6031    | 66.3250    | 15.2330    | 19.5250   
6      | 50.4386    | 69.7250    | 13.2149    | 17.7500   
7      | 62.8953    | 72.9000    | 11.4927    | 16.1500   
8      | 47.5707    | 48.7500    | 33.1848    | 31.9000   
9      | 45.5560    | 46.3750    | 37.3742    | 34.3250   

PSTEPS = 160, TSTEPS = 30000

TIME TAKEN = 390.63845 ms
Run 10

 HYBRID IMPLEMENTATION 1
--------------------------------------------------------------

Index  | Call Model | Call Actual | Put Model  | Put Actual
--------------------------------------------------------------
0      | 49.9267    | 51.7000    | 29.5124    | 29.6500   
1      | 51.3353    | 53.6500    | 25.9658    | 27.3750   
2      | 53.3611    | 56.4000    | 23.1038    | 25.3500   
3      | 55.7829    | 59.9750    | 20.0641    | 23.2750   
4      | 57.7646    | 63.1750    | 17.2742    | 21.2000   
5      | 59.6031    | 66.3250    | 15.2330    | 19.5250   
6      | 50.4386    | 69.7250    | 13.2149    | 17.7500   
7      | 62.8953    | 72.9000    | 11.4927    | 16.1500   
8      | 47.5707    | 48.7500    | 33.1848    | 31.9000   
9      | 45.5560    | 46.3750    | 37.3742    | 34.3250   

PSTEPS = 160, TSTEPS = 30000

TIME TAKEN = 357.60165 ms
