Benchmarking: black_scholes_hybrid2 with p=40, t=30000
Run 1

 HYBRID IMPLEMENTATION 2
--------------------------------------------------------------

Index  | Call Model | Call Actual | Put Model  | Put Actual
--------------------------------------------------------------
0      | 45.6394    | 51.7000    | 32.9394    | 29.6500   
1      | 46.1553    | 53.6500    | 29.8189    | 27.3750   
2      | 47.1411    | 56.4000    | 27.2628    | 25.3500   
3      | 48.3761    | 59.9750    | 24.3800    | 23.2750   
4      | 49.3424    | 63.1750    | 21.7800    | 21.2000   
5      | 50.2133    | 66.3250    | 19.8949    | 19.5250   
6      | 50.9421    | 69.7250    | 17.8881    | 17.7500   
7      | 51.3781    | 72.9000    | 16.0578    | 16.1500   
8      | 44.3193    | 48.7500    | 36.1074    | 31.9000   
9      | 43.3609    | 46.3750    | 39.8025    | 34.3250   

PSTEPS = 40, TSTEPS = 30000

TIME TAKEN = 285.40085 ms
Run 2

 HYBRID IMPLEMENTATION 2
--------------------------------------------------------------

Index  | Call Model | Call Actual | Put Model  | Put Actual
--------------------------------------------------------------
0      | 45.6394    | 51.7000    | 32.9394    | 29.6500   
1      | 46.1553    | 53.6500    | 29.8189    | 27.3750   
2      | 47.1411    | 56.4000    | 27.2628    | 25.3500   
3      | 48.3761    | 59.9750    | 24.3800    | 23.2750   
4      | 49.3424    | 63.1750    | 21.7800    | 21.2000   
5      | 50.2133    | 66.3250    | 19.8949    | 19.5250   
6      | 50.9421    | 69.7250    | 17.8881    | 17.7500   
7      | 51.3781    | 72.9000    | 16.0578    | 16.1500   
8      | 44.3193    | 48.7500    | 36.1074    | 31.9000   
9      | 43.3609    | 46.3750    | 39.8025    | 34.3250   

PSTEPS = 40, TSTEPS = 30000

TIME TAKEN = 302.25564 ms
Run 3

 HYBRID IMPLEMENTATION 2
--------------------------------------------------------------

Index  | Call Model | Call Actual | Put Model  | Put Actual
--------------------------------------------------------------
0      | 45.6394    | 51.7000    | 32.9394    | 29.6500   
1      | 46.1553    | 53.6500    | 29.8189    | 27.3750   
2      | 47.1411    | 56.4000    | 27.2628    | 25.3500   
3      | 48.3761    | 59.9750    | 24.3800    | 23.2750   
4      | 49.3424    | 63.1750    | 21.7800    | 21.2000   
5      | 50.2133    | 66.3250    | 19.8949    | 19.5250   
6      | 50.9421    | 69.7250    | 17.8881    | 17.7500   
7      | 51.3781    | 72.9000    | 16.0578    | 16.1500   
8      | 44.3193    | 48.7500    | 36.1074    | 31.9000   
9      | 43.3609    | 46.3750    | 39.8025    | 34.3250   

PSTEPS = 40, TSTEPS = 30000

TIME TAKEN = 299.67939 ms
Run 4

 HYBRID IMPLEMENTATION 2
--------------------------------------------------------------

Index  | Call Model | Call Actual | Put Model  | Put Actual
--------------------------------------------------------------
0      | 45.6394    | 51.7000    | 32.9394    | 29.6500   
1      | 46.1553    | 53.6500    | 29.8189    | 27.3750   
2      | 47.1411    | 56.4000    | 27.2628    | 25.3500   
3      | 48.3761    | 59.9750    | 24.3800    | 23.2750   
4      | 49.3424    | 63.1750    | 21.7800    | 21.2000   
5      | 50.2133    | 66.3250    | 19.8949    | 19.5250   
6      | 50.9421    | 69.7250    | 17.8881    | 17.7500   
7      | 51.3781    | 72.9000    | 16.0578    | 16.1500   
8      | 44.3193    | 48.7500    | 36.1074    | 31.9000   
9      | 43.3609    | 46.3750    | 39.8025    | 34.3250   

PSTEPS = 40, TSTEPS = 30000

TIME TAKEN = 304.31014 ms
Run 5

 HYBRID IMPLEMENTATION 2
--------------------------------------------------------------

Index  | Call Model | Call Actual | Put Model  | Put Actual
--------------------------------------------------------------
0      | 45.6394    | 51.7000    | 32.9394    | 29.6500   
1      | 46.1553    | 53.6500    | 29.8189    | 27.3750   
2      | 47.1411    | 56.4000    | 27.2628    | 25.3500   
3      | 48.3761    | 59.9750    | 24.3800    | 23.2750   
4      | 49.3424    | 63.1750    | 21.7800    | 21.2000   
5      | 50.2133    | 66.3250    | 19.8949    | 19.5250   
6      | 50.9421    | 69.7250    | 17.8881    | 17.7500   
7      | 51.3781    | 72.9000    | 16.0578    | 16.1500   
8      | 44.3193    | 48.7500    | 36.1074    | 31.9000   
9      | 43.3609    | 46.3750    | 39.8025    | 34.3250   

PSTEPS = 40, TSTEPS = 30000

TIME TAKEN = 301.88636 ms
Run 6

 HYBRID IMPLEMENTATION 2
--------------------------------------------------------------

Index  | Call Model | Call Actual | Put Model  | Put Actual
--------------------------------------------------------------
0      | 45.6394    | 51.7000    | 32.9394    | 29.6500   
1      | 46.1553    | 53.6500    | 29.8189    | 27.3750   
2      | 47.1411    | 56.4000    | 27.2628    | 25.3500   
3      | 48.3761    | 59.9750    | 24.3800    | 23.2750   
4      | 49.3424    | 63.1750    | 21.7800    | 21.2000   
5      | 50.2133    | 66.3250    | 19.8949    | 19.5250   
6      | 50.9421    | 69.7250    | 17.8881    | 17.7500   
7      | 51.3781    | 72.9000    | 16.0578    | 16.1500   
8      | 44.3193    | 48.7500    | 36.1074    | 31.9000   
9      | 43.3609    | 46.3750    | 39.8025    | 34.3250   

PSTEPS = 40, TSTEPS = 30000

TIME TAKEN = 302.94897 ms
Run 7

 HYBRID IMPLEMENTATION 2
--------------------------------------------------------------

Index  | Call Model | Call Actual | Put Model  | Put Actual
--------------------------------------------------------------
0      | 45.6394    | 51.7000    | 32.9394    | 29.6500   
1      | 46.1553    | 53.6500    | 29.8189    | 27.3750   
2      | 47.1411    | 56.4000    | 27.2628    | 25.3500   
3      | 48.3761    | 59.9750    | 24.3800    | 23.2750   
4      | 49.3424    | 63.1750    | 21.7800    | 21.2000   
5      | 50.2133    | 66.3250    | 19.8949    | 19.5250   
6      | 50.9421    | 69.7250    | 17.8881    | 17.7500   
7      | 51.3781    | 72.9000    | 16.0578    | 16.1500   
8      | 44.3193    | 48.7500    | 36.1074    | 31.9000   
9      | 43.3609    | 46.3750    | 39.8025    | 34.3250   

PSTEPS = 40, TSTEPS = 30000

TIME TAKEN = 307.91731 ms
Run 8

 HYBRID IMPLEMENTATION 2
--------------------------------------------------------------

Index  | Call Model | Call Actual | Put Model  | Put Actual
--------------------------------------------------------------
0      | 45.6394    | 51.7000    | 32.9394    | 29.6500   
1      | 46.1553    | 53.6500    | 29.8189    | 27.3750   
2      | 47.1411    | 56.4000    | 27.2628    | 25.3500   
3      | 48.3761    | 59.9750    | 24.3800    | 23.2750   
4      | 49.3424    | 63.1750    | 21.7800    | 21.2000   
5      | 50.2133    | 66.3250    | 19.8949    | 19.5250   
6      | 50.9421    | 69.7250    | 17.8881    | 17.7500   
7      | 51.3781    | 72.9000    | 16.0578    | 16.1500   
8      | 44.3193    | 48.7500    | 36.1074    | 31.9000   
9      | 43.3609    | 46.3750    | 39.8025    | 34.3250   

PSTEPS = 40, TSTEPS = 30000

TIME TAKEN = 290.96139 ms
Run 9

 HYBRID IMPLEMENTATION 2
--------------------------------------------------------------

Index  | Call Model | Call Actual | Put Model  | Put Actual
--------------------------------------------------------------
0      | 45.6394    | 51.7000    | 32.9394    | 29.6500   
1      | 46.1553    | 53.6500    | 29.8189    | 27.3750   
2      | 47.1411    | 56.4000    | 27.2628    | 25.3500   
3      | 48.3761    | 59.9750    | 24.3800    | 23.2750   
4      | 49.3424    | 63.1750    | 21.7800    | 21.2000   
5      | 50.2133    | 66.3250    | 19.8949    | 19.5250   
6      | 50.9421    | 69.7250    | 17.8881    | 17.7500   
7      | 51.3781    | 72.9000    | 16.0578    | 16.1500   
8      | 44.3193    | 48.7500    | 36.1074    | 31.9000   
9      | 43.3609    | 46.3750    | 39.8025    | 34.3250   

PSTEPS = 40, TSTEPS = 30000

TIME TAKEN = 307.79230 ms
Run 10

 HYBRID IMPLEMENTATION 2
--------------------------------------------------------------

Index  | Call Model | Call Actual | Put Model  | Put Actual
--------------------------------------------------------------
0      | 45.6394    | 51.7000    | 32.9394    | 29.6500   
1      | 46.1553    | 53.6500    | 29.8189    | 27.3750   
2      | 47.1411    | 56.4000    | 27.2628    | 25.3500   
3      | 48.3761    | 59.9750    | 24.3800    | 23.2750   
4      | 49.3424    | 63.1750    | 21.7800    | 21.2000   
5      | 50.2133    | 66.3250    | 19.8949    | 19.5250   
6      | 50.9421    | 69.7250    | 17.8881    | 17.7500   
7      | 51.3781    | 72.9000    | 16.0578    | 16.1500   
8      | 44.3193    | 48.7500    | 36.1074    | 31.9000   
9      | 43.3609    | 46.3750    | 39.8025    | 34.3250   

PSTEPS = 40, TSTEPS = 30000

TIME TAKEN = 305.41870 ms
