Benchmarking: black_scholes_hybrid1 with p=120, t=60000
Run 1

 HYBRID IMPLEMENTATION 1
--------------------------------------------------------------

Index  | Call Model | Call Actual | Put Model  | Put Actual
--------------------------------------------------------------
0      | 48.4925    | 51.7000    | 30.5080    | 29.6500   
1      | 49.5568    | 53.6500    | 27.0657    | 27.3750   
2      | 51.2149    | 56.4000    | 24.2951    | 25.3500   
3      | 53.2624    | 59.9750    | 21.3399    | 23.2750   
4      | 54.8730    | 63.1750    | 18.5922    | 21.2000   
5      | 56.3504    | 66.3250    | 16.5768    | 19.5250   
6      | 57.7605    | 69.7250    | 14.5565    | 17.7500   
7      | 58.9179    | 72.9000    | 12.8160    | 16.1500   
8      | 46.4944    | 48.7500    | 34.0155    | 31.9000   
9      | 44.8093    | 46.3750    | 38.0093    | 34.3250   

PSTEPS = 120, TSTEPS = 60000

TIME TAKEN = 463.15225 ms
Run 2

 HYBRID IMPLEMENTATION 1
--------------------------------------------------------------

Index  | Call Model | Call Actual | Put Model  | Put Actual
--------------------------------------------------------------
0      | 48.4925    | 51.7000    | 30.5080    | 29.6500   
1      | 49.5568    | 53.6500    | 27.0657    | 27.3750   
2      | 51.2149    | 56.4000    | 24.2951    | 25.3500   
3      | 53.2624    | 59.9750    | 21.3399    | 23.2750   
4      | 54.8730    | 63.1750    | 18.5922    | 21.2000   
5      | 56.3504    | 66.3250    | 16.5768    | 19.5250   
6      | 57.7605    | 69.7250    | 14.5565    | 17.7500   
7      | 58.9179    | 72.9000    | 12.8160    | 16.1500   
8      | 46.4944    | 48.7500    | 34.0155    | 31.9000   
9      | 44.8093    | 46.3750    | 38.0093    | 34.3250   

PSTEPS = 120, TSTEPS = 60000

TIME TAKEN = 434.40642 ms
Run 3

 HYBRID IMPLEMENTATION 1
--------------------------------------------------------------

Index  | Call Model | Call Actual | Put Model  | Put Actual
--------------------------------------------------------------
0      | 48.4925    | 51.7000    | 30.5080    | 29.6500   
1      | 49.5568    | 53.6500    | 27.0657    | 27.3750   
2      | 51.2149    | 56.4000    | 24.2951    | 25.3500   
3      | 53.2624    | 59.9750    | 21.3399    | 23.2750   
4      | 54.8730    | 63.1750    | 18.5922    | 21.2000   
5      | 56.3504    | 66.3250    | 16.5768    | 19.5250   
6      | 57.7605    | 69.7250    | 14.5565    | 17.7500   
7      | 58.9179    | 72.9000    | 12.8160    | 16.1500   
8      | 46.4944    | 48.7500    | 34.0155    | 31.9000   
9      | 44.8093    | 46.3750    | 38.0093    | 34.3250   

PSTEPS = 120, TSTEPS = 60000

TIME TAKEN = 479.16889 ms
Run 4

 HYBRID IMPLEMENTATION 1
--------------------------------------------------------------

Index  | Call Model | Call Actual | Put Model  | Put Actual
--------------------------------------------------------------
0      | 48.4925    | 51.7000    | 30.5080    | 29.6500   
1      | 49.5568    | 53.6500    | 27.0657    | 27.3750   
2      | 51.2149    | 56.4000    | 24.2951    | 25.3500   
3      | 53.2624    | 59.9750    | 21.3399    | 23.2750   
4      | 54.8730    | 63.1750    | 18.5922    | 21.2000   
5      | 56.3504    | 66.3250    | 16.5768    | 19.5250   
6      | 57.7605    | 69.7250    | 14.5565    | 17.7500   
7      | 58.9179    | 72.9000    | 12.8160    | 16.1500   
8      | 46.4944    | 48.7500    | 34.0155    | 31.9000   
9      | 44.8093    | 46.3750    | 38.0093    | 34.3250   

PSTEPS = 120, TSTEPS = 60000

TIME TAKEN = 437.72794 ms
Run 5

 HYBRID IMPLEMENTATION 1
--------------------------------------------------------------

Index  | Call Model | Call Actual | Put Model  | Put Actual
--------------------------------------------------------------
0      | 48.4925    | 51.7000    | 30.5080    | 29.6500   
1      | 49.5568    | 53.6500    | 27.0657    | 27.3750   
2      | 51.2149    | 56.4000    | 24.2951    | 25.3500   
3      | 53.2624    | 59.9750    | 21.3399    | 23.2750   
4      | 54.8730    | 63.1750    | 18.5922    | 21.2000   
5      | 56.3504    | 66.3250    | 16.5768    | 19.5250   
6      | 57.7605    | 69.7250    | 14.5565    | 17.7500   
7      | 58.9179    | 72.9000    | 12.8160    | 16.1500   
8      | 46.4944    | 48.7500    | 34.0155    | 31.9000   
9      | 44.8093    | 46.3750    | 38.0093    | 34.3250   

PSTEPS = 120, TSTEPS = 60000

TIME TAKEN = 448.57806 ms
Run 6

 HYBRID IMPLEMENTATION 1
--------------------------------------------------------------

Index  | Call Model | Call Actual | Put Model  | Put Actual
--------------------------------------------------------------
0      | 48.4925    | 51.7000    | 30.5080    | 29.6500   
1      | 49.5568    | 53.6500    | 27.0657    | 27.3750   
2      | 51.2149    | 56.4000    | 24.2951    | 25.3500   
3      | 53.2624    | 59.9750    | 21.3399    | 23.2750   
4      | 54.8730    | 63.1750    | 18.5922    | 21.2000   
5      | 56.3504    | 66.3250    | 16.5768    | 19.5250   
6      | 57.7605    | 69.7250    | 14.5565    | 17.7500   
7      | 58.9179    | 72.9000    | 12.8160    | 16.1500   
8      | 46.4944    | 48.7500    | 34.0155    | 31.9000   
9      | 44.8093    | 46.3750    | 38.0093    | 34.3250   

PSTEPS = 120, TSTEPS = 60000

TIME TAKEN = 449.73370 ms
Run 7

 HYBRID IMPLEMENTATION 1
--------------------------------------------------------------

Index  | Call Model | Call Actual | Put Model  | Put Actual
--------------------------------------------------------------
0      | 48.4925    | 51.7000    | 30.5080    | 29.6500   
1      | 49.5568    | 53.6500    | 27.0657    | 27.3750   
2      | 51.2149    | 56.4000    | 24.2951    | 25.3500   
3      | 53.2624    | 59.9750    | 21.3399    | 23.2750   
4      | 54.8730    | 63.1750    | 18.5922    | 21.2000   
5      | 56.3504    | 66.3250    | 16.5768    | 19.5250   
6      | 57.7605    | 69.7250    | 14.5565    | 17.7500   
7      | 58.9179    | 72.9000    | 12.8160    | 16.1500   
8      | 46.4944    | 48.7500    | 34.0155    | 31.9000   
9      | 44.8093    | 46.3750    | 38.0093    | 34.3250   

PSTEPS = 120, TSTEPS = 60000

TIME TAKEN = 428.09291 ms
Run 8

 HYBRID IMPLEMENTATION 1
--------------------------------------------------------------

Index  | Call Model | Call Actual | Put Model  | Put Actual
--------------------------------------------------------------
0      | 48.4925    | 51.7000    | 30.5080    | 29.6500   
1      | 49.5568    | 53.6500    | 27.0657    | 27.3750   
2      | 51.2149    | 56.4000    | 24.2951    | 25.3500   
3      | 53.2624    | 59.9750    | 21.3399    | 23.2750   
4      | 54.8730    | 63.1750    | 18.5922    | 21.2000   
5      | 56.3504    | 66.3250    | 16.5768    | 19.5250   
6      | 57.7605    | 69.7250    | 14.5565    | 17.7500   
7      | 58.9179    | 72.9000    | 12.8160    | 16.1500   
8      | 46.4944    | 48.7500    | 34.0155    | 31.9000   
9      | 44.8093    | 46.3750    | 38.0093    | 34.3250   

PSTEPS = 120, TSTEPS = 60000

TIME TAKEN = 440.19921 ms
Run 9

 HYBRID IMPLEMENTATION 1
--------------------------------------------------------------

Index  | Call Model | Call Actual | Put Model  | Put Actual
--------------------------------------------------------------
0      | 48.4925    | 51.7000    | 30.5080    | 29.6500   
1      | 49.5568    | 53.6500    | 27.0657    | 27.3750   
2      | 51.2149    | 56.4000    | 24.2951    | 25.3500   
3      | 53.2624    | 59.9750    | 21.3399    | 23.2750   
4      | 54.8730    | 63.1750    | 18.5922    | 21.2000   
5      | 56.3504    | 66.3250    | 16.5768    | 19.5250   
6      | 57.7605    | 69.7250    | 14.5565    | 17.7500   
7      | 58.9179    | 72.9000    | 12.8160    | 16.1500   
8      | 46.4944    | 48.7500    | 34.0155    | 31.9000   
9      | 44.8093    | 46.3750    | 38.0093    | 34.3250   

PSTEPS = 120, TSTEPS = 60000

TIME TAKEN = 444.94588 ms
Run 10

 HYBRID IMPLEMENTATION 1
--------------------------------------------------------------

Index  | Call Model | Call Actual | Put Model  | Put Actual
--------------------------------------------------------------
0      | 48.4925    | 51.7000    | 30.5080    | 29.6500   
1      | 49.5568    | 53.6500    | 27.0657    | 27.3750   
2      | 51.2149    | 56.4000    | 24.2951    | 25.3500   
3      | 53.2624    | 59.9750    | 21.3399    | 23.2750   
4      | 54.8730    | 63.1750    | 18.5922    | 21.2000   
5      | 56.3504    | 66.3250    | 16.5768    | 19.5250   
6      | 57.7605    | 69.7250    | 14.5565    | 17.7500   
7      | 58.9179    | 72.9000    | 12.8160    | 16.1500   
8      | 46.4944    | 48.7500    | 34.0155    | 31.9000   
9      | 44.8093    | 46.3750    | 38.0093    | 34.3250   

PSTEPS = 120, TSTEPS = 60000

TIME TAKEN = 439.26365 ms
