Benchmarking: black_scholes_gpu with p=80, t=20000
Run 1

 GPU ACCELERATED IMPLEMENTATION
--------------------------------------------------------------

Index  | Call Model | Call Actual | Put Model  | Put Actual
--------------------------------------------------------------
0      | 47.0813    | 51.7000    | 31.5713    | 29.6500   
1      | 47.8234    | 53.6500    | 28.2497    | 27.3750   
2      | 49.1528    | 56.4000    | 25.6027    | 25.3500   
3      | 50.8111    | 59.9750    | 22.7100    | 23.2750   
4      | 52.0765    | 63.1750    | 20.0223    | 21.2000   
5      | 53.1941    | 66.3250    | 18.0247    | 19.5250   
6      | 54.2876    | 69.7250    | 16.0452    | 17.7500   
7      | 55.0941    | 72.9000    | 14.2796    | 16.1500   
8      | 45.4294    | 48.7500    | 34.9075    | 31.9000   
9      | 44.0687    | 46.3750    | 38.7045    | 34.3250   

PSTEPS = 80, TSTEPS = 20000

TIME TAKEN = 247.26204 ms
Run 2

 GPU ACCELERATED IMPLEMENTATION
--------------------------------------------------------------

Index  | Call Model | Call Actual | Put Model  | Put Actual
--------------------------------------------------------------
0      | 47.0813    | 51.7000    | 31.5713    | 29.6500   
1      | 47.8234    | 53.6500    | 28.2497    | 27.3750   
2      | 49.1528    | 56.4000    | 25.6027    | 25.3500   
3      | 50.8111    | 59.9750    | 22.7100    | 23.2750   
4      | 52.0765    | 63.1750    | 20.0223    | 21.2000   
5      | 53.1941    | 66.3250    | 18.0247    | 19.5250   
6      | 54.2876    | 69.7250    | 16.0452    | 17.7500   
7      | 55.0941    | 72.9000    | 14.2796    | 16.1500   
8      | 45.4294    | 48.7500    | 34.9075    | 31.9000   
9      | 44.0687    | 46.3750    | 38.7045    | 34.3250   

PSTEPS = 80, TSTEPS = 20000

TIME TAKEN = 254.46890 ms
Run 3

 GPU ACCELERATED IMPLEMENTATION
--------------------------------------------------------------

Index  | Call Model | Call Actual | Put Model  | Put Actual
--------------------------------------------------------------
0      | 47.0813    | 51.7000    | 31.5713    | 29.6500   
1      | 47.8234    | 53.6500    | 28.2497    | 27.3750   
2      | 49.1528    | 56.4000    | 25.6027    | 25.3500   
3      | 50.8111    | 59.9750    | 22.7100    | 23.2750   
4      | 52.0765    | 63.1750    | 20.0223    | 21.2000   
5      | 53.1941    | 66.3250    | 18.0247    | 19.5250   
6      | 54.2876    | 69.7250    | 16.0452    | 17.7500   
7      | 55.0941    | 72.9000    | 14.2796    | 16.1500   
8      | 45.4294    | 48.7500    | 34.9075    | 31.9000   
9      | 44.0687    | 46.3750    | 38.7045    | 34.3250   

PSTEPS = 80, TSTEPS = 20000

TIME TAKEN = 258.52786 ms
Run 4

 GPU ACCELERATED IMPLEMENTATION
--------------------------------------------------------------

Index  | Call Model | Call Actual | Put Model  | Put Actual
--------------------------------------------------------------
0      | 47.0813    | 51.7000    | 31.5713    | 29.6500   
1      | 47.8234    | 53.6500    | 28.2497    | 27.3750   
2      | 49.1528    | 56.4000    | 25.6027    | 25.3500   
3      | 50.8111    | 59.9750    | 22.7100    | 23.2750   
4      | 52.0765    | 63.1750    | 20.0223    | 21.2000   
5      | 53.1941    | 66.3250    | 18.0247    | 19.5250   
6      | 54.2876    | 69.7250    | 16.0452    | 17.7500   
7      | 55.0941    | 72.9000    | 14.2796    | 16.1500   
8      | 45.4294    | 48.7500    | 34.9075    | 31.9000   
9      | 44.0687    | 46.3750    | 38.7045    | 34.3250   

PSTEPS = 80, TSTEPS = 20000

TIME TAKEN = 266.27736 ms
Run 5

 GPU ACCELERATED IMPLEMENTATION
--------------------------------------------------------------

Index  | Call Model | Call Actual | Put Model  | Put Actual
--------------------------------------------------------------
0      | 47.0813    | 51.7000    | 31.5713    | 29.6500   
1      | 47.8234    | 53.6500    | 28.2497    | 27.3750   
2      | 49.1528    | 56.4000    | 25.6027    | 25.3500   
3      | 50.8111    | 59.9750    | 22.7100    | 23.2750   
4      | 52.0765    | 63.1750    | 20.0223    | 21.2000   
5      | 53.1941    | 66.3250    | 18.0247    | 19.5250   
6      | 54.2876    | 69.7250    | 16.0452    | 17.7500   
7      | 55.0941    | 72.9000    | 14.2796    | 16.1500   
8      | 45.4294    | 48.7500    | 34.9075    | 31.9000   
9      | 44.0687    | 46.3750    | 38.7045    | 34.3250   

PSTEPS = 80, TSTEPS = 20000

TIME TAKEN = 255.87936 ms
Run 6

 GPU ACCELERATED IMPLEMENTATION
--------------------------------------------------------------

Index  | Call Model | Call Actual | Put Model  | Put Actual
--------------------------------------------------------------
0      | 47.0813    | 51.7000    | 31.5713    | 29.6500   
1      | 47.8234    | 53.6500    | 28.2497    | 27.3750   
2      | 49.1528    | 56.4000    | 25.6027    | 25.3500   
3      | 50.8111    | 59.9750    | 22.7100    | 23.2750   
4      | 52.0765    | 63.1750    | 20.0223    | 21.2000   
5      | 53.1941    | 66.3250    | 18.0247    | 19.5250   
6      | 54.2876    | 69.7250    | 16.0452    | 17.7500   
7      | 55.0941    | 72.9000    | 14.2796    | 16.1500   
8      | 45.4294    | 48.7500    | 34.9075    | 31.9000   
9      | 44.0687    | 46.3750    | 38.7045    | 34.3250   

PSTEPS = 80, TSTEPS = 20000

TIME TAKEN = 261.59271 ms
Run 7

 GPU ACCELERATED IMPLEMENTATION
--------------------------------------------------------------

Index  | Call Model | Call Actual | Put Model  | Put Actual
--------------------------------------------------------------
0      | 47.0813    | 51.7000    | 31.5713    | 29.6500   
1      | 47.8234    | 53.6500    | 28.2497    | 27.3750   
2      | 49.1528    | 56.4000    | 25.6027    | 25.3500   
3      | 50.8111    | 59.9750    | 22.7100    | 23.2750   
4      | 52.0765    | 63.1750    | 20.0223    | 21.2000   
5      | 53.1941    | 66.3250    | 18.0247    | 19.5250   
6      | 54.2876    | 69.7250    | 16.0452    | 17.7500   
7      | 55.0941    | 72.9000    | 14.2796    | 16.1500   
8      | 45.4294    | 48.7500    | 34.9075    | 31.9000   
9      | 44.0687    | 46.3750    | 38.7045    | 34.3250   

PSTEPS = 80, TSTEPS = 20000

TIME TAKEN = 252.58842 ms
Run 8

 GPU ACCELERATED IMPLEMENTATION
--------------------------------------------------------------

Index  | Call Model | Call Actual | Put Model  | Put Actual
--------------------------------------------------------------
0      | 47.0813    | 51.7000    | 31.5713    | 29.6500   
1      | 47.8234    | 53.6500    | 28.2497    | 27.3750   
2      | 49.1528    | 56.4000    | 25.6027    | 25.3500   
3      | 50.8111    | 59.9750    | 22.7100    | 23.2750   
4      | 52.0765    | 63.1750    | 20.0223    | 21.2000   
5      | 53.1941    | 66.3250    | 18.0247    | 19.5250   
6      | 54.2876    | 69.7250    | 16.0452    | 17.7500   
7      | 55.0941    | 72.9000    | 14.2796    | 16.1500   
8      | 45.4294    | 48.7500    | 34.9075    | 31.9000   
9      | 44.0687    | 46.3750    | 38.7045    | 34.3250   

PSTEPS = 80, TSTEPS = 20000

TIME TAKEN = 290.71967 ms
Run 9

 GPU ACCELERATED IMPLEMENTATION
--------------------------------------------------------------

Index  | Call Model | Call Actual | Put Model  | Put Actual
--------------------------------------------------------------
0      | 47.0813    | 51.7000    | 31.5713    | 29.6500   
1      | 47.8234    | 53.6500    | 28.2497    | 27.3750   
2      | 49.1528    | 56.4000    | 25.6027    | 25.3500   
3      | 50.8111    | 59.9750    | 22.7100    | 23.2750   
4      | 52.0765    | 63.1750    | 20.0223    | 21.2000   
5      | 53.1941    | 66.3250    | 18.0247    | 19.5250   
6      | 54.2876    | 69.7250    | 16.0452    | 17.7500   
7      | 55.0941    | 72.9000    | 14.2796    | 16.1500   
8      | 45.4294    | 48.7500    | 34.9075    | 31.9000   
9      | 44.0687    | 46.3750    | 38.7045    | 34.3250   

PSTEPS = 80, TSTEPS = 20000

TIME TAKEN = 284.35248 ms
Run 10

 GPU ACCELERATED IMPLEMENTATION
--------------------------------------------------------------

Index  | Call Model | Call Actual | Put Model  | Put Actual
--------------------------------------------------------------
0      | 47.0813    | 51.7000    | 31.5713    | 29.6500   
1      | 47.8234    | 53.6500    | 28.2497    | 27.3750   
2      | 49.1528    | 56.4000    | 25.6027    | 25.3500   
3      | 50.8111    | 59.9750    | 22.7100    | 23.2750   
4      | 52.0765    | 63.1750    | 20.0223    | 21.2000   
5      | 53.1941    | 66.3250    | 18.0247    | 19.5250   
6      | 54.2876    | 69.7250    | 16.0452    | 17.7500   
7      | 55.0941    | 72.9000    | 14.2796    | 16.1500   
8      | 45.4294    | 48.7500    | 34.9075    | 31.9000   
9      | 44.0687    | 46.3750    | 38.7045    | 34.3250   

PSTEPS = 80, TSTEPS = 20000

TIME TAKEN = 265.77252 ms
