Benchmarking: black_scholes_hybrid1 with p=40, t=90000
Run 1

 HYBRID IMPLEMENTATION 1
--------------------------------------------------------------

Index  | Call Model | Call Actual | Put Model  | Put Actual
--------------------------------------------------------------
0      | 45.6393    | 51.7000    | 32.9393    | 29.6500   
1      | 46.1552    | 53.6500    | 29.8188    | 27.3750   
2      | 47.1409    | 56.4000    | 27.2627    | 25.3500   
3      | 47.5192    | 59.9750    | 24.3799    | 23.2750   
4      | 48.4803    | 63.1750    | 21.7799    | 21.2000   
5      | 50.2132    | 66.3250    | 19.8947    | 19.5250   
6      | 50.9420    | 69.7250    | 17.8879    | 17.7500   
7      | 51.3780    | 72.9000    | 16.0576    | 16.1500   
8      | 44.3192    | 48.7500    | 36.1073    | 31.9000   
9      | 43.3608    | 46.3750    | 39.8024    | 34.3250   

PSTEPS = 40, TSTEPS = 90000

TIME TAKEN = 430.88135 ms
Run 2

 HYBRID IMPLEMENTATION 1
--------------------------------------------------------------

Index  | Call Model | Call Actual | Put Model  | Put Actual
--------------------------------------------------------------
0      | 45.6393    | 51.7000    | 32.9393    | 29.6500   
1      | 46.1552    | 53.6500    | 29.8188    | 27.3750   
2      | 46.7976    | 56.4000    | 27.2627    | 25.3500   
3      | 48.3760    | 59.9750    | 24.3799    | 23.2750   
4      | 48.0613    | 63.1750    | 21.7799    | 21.2000   
5      | 50.2132    | 66.3250    | 19.8947    | 19.5250   
6      | 50.9420    | 69.7250    | 17.8879    | 17.7500   
7      | 51.3780    | 72.9000    | 16.0576    | 16.1500   
8      | 44.3192    | 48.7500    | 36.1073    | 31.9000   
9      | 43.3608    | 46.3750    | 39.8024    | 34.3250   

PSTEPS = 40, TSTEPS = 90000

TIME TAKEN = 452.96752 ms
Run 3

 HYBRID IMPLEMENTATION 1
--------------------------------------------------------------

Index  | Call Model | Call Actual | Put Model  | Put Actual
--------------------------------------------------------------
0      | 45.6393    | 51.7000    | 32.9393    | 29.6500   
1      | 46.1552    | 53.6500    | 29.8188    | 27.3750   
2      | 47.1409    | 56.4000    | 27.2627    | 25.3500   
3      | 48.3760    | 59.9750    | 24.3799    | 23.2750   
4      | 49.3423    | 63.1750    | 21.7799    | 21.2000   
5      | 50.2132    | 66.3250    | 19.8947    | 19.5250   
6      | 50.9420    | 69.7250    | 17.8879    | 17.7500   
7      | 50.1109    | 72.9000    | 16.0576    | 16.1500   
8      | 44.3192    | 48.7500    | 36.1073    | 31.9000   
9      | 43.3608    | 46.3750    | 39.8024    | 34.3250   

PSTEPS = 40, TSTEPS = 90000

TIME TAKEN = 449.64279 ms
Run 4

 HYBRID IMPLEMENTATION 1
--------------------------------------------------------------

Index  | Call Model | Call Actual | Put Model  | Put Actual
--------------------------------------------------------------
0      | 45.6393    | 51.7000    | 32.9393    | 29.6500   
1      | 46.1552    | 53.6500    | 29.8188    | 27.3750   
2      | 47.1409    | 56.4000    | 27.2627    | 25.3500   
3      | 48.0320    | 59.9750    | 24.3799    | 23.2750   
4      | 47.9102    | 63.1750    | 21.7799    | 21.2000   
5      | 50.2132    | 66.3250    | 19.8947    | 19.5250   
6      | 50.4272    | 69.7250    | 17.8879    | 17.7500   
7      | 51.3780    | 72.9000    | 16.0576    | 16.1500   
8      | 44.3192    | 48.7500    | 36.1073    | 31.9000   
9      | 43.3608    | 46.3750    | 39.8024    | 34.3250   

PSTEPS = 40, TSTEPS = 90000

TIME TAKEN = 453.49981 ms
Run 5

 HYBRID IMPLEMENTATION 1
--------------------------------------------------------------

Index  | Call Model | Call Actual | Put Model  | Put Actual
--------------------------------------------------------------
0      | 45.6393    | 51.7000    | 32.9393    | 29.6500   
1      | 46.1552    | 53.6500    | 29.8188    | 27.3750   
2      | 45.9884    | 56.4000    | 27.2627    | 25.3500   
3      | 48.3760    | 59.9750    | 24.3799    | 23.2750   
4      | 48.4127    | 63.1750    | 21.7799    | 21.2000   
5      | 50.2132    | 66.3250    | 19.8947    | 19.5250   
6      | 50.9420    | 69.7250    | 17.8879    | 17.7500   
7      | 51.3780    | 72.9000    | 16.0576    | 16.1500   
8      | 43.4555    | 48.7500    | 36.1073    | 31.9000   
9      | 43.3608    | 46.3750    | 39.8024    | 34.3250   

PSTEPS = 40, TSTEPS = 90000

TIME TAKEN = 410.61925 ms
Run 6

 HYBRID IMPLEMENTATION 1
--------------------------------------------------------------

Index  | Call Model | Call Actual | Put Model  | Put Actual
--------------------------------------------------------------
0      | 45.6393    | 51.7000    | 32.9393    | 29.6500   
1      | 45.1048    | 53.6500    | 29.8188    | 27.3750   
2      | 46.2023    | 56.4000    | 27.2627    | 25.3500   
3      | 47.7533    | 59.9750    | 24.3799    | 23.2750   
4      | 49.1038    | 63.1750    | 21.7799    | 21.2000   
5      | 50.2132    | 66.3250    | 19.8947    | 19.5250   
6      | 50.9420    | 69.7250    | 17.8879    | 17.7500   
7      | 51.3780    | 72.9000    | 16.0576    | 16.1500   
8      | 43.5134    | 48.7500    | 36.1073    | 31.9000   
9      | 43.3608    | 46.3750    | 39.8024    | 34.3250   

PSTEPS = 40, TSTEPS = 90000

TIME TAKEN = 421.79048 ms
Run 7

 HYBRID IMPLEMENTATION 1
--------------------------------------------------------------

Index  | Call Model | Call Actual | Put Model  | Put Actual
--------------------------------------------------------------
0      | 45.6393    | 51.7000    | 32.9393    | 29.6500   
1      | 46.1552    | 53.6500    | 29.8188    | 27.3750   
2      | 47.1409    | 56.4000    | 27.2627    | 25.3500   
3      | 48.3760    | 59.9750    | 24.3799    | 23.2750   
4      | 49.1352    | 63.1750    | 21.7799    | 21.2000   
5      | 48.6940    | 66.3250    | 19.8947    | 19.5250   
6      | 50.9420    | 69.7250    | 17.8879    | 17.7500   
7      | 50.2169    | 72.9000    | 16.0576    | 16.1500   
8      | 42.9949    | 48.7500    | 36.1073    | 31.9000   
9      | 43.3608    | 46.3750    | 39.8024    | 34.3250   

PSTEPS = 40, TSTEPS = 90000

TIME TAKEN = 437.14618 ms
Run 8

 HYBRID IMPLEMENTATION 1
--------------------------------------------------------------

Index  | Call Model | Call Actual | Put Model  | Put Actual
--------------------------------------------------------------
0      | 45.6393    | 51.7000    | 32.9393    | 29.6500   
1      | 46.1552    | 53.6500    | 29.8188    | 27.3750   
2      | 47.1409    | 56.4000    | 27.2627    | 25.3500   
3      | 48.3760    | 59.9750    | 24.3799    | 23.2750   
4      | 49.3423    | 63.1750    | 21.7799    | 21.2000   
5      | 50.2132    | 66.3250    | 19.8947    | 19.5250   
6      | 50.9420    | 69.7250    | 17.8879    | 17.7500   
7      | 51.3780    | 72.9000    | 16.0576    | 16.1500   
8      | 44.1816    | 48.7500    | 36.1073    | 31.9000   
9      | 43.3608    | 46.3750    | 39.8024    | 34.3250   

PSTEPS = 40, TSTEPS = 90000

TIME TAKEN = 421.24445 ms
Run 9

 HYBRID IMPLEMENTATION 1
--------------------------------------------------------------

Index  | Call Model | Call Actual | Put Model  | Put Actual
--------------------------------------------------------------
0      | 45.6393    | 51.7000    | 32.9393    | 29.6500   
1      | 45.1978    | 53.6500    | 29.8188    | 27.3750   
2      | 46.4308    | 56.4000    | 27.2627    | 25.3500   
3      | 48.3760    | 59.9750    | 24.3799    | 23.2750   
4      | 49.2960    | 63.1750    | 21.7799    | 21.2000   
5      | 50.2132    | 66.3250    | 19.8947    | 19.5250   
6      | 50.9420    | 69.7250    | 17.8879    | 17.7500   
7      | 51.3780    | 72.9000    | 16.0576    | 16.1500   
8      | 43.1750    | 48.7500    | 36.1073    | 31.9000   
9      | 43.3608    | 46.3750    | 39.8024    | 34.3250   

PSTEPS = 40, TSTEPS = 90000

TIME TAKEN = 402.18497 ms
Run 10

 HYBRID IMPLEMENTATION 1
--------------------------------------------------------------

Index  | Call Model | Call Actual | Put Model  | Put Actual
--------------------------------------------------------------
0      | 45.6393    | 51.7000    | 32.9393    | 29.6500   
1      | 46.1552    | 53.6500    | 29.8188    | 27.3750   
2      | 47.1409    | 56.4000    | 27.2627    | 25.3500   
3      | 47.9295    | 59.9750    | 24.3799    | 23.2750   
4      | 48.8791    | 63.1750    | 21.7799    | 21.2000   
5      | 50.2132    | 66.3250    | 19.8947    | 19.5250   
6      | 50.9420    | 69.7250    | 17.8879    | 17.7500   
7      | 51.3780    | 72.9000    | 16.0576    | 16.1500   
8      | 44.3192    | 48.7500    | 36.1073    | 31.9000   
9      | 43.3608    | 46.3750    | 39.8024    | 34.3250   

PSTEPS = 40, TSTEPS = 90000

TIME TAKEN = 392.81001 ms
