Benchmarking: black_scholes_cpu_acc with p=40, t=20000
Run 1

 CPU ACCELERATED IMPLEMENTATION
--------------------------------------------------------------

Index  | Call Model | Call Actual | Put Model  | Put Actual
--------------------------------------------------------------
0      | 45.6395    | 51.7000    | 32.9395    | 29.6500   
1      | 46.1554    | 53.6500    | 29.8190    | 27.3750   
2      | 47.1412    | 56.4000    | 27.2629    | 25.3500   
3      | 48.3762    | 59.9750    | 24.3801    | 23.2750   
4      | 49.3425    | 63.1750    | 21.7801    | 21.2000   
5      | 50.2134    | 66.3250    | 19.8950    | 19.5250   
6      | 50.9421    | 69.7250    | 17.8882    | 17.7500   
7      | 51.3781    | 72.9000    | 16.0579    | 16.1500   
8      | 44.3194    | 48.7500    | 36.1074    | 31.9000   
9      | 43.3610    | 46.3750    | 39.8025    | 34.3250   

PSTEPS = 40, TSTEPS = 20000

TIME TAKEN = 23.33154 ms
Run 2

 CPU ACCELERATED IMPLEMENTATION
--------------------------------------------------------------

Index  | Call Model | Call Actual | Put Model  | Put Actual
--------------------------------------------------------------
0      | 45.6395    | 51.7000    | 32.9395    | 29.6500   
1      | 46.1554    | 53.6500    | 29.8190    | 27.3750   
2      | 47.1412    | 56.4000    | 27.2629    | 25.3500   
3      | 48.3762    | 59.9750    | 24.3801    | 23.2750   
4      | 49.3425    | 63.1750    | 21.7801    | 21.2000   
5      | 50.2134    | 66.3250    | 19.8950    | 19.5250   
6      | 50.9421    | 69.7250    | 17.8882    | 17.7500   
7      | 51.3781    | 72.9000    | 16.0579    | 16.1500   
8      | 44.3194    | 48.7500    | 36.1074    | 31.9000   
9      | 43.3610    | 46.3750    | 39.8025    | 34.3250   

PSTEPS = 40, TSTEPS = 20000

TIME TAKEN = 22.87357 ms
Run 3

 CPU ACCELERATED IMPLEMENTATION
--------------------------------------------------------------

Index  | Call Model | Call Actual | Put Model  | Put Actual
--------------------------------------------------------------
0      | 45.6395    | 51.7000    | 32.9395    | 29.6500   
1      | 46.1554    | 53.6500    | 29.8190    | 27.3750   
2      | 47.1412    | 56.4000    | 27.2629    | 25.3500   
3      | 48.3762    | 59.9750    | 24.3801    | 23.2750   
4      | 49.3425    | 63.1750    | 21.7801    | 21.2000   
5      | 50.2134    | 66.3250    | 19.8950    | 19.5250   
6      | 50.9421    | 69.7250    | 17.8882    | 17.7500   
7      | 51.3781    | 72.9000    | 16.0579    | 16.1500   
8      | 44.3194    | 48.7500    | 36.1074    | 31.9000   
9      | 43.3610    | 46.3750    | 39.8025    | 34.3250   

PSTEPS = 40, TSTEPS = 20000

TIME TAKEN = 22.84900 ms
Run 4

 CPU ACCELERATED IMPLEMENTATION
--------------------------------------------------------------

Index  | Call Model | Call Actual | Put Model  | Put Actual
--------------------------------------------------------------
0      | 45.6395    | 51.7000    | 32.9395    | 29.6500   
1      | 46.1554    | 53.6500    | 29.8190    | 27.3750   
2      | 47.1412    | 56.4000    | 27.2629    | 25.3500   
3      | 48.3762    | 59.9750    | 24.3801    | 23.2750   
4      | 49.3425    | 63.1750    | 21.7801    | 21.2000   
5      | 50.2134    | 66.3250    | 19.8950    | 19.5250   
6      | 50.9421    | 69.7250    | 17.8882    | 17.7500   
7      | 51.3781    | 72.9000    | 16.0579    | 16.1500   
8      | 44.3194    | 48.7500    | 36.1074    | 31.9000   
9      | 43.3610    | 46.3750    | 39.8025    | 34.3250   

PSTEPS = 40, TSTEPS = 20000

TIME TAKEN = 22.84188 ms
Run 5

 CPU ACCELERATED IMPLEMENTATION
--------------------------------------------------------------

Index  | Call Model | Call Actual | Put Model  | Put Actual
--------------------------------------------------------------
0      | 45.6395    | 51.7000    | 32.9395    | 29.6500   
1      | 46.1554    | 53.6500    | 29.8190    | 27.3750   
2      | 47.1412    | 56.4000    | 27.2629    | 25.3500   
3      | 48.3762    | 59.9750    | 24.3801    | 23.2750   
4      | 49.3425    | 63.1750    | 21.7801    | 21.2000   
5      | 50.2134    | 66.3250    | 19.8950    | 19.5250   
6      | 50.9421    | 69.7250    | 17.8882    | 17.7500   
7      | 51.3781    | 72.9000    | 16.0579    | 16.1500   
8      | 44.3194    | 48.7500    | 36.1074    | 31.9000   
9      | 43.3610    | 46.3750    | 39.8025    | 34.3250   

PSTEPS = 40, TSTEPS = 20000

TIME TAKEN = 22.93047 ms
Run 6

 CPU ACCELERATED IMPLEMENTATION
--------------------------------------------------------------

Index  | Call Model | Call Actual | Put Model  | Put Actual
--------------------------------------------------------------
0      | 45.6395    | 51.7000    | 32.9395    | 29.6500   
1      | 46.1554    | 53.6500    | 29.8190    | 27.3750   
2      | 47.1412    | 56.4000    | 27.2629    | 25.3500   
3      | 48.3762    | 59.9750    | 24.3801    | 23.2750   
4      | 49.3425    | 63.1750    | 21.7801    | 21.2000   
5      | 50.2134    | 66.3250    | 19.8950    | 19.5250   
6      | 50.9421    | 69.7250    | 17.8882    | 17.7500   
7      | 51.3781    | 72.9000    | 16.0579    | 16.1500   
8      | 44.3194    | 48.7500    | 36.1074    | 31.9000   
9      | 43.3610    | 46.3750    | 39.8025    | 34.3250   

PSTEPS = 40, TSTEPS = 20000

TIME TAKEN = 22.81272 ms
Run 7

 CPU ACCELERATED IMPLEMENTATION
--------------------------------------------------------------

Index  | Call Model | Call Actual | Put Model  | Put Actual
--------------------------------------------------------------
0      | 45.6395    | 51.7000    | 32.9395    | 29.6500   
1      | 46.1554    | 53.6500    | 29.8190    | 27.3750   
2      | 47.1412    | 56.4000    | 27.2629    | 25.3500   
3      | 48.3762    | 59.9750    | 24.3801    | 23.2750   
4      | 49.3425    | 63.1750    | 21.7801    | 21.2000   
5      | 50.2134    | 66.3250    | 19.8950    | 19.5250   
6      | 50.9421    | 69.7250    | 17.8882    | 17.7500   
7      | 51.3781    | 72.9000    | 16.0579    | 16.1500   
8      | 44.3194    | 48.7500    | 36.1074    | 31.9000   
9      | 43.3610    | 46.3750    | 39.8025    | 34.3250   

PSTEPS = 40, TSTEPS = 20000

TIME TAKEN = 22.72756 ms
Run 8

 CPU ACCELERATED IMPLEMENTATION
--------------------------------------------------------------

Index  | Call Model | Call Actual | Put Model  | Put Actual
--------------------------------------------------------------
0      | 45.6395    | 51.7000    | 32.9395    | 29.6500   
1      | 46.1554    | 53.6500    | 29.8190    | 27.3750   
2      | 47.1412    | 56.4000    | 27.2629    | 25.3500   
3      | 48.3762    | 59.9750    | 24.3801    | 23.2750   
4      | 49.3425    | 63.1750    | 21.7801    | 21.2000   
5      | 50.2134    | 66.3250    | 19.8950    | 19.5250   
6      | 50.9421    | 69.7250    | 17.8882    | 17.7500   
7      | 51.3781    | 72.9000    | 16.0579    | 16.1500   
8      | 44.3194    | 48.7500    | 36.1074    | 31.9000   
9      | 43.3610    | 46.3750    | 39.8025    | 34.3250   

PSTEPS = 40, TSTEPS = 20000

TIME TAKEN = 22.79456 ms
Run 9

 CPU ACCELERATED IMPLEMENTATION
--------------------------------------------------------------

Index  | Call Model | Call Actual | Put Model  | Put Actual
--------------------------------------------------------------
0      | 45.6395    | 51.7000    | 32.9395    | 29.6500   
1      | 46.1554    | 53.6500    | 29.8190    | 27.3750   
2      | 47.1412    | 56.4000    | 27.2629    | 25.3500   
3      | 48.3762    | 59.9750    | 24.3801    | 23.2750   
4      | 49.3425    | 63.1750    | 21.7801    | 21.2000   
5      | 50.2134    | 66.3250    | 19.8950    | 19.5250   
6      | 50.9421    | 69.7250    | 17.8882    | 17.7500   
7      | 51.3781    | 72.9000    | 16.0579    | 16.1500   
8      | 44.3194    | 48.7500    | 36.1074    | 31.9000   
9      | 43.3610    | 46.3750    | 39.8025    | 34.3250   

PSTEPS = 40, TSTEPS = 20000

TIME TAKEN = 22.79513 ms
Run 10

 CPU ACCELERATED IMPLEMENTATION
--------------------------------------------------------------

Index  | Call Model | Call Actual | Put Model  | Put Actual
--------------------------------------------------------------
0      | 45.6395    | 51.7000    | 32.9395    | 29.6500   
1      | 46.1554    | 53.6500    | 29.8190    | 27.3750   
2      | 47.1412    | 56.4000    | 27.2629    | 25.3500   
3      | 48.3762    | 59.9750    | 24.3801    | 23.2750   
4      | 49.3425    | 63.1750    | 21.7801    | 21.2000   
5      | 50.2134    | 66.3250    | 19.8950    | 19.5250   
6      | 50.9421    | 69.7250    | 17.8882    | 17.7500   
7      | 51.3781    | 72.9000    | 16.0579    | 16.1500   
8      | 44.3194    | 48.7500    | 36.1074    | 31.9000   
9      | 43.3610    | 46.3750    | 39.8025    | 34.3250   

PSTEPS = 40, TSTEPS = 20000

TIME TAKEN = 22.84218 ms
