Benchmarking: black_scholes_hybrid2 with p=180, t=20000
Run 1

 HYBRID IMPLEMENTATION 2
--------------------------------------------------------------

Index  | Call Model | Call Actual | Put Model  | Put Actual
--------------------------------------------------------------
0      | 50.6487    | 51.7000    | 29.0232    | 29.6500   
1      | 52.2356    | 53.6500    | 25.4291    | 27.3750   
2      | 54.4496    | 56.4000    | 22.5236    | 25.3500   
3      | 57.0711    | 59.9750    | 19.4518    | 23.2750   
4      | 59.2469    | 63.1750    | 16.6466    | 21.2000   
5      | 61.2730    | 66.3250    | 14.5964    | 19.5250   
6      | 63.2479    | 69.7250    | 12.5865    | 17.7500   
7      | 64.9476    | 72.9000    | 10.8787    | 16.1500   
8      | 48.1108    | 48.7500    | 32.7765    | 31.9000   
9      | 45.9294    | 46.3750    | 37.0629    | 34.3250   

PSTEPS = 180, TSTEPS = 20000

TIME TAKEN = 459.79203 ms
Run 2

 HYBRID IMPLEMENTATION 2
--------------------------------------------------------------

Index  | Call Model | Call Actual | Put Model  | Put Actual
--------------------------------------------------------------
0      | 50.6487    | 51.7000    | 29.0232    | 29.6500   
1      | 52.2356    | 53.6500    | 25.4291    | 27.3750   
2      | 54.4496    | 56.4000    | 22.5236    | 25.3500   
3      | 57.0711    | 59.9750    | 19.4518    | 23.2750   
4      | 59.2469    | 63.1750    | 16.6466    | 21.2000   
5      | 61.2730    | 66.3250    | 14.5964    | 19.5250   
6      | 63.2479    | 69.7250    | 12.5865    | 17.7500   
7      | 64.9476    | 72.9000    | 10.8787    | 16.1500   
8      | 48.1108    | 48.7500    | 32.7765    | 31.9000   
9      | 45.9294    | 46.3750    | 37.0629    | 34.3250   

PSTEPS = 180, TSTEPS = 20000

TIME TAKEN = 451.58012 ms
Run 3

 HYBRID IMPLEMENTATION 2
--------------------------------------------------------------

Index  | Call Model | Call Actual | Put Model  | Put Actual
--------------------------------------------------------------
0      | 50.6487    | 51.7000    | 29.0232    | 29.6500   
1      | 52.2356    | 53.6500    | 25.4291    | 27.3750   
2      | 54.4496    | 56.4000    | 22.5236    | 25.3500   
3      | 57.0711    | 59.9750    | 19.4518    | 23.2750   
4      | 59.2469    | 63.1750    | 16.6466    | 21.2000   
5      | 61.2730    | 66.3250    | 14.5964    | 19.5250   
6      | 63.2479    | 69.7250    | 12.5865    | 17.7500   
7      | 64.9476    | 72.9000    | 10.8787    | 16.1500   
8      | 48.1108    | 48.7500    | 32.7765    | 31.9000   
9      | 45.9294    | 46.3750    | 37.0629    | 34.3250   

PSTEPS = 180, TSTEPS = 20000

TIME TAKEN = 459.75852 ms
Run 4

 HYBRID IMPLEMENTATION 2
--------------------------------------------------------------

Index  | Call Model | Call Actual | Put Model  | Put Actual
--------------------------------------------------------------
0      | 50.6487    | 51.7000    | 29.0232    | 29.6500   
1      | 52.2356    | 53.6500    | 25.4291    | 27.3750   
2      | 54.4496    | 56.4000    | 22.5236    | 25.3500   
3      | 57.0711    | 59.9750    | 19.4518    | 23.2750   
4      | 59.2469    | 63.1750    | 16.6466    | 21.2000   
5      | 61.2730    | 66.3250    | 14.5964    | 19.5250   
6      | 63.2479    | 69.7250    | 12.5865    | 17.7500   
7      | 64.9476    | 72.9000    | 10.8787    | 16.1500   
8      | 48.1108    | 48.7500    | 32.7765    | 31.9000   
9      | 45.9294    | 46.3750    | 37.0629    | 34.3250   

PSTEPS = 180, TSTEPS = 20000

TIME TAKEN = 484.46666 ms
Run 5

 HYBRID IMPLEMENTATION 2
--------------------------------------------------------------

Index  | Call Model | Call Actual | Put Model  | Put Actual
--------------------------------------------------------------
0      | 50.6487    | 51.7000    | 29.0232    | 29.6500   
1      | 52.2356    | 53.6500    | 25.4291    | 27.3750   
2      | 54.4496    | 56.4000    | 22.5236    | 25.3500   
3      | 57.0711    | 59.9750    | 19.4518    | 23.2750   
4      | 59.2469    | 63.1750    | 16.6466    | 21.2000   
5      | 61.2730    | 66.3250    | 14.5964    | 19.5250   
6      | 63.2479    | 69.7250    | 12.5865    | 17.7500   
7      | 64.9476    | 72.9000    | 10.8787    | 16.1500   
8      | 48.1108    | 48.7500    | 32.7765    | 31.9000   
9      | 45.9294    | 46.3750    | 37.0629    | 34.3250   

PSTEPS = 180, TSTEPS = 20000

TIME TAKEN = 473.72841 ms
Run 6

 HYBRID IMPLEMENTATION 2
--------------------------------------------------------------

Index  | Call Model | Call Actual | Put Model  | Put Actual
--------------------------------------------------------------
0      | 50.6487    | 51.7000    | 29.0232    | 29.6500   
1      | 52.2356    | 53.6500    | 25.4291    | 27.3750   
2      | 54.4496    | 56.4000    | 22.5236    | 25.3500   
3      | 57.0711    | 59.9750    | 19.4518    | 23.2750   
4      | 59.2469    | 63.1750    | 16.6466    | 21.2000   
5      | 61.2730    | 66.3250    | 14.5964    | 19.5250   
6      | 63.2479    | 69.7250    | 12.5865    | 17.7500   
7      | 64.9476    | 72.9000    | 10.8787    | 16.1500   
8      | 48.1108    | 48.7500    | 32.7765    | 31.9000   
9      | 45.9294    | 46.3750    | 37.0629    | 34.3250   

PSTEPS = 180, TSTEPS = 20000

TIME TAKEN = 466.23512 ms
Run 7

 HYBRID IMPLEMENTATION 2
--------------------------------------------------------------

Index  | Call Model | Call Actual | Put Model  | Put Actual
--------------------------------------------------------------
0      | 50.6487    | 51.7000    | 29.0232    | 29.6500   
1      | 52.2356    | 53.6500    | 25.4291    | 27.3750   
2      | 54.4496    | 56.4000    | 22.5236    | 25.3500   
3      | 57.0711    | 59.9750    | 19.4518    | 23.2750   
4      | 59.2469    | 63.1750    | 16.6466    | 21.2000   
5      | 61.2730    | 66.3250    | 14.5964    | 19.5250   
6      | 63.2479    | 69.7250    | 12.5865    | 17.7500   
7      | 64.9476    | 72.9000    | 10.8787    | 16.1500   
8      | 48.1108    | 48.7500    | 32.7765    | 31.9000   
9      | 45.9294    | 46.3750    | 37.0629    | 34.3250   

PSTEPS = 180, TSTEPS = 20000

TIME TAKEN = 475.17527 ms
Run 8

 HYBRID IMPLEMENTATION 2
--------------------------------------------------------------

Index  | Call Model | Call Actual | Put Model  | Put Actual
--------------------------------------------------------------
0      | 50.6487    | 51.7000    | 29.0232    | 29.6500   
1      | 52.2356    | 53.6500    | 25.4291    | 27.3750   
2      | 54.4496    | 56.4000    | 22.5236    | 25.3500   
3      | 57.0711    | 59.9750    | 19.4518    | 23.2750   
4      | 59.2469    | 63.1750    | 16.6466    | 21.2000   
5      | 61.2730    | 66.3250    | 14.5964    | 19.5250   
6      | 63.2479    | 69.7250    | 12.5865    | 17.7500   
7      | 64.9476    | 72.9000    | 10.8787    | 16.1500   
8      | 48.1108    | 48.7500    | 32.7765    | 31.9000   
9      | 45.9294    | 46.3750    | 37.0629    | 34.3250   

PSTEPS = 180, TSTEPS = 20000

TIME TAKEN = 465.49903 ms
Run 9

 HYBRID IMPLEMENTATION 2
--------------------------------------------------------------

Index  | Call Model | Call Actual | Put Model  | Put Actual
--------------------------------------------------------------
0      | 50.6487    | 51.7000    | 29.0232    | 29.6500   
1      | 52.2356    | 53.6500    | 25.4291    | 27.3750   
2      | 54.4496    | 56.4000    | 22.5236    | 25.3500   
3      | 57.0711    | 59.9750    | 19.4518    | 23.2750   
4      | 59.2469    | 63.1750    | 16.6466    | 21.2000   
5      | 61.2730    | 66.3250    | 14.5964    | 19.5250   
6      | 63.2479    | 69.7250    | 12.5865    | 17.7500   
7      | 64.9476    | 72.9000    | 10.8787    | 16.1500   
8      | 48.1108    | 48.7500    | 32.7765    | 31.9000   
9      | 45.9294    | 46.3750    | 37.0629    | 34.3250   

PSTEPS = 180, TSTEPS = 20000

TIME TAKEN = 461.41236 ms
Run 10

 HYBRID IMPLEMENTATION 2
--------------------------------------------------------------

Index  | Call Model | Call Actual | Put Model  | Put Actual
--------------------------------------------------------------
0      | 50.6487    | 51.7000    | 29.0232    | 29.6500   
1      | 52.2356    | 53.6500    | 25.4291    | 27.3750   
2      | 54.4496    | 56.4000    | 22.5236    | 25.3500   
3      | 57.0711    | 59.9750    | 19.4518    | 23.2750   
4      | 59.2469    | 63.1750    | 16.6466    | 21.2000   
5      | 61.2730    | 66.3250    | 14.5964    | 19.5250   
6      | 63.2479    | 69.7250    | 12.5865    | 17.7500   
7      | 64.9476    | 72.9000    | 10.8787    | 16.1500   
8      | 48.1108    | 48.7500    | 32.7765    | 31.9000   
9      | 45.9294    | 46.3750    | 37.0629    | 34.3250   

PSTEPS = 180, TSTEPS = 20000

TIME TAKEN = 459.72300 ms
