Benchmarking: black_scholes_gpu with p=120, t=10000
Run 1

 GPU ACCELERATED IMPLEMENTATION
--------------------------------------------------------------

Index  | Call Model | Call Actual | Put Model  | Put Actual
--------------------------------------------------------------
0      | 48.4931    | 51.7000    | 30.5083    | 29.6500   
1      | 49.5573    | 53.6500    | 27.0660    | 27.3750   
2      | 51.2154    | 56.4000    | 24.2955    | 25.3500   
3      | 53.2629    | 59.9750    | 21.3403    | 23.2750   
4      | 54.8735    | 63.1750    | 18.5926    | 21.2000   
5      | 56.3509    | 66.3250    | 16.5772    | 19.5250   
6      | 57.7609    | 69.7250    | 14.5570    | 17.7500   
7      | 58.9182    | 72.9000    | 12.8164    | 16.1500   
8      | 46.4949    | 48.7500    | 34.0158    | 31.9000   
9      | 44.8098    | 46.3750    | 38.0094    | 34.3250   

PSTEPS = 120, TSTEPS = 10000

TIME TAKEN = 264.44209 ms
Run 2

 GPU ACCELERATED IMPLEMENTATION
--------------------------------------------------------------

Index  | Call Model | Call Actual | Put Model  | Put Actual
--------------------------------------------------------------
0      | 48.4931    | 51.7000    | 30.5083    | 29.6500   
1      | 49.5573    | 53.6500    | 27.0660    | 27.3750   
2      | 51.2154    | 56.4000    | 24.2955    | 25.3500   
3      | 53.2629    | 59.9750    | 21.3403    | 23.2750   
4      | 54.8735    | 63.1750    | 18.5926    | 21.2000   
5      | 56.3509    | 66.3250    | 16.5772    | 19.5250   
6      | 57.7609    | 69.7250    | 14.5570    | 17.7500   
7      | 58.9182    | 72.9000    | 12.8164    | 16.1500   
8      | 46.4949    | 48.7500    | 34.0158    | 31.9000   
9      | 44.8098    | 46.3750    | 38.0094    | 34.3250   

PSTEPS = 120, TSTEPS = 10000

TIME TAKEN = 252.52645 ms
Run 3

 GPU ACCELERATED IMPLEMENTATION
--------------------------------------------------------------

Index  | Call Model | Call Actual | Put Model  | Put Actual
--------------------------------------------------------------
0      | 48.4931    | 51.7000    | 30.5083    | 29.6500   
1      | 49.5573    | 53.6500    | 27.0660    | 27.3750   
2      | 51.2154    | 56.4000    | 24.2955    | 25.3500   
3      | 53.2629    | 59.9750    | 21.3403    | 23.2750   
4      | 54.8735    | 63.1750    | 18.5926    | 21.2000   
5      | 56.3509    | 66.3250    | 16.5772    | 19.5250   
6      | 57.7609    | 69.7250    | 14.5570    | 17.7500   
7      | 58.9182    | 72.9000    | 12.8164    | 16.1500   
8      | 46.4949    | 48.7500    | 34.0158    | 31.9000   
9      | 44.8098    | 46.3750    | 38.0094    | 34.3250   

PSTEPS = 120, TSTEPS = 10000

TIME TAKEN = 251.37056 ms
Run 4

 GPU ACCELERATED IMPLEMENTATION
--------------------------------------------------------------

Index  | Call Model | Call Actual | Put Model  | Put Actual
--------------------------------------------------------------
0      | 48.4931    | 51.7000    | 30.5083    | 29.6500   
1      | 49.5573    | 53.6500    | 27.0660    | 27.3750   
2      | 51.2154    | 56.4000    | 24.2955    | 25.3500   
3      | 53.2629    | 59.9750    | 21.3403    | 23.2750   
4      | 54.8735    | 63.1750    | 18.5926    | 21.2000   
5      | 56.3509    | 66.3250    | 16.5772    | 19.5250   
6      | 57.7609    | 69.7250    | 14.5570    | 17.7500   
7      | 58.9182    | 72.9000    | 12.8164    | 16.1500   
8      | 46.4949    | 48.7500    | 34.0158    | 31.9000   
9      | 44.8098    | 46.3750    | 38.0094    | 34.3250   

PSTEPS = 120, TSTEPS = 10000

TIME TAKEN = 240.18631 ms
Run 5

 GPU ACCELERATED IMPLEMENTATION
--------------------------------------------------------------

Index  | Call Model | Call Actual | Put Model  | Put Actual
--------------------------------------------------------------
0      | 48.4931    | 51.7000    | 30.5083    | 29.6500   
1      | 49.5573    | 53.6500    | 27.0660    | 27.3750   
2      | 51.2154    | 56.4000    | 24.2955    | 25.3500   
3      | 53.2629    | 59.9750    | 21.3403    | 23.2750   
4      | 54.8735    | 63.1750    | 18.5926    | 21.2000   
5      | 56.3509    | 66.3250    | 16.5772    | 19.5250   
6      | 57.7609    | 69.7250    | 14.5570    | 17.7500   
7      | 58.9182    | 72.9000    | 12.8164    | 16.1500   
8      | 46.4949    | 48.7500    | 34.0158    | 31.9000   
9      | 44.8098    | 46.3750    | 38.0094    | 34.3250   

PSTEPS = 120, TSTEPS = 10000

TIME TAKEN = 247.32112 ms
Run 6

 GPU ACCELERATED IMPLEMENTATION
--------------------------------------------------------------

Index  | Call Model | Call Actual | Put Model  | Put Actual
--------------------------------------------------------------
0      | 48.4931    | 51.7000    | 30.5083    | 29.6500   
1      | 49.5573    | 53.6500    | 27.0660    | 27.3750   
2      | 51.2154    | 56.4000    | 24.2955    | 25.3500   
3      | 53.2629    | 59.9750    | 21.3403    | 23.2750   
4      | 54.8735    | 63.1750    | 18.5926    | 21.2000   
5      | 56.3509    | 66.3250    | 16.5772    | 19.5250   
6      | 57.7609    | 69.7250    | 14.5570    | 17.7500   
7      | 58.9182    | 72.9000    | 12.8164    | 16.1500   
8      | 46.4949    | 48.7500    | 34.0158    | 31.9000   
9      | 44.8098    | 46.3750    | 38.0094    | 34.3250   

PSTEPS = 120, TSTEPS = 10000

TIME TAKEN = 259.23627 ms
Run 7

 GPU ACCELERATED IMPLEMENTATION
--------------------------------------------------------------

Index  | Call Model | Call Actual | Put Model  | Put Actual
--------------------------------------------------------------
0      | 48.4931    | 51.7000    | 30.5083    | 29.6500   
1      | 49.5573    | 53.6500    | 27.0660    | 27.3750   
2      | 51.2154    | 56.4000    | 24.2955    | 25.3500   
3      | 53.2629    | 59.9750    | 21.3403    | 23.2750   
4      | 54.8735    | 63.1750    | 18.5926    | 21.2000   
5      | 56.3509    | 66.3250    | 16.5772    | 19.5250   
6      | 57.7609    | 69.7250    | 14.5570    | 17.7500   
7      | 58.9182    | 72.9000    | 12.8164    | 16.1500   
8      | 46.4949    | 48.7500    | 34.0158    | 31.9000   
9      | 44.8098    | 46.3750    | 38.0094    | 34.3250   

PSTEPS = 120, TSTEPS = 10000

TIME TAKEN = 263.62407 ms
Run 8

 GPU ACCELERATED IMPLEMENTATION
--------------------------------------------------------------

Index  | Call Model | Call Actual | Put Model  | Put Actual
--------------------------------------------------------------
0      | 48.4931    | 51.7000    | 30.5083    | 29.6500   
1      | 49.5573    | 53.6500    | 27.0660    | 27.3750   
2      | 51.2154    | 56.4000    | 24.2955    | 25.3500   
3      | 53.2629    | 59.9750    | 21.3403    | 23.2750   
4      | 54.8735    | 63.1750    | 18.5926    | 21.2000   
5      | 56.3509    | 66.3250    | 16.5772    | 19.5250   
6      | 57.7609    | 69.7250    | 14.5570    | 17.7500   
7      | 58.9182    | 72.9000    | 12.8164    | 16.1500   
8      | 46.4949    | 48.7500    | 34.0158    | 31.9000   
9      | 44.8098    | 46.3750    | 38.0094    | 34.3250   

PSTEPS = 120, TSTEPS = 10000

TIME TAKEN = 242.54449 ms
Run 9

 GPU ACCELERATED IMPLEMENTATION
--------------------------------------------------------------

Index  | Call Model | Call Actual | Put Model  | Put Actual
--------------------------------------------------------------
0      | 48.4931    | 51.7000    | 30.5083    | 29.6500   
1      | 49.5573    | 53.6500    | 27.0660    | 27.3750   
2      | 51.2154    | 56.4000    | 24.2955    | 25.3500   
3      | 53.2629    | 59.9750    | 21.3403    | 23.2750   
4      | 54.8735    | 63.1750    | 18.5926    | 21.2000   
5      | 56.3509    | 66.3250    | 16.5772    | 19.5250   
6      | 57.7609    | 69.7250    | 14.5570    | 17.7500   
7      | 58.9182    | 72.9000    | 12.8164    | 16.1500   
8      | 46.4949    | 48.7500    | 34.0158    | 31.9000   
9      | 44.8098    | 46.3750    | 38.0094    | 34.3250   

PSTEPS = 120, TSTEPS = 10000

TIME TAKEN = 257.51309 ms
Run 10

 GPU ACCELERATED IMPLEMENTATION
--------------------------------------------------------------

Index  | Call Model | Call Actual | Put Model  | Put Actual
--------------------------------------------------------------
0      | 48.4931    | 51.7000    | 30.5083    | 29.6500   
1      | 49.5573    | 53.6500    | 27.0660    | 27.3750   
2      | 51.2154    | 56.4000    | 24.2955    | 25.3500   
3      | 53.2629    | 59.9750    | 21.3403    | 23.2750   
4      | 54.8735    | 63.1750    | 18.5926    | 21.2000   
5      | 56.3509    | 66.3250    | 16.5772    | 19.5250   
6      | 57.7609    | 69.7250    | 14.5570    | 17.7500   
7      | 58.9182    | 72.9000    | 12.8164    | 16.1500   
8      | 46.4949    | 48.7500    | 34.0158    | 31.9000   
9      | 44.8098    | 46.3750    | 38.0094    | 34.3250   

PSTEPS = 120, TSTEPS = 10000

TIME TAKEN = 243.12139 ms
