Benchmarking: black_scholes_base with p=20, t=100000
Run 1

BASIC IMPLEMENTATION
--------------------------------------------------------------

Index  | Call Model | Call Actual | Put Model  | Put Actual
--------------------------------------------------------------
0      | 45.0874    | 51.7000    | 35.1062    | 29.6500   
1      | 45.2910    | 53.6500    | 31.8381    | 27.3750   
2      | 45.9652    | 56.4000    | 29.1409    | 25.3500   
3      | 46.8975    | 59.9750    | 26.1167    | 23.2750   
4      | 47.7937    | 63.1750    | 23.5894    | 21.2000   
5      | 48.6772    | 66.3250    | 21.8508    | 19.5250   
6      | 49.4042    | 69.7250    | 19.9647    | 17.7500   
7      | 49.8330    | 72.9000    | 18.2345    | 16.1500   
8      | 43.9256    | 48.7500    | 38.2333    | 31.9000   
9      | 42.9439    | 46.3750    | 41.7015    | 34.3250   

PSTEPS = 20, TSTEPS = 100000

TIME TAKEN = 446.61423 ms
Run 2

BASIC IMPLEMENTATION
--------------------------------------------------------------

Index  | Call Model | Call Actual | Put Model  | Put Actual
--------------------------------------------------------------
0      | 45.0874    | 51.7000    | 35.1062    | 29.6500   
1      | 45.2910    | 53.6500    | 31.8381    | 27.3750   
2      | 45.9652    | 56.4000    | 29.1409    | 25.3500   
3      | 46.8975    | 59.9750    | 26.1167    | 23.2750   
4      | 47.7937    | 63.1750    | 23.5894    | 21.2000   
5      | 48.6772    | 66.3250    | 21.8508    | 19.5250   
6      | 49.4042    | 69.7250    | 19.9647    | 17.7500   
7      | 49.8330    | 72.9000    | 18.2345    | 16.1500   
8      | 43.9256    | 48.7500    | 38.2333    | 31.9000   
9      | 42.9439    | 46.3750    | 41.7015    | 34.3250   

PSTEPS = 20, TSTEPS = 100000

TIME TAKEN = 485.06593 ms
Run 3

BASIC IMPLEMENTATION
--------------------------------------------------------------

Index  | Call Model | Call Actual | Put Model  | Put Actual
--------------------------------------------------------------
0      | 45.0874    | 51.7000    | 35.1062    | 29.6500   
1      | 45.2910    | 53.6500    | 31.8381    | 27.3750   
2      | 45.9652    | 56.4000    | 29.1409    | 25.3500   
3      | 46.8975    | 59.9750    | 26.1167    | 23.2750   
4      | 47.7937    | 63.1750    | 23.5894    | 21.2000   
5      | 48.6772    | 66.3250    | 21.8508    | 19.5250   
6      | 49.4042    | 69.7250    | 19.9647    | 17.7500   
7      | 49.8330    | 72.9000    | 18.2345    | 16.1500   
8      | 43.9256    | 48.7500    | 38.2333    | 31.9000   
9      | 42.9439    | 46.3750    | 41.7015    | 34.3250   

PSTEPS = 20, TSTEPS = 100000

TIME TAKEN = 437.34826 ms
Run 4

BASIC IMPLEMENTATION
--------------------------------------------------------------

Index  | Call Model | Call Actual | Put Model  | Put Actual
--------------------------------------------------------------
0      | 45.0874    | 51.7000    | 35.1062    | 29.6500   
1      | 45.2910    | 53.6500    | 31.8381    | 27.3750   
2      | 45.9652    | 56.4000    | 29.1409    | 25.3500   
3      | 46.8975    | 59.9750    | 26.1167    | 23.2750   
4      | 47.7937    | 63.1750    | 23.5894    | 21.2000   
5      | 48.6772    | 66.3250    | 21.8508    | 19.5250   
6      | 49.4042    | 69.7250    | 19.9647    | 17.7500   
7      | 49.8330    | 72.9000    | 18.2345    | 16.1500   
8      | 43.9256    | 48.7500    | 38.2333    | 31.9000   
9      | 42.9439    | 46.3750    | 41.7015    | 34.3250   

PSTEPS = 20, TSTEPS = 100000

TIME TAKEN = 504.84846 ms
Run 5

BASIC IMPLEMENTATION
--------------------------------------------------------------

Index  | Call Model | Call Actual | Put Model  | Put Actual
--------------------------------------------------------------
0      | 45.0874    | 51.7000    | 35.1062    | 29.6500   
1      | 45.2910    | 53.6500    | 31.8381    | 27.3750   
2      | 45.9652    | 56.4000    | 29.1409    | 25.3500   
3      | 46.8975    | 59.9750    | 26.1167    | 23.2750   
4      | 47.7937    | 63.1750    | 23.5894    | 21.2000   
5      | 48.6772    | 66.3250    | 21.8508    | 19.5250   
6      | 49.4042    | 69.7250    | 19.9647    | 17.7500   
7      | 49.8330    | 72.9000    | 18.2345    | 16.1500   
8      | 43.9256    | 48.7500    | 38.2333    | 31.9000   
9      | 42.9439    | 46.3750    | 41.7015    | 34.3250   

PSTEPS = 20, TSTEPS = 100000

TIME TAKEN = 449.94866 ms
Run 6

BASIC IMPLEMENTATION
--------------------------------------------------------------

Index  | Call Model | Call Actual | Put Model  | Put Actual
--------------------------------------------------------------
0      | 45.0874    | 51.7000    | 35.1062    | 29.6500   
1      | 45.2910    | 53.6500    | 31.8381    | 27.3750   
2      | 45.9652    | 56.4000    | 29.1409    | 25.3500   
3      | 46.8975    | 59.9750    | 26.1167    | 23.2750   
4      | 47.7937    | 63.1750    | 23.5894    | 21.2000   
5      | 48.6772    | 66.3250    | 21.8508    | 19.5250   
6      | 49.4042    | 69.7250    | 19.9647    | 17.7500   
7      | 49.8330    | 72.9000    | 18.2345    | 16.1500   
8      | 43.9256    | 48.7500    | 38.2333    | 31.9000   
9      | 42.9439    | 46.3750    | 41.7015    | 34.3250   

PSTEPS = 20, TSTEPS = 100000

TIME TAKEN = 457.69217 ms
Run 7

BASIC IMPLEMENTATION
--------------------------------------------------------------

Index  | Call Model | Call Actual | Put Model  | Put Actual
--------------------------------------------------------------
0      | 45.0874    | 51.7000    | 35.1062    | 29.6500   
1      | 45.2910    | 53.6500    | 31.8381    | 27.3750   
2      | 45.9652    | 56.4000    | 29.1409    | 25.3500   
3      | 46.8975    | 59.9750    | 26.1167    | 23.2750   
4      | 47.7937    | 63.1750    | 23.5894    | 21.2000   
5      | 48.6772    | 66.3250    | 21.8508    | 19.5250   
6      | 49.4042    | 69.7250    | 19.9647    | 17.7500   
7      | 49.8330    | 72.9000    | 18.2345    | 16.1500   
8      | 43.9256    | 48.7500    | 38.2333    | 31.9000   
9      | 42.9439    | 46.3750    | 41.7015    | 34.3250   

PSTEPS = 20, TSTEPS = 100000

TIME TAKEN = 454.44207 ms
Run 8

BASIC IMPLEMENTATION
--------------------------------------------------------------

Index  | Call Model | Call Actual | Put Model  | Put Actual
--------------------------------------------------------------
0      | 45.0874    | 51.7000    | 35.1062    | 29.6500   
1      | 45.2910    | 53.6500    | 31.8381    | 27.3750   
2      | 45.9652    | 56.4000    | 29.1409    | 25.3500   
3      | 46.8975    | 59.9750    | 26.1167    | 23.2750   
4      | 47.7937    | 63.1750    | 23.5894    | 21.2000   
5      | 48.6772    | 66.3250    | 21.8508    | 19.5250   
6      | 49.4042    | 69.7250    | 19.9647    | 17.7500   
7      | 49.8330    | 72.9000    | 18.2345    | 16.1500   
8      | 43.9256    | 48.7500    | 38.2333    | 31.9000   
9      | 42.9439    | 46.3750    | 41.7015    | 34.3250   

PSTEPS = 20, TSTEPS = 100000

TIME TAKEN = 446.83086 ms
Run 9

BASIC IMPLEMENTATION
--------------------------------------------------------------

Index  | Call Model | Call Actual | Put Model  | Put Actual
--------------------------------------------------------------
0      | 45.0874    | 51.7000    | 35.1062    | 29.6500   
1      | 45.2910    | 53.6500    | 31.8381    | 27.3750   
2      | 45.9652    | 56.4000    | 29.1409    | 25.3500   
3      | 46.8975    | 59.9750    | 26.1167    | 23.2750   
4      | 47.7937    | 63.1750    | 23.5894    | 21.2000   
5      | 48.6772    | 66.3250    | 21.8508    | 19.5250   
6      | 49.4042    | 69.7250    | 19.9647    | 17.7500   
7      | 49.8330    | 72.9000    | 18.2345    | 16.1500   
8      | 43.9256    | 48.7500    | 38.2333    | 31.9000   
9      | 42.9439    | 46.3750    | 41.7015    | 34.3250   

PSTEPS = 20, TSTEPS = 100000

TIME TAKEN = 441.10552 ms
Run 10

BASIC IMPLEMENTATION
--------------------------------------------------------------

Index  | Call Model | Call Actual | Put Model  | Put Actual
--------------------------------------------------------------
0      | 45.0874    | 51.7000    | 35.1062    | 29.6500   
1      | 45.2910    | 53.6500    | 31.8381    | 27.3750   
2      | 45.9652    | 56.4000    | 29.1409    | 25.3500   
3      | 46.8975    | 59.9750    | 26.1167    | 23.2750   
4      | 47.7937    | 63.1750    | 23.5894    | 21.2000   
5      | 48.6772    | 66.3250    | 21.8508    | 19.5250   
6      | 49.4042    | 69.7250    | 19.9647    | 17.7500   
7      | 49.8330    | 72.9000    | 18.2345    | 16.1500   
8      | 43.9256    | 48.7500    | 38.2333    | 31.9000   
9      | 42.9439    | 46.3750    | 41.7015    | 34.3250   

PSTEPS = 20, TSTEPS = 100000

TIME TAKEN = 455.87639 ms
