Benchmarking: black_scholes_hybrid1 with p=120, t=30000
Run 1

 HYBRID IMPLEMENTATION 1
--------------------------------------------------------------

Index  | Call Model | Call Actual | Put Model  | Put Actual
--------------------------------------------------------------
0      | 48.4926    | 51.7000    | 30.5081    | 29.6500   
1      | 49.5569    | 53.6500    | 27.0658    | 27.3750   
2      | 51.2150    | 56.4000    | 24.2952    | 25.3500   
3      | 53.2625    | 59.9750    | 21.3400    | 23.2750   
4      | 54.8731    | 63.1750    | 18.5923    | 21.2000   
5      | 56.3505    | 66.3250    | 16.5768    | 19.5250   
6      | 57.7606    | 69.7250    | 14.5566    | 17.7500   
7      | 58.9179    | 72.9000    | 12.8161    | 16.1500   
8      | 46.4945    | 48.7500    | 34.0156    | 31.9000   
9      | 44.8094    | 46.3750    | 38.0093    | 34.3250   

PSTEPS = 120, TSTEPS = 30000

TIME TAKEN = 399.25718 ms
Run 2

 HYBRID IMPLEMENTATION 1
--------------------------------------------------------------

Index  | Call Model | Call Actual | Put Model  | Put Actual
--------------------------------------------------------------
0      | 48.4926    | 51.7000    | 30.5081    | 29.6500   
1      | 49.5569    | 53.6500    | 27.0658    | 27.3750   
2      | 51.2150    | 56.4000    | 24.2952    | 25.3500   
3      | 53.2625    | 59.9750    | 21.3400    | 23.2750   
4      | 54.8731    | 63.1750    | 18.5923    | 21.2000   
5      | 56.3505    | 66.3250    | 16.5768    | 19.5250   
6      | 57.7606    | 69.7250    | 14.5566    | 17.7500   
7      | 58.9179    | 72.9000    | 12.8161    | 16.1500   
8      | 46.4945    | 48.7500    | 34.0156    | 31.9000   
9      | 44.8094    | 46.3750    | 38.0093    | 34.3250   

PSTEPS = 120, TSTEPS = 30000

TIME TAKEN = 355.87070 ms
Run 3

 HYBRID IMPLEMENTATION 1
--------------------------------------------------------------

Index  | Call Model | Call Actual | Put Model  | Put Actual
--------------------------------------------------------------
0      | 48.4926    | 51.7000    | 30.5081    | 29.6500   
1      | 49.5569    | 53.6500    | 27.0658    | 27.3750   
2      | 51.2150    | 56.4000    | 24.2952    | 25.3500   
3      | 53.2625    | 59.9750    | 21.3400    | 23.2750   
4      | 54.8731    | 63.1750    | 18.5923    | 21.2000   
5      | 56.3505    | 66.3250    | 16.5768    | 19.5250   
6      | 57.7606    | 69.7250    | 14.5566    | 17.7500   
7      | 58.9179    | 72.9000    | 12.8161    | 16.1500   
8      | 46.4945    | 48.7500    | 34.0156    | 31.9000   
9      | 44.8094    | 46.3750    | 38.0093    | 34.3250   

PSTEPS = 120, TSTEPS = 30000

TIME TAKEN = 376.86695 ms
Run 4

 HYBRID IMPLEMENTATION 1
--------------------------------------------------------------

Index  | Call Model | Call Actual | Put Model  | Put Actual
--------------------------------------------------------------
0      | 48.4926    | 51.7000    | 30.5081    | 29.6500   
1      | 49.5569    | 53.6500    | 27.0658    | 27.3750   
2      | 51.2150    | 56.4000    | 24.2952    | 25.3500   
3      | 53.2625    | 59.9750    | 21.3400    | 23.2750   
4      | 54.8731    | 63.1750    | 18.5923    | 21.2000   
5      | 56.3505    | 66.3250    | 16.5768    | 19.5250   
6      | 57.7606    | 69.7250    | 14.5566    | 17.7500   
7      | 58.9179    | 72.9000    | 12.8161    | 16.1500   
8      | 46.4945    | 48.7500    | 34.0156    | 31.9000   
9      | 44.8094    | 46.3750    | 38.0093    | 34.3250   

PSTEPS = 120, TSTEPS = 30000

TIME TAKEN = 391.25274 ms
Run 5

 HYBRID IMPLEMENTATION 1
--------------------------------------------------------------

Index  | Call Model | Call Actual | Put Model  | Put Actual
--------------------------------------------------------------
0      | 48.4926    | 51.7000    | 30.5081    | 29.6500   
1      | 49.5569    | 53.6500    | 27.0658    | 27.3750   
2      | 51.2150    | 56.4000    | 24.2952    | 25.3500   
3      | 53.2625    | 59.9750    | 21.3400    | 23.2750   
4      | 54.8731    | 63.1750    | 18.5923    | 21.2000   
5      | 56.3505    | 66.3250    | 16.5768    | 19.5250   
6      | 57.7606    | 69.7250    | 14.5566    | 17.7500   
7      | 58.9179    | 72.9000    | 12.8161    | 16.1500   
8      | 46.4945    | 48.7500    | 34.0156    | 31.9000   
9      | 44.8094    | 46.3750    | 38.0093    | 34.3250   

PSTEPS = 120, TSTEPS = 30000

TIME TAKEN = 391.44444 ms
Run 6

 HYBRID IMPLEMENTATION 1
--------------------------------------------------------------

Index  | Call Model | Call Actual | Put Model  | Put Actual
--------------------------------------------------------------
0      | 48.4926    | 51.7000    | 30.5081    | 29.6500   
1      | 49.5569    | 53.6500    | 27.0658    | 27.3750   
2      | 51.2150    | 56.4000    | 24.2952    | 25.3500   
3      | 53.2625    | 59.9750    | 21.3400    | 23.2750   
4      | 54.8731    | 63.1750    | 18.5923    | 21.2000   
5      | 56.3505    | 66.3250    | 16.5768    | 19.5250   
6      | 57.7606    | 69.7250    | 14.5566    | 17.7500   
7      | 58.9179    | 72.9000    | 12.8161    | 16.1500   
8      | 46.4945    | 48.7500    | 34.0156    | 31.9000   
9      | 44.8094    | 46.3750    | 38.0093    | 34.3250   

PSTEPS = 120, TSTEPS = 30000

TIME TAKEN = 343.15601 ms
Run 7

 HYBRID IMPLEMENTATION 1
--------------------------------------------------------------

Index  | Call Model | Call Actual | Put Model  | Put Actual
--------------------------------------------------------------
0      | 48.4926    | 51.7000    | 30.5081    | 29.6500   
1      | 49.5569    | 53.6500    | 27.0658    | 27.3750   
2      | 51.2150    | 56.4000    | 24.2952    | 25.3500   
3      | 53.2625    | 59.9750    | 21.3400    | 23.2750   
4      | 54.8731    | 63.1750    | 18.5923    | 21.2000   
5      | 56.3505    | 66.3250    | 16.5768    | 19.5250   
6      | 57.7606    | 69.7250    | 14.5566    | 17.7500   
7      | 58.9179    | 72.9000    | 12.8161    | 16.1500   
8      | 46.4945    | 48.7500    | 34.0156    | 31.9000   
9      | 44.8094    | 46.3750    | 38.0093    | 34.3250   

PSTEPS = 120, TSTEPS = 30000

TIME TAKEN = 354.73726 ms
Run 8

 HYBRID IMPLEMENTATION 1
--------------------------------------------------------------

Index  | Call Model | Call Actual | Put Model  | Put Actual
--------------------------------------------------------------
0      | 48.4926    | 51.7000    | 30.5081    | 29.6500   
1      | 49.5569    | 53.6500    | 27.0658    | 27.3750   
2      | 51.2150    | 56.4000    | 24.2952    | 25.3500   
3      | 53.2625    | 59.9750    | 21.3400    | 23.2750   
4      | 54.8731    | 63.1750    | 18.5923    | 21.2000   
5      | 56.3505    | 66.3250    | 16.5768    | 19.5250   
6      | 57.7606    | 69.7250    | 14.5566    | 17.7500   
7      | 58.9179    | 72.9000    | 12.8161    | 16.1500   
8      | 46.4945    | 48.7500    | 34.0156    | 31.9000   
9      | 44.8094    | 46.3750    | 38.0093    | 34.3250   

PSTEPS = 120, TSTEPS = 30000

TIME TAKEN = 347.97265 ms
Run 9

 HYBRID IMPLEMENTATION 1
--------------------------------------------------------------

Index  | Call Model | Call Actual | Put Model  | Put Actual
--------------------------------------------------------------
0      | 48.4926    | 51.7000    | 30.5081    | 29.6500   
1      | 49.5569    | 53.6500    | 27.0658    | 27.3750   
2      | 51.2150    | 56.4000    | 24.2952    | 25.3500   
3      | 53.2625    | 59.9750    | 21.3400    | 23.2750   
4      | 54.8731    | 63.1750    | 18.5923    | 21.2000   
5      | 56.3505    | 66.3250    | 16.5768    | 19.5250   
6      | 57.7606    | 69.7250    | 14.5566    | 17.7500   
7      | 58.9179    | 72.9000    | 12.8161    | 16.1500   
8      | 46.4945    | 48.7500    | 34.0156    | 31.9000   
9      | 44.8094    | 46.3750    | 38.0093    | 34.3250   

PSTEPS = 120, TSTEPS = 30000

TIME TAKEN = 340.98875 ms
Run 10

 HYBRID IMPLEMENTATION 1
--------------------------------------------------------------

Index  | Call Model | Call Actual | Put Model  | Put Actual
--------------------------------------------------------------
0      | 48.4926    | 51.7000    | 30.5081    | 29.6500   
1      | 49.5569    | 53.6500    | 27.0658    | 27.3750   
2      | 51.2150    | 56.4000    | 24.2952    | 25.3500   
3      | 53.2625    | 59.9750    | 21.3400    | 23.2750   
4      | 54.8731    | 63.1750    | 18.5923    | 21.2000   
5      | 56.3505    | 66.3250    | 16.5768    | 19.5250   
6      | 57.7606    | 69.7250    | 14.5566    | 17.7500   
7      | 58.9179    | 72.9000    | 12.8161    | 16.1500   
8      | 46.4945    | 48.7500    | 34.0156    | 31.9000   
9      | 44.8094    | 46.3750    | 38.0093    | 34.3250   

PSTEPS = 120, TSTEPS = 30000

TIME TAKEN = 348.74204 ms
