Benchmarking: black_scholes_hybrid1 with p=100, t=80000
Run 1

 HYBRID IMPLEMENTATION 1
--------------------------------------------------------------

Index  | Call Model | Call Actual | Put Model  | Put Actual
--------------------------------------------------------------
0      | 47.7779    | 51.7000    | 31.0197    | 29.6500   
1      | 48.6943    | 53.6500    | 27.6518    | 27.3750   
2      | 50.1741    | 56.4000    | 24.9302    | 25.3500   
3      | 52.0289    | 59.9750    | 22.0092    | 23.2750   
4      | 53.3431    | 63.1750    | 19.2890    | 21.2000   
5      | 48.0331    | 66.3250    | 17.2807    | 19.5250   
6      | 56.0023    | 69.7250    | 15.2750    | 17.7500   
7      | 57.0033    | 72.9000    | 13.5426    | 16.1500   
8      | 45.9514    | 48.7500    | 34.4393    | 31.9000   
9      | 44.4482    | 46.3750    | 38.3539    | 34.3250   

PSTEPS = 100, TSTEPS = 80000

TIME TAKEN = 516.64333 ms
Run 2

 HYBRID IMPLEMENTATION 1
--------------------------------------------------------------

Index  | Call Model | Call Actual | Put Model  | Put Actual
--------------------------------------------------------------
0      | 47.7779    | 51.7000    | 31.0197    | 29.6500   
1      | 48.6943    | 53.6500    | 27.6518    | 27.3750   
2      | 50.1741    | 56.4000    | 24.9302    | 25.3500   
3      | 52.0289    | 59.9750    | 22.0092    | 23.2750   
4      | 53.4632    | 63.1750    | 19.2890    | 21.2000   
5      | 48.4393    | 66.3250    | 17.2807    | 19.5250   
6      | 56.0023    | 69.7250    | 15.2750    | 17.7500   
7      | 56.2912    | 72.9000    | 13.5426    | 16.1500   
8      | 45.9514    | 48.7500    | 34.4393    | 31.9000   
9      | 44.4484    | 46.3750    | 38.3539    | 34.3250   

PSTEPS = 100, TSTEPS = 80000

TIME TAKEN = 488.43891 ms
Run 3

 HYBRID IMPLEMENTATION 1
--------------------------------------------------------------

Index  | Call Model | Call Actual | Put Model  | Put Actual
--------------------------------------------------------------
0      | 47.7779    | 51.7000    | 31.0197    | 29.6500   
1      | 48.6943    | 53.6500    | 27.6518    | 27.3750   
2      | 50.1741    | 56.4000    | 24.9302    | 25.3500   
3      | 52.0289    | 59.9750    | 22.0092    | 23.2750   
4      | 53.4632    | 63.1750    | 19.2890    | 21.2000   
5      | 54.7577    | 66.3250    | 17.2807    | 19.5250   
6      | 56.0023    | 69.7250    | 15.2750    | 17.7500   
7      | 57.0033    | 72.9000    | 13.5426    | 16.1500   
8      | 45.9514    | 48.7500    | 34.4393    | 31.9000   
9      | 44.4484    | 46.3750    | 38.3539    | 34.3250   

PSTEPS = 100, TSTEPS = 80000

TIME TAKEN = 500.51168 ms
Run 4

 HYBRID IMPLEMENTATION 1
--------------------------------------------------------------

Index  | Call Model | Call Actual | Put Model  | Put Actual
--------------------------------------------------------------
0      | 47.6447    | 51.7000    | 31.0196    | 29.6500   
1      | 48.6943    | 53.6500    | 27.6518    | 27.3750   
2      | 50.1741    | 56.4000    | 24.9302    | 25.3500   
3      | 52.0289    | 59.9750    | 22.0092    | 23.2750   
4      | 53.4632    | 63.1750    | 19.2890    | 21.2000   
5      | 54.7577    | 66.3250    | 17.2807    | 19.5250   
6      | 56.0023    | 69.7250    | 15.2750    | 17.7500   
7      | 57.0033    | 72.9000    | 13.5426    | 16.1500   
8      | 45.9514    | 48.7500    | 34.4393    | 31.9000   
9      | 44.4480    | 46.3750    | 38.3539    | 34.3250   

PSTEPS = 100, TSTEPS = 80000

TIME TAKEN = 509.46074 ms
Run 5

 HYBRID IMPLEMENTATION 1
--------------------------------------------------------------

Index  | Call Model | Call Actual | Put Model  | Put Actual
--------------------------------------------------------------
0      | 47.7779    | 51.7000    | 31.0197    | 29.6500   
1      | 48.6943    | 53.6500    | 27.6518    | 27.3750   
2      | 50.1031    | 56.4000    | 24.9302    | 25.3500   
3      | 52.0289    | 59.9750    | 22.0092    | 23.2750   
4      | 53.4632    | 63.1750    | 19.2890    | 21.2000   
5      | 54.7577    | 66.3250    | 17.2807    | 19.5250   
6      | 56.0023    | 69.7250    | 15.2750    | 17.7500   
7      | 56.8056    | 72.9000    | 13.5426    | 16.1500   
8      | 45.9514    | 48.7500    | 34.4393    | 31.9000   
9      | 44.4484    | 46.3750    | 38.3539    | 34.3250   

PSTEPS = 100, TSTEPS = 80000

TIME TAKEN = 494.07480 ms
Run 6

 HYBRID IMPLEMENTATION 1
--------------------------------------------------------------

Index  | Call Model | Call Actual | Put Model  | Put Actual
--------------------------------------------------------------
0      | 47.7779    | 51.7000    | 31.0197    | 29.6500   
1      | 48.6943    | 53.6500    | 27.6518    | 27.3750   
2      | 50.1741    | 56.4000    | 24.9302    | 25.3500   
3      | 52.0289    | 59.9750    | 22.0092    | 23.2750   
4      | 53.3883    | 63.1750    | 19.2890    | 21.2000   
5      | 54.7577    | 66.3250    | 17.2807    | 19.5250   
6      | 55.7208    | 69.7250    | 15.2750    | 17.7500   
7      | 57.0033    | 72.9000    | 13.5426    | 16.1500   
8      | 45.9514    | 48.7500    | 34.4393    | 31.9000   
9      | 44.4484    | 46.3750    | 38.3539    | 34.3250   

PSTEPS = 100, TSTEPS = 80000

TIME TAKEN = 494.11851 ms
Run 7

 HYBRID IMPLEMENTATION 1
--------------------------------------------------------------

Index  | Call Model | Call Actual | Put Model  | Put Actual
--------------------------------------------------------------
0      | 47.7779    | 51.7000    | 31.0197    | 29.6500   
1      | 48.6943    | 53.6500    | 27.6518    | 27.3750   
2      | 50.1741    | 56.4000    | 24.9302    | 25.3500   
3      | 52.0003    | 59.9750    | 22.0092    | 23.2750   
4      | 53.4632    | 63.1750    | 19.2890    | 21.2000   
5      | 32.9688    | 66.3250    | 16.9213    | 19.5250   
6      | 56.0023    | 69.7250    | 15.2750    | 17.7500   
7      | 57.0033    | 72.9000    | 13.5426    | 16.1500   
8      | 45.9514    | 48.7500    | 34.4393    | 31.9000   
9      | 44.4484    | 46.3750    | 38.3539    | 34.3250   

PSTEPS = 100, TSTEPS = 80000

TIME TAKEN = 505.08072 ms
Run 8

 HYBRID IMPLEMENTATION 1
--------------------------------------------------------------

Index  | Call Model | Call Actual | Put Model  | Put Actual
--------------------------------------------------------------
0      | 47.7779    | 51.7000    | 31.0197    | 29.6500   
1      | 48.6497    | 53.6500    | 27.6518    | 27.3750   
2      | 50.1741    | 56.4000    | 24.9302    | 25.3500   
3      | 52.0289    | 59.9750    | 22.0092    | 23.2750   
4      | 53.4632    | 63.1750    | 19.2890    | 21.2000   
5      | 42.0739    | 66.3250    | 17.0877    | 19.5250   
6      | 55.9572    | 69.7250    | 15.2750    | 17.7500   
7      | 56.9961    | 72.9000    | 13.5426    | 16.1500   
8      | 45.9514    | 48.7500    | 34.4393    | 31.9000   
9      | 44.4484    | 46.3750    | 38.3539    | 34.3250   

PSTEPS = 100, TSTEPS = 80000

TIME TAKEN = 502.62570 ms
Run 9

 HYBRID IMPLEMENTATION 1
--------------------------------------------------------------

Index  | Call Model | Call Actual | Put Model  | Put Actual
--------------------------------------------------------------
0      | 47.7779    | 51.7000    | 31.0197    | 29.6500   
1      | 48.6943    | 53.6500    | 27.6518    | 27.3750   
2      | 50.1741    | 56.4000    | 24.9302    | 25.3500   
3      | 52.0289    | 59.9750    | 22.0092    | 23.2750   
4      | 53.4632    | 63.1750    | 19.2890    | 21.2000   
5      | 54.7577    | 66.3250    | 17.2807    | 19.5250   
6      | 56.0023    | 69.7250    | 15.2750    | 17.7500   
7      | 57.0033    | 72.9000    | 13.5426    | 16.1500   
8      | 45.9514    | 48.7500    | 34.4393    | 31.9000   
9      | 44.4484    | 46.3750    | 38.3539    | 34.3250   

PSTEPS = 100, TSTEPS = 80000

TIME TAKEN = 503.67580 ms
Run 10

 HYBRID IMPLEMENTATION 1
--------------------------------------------------------------

Index  | Call Model | Call Actual | Put Model  | Put Actual
--------------------------------------------------------------
0      | 47.7779    | 51.7000    | 31.0197    | 29.6500   
1      | 48.6943    | 53.6500    | 27.6518    | 27.3750   
2      | 50.1741    | 56.4000    | 24.9302    | 25.3500   
3      | 52.0289    | 59.9750    | 22.0092    | 23.2750   
4      | 53.3948    | 63.1750    | 19.2890    | 21.2000   
5      | 49.9356    | 66.3250    | 17.2639    | 19.5250   
6      | 55.9391    | 69.7250    | 15.2750    | 17.7500   
7      | 57.0033    | 72.9000    | 13.5426    | 16.1500   
8      | 45.9409    | 48.7500    | 34.4393    | 31.9000   
9      | 44.4476    | 46.3750    | 38.3539    | 34.3250   

PSTEPS = 100, TSTEPS = 80000

TIME TAKEN = 555.57432 ms
