Benchmarking: black_scholes_cpu_acc with p=40, t=10000
Run 1

 CPU ACCELERATED IMPLEMENTATION
--------------------------------------------------------------

Index  | Call Model | Call Actual | Put Model  | Put Actual
--------------------------------------------------------------
0      | 45.6398    | 51.7000    | 32.9397    | 29.6500   
1      | 46.1557    | 53.6500    | 29.8192    | 27.3750   
2      | 47.1414    | 56.4000    | 27.2632    | 25.3500   
3      | 48.3765    | 59.9750    | 24.3804    | 23.2750   
4      | 49.3427    | 63.1750    | 21.7805    | 21.2000   
5      | 50.2136    | 66.3250    | 19.8954    | 19.5250   
6      | 50.9423    | 69.7250    | 17.8886    | 17.7500   
7      | 51.3782    | 72.9000    | 16.0582    | 16.1500   
8      | 44.3197    | 48.7500    | 36.1076    | 31.9000   
9      | 43.3613    | 46.3750    | 39.8027    | 34.3250   

PSTEPS = 40, TSTEPS = 10000

TIME TAKEN = 12.02437 ms
Run 2

 CPU ACCELERATED IMPLEMENTATION
--------------------------------------------------------------

Index  | Call Model | Call Actual | Put Model  | Put Actual
--------------------------------------------------------------
0      | 45.6398    | 51.7000    | 32.9397    | 29.6500   
1      | 46.1557    | 53.6500    | 29.8192    | 27.3750   
2      | 47.1414    | 56.4000    | 27.2632    | 25.3500   
3      | 48.3765    | 59.9750    | 24.3804    | 23.2750   
4      | 49.3427    | 63.1750    | 21.7805    | 21.2000   
5      | 50.2136    | 66.3250    | 19.8954    | 19.5250   
6      | 50.9423    | 69.7250    | 17.8886    | 17.7500   
7      | 51.3782    | 72.9000    | 16.0582    | 16.1500   
8      | 44.3197    | 48.7500    | 36.1076    | 31.9000   
9      | 43.3613    | 46.3750    | 39.8027    | 34.3250   

PSTEPS = 40, TSTEPS = 10000

TIME TAKEN = 12.26376 ms
Run 3

 CPU ACCELERATED IMPLEMENTATION
--------------------------------------------------------------

Index  | Call Model | Call Actual | Put Model  | Put Actual
--------------------------------------------------------------
0      | 45.6398    | 51.7000    | 32.9397    | 29.6500   
1      | 46.1557    | 53.6500    | 29.8192    | 27.3750   
2      | 47.1414    | 56.4000    | 27.2632    | 25.3500   
3      | 48.3765    | 59.9750    | 24.3804    | 23.2750   
4      | 49.3427    | 63.1750    | 21.7805    | 21.2000   
5      | 50.2136    | 66.3250    | 19.8954    | 19.5250   
6      | 50.9423    | 69.7250    | 17.8886    | 17.7500   
7      | 51.3782    | 72.9000    | 16.0582    | 16.1500   
8      | 44.3197    | 48.7500    | 36.1076    | 31.9000   
9      | 43.3613    | 46.3750    | 39.8027    | 34.3250   

PSTEPS = 40, TSTEPS = 10000

TIME TAKEN = 12.00405 ms
Run 4

 CPU ACCELERATED IMPLEMENTATION
--------------------------------------------------------------

Index  | Call Model | Call Actual | Put Model  | Put Actual
--------------------------------------------------------------
0      | 45.6398    | 51.7000    | 32.9397    | 29.6500   
1      | 46.1557    | 53.6500    | 29.8192    | 27.3750   
2      | 47.1414    | 56.4000    | 27.2632    | 25.3500   
3      | 48.3765    | 59.9750    | 24.3804    | 23.2750   
4      | 49.3427    | 63.1750    | 21.7805    | 21.2000   
5      | 50.2136    | 66.3250    | 19.8954    | 19.5250   
6      | 50.9423    | 69.7250    | 17.8886    | 17.7500   
7      | 51.3782    | 72.9000    | 16.0582    | 16.1500   
8      | 44.3197    | 48.7500    | 36.1076    | 31.9000   
9      | 43.3613    | 46.3750    | 39.8027    | 34.3250   

PSTEPS = 40, TSTEPS = 10000

TIME TAKEN = 11.94585 ms
Run 5

 CPU ACCELERATED IMPLEMENTATION
--------------------------------------------------------------

Index  | Call Model | Call Actual | Put Model  | Put Actual
--------------------------------------------------------------
0      | 45.6398    | 51.7000    | 32.9397    | 29.6500   
1      | 46.1557    | 53.6500    | 29.8192    | 27.3750   
2      | 47.1414    | 56.4000    | 27.2632    | 25.3500   
3      | 48.3765    | 59.9750    | 24.3804    | 23.2750   
4      | 49.3427    | 63.1750    | 21.7805    | 21.2000   
5      | 50.2136    | 66.3250    | 19.8954    | 19.5250   
6      | 50.9423    | 69.7250    | 17.8886    | 17.7500   
7      | 51.3782    | 72.9000    | 16.0582    | 16.1500   
8      | 44.3197    | 48.7500    | 36.1076    | 31.9000   
9      | 43.3613    | 46.3750    | 39.8027    | 34.3250   

PSTEPS = 40, TSTEPS = 10000

TIME TAKEN = 12.05390 ms
Run 6

 CPU ACCELERATED IMPLEMENTATION
--------------------------------------------------------------

Index  | Call Model | Call Actual | Put Model  | Put Actual
--------------------------------------------------------------
0      | 45.6398    | 51.7000    | 32.9397    | 29.6500   
1      | 46.1557    | 53.6500    | 29.8192    | 27.3750   
2      | 47.1414    | 56.4000    | 27.2632    | 25.3500   
3      | 48.3765    | 59.9750    | 24.3804    | 23.2750   
4      | 49.3427    | 63.1750    | 21.7805    | 21.2000   
5      | 50.2136    | 66.3250    | 19.8954    | 19.5250   
6      | 50.9423    | 69.7250    | 17.8886    | 17.7500   
7      | 51.3782    | 72.9000    | 16.0582    | 16.1500   
8      | 44.3197    | 48.7500    | 36.1076    | 31.9000   
9      | 43.3613    | 46.3750    | 39.8027    | 34.3250   

PSTEPS = 40, TSTEPS = 10000

TIME TAKEN = 12.23669 ms
Run 7

 CPU ACCELERATED IMPLEMENTATION
--------------------------------------------------------------

Index  | Call Model | Call Actual | Put Model  | Put Actual
--------------------------------------------------------------
0      | 45.6398    | 51.7000    | 32.9397    | 29.6500   
1      | 46.1557    | 53.6500    | 29.8192    | 27.3750   
2      | 47.1414    | 56.4000    | 27.2632    | 25.3500   
3      | 48.3765    | 59.9750    | 24.3804    | 23.2750   
4      | 49.3427    | 63.1750    | 21.7805    | 21.2000   
5      | 50.2136    | 66.3250    | 19.8954    | 19.5250   
6      | 50.9423    | 69.7250    | 17.8886    | 17.7500   
7      | 51.3782    | 72.9000    | 16.0582    | 16.1500   
8      | 44.3197    | 48.7500    | 36.1076    | 31.9000   
9      | 43.3613    | 46.3750    | 39.8027    | 34.3250   

PSTEPS = 40, TSTEPS = 10000

TIME TAKEN = 12.02269 ms
Run 8

 CPU ACCELERATED IMPLEMENTATION
--------------------------------------------------------------

Index  | Call Model | Call Actual | Put Model  | Put Actual
--------------------------------------------------------------
0      | 45.6398    | 51.7000    | 32.9397    | 29.6500   
1      | 46.1557    | 53.6500    | 29.8192    | 27.3750   
2      | 47.1414    | 56.4000    | 27.2632    | 25.3500   
3      | 48.3765    | 59.9750    | 24.3804    | 23.2750   
4      | 49.3427    | 63.1750    | 21.7805    | 21.2000   
5      | 50.2136    | 66.3250    | 19.8954    | 19.5250   
6      | 50.9423    | 69.7250    | 17.8886    | 17.7500   
7      | 51.3782    | 72.9000    | 16.0582    | 16.1500   
8      | 44.3197    | 48.7500    | 36.1076    | 31.9000   
9      | 43.3613    | 46.3750    | 39.8027    | 34.3250   

PSTEPS = 40, TSTEPS = 10000

TIME TAKEN = 11.96879 ms
Run 9

 CPU ACCELERATED IMPLEMENTATION
--------------------------------------------------------------

Index  | Call Model | Call Actual | Put Model  | Put Actual
--------------------------------------------------------------
0      | 45.6398    | 51.7000    | 32.9397    | 29.6500   
1      | 46.1557    | 53.6500    | 29.8192    | 27.3750   
2      | 47.1414    | 56.4000    | 27.2632    | 25.3500   
3      | 48.3765    | 59.9750    | 24.3804    | 23.2750   
4      | 49.3427    | 63.1750    | 21.7805    | 21.2000   
5      | 50.2136    | 66.3250    | 19.8954    | 19.5250   
6      | 50.9423    | 69.7250    | 17.8886    | 17.7500   
7      | 51.3782    | 72.9000    | 16.0582    | 16.1500   
8      | 44.3197    | 48.7500    | 36.1076    | 31.9000   
9      | 43.3613    | 46.3750    | 39.8027    | 34.3250   

PSTEPS = 40, TSTEPS = 10000

TIME TAKEN = 12.44583 ms
Run 10

 CPU ACCELERATED IMPLEMENTATION
--------------------------------------------------------------

Index  | Call Model | Call Actual | Put Model  | Put Actual
--------------------------------------------------------------
0      | 45.6398    | 51.7000    | 32.9397    | 29.6500   
1      | 46.1557    | 53.6500    | 29.8192    | 27.3750   
2      | 47.1414    | 56.4000    | 27.2632    | 25.3500   
3      | 48.3765    | 59.9750    | 24.3804    | 23.2750   
4      | 49.3427    | 63.1750    | 21.7805    | 21.2000   
5      | 50.2136    | 66.3250    | 19.8954    | 19.5250   
6      | 50.9423    | 69.7250    | 17.8886    | 17.7500   
7      | 51.3782    | 72.9000    | 16.0582    | 16.1500   
8      | 44.3197    | 48.7500    | 36.1076    | 31.9000   
9      | 43.3613    | 46.3750    | 39.8027    | 34.3250   

PSTEPS = 40, TSTEPS = 10000

TIME TAKEN = 11.89655 ms
