Benchmarking: black_scholes_cpu_acc with p=140, t=30000
Run 1

 CPU ACCELERATED IMPLEMENTATION
--------------------------------------------------------------

Index  | Call Model | Call Actual | Put Model  | Put Actual
--------------------------------------------------------------
0      | 49.1964    | 51.7000    | 29.9947    | 29.6500   
1      | 50.4373    | 53.6500    | 26.5055    | 27.3750   
2      | 52.2841    | 56.4000    | 23.6947    | 25.3500   
3      | 54.5135    | 59.9750    | 20.6929    | 23.2750   
4      | 56.3068    | 63.1750    | 17.9221    | 21.2000   
5      | 57.9638    | 66.3250    | 15.8940    | 19.5250   
6      | 59.5592    | 69.7250    | 13.8766    | 17.7500   
7      | 60.8941    | 72.9000    | 12.1465    | 16.1500   
8      | 47.0183    | 48.7500    | 33.5832    | 31.9000   
9      | 45.1757    | 46.3750    | 37.6817    | 34.3250   

PSTEPS = 140, TSTEPS = 30000

TIME TAKEN = 110.18695 ms
Run 2

 CPU ACCELERATED IMPLEMENTATION
--------------------------------------------------------------

Index  | Call Model | Call Actual | Put Model  | Put Actual
--------------------------------------------------------------
0      | 49.1964    | 51.7000    | 29.9947    | 29.6500   
1      | 50.4373    | 53.6500    | 26.5055    | 27.3750   
2      | 52.2841    | 56.4000    | 23.6947    | 25.3500   
3      | 54.5135    | 59.9750    | 20.6929    | 23.2750   
4      | 56.3068    | 63.1750    | 17.9221    | 21.2000   
5      | 57.9638    | 66.3250    | 15.8940    | 19.5250   
6      | 59.5592    | 69.7250    | 13.8766    | 17.7500   
7      | 60.8941    | 72.9000    | 12.1465    | 16.1500   
8      | 47.0183    | 48.7500    | 33.5832    | 31.9000   
9      | 45.1757    | 46.3750    | 37.6817    | 34.3250   

PSTEPS = 140, TSTEPS = 30000

TIME TAKEN = 109.10980 ms
Run 3

 CPU ACCELERATED IMPLEMENTATION
--------------------------------------------------------------

Index  | Call Model | Call Actual | Put Model  | Put Actual
--------------------------------------------------------------
0      | 49.1964    | 51.7000    | 29.9947    | 29.6500   
1      | 50.4373    | 53.6500    | 26.5055    | 27.3750   
2      | 52.2841    | 56.4000    | 23.6947    | 25.3500   
3      | 54.5135    | 59.9750    | 20.6929    | 23.2750   
4      | 56.3068    | 63.1750    | 17.9221    | 21.2000   
5      | 57.9638    | 66.3250    | 15.8940    | 19.5250   
6      | 59.5592    | 69.7250    | 13.8766    | 17.7500   
7      | 60.8941    | 72.9000    | 12.1465    | 16.1500   
8      | 47.0183    | 48.7500    | 33.5832    | 31.9000   
9      | 45.1757    | 46.3750    | 37.6817    | 34.3250   

PSTEPS = 140, TSTEPS = 30000

TIME TAKEN = 109.10618 ms
Run 4

 CPU ACCELERATED IMPLEMENTATION
--------------------------------------------------------------

Index  | Call Model | Call Actual | Put Model  | Put Actual
--------------------------------------------------------------
0      | 49.1964    | 51.7000    | 29.9947    | 29.6500   
1      | 50.4373    | 53.6500    | 26.5055    | 27.3750   
2      | 52.2841    | 56.4000    | 23.6947    | 25.3500   
3      | 54.5135    | 59.9750    | 20.6929    | 23.2750   
4      | 56.3068    | 63.1750    | 17.9221    | 21.2000   
5      | 57.9638    | 66.3250    | 15.8940    | 19.5250   
6      | 59.5592    | 69.7250    | 13.8766    | 17.7500   
7      | 60.8941    | 72.9000    | 12.1465    | 16.1500   
8      | 47.0183    | 48.7500    | 33.5832    | 31.9000   
9      | 45.1757    | 46.3750    | 37.6817    | 34.3250   

PSTEPS = 140, TSTEPS = 30000

TIME TAKEN = 108.79098 ms
Run 5

 CPU ACCELERATED IMPLEMENTATION
--------------------------------------------------------------

Index  | Call Model | Call Actual | Put Model  | Put Actual
--------------------------------------------------------------
0      | 49.1964    | 51.7000    | 29.9947    | 29.6500   
1      | 50.4373    | 53.6500    | 26.5055    | 27.3750   
2      | 52.2841    | 56.4000    | 23.6947    | 25.3500   
3      | 54.5135    | 59.9750    | 20.6929    | 23.2750   
4      | 56.3068    | 63.1750    | 17.9221    | 21.2000   
5      | 57.9638    | 66.3250    | 15.8940    | 19.5250   
6      | 59.5592    | 69.7250    | 13.8766    | 17.7500   
7      | 60.8941    | 72.9000    | 12.1465    | 16.1500   
8      | 47.0183    | 48.7500    | 33.5832    | 31.9000   
9      | 45.1757    | 46.3750    | 37.6817    | 34.3250   

PSTEPS = 140, TSTEPS = 30000

TIME TAKEN = 108.91113 ms
Run 6

 CPU ACCELERATED IMPLEMENTATION
--------------------------------------------------------------

Index  | Call Model | Call Actual | Put Model  | Put Actual
--------------------------------------------------------------
0      | 49.1964    | 51.7000    | 29.9947    | 29.6500   
1      | 50.4373    | 53.6500    | 26.5055    | 27.3750   
2      | 52.2841    | 56.4000    | 23.6947    | 25.3500   
3      | 54.5135    | 59.9750    | 20.6929    | 23.2750   
4      | 56.3068    | 63.1750    | 17.9221    | 21.2000   
5      | 57.9638    | 66.3250    | 15.8940    | 19.5250   
6      | 59.5592    | 69.7250    | 13.8766    | 17.7500   
7      | 60.8941    | 72.9000    | 12.1465    | 16.1500   
8      | 47.0183    | 48.7500    | 33.5832    | 31.9000   
9      | 45.1757    | 46.3750    | 37.6817    | 34.3250   

PSTEPS = 140, TSTEPS = 30000

TIME TAKEN = 108.79433 ms
Run 7

 CPU ACCELERATED IMPLEMENTATION
--------------------------------------------------------------

Index  | Call Model | Call Actual | Put Model  | Put Actual
--------------------------------------------------------------
0      | 49.1964    | 51.7000    | 29.9947    | 29.6500   
1      | 50.4373    | 53.6500    | 26.5055    | 27.3750   
2      | 52.2841    | 56.4000    | 23.6947    | 25.3500   
3      | 54.5135    | 59.9750    | 20.6929    | 23.2750   
4      | 56.3068    | 63.1750    | 17.9221    | 21.2000   
5      | 57.9638    | 66.3250    | 15.8940    | 19.5250   
6      | 59.5592    | 69.7250    | 13.8766    | 17.7500   
7      | 60.8941    | 72.9000    | 12.1465    | 16.1500   
8      | 47.0183    | 48.7500    | 33.5832    | 31.9000   
9      | 45.1757    | 46.3750    | 37.6817    | 34.3250   

PSTEPS = 140, TSTEPS = 30000

TIME TAKEN = 109.23712 ms
Run 8

 CPU ACCELERATED IMPLEMENTATION
--------------------------------------------------------------

Index  | Call Model | Call Actual | Put Model  | Put Actual
--------------------------------------------------------------
0      | 49.1964    | 51.7000    | 29.9947    | 29.6500   
1      | 50.4373    | 53.6500    | 26.5055    | 27.3750   
2      | 52.2841    | 56.4000    | 23.6947    | 25.3500   
3      | 54.5135    | 59.9750    | 20.6929    | 23.2750   
4      | 56.3068    | 63.1750    | 17.9221    | 21.2000   
5      | 57.9638    | 66.3250    | 15.8940    | 19.5250   
6      | 59.5592    | 69.7250    | 13.8766    | 17.7500   
7      | 60.8941    | 72.9000    | 12.1465    | 16.1500   
8      | 47.0183    | 48.7500    | 33.5832    | 31.9000   
9      | 45.1757    | 46.3750    | 37.6817    | 34.3250   

PSTEPS = 140, TSTEPS = 30000

TIME TAKEN = 108.82175 ms
Run 9

 CPU ACCELERATED IMPLEMENTATION
--------------------------------------------------------------

Index  | Call Model | Call Actual | Put Model  | Put Actual
--------------------------------------------------------------
0      | 49.1964    | 51.7000    | 29.9947    | 29.6500   
1      | 50.4373    | 53.6500    | 26.5055    | 27.3750   
2      | 52.2841    | 56.4000    | 23.6947    | 25.3500   
3      | 54.5135    | 59.9750    | 20.6929    | 23.2750   
4      | 56.3068    | 63.1750    | 17.9221    | 21.2000   
5      | 57.9638    | 66.3250    | 15.8940    | 19.5250   
6      | 59.5592    | 69.7250    | 13.8766    | 17.7500   
7      | 60.8941    | 72.9000    | 12.1465    | 16.1500   
8      | 47.0183    | 48.7500    | 33.5832    | 31.9000   
9      | 45.1757    | 46.3750    | 37.6817    | 34.3250   

PSTEPS = 140, TSTEPS = 30000

TIME TAKEN = 108.82888 ms
Run 10

 CPU ACCELERATED IMPLEMENTATION
--------------------------------------------------------------

Index  | Call Model | Call Actual | Put Model  | Put Actual
--------------------------------------------------------------
0      | 49.1964    | 51.7000    | 29.9947    | 29.6500   
1      | 50.4373    | 53.6500    | 26.5055    | 27.3750   
2      | 52.2841    | 56.4000    | 23.6947    | 25.3500   
3      | 54.5135    | 59.9750    | 20.6929    | 23.2750   
4      | 56.3068    | 63.1750    | 17.9221    | 21.2000   
5      | 57.9638    | 66.3250    | 15.8940    | 19.5250   
6      | 59.5592    | 69.7250    | 13.8766    | 17.7500   
7      | 60.8941    | 72.9000    | 12.1465    | 16.1500   
8      | 47.0183    | 48.7500    | 33.5832    | 31.9000   
9      | 45.1757    | 46.3750    | 37.6817    | 34.3250   

PSTEPS = 140, TSTEPS = 30000

TIME TAKEN = 109.08251 ms
