Benchmarking: black_scholes_cpu_acc with p=180, t=10000
Run 1

 CPU ACCELERATED IMPLEMENTATION
--------------------------------------------------------------

Index  | Call Model | Call Actual | Put Model  | Put Actual
--------------------------------------------------------------
0      | 50.6490    | 51.7000    | 29.0234    | 29.6500   
1      | 52.2359    | 53.6500    | 25.4293    | 27.3750   
2      | 54.4499    | 56.4000    | 22.5238    | 25.3500   
3      | 57.0714    | 59.9750    | 19.4521    | 23.2750   
4      | 59.2472    | 63.1750    | 16.6468    | 21.2000   
5      | 61.2733    | 66.3250    | 14.5966    | 19.5250   
6      | 63.2481    | 69.7250    | 12.5867    | 17.7500   
7      | 64.9479    | 72.9000    | 10.8789    | 16.1500   
8      | 48.1111    | 48.7500    | 32.7767    | 31.9000   
9      | 45.9297    | 46.3750    | 37.0629    | 34.3250   

PSTEPS = 180, TSTEPS = 10000

TIME TAKEN = 47.66604 ms
Run 2

 CPU ACCELERATED IMPLEMENTATION
--------------------------------------------------------------

Index  | Call Model | Call Actual | Put Model  | Put Actual
--------------------------------------------------------------
0      | 50.6490    | 51.7000    | 29.0234    | 29.6500   
1      | 52.2359    | 53.6500    | 25.4293    | 27.3750   
2      | 54.4499    | 56.4000    | 22.5238    | 25.3500   
3      | 57.0714    | 59.9750    | 19.4521    | 23.2750   
4      | 59.2472    | 63.1750    | 16.6468    | 21.2000   
5      | 61.2733    | 66.3250    | 14.5966    | 19.5250   
6      | 63.2481    | 69.7250    | 12.5867    | 17.7500   
7      | 64.9479    | 72.9000    | 10.8789    | 16.1500   
8      | 48.1111    | 48.7500    | 32.7767    | 31.9000   
9      | 45.9297    | 46.3750    | 37.0629    | 34.3250   

PSTEPS = 180, TSTEPS = 10000

TIME TAKEN = 47.51051 ms
Run 3

 CPU ACCELERATED IMPLEMENTATION
--------------------------------------------------------------

Index  | Call Model | Call Actual | Put Model  | Put Actual
--------------------------------------------------------------
0      | 50.6490    | 51.7000    | 29.0234    | 29.6500   
1      | 52.2359    | 53.6500    | 25.4293    | 27.3750   
2      | 54.4499    | 56.4000    | 22.5238    | 25.3500   
3      | 57.0714    | 59.9750    | 19.4521    | 23.2750   
4      | 59.2472    | 63.1750    | 16.6468    | 21.2000   
5      | 61.2733    | 66.3250    | 14.5966    | 19.5250   
6      | 63.2481    | 69.7250    | 12.5867    | 17.7500   
7      | 64.9479    | 72.9000    | 10.8789    | 16.1500   
8      | 48.1111    | 48.7500    | 32.7767    | 31.9000   
9      | 45.9297    | 46.3750    | 37.0629    | 34.3250   

PSTEPS = 180, TSTEPS = 10000

TIME TAKEN = 47.47271 ms
Run 4

 CPU ACCELERATED IMPLEMENTATION
--------------------------------------------------------------

Index  | Call Model | Call Actual | Put Model  | Put Actual
--------------------------------------------------------------
0      | 50.6490    | 51.7000    | 29.0234    | 29.6500   
1      | 52.2359    | 53.6500    | 25.4293    | 27.3750   
2      | 54.4499    | 56.4000    | 22.5238    | 25.3500   
3      | 57.0714    | 59.9750    | 19.4521    | 23.2750   
4      | 59.2472    | 63.1750    | 16.6468    | 21.2000   
5      | 61.2733    | 66.3250    | 14.5966    | 19.5250   
6      | 63.2481    | 69.7250    | 12.5867    | 17.7500   
7      | 64.9479    | 72.9000    | 10.8789    | 16.1500   
8      | 48.1111    | 48.7500    | 32.7767    | 31.9000   
9      | 45.9297    | 46.3750    | 37.0629    | 34.3250   

PSTEPS = 180, TSTEPS = 10000

TIME TAKEN = 47.52166 ms
Run 5

 CPU ACCELERATED IMPLEMENTATION
--------------------------------------------------------------

Index  | Call Model | Call Actual | Put Model  | Put Actual
--------------------------------------------------------------
0      | 50.6490    | 51.7000    | 29.0234    | 29.6500   
1      | 52.2359    | 53.6500    | 25.4293    | 27.3750   
2      | 54.4499    | 56.4000    | 22.5238    | 25.3500   
3      | 57.0714    | 59.9750    | 19.4521    | 23.2750   
4      | 59.2472    | 63.1750    | 16.6468    | 21.2000   
5      | 61.2733    | 66.3250    | 14.5966    | 19.5250   
6      | 63.2481    | 69.7250    | 12.5867    | 17.7500   
7      | 64.9479    | 72.9000    | 10.8789    | 16.1500   
8      | 48.1111    | 48.7500    | 32.7767    | 31.9000   
9      | 45.9297    | 46.3750    | 37.0629    | 34.3250   

PSTEPS = 180, TSTEPS = 10000

TIME TAKEN = 47.53353 ms
Run 6

 CPU ACCELERATED IMPLEMENTATION
--------------------------------------------------------------

Index  | Call Model | Call Actual | Put Model  | Put Actual
--------------------------------------------------------------
0      | 50.6490    | 51.7000    | 29.0234    | 29.6500   
1      | 52.2359    | 53.6500    | 25.4293    | 27.3750   
2      | 54.4499    | 56.4000    | 22.5238    | 25.3500   
3      | 57.0714    | 59.9750    | 19.4521    | 23.2750   
4      | 59.2472    | 63.1750    | 16.6468    | 21.2000   
5      | 61.2733    | 66.3250    | 14.5966    | 19.5250   
6      | 63.2481    | 69.7250    | 12.5867    | 17.7500   
7      | 64.9479    | 72.9000    | 10.8789    | 16.1500   
8      | 48.1111    | 48.7500    | 32.7767    | 31.9000   
9      | 45.9297    | 46.3750    | 37.0629    | 34.3250   

PSTEPS = 180, TSTEPS = 10000

TIME TAKEN = 47.61792 ms
Run 7

 CPU ACCELERATED IMPLEMENTATION
--------------------------------------------------------------

Index  | Call Model | Call Actual | Put Model  | Put Actual
--------------------------------------------------------------
0      | 50.6490    | 51.7000    | 29.0234    | 29.6500   
1      | 52.2359    | 53.6500    | 25.4293    | 27.3750   
2      | 54.4499    | 56.4000    | 22.5238    | 25.3500   
3      | 57.0714    | 59.9750    | 19.4521    | 23.2750   
4      | 59.2472    | 63.1750    | 16.6468    | 21.2000   
5      | 61.2733    | 66.3250    | 14.5966    | 19.5250   
6      | 63.2481    | 69.7250    | 12.5867    | 17.7500   
7      | 64.9479    | 72.9000    | 10.8789    | 16.1500   
8      | 48.1111    | 48.7500    | 32.7767    | 31.9000   
9      | 45.9297    | 46.3750    | 37.0629    | 34.3250   

PSTEPS = 180, TSTEPS = 10000

TIME TAKEN = 47.49831 ms
Run 8

 CPU ACCELERATED IMPLEMENTATION
--------------------------------------------------------------

Index  | Call Model | Call Actual | Put Model  | Put Actual
--------------------------------------------------------------
0      | 50.6490    | 51.7000    | 29.0234    | 29.6500   
1      | 52.2359    | 53.6500    | 25.4293    | 27.3750   
2      | 54.4499    | 56.4000    | 22.5238    | 25.3500   
3      | 57.0714    | 59.9750    | 19.4521    | 23.2750   
4      | 59.2472    | 63.1750    | 16.6468    | 21.2000   
5      | 61.2733    | 66.3250    | 14.5966    | 19.5250   
6      | 63.2481    | 69.7250    | 12.5867    | 17.7500   
7      | 64.9479    | 72.9000    | 10.8789    | 16.1500   
8      | 48.1111    | 48.7500    | 32.7767    | 31.9000   
9      | 45.9297    | 46.3750    | 37.0629    | 34.3250   

PSTEPS = 180, TSTEPS = 10000

TIME TAKEN = 47.47763 ms
Run 9

 CPU ACCELERATED IMPLEMENTATION
--------------------------------------------------------------

Index  | Call Model | Call Actual | Put Model  | Put Actual
--------------------------------------------------------------
0      | 50.6490    | 51.7000    | 29.0234    | 29.6500   
1      | 52.2359    | 53.6500    | 25.4293    | 27.3750   
2      | 54.4499    | 56.4000    | 22.5238    | 25.3500   
3      | 57.0714    | 59.9750    | 19.4521    | 23.2750   
4      | 59.2472    | 63.1750    | 16.6468    | 21.2000   
5      | 61.2733    | 66.3250    | 14.5966    | 19.5250   
6      | 63.2481    | 69.7250    | 12.5867    | 17.7500   
7      | 64.9479    | 72.9000    | 10.8789    | 16.1500   
8      | 48.1111    | 48.7500    | 32.7767    | 31.9000   
9      | 45.9297    | 46.3750    | 37.0629    | 34.3250   

PSTEPS = 180, TSTEPS = 10000

TIME TAKEN = 47.50260 ms
Run 10

 CPU ACCELERATED IMPLEMENTATION
--------------------------------------------------------------

Index  | Call Model | Call Actual | Put Model  | Put Actual
--------------------------------------------------------------
0      | 50.6490    | 51.7000    | 29.0234    | 29.6500   
1      | 52.2359    | 53.6500    | 25.4293    | 27.3750   
2      | 54.4499    | 56.4000    | 22.5238    | 25.3500   
3      | 57.0714    | 59.9750    | 19.4521    | 23.2750   
4      | 59.2472    | 63.1750    | 16.6468    | 21.2000   
5      | 61.2733    | 66.3250    | 14.5966    | 19.5250   
6      | 63.2481    | 69.7250    | 12.5867    | 17.7500   
7      | 64.9479    | 72.9000    | 10.8789    | 16.1500   
8      | 48.1111    | 48.7500    | 32.7767    | 31.9000   
9      | 45.9297    | 46.3750    | 37.0629    | 34.3250   

PSTEPS = 180, TSTEPS = 10000

TIME TAKEN = 47.53941 ms
