Benchmarking: black_scholes_hybrid1 with p=140, t=90000
Run 1

 HYBRID IMPLEMENTATION 1
--------------------------------------------------------------

Index  | Call Model | Call Actual | Put Model  | Put Actual
--------------------------------------------------------------
0      | 48.9089    | 51.7000    | 29.9946    | 29.6500   
1      | 49.9673    | 53.6500    | 26.5054    | 27.3750   
2      | 52.2839    | 56.4000    | 23.6946    | 25.3500   
3      | 53.7278    | 59.9750    | 20.6928    | 23.2750   
4      | 56.3066    | 63.1750    | 17.9220    | 21.2000   
5      | 56.9666    | 66.3250    | 15.8938    | 19.5250   
6      | 59.4000    | 69.7250    | 13.8765    | 17.7500   
7      | 55.3899    | 72.9000    | 12.1464    | 16.1500   
8      | 46.2534    | 48.7500    | 33.5832    | 31.9000   
9      | 44.6468    | 46.3750    | 37.6816    | 34.3250   

PSTEPS = 140, TSTEPS = 90000

TIME TAKEN = 596.93104 ms
Run 2

 HYBRID IMPLEMENTATION 1
--------------------------------------------------------------

Index  | Call Model | Call Actual | Put Model  | Put Actual
--------------------------------------------------------------
0      | 49.1963    | 51.7000    | 29.9946    | 29.6500   
1      | 50.3839    | 53.6500    | 26.5054    | 27.3750   
2      | 52.2839    | 56.4000    | 23.6946    | 25.3500   
3      | 54.4812    | 59.9750    | 20.6928    | 23.2750   
4      | 56.3066    | 63.1750    | 17.9220    | 21.2000   
5      | 57.9637    | 66.3250    | 15.8938    | 19.5250   
6      | 59.5591    | 69.7250    | 13.8765    | 17.7500   
7      | 55.3735    | 72.9000    | 12.1464    | 16.1500   
8      | 46.4328    | 48.7500    | 33.5832    | 31.9000   
9      | 44.6469    | 46.3750    | 37.6816    | 34.3250   

PSTEPS = 140, TSTEPS = 90000

TIME TAKEN = 587.48924 ms
Run 3

 HYBRID IMPLEMENTATION 1
--------------------------------------------------------------

Index  | Call Model | Call Actual | Put Model  | Put Actual
--------------------------------------------------------------
0      | 49.0738    | 51.7000    | 29.9946    | 29.6500   
1      | 49.7442    | 53.6500    | 26.5054    | 27.3750   
2      | 52.2600    | 56.4000    | 23.6946    | 25.3500   
3      | 53.8379    | 59.9750    | 20.6928    | 23.2750   
4      | 56.3066    | 63.1750    | 17.9220    | 21.2000   
5      | 57.9637    | 66.3250    | 15.8938    | 19.5250   
6      | 59.5591    | 69.7250    | 13.8765    | 17.7500   
7      | 59.8702    | 72.9000    | 12.1464    | 16.1500   
8      | 47.0182    | 48.7500    | 33.5832    | 31.9000   
9      | 44.6469    | 46.3750    | 37.6816    | 34.3250   

PSTEPS = 140, TSTEPS = 90000

TIME TAKEN = 582.49748 ms
Run 4

 HYBRID IMPLEMENTATION 1
--------------------------------------------------------------

Index  | Call Model | Call Actual | Put Model  | Put Actual
--------------------------------------------------------------
0      | 48.6538    | 51.7000    | 29.9946    | 29.6500   
1      | 50.4112    | 53.6500    | 26.5054    | 27.3750   
2      | 52.2839    | 56.4000    | 23.6946    | 25.3500   
3      | 53.8641    | 59.9750    | 20.6928    | 23.2750   
4      | 56.3066    | 63.1750    | 17.9220    | 21.2000   
5      | 57.9637    | 66.3250    | 15.8938    | 19.5250   
6      | 53.0592    | 69.7250    | 13.8765    | 17.7500   
7      | 56.2064    | 72.9000    | 12.1464    | 16.1500   
8      | 43.3132    | 48.7500    | 33.5832    | 31.9000   
9      | 45.1756    | 46.3750    | 37.6817    | 34.3250   

PSTEPS = 140, TSTEPS = 90000

TIME TAKEN = 599.41368 ms
Run 5

 HYBRID IMPLEMENTATION 1
--------------------------------------------------------------

Index  | Call Model | Call Actual | Put Model  | Put Actual
--------------------------------------------------------------
0      | 49.1963    | 51.7000    | 29.9946    | 29.6500   
1      | 49.9543    | 53.6500    | 26.5054    | 27.3750   
2      | 52.2839    | 56.4000    | 23.6946    | 25.3500   
3      | 54.5134    | 59.9750    | 20.6928    | 23.2750   
4      | 56.3066    | 63.1750    | 17.9220    | 21.2000   
5      | 57.9637    | 66.3250    | 15.8938    | 19.5250   
6      | 59.5591    | 69.7250    | 13.8765    | 17.7500   
7      | 55.3898    | 72.9000    | 12.1464    | 16.1500   
8      | 43.3132    | 48.7500    | 33.5832    | 31.9000   
9      | 45.1756    | 46.3750    | 37.6817    | 34.3250   

PSTEPS = 140, TSTEPS = 90000

TIME TAKEN = 594.87427 ms
Run 6

 HYBRID IMPLEMENTATION 1
--------------------------------------------------------------

Index  | Call Model | Call Actual | Put Model  | Put Actual
--------------------------------------------------------------
0      | 48.8161    | 51.7000    | 29.9946    | 29.6500   
1      | 50.4364    | 53.6500    | 26.5054    | 27.3750   
2      | 52.2839    | 56.4000    | 23.6946    | 25.3500   
3      | 54.4797    | 59.9750    | 20.6928    | 23.2750   
4      | 56.3066    | 63.1750    | 17.9220    | 21.2000   
5      | 57.9637    | 66.3250    | 15.8938    | 19.5250   
6      | 59.5591    | 69.7250    | 13.8765    | 17.7500   
7      | 55.3899    | 72.9000    | 12.1464    | 16.1500   
8      | 47.0182    | 48.7500    | 33.5832    | 31.9000   
9      | 45.1756    | 46.3750    | 37.6817    | 34.3250   

PSTEPS = 140, TSTEPS = 90000

TIME TAKEN = 589.45549 ms
Run 7

 HYBRID IMPLEMENTATION 1
--------------------------------------------------------------

Index  | Call Model | Call Actual | Put Model  | Put Actual
--------------------------------------------------------------
0      | 49.1128    | 51.7000    | 29.9946    | 29.6500   
1      | 50.3878    | 53.6500    | 26.5054    | 27.3750   
2      | 51.9012    | 56.4000    | 23.6946    | 25.3500   
3      | 53.9448    | 59.9750    | 20.6928    | 23.2750   
4      | 56.3066    | 63.1750    | 17.9220    | 21.2000   
5      | 57.9637    | 66.3250    | 15.8938    | 19.5250   
6      | 59.5591    | 69.7250    | 13.8765    | 17.7500   
7      | 60.8940    | 72.9000    | 12.1464    | 16.1500   
8      | 46.4342    | 48.7500    | 33.5832    | 31.9000   
9      | 45.1565    | 46.3750    | 37.6816    | 34.3250   

PSTEPS = 140, TSTEPS = 90000

TIME TAKEN = 574.05405 ms
Run 8

 HYBRID IMPLEMENTATION 1
--------------------------------------------------------------

Index  | Call Model | Call Actual | Put Model  | Put Actual
--------------------------------------------------------------
0      | 49.1946    | 51.7000    | 29.9946    | 29.6500   
1      | 50.3747    | 53.6500    | 26.5054    | 27.3750   
2      | 52.2839    | 56.4000    | 23.6946    | 25.3500   
3      | 54.4288    | 59.9750    | 20.6928    | 23.2750   
4      | 56.3066    | 63.1750    | 17.9220    | 21.2000   
5      | 57.9637    | 66.3250    | 15.8938    | 19.5250   
6      | 59.5591    | 69.7250    | 13.8765    | 17.7500   
7      | 60.8940    | 72.9000    | 12.1464    | 16.1500   
8      | 43.2637    | 48.7500    | 33.5832    | 31.9000   
9      | 44.6465    | 46.3750    | 37.6816    | 34.3250   

PSTEPS = 140, TSTEPS = 90000

TIME TAKEN = 594.71619 ms
Run 9

 HYBRID IMPLEMENTATION 1
--------------------------------------------------------------

Index  | Call Model | Call Actual | Put Model  | Put Actual
--------------------------------------------------------------
0      | 49.1963    | 51.7000    | 29.9946    | 29.6500   
1      | 50.3870    | 53.6500    | 26.5054    | 27.3750   
2      | 52.0785    | 56.4000    | 23.6946    | 25.3500   
3      | 54.5057    | 59.9750    | 20.6928    | 23.2750   
4      | 56.3066    | 63.1750    | 17.9220    | 21.2000   
5      | 57.9637    | 66.3250    | 15.8938    | 19.5250   
6      | 59.5591    | 69.7250    | 13.8765    | 17.7500   
7      | 55.3898    | 72.9000    | 12.1464    | 16.1500   
8      | 47.0175    | 48.7500    | 33.5832    | 31.9000   
9      | 44.6469    | 46.3750    | 37.6816    | 34.3250   

PSTEPS = 140, TSTEPS = 90000

TIME TAKEN = 655.41888 ms
Run 10

 HYBRID IMPLEMENTATION 1
--------------------------------------------------------------

Index  | Call Model | Call Actual | Put Model  | Put Actual
--------------------------------------------------------------
0      | 48.5087    | 51.7000    | 29.9946    | 29.6500   
1      | 50.4155    | 53.6500    | 26.5054    | 27.3750   
2      | 52.2056    | 56.4000    | 23.6946    | 25.3500   
3      | 54.5132    | 59.9750    | 20.6928    | 23.2750   
4      | 56.3066    | 63.1750    | 17.9220    | 21.2000   
5      | 57.9637    | 66.3250    | 15.8938    | 19.5250   
6      | 59.5591    | 69.7250    | 13.8765    | 17.7500   
7      | 59.8572    | 72.9000    | 12.1464    | 16.1500   
8      | 45.5238    | 48.7500    | 33.5832    | 31.9000   
9      | 44.6469    | 46.3750    | 37.6816    | 34.3250   

PSTEPS = 140, TSTEPS = 90000

TIME TAKEN = 601.98245 ms
