Benchmarking: black_scholes_gpu with p=100, t=20000
Run 1

 GPU ACCELERATED IMPLEMENTATION
--------------------------------------------------------------

Index  | Call Model | Call Actual | Put Model  | Put Actual
--------------------------------------------------------------
0      | 47.7781    | 51.7000    | 31.0198    | 29.6500   
1      | 48.6945    | 53.6500    | 27.6520    | 27.3750   
2      | 50.1743    | 56.4000    | 24.9304    | 25.3500   
3      | 52.0291    | 59.9750    | 22.0094    | 23.2750   
4      | 53.4634    | 63.1750    | 19.2892    | 21.2000   
5      | 54.7579    | 66.3250    | 17.2809    | 19.5250   
6      | 56.0025    | 69.7250    | 15.2752    | 17.7500   
7      | 57.0035    | 72.9000    | 13.5428    | 16.1500   
8      | 45.9516    | 48.7500    | 34.4394    | 31.9000   
9      | 44.4486    | 46.3750    | 38.3540    | 34.3250   

PSTEPS = 100, TSTEPS = 20000

TIME TAKEN = 252.96998 ms
Run 2

 GPU ACCELERATED IMPLEMENTATION
--------------------------------------------------------------

Index  | Call Model | Call Actual | Put Model  | Put Actual
--------------------------------------------------------------
0      | 47.7781    | 51.7000    | 31.0198    | 29.6500   
1      | 48.6945    | 53.6500    | 27.6520    | 27.3750   
2      | 50.1743    | 56.4000    | 24.9304    | 25.3500   
3      | 52.0291    | 59.9750    | 22.0094    | 23.2750   
4      | 53.4634    | 63.1750    | 19.2892    | 21.2000   
5      | 54.7579    | 66.3250    | 17.2809    | 19.5250   
6      | 56.0025    | 69.7250    | 15.2752    | 17.7500   
7      | 57.0035    | 72.9000    | 13.5428    | 16.1500   
8      | 45.9516    | 48.7500    | 34.4394    | 31.9000   
9      | 44.4486    | 46.3750    | 38.3540    | 34.3250   

PSTEPS = 100, TSTEPS = 20000

TIME TAKEN = 247.94562 ms
Run 3

 GPU ACCELERATED IMPLEMENTATION
--------------------------------------------------------------

Index  | Call Model | Call Actual | Put Model  | Put Actual
--------------------------------------------------------------
0      | 47.7781    | 51.7000    | 31.0198    | 29.6500   
1      | 48.6945    | 53.6500    | 27.6520    | 27.3750   
2      | 50.1743    | 56.4000    | 24.9304    | 25.3500   
3      | 52.0291    | 59.9750    | 22.0094    | 23.2750   
4      | 53.4634    | 63.1750    | 19.2892    | 21.2000   
5      | 54.7579    | 66.3250    | 17.2809    | 19.5250   
6      | 56.0025    | 69.7250    | 15.2752    | 17.7500   
7      | 57.0035    | 72.9000    | 13.5428    | 16.1500   
8      | 45.9516    | 48.7500    | 34.4394    | 31.9000   
9      | 44.4486    | 46.3750    | 38.3540    | 34.3250   

PSTEPS = 100, TSTEPS = 20000

TIME TAKEN = 255.10996 ms
Run 4

 GPU ACCELERATED IMPLEMENTATION
--------------------------------------------------------------

Index  | Call Model | Call Actual | Put Model  | Put Actual
--------------------------------------------------------------
0      | 47.7781    | 51.7000    | 31.0198    | 29.6500   
1      | 48.6945    | 53.6500    | 27.6520    | 27.3750   
2      | 50.1743    | 56.4000    | 24.9304    | 25.3500   
3      | 52.0291    | 59.9750    | 22.0094    | 23.2750   
4      | 53.4634    | 63.1750    | 19.2892    | 21.2000   
5      | 54.7579    | 66.3250    | 17.2809    | 19.5250   
6      | 56.0025    | 69.7250    | 15.2752    | 17.7500   
7      | 57.0035    | 72.9000    | 13.5428    | 16.1500   
8      | 45.9516    | 48.7500    | 34.4394    | 31.9000   
9      | 44.4486    | 46.3750    | 38.3540    | 34.3250   

PSTEPS = 100, TSTEPS = 20000

TIME TAKEN = 246.50241 ms
Run 5

 GPU ACCELERATED IMPLEMENTATION
--------------------------------------------------------------

Index  | Call Model | Call Actual | Put Model  | Put Actual
--------------------------------------------------------------
0      | 47.7781    | 51.7000    | 31.0198    | 29.6500   
1      | 48.6945    | 53.6500    | 27.6520    | 27.3750   
2      | 50.1743    | 56.4000    | 24.9304    | 25.3500   
3      | 52.0291    | 59.9750    | 22.0094    | 23.2750   
4      | 53.4634    | 63.1750    | 19.2892    | 21.2000   
5      | 54.7579    | 66.3250    | 17.2809    | 19.5250   
6      | 56.0025    | 69.7250    | 15.2752    | 17.7500   
7      | 57.0035    | 72.9000    | 13.5428    | 16.1500   
8      | 45.9516    | 48.7500    | 34.4394    | 31.9000   
9      | 44.4486    | 46.3750    | 38.3540    | 34.3250   

PSTEPS = 100, TSTEPS = 20000

TIME TAKEN = 242.14135 ms
Run 6

 GPU ACCELERATED IMPLEMENTATION
--------------------------------------------------------------

Index  | Call Model | Call Actual | Put Model  | Put Actual
--------------------------------------------------------------
0      | 47.7781    | 51.7000    | 31.0198    | 29.6500   
1      | 48.6945    | 53.6500    | 27.6520    | 27.3750   
2      | 50.1743    | 56.4000    | 24.9304    | 25.3500   
3      | 52.0291    | 59.9750    | 22.0094    | 23.2750   
4      | 53.4634    | 63.1750    | 19.2892    | 21.2000   
5      | 54.7579    | 66.3250    | 17.2809    | 19.5250   
6      | 56.0025    | 69.7250    | 15.2752    | 17.7500   
7      | 57.0035    | 72.9000    | 13.5428    | 16.1500   
8      | 45.9516    | 48.7500    | 34.4394    | 31.9000   
9      | 44.4486    | 46.3750    | 38.3540    | 34.3250   

PSTEPS = 100, TSTEPS = 20000

TIME TAKEN = 243.70431 ms
Run 7

 GPU ACCELERATED IMPLEMENTATION
--------------------------------------------------------------

Index  | Call Model | Call Actual | Put Model  | Put Actual
--------------------------------------------------------------
0      | 47.7781    | 51.7000    | 31.0198    | 29.6500   
1      | 48.6945    | 53.6500    | 27.6520    | 27.3750   
2      | 50.1743    | 56.4000    | 24.9304    | 25.3500   
3      | 52.0291    | 59.9750    | 22.0094    | 23.2750   
4      | 53.4634    | 63.1750    | 19.2892    | 21.2000   
5      | 54.7579    | 66.3250    | 17.2809    | 19.5250   
6      | 56.0025    | 69.7250    | 15.2752    | 17.7500   
7      | 57.0035    | 72.9000    | 13.5428    | 16.1500   
8      | 45.9516    | 48.7500    | 34.4394    | 31.9000   
9      | 44.4486    | 46.3750    | 38.3540    | 34.3250   

PSTEPS = 100, TSTEPS = 20000

TIME TAKEN = 254.53183 ms
Run 8

 GPU ACCELERATED IMPLEMENTATION
--------------------------------------------------------------

Index  | Call Model | Call Actual | Put Model  | Put Actual
--------------------------------------------------------------
0      | 47.7781    | 51.7000    | 31.0198    | 29.6500   
1      | 48.6945    | 53.6500    | 27.6520    | 27.3750   
2      | 50.1743    | 56.4000    | 24.9304    | 25.3500   
3      | 52.0291    | 59.9750    | 22.0094    | 23.2750   
4      | 53.4634    | 63.1750    | 19.2892    | 21.2000   
5      | 54.7579    | 66.3250    | 17.2809    | 19.5250   
6      | 56.0025    | 69.7250    | 15.2752    | 17.7500   
7      | 57.0035    | 72.9000    | 13.5428    | 16.1500   
8      | 45.9516    | 48.7500    | 34.4394    | 31.9000   
9      | 44.4486    | 46.3750    | 38.3540    | 34.3250   

PSTEPS = 100, TSTEPS = 20000

TIME TAKEN = 259.86213 ms
Run 9

 GPU ACCELERATED IMPLEMENTATION
--------------------------------------------------------------

Index  | Call Model | Call Actual | Put Model  | Put Actual
--------------------------------------------------------------
0      | 47.7781    | 51.7000    | 31.0198    | 29.6500   
1      | 48.6945    | 53.6500    | 27.6520    | 27.3750   
2      | 50.1743    | 56.4000    | 24.9304    | 25.3500   
3      | 52.0291    | 59.9750    | 22.0094    | 23.2750   
4      | 53.4634    | 63.1750    | 19.2892    | 21.2000   
5      | 54.7579    | 66.3250    | 17.2809    | 19.5250   
6      | 56.0025    | 69.7250    | 15.2752    | 17.7500   
7      | 57.0035    | 72.9000    | 13.5428    | 16.1500   
8      | 45.9516    | 48.7500    | 34.4394    | 31.9000   
9      | 44.4486    | 46.3750    | 38.3540    | 34.3250   

PSTEPS = 100, TSTEPS = 20000

TIME TAKEN = 247.74686 ms
Run 10

 GPU ACCELERATED IMPLEMENTATION
--------------------------------------------------------------

Index  | Call Model | Call Actual | Put Model  | Put Actual
--------------------------------------------------------------
0      | 47.7781    | 51.7000    | 31.0198    | 29.6500   
1      | 48.6945    | 53.6500    | 27.6520    | 27.3750   
2      | 50.1743    | 56.4000    | 24.9304    | 25.3500   
3      | 52.0291    | 59.9750    | 22.0094    | 23.2750   
4      | 53.4634    | 63.1750    | 19.2892    | 21.2000   
5      | 54.7579    | 66.3250    | 17.2809    | 19.5250   
6      | 56.0025    | 69.7250    | 15.2752    | 17.7500   
7      | 57.0035    | 72.9000    | 13.5428    | 16.1500   
8      | 45.9516    | 48.7500    | 34.4394    | 31.9000   
9      | 44.4486    | 46.3750    | 38.3540    | 34.3250   

PSTEPS = 100, TSTEPS = 20000

TIME TAKEN = 259.68845 ms
