Benchmarking: black_scholes_cpu_acc with p=80, t=100000
Run 1

 CPU ACCELERATED IMPLEMENTATION
--------------------------------------------------------------

Index  | Call Model | Call Actual | Put Model  | Put Actual
--------------------------------------------------------------
0      | 47.0810    | 51.7000    | 31.5711    | 29.6500   
1      | 47.8232    | 53.6500    | 28.2495    | 27.3750   
2      | 49.1526    | 56.4000    | 25.6025    | 25.3500   
3      | 50.8109    | 59.9750    | 22.7098    | 23.2750   
4      | 52.0763    | 63.1750    | 20.0221    | 21.2000   
5      | 53.1939    | 66.3250    | 18.0244    | 19.5250   
6      | 54.2875    | 69.7250    | 16.0450    | 17.7500   
7      | 55.0939    | 72.9000    | 14.2793    | 16.1500   
8      | 45.4291    | 48.7500    | 34.9074    | 31.9000   
9      | 44.0685    | 46.3750    | 38.7044    | 34.3250   

PSTEPS = 80, TSTEPS = 100000

TIME TAKEN = 209.62559 ms
Run 2

 CPU ACCELERATED IMPLEMENTATION
--------------------------------------------------------------

Index  | Call Model | Call Actual | Put Model  | Put Actual
--------------------------------------------------------------
0      | 47.0810    | 51.7000    | 31.5711    | 29.6500   
1      | 47.8232    | 53.6500    | 28.2495    | 27.3750   
2      | 49.1526    | 56.4000    | 25.6025    | 25.3500   
3      | 50.8109    | 59.9750    | 22.7098    | 23.2750   
4      | 52.0763    | 63.1750    | 20.0221    | 21.2000   
5      | 53.1939    | 66.3250    | 18.0244    | 19.5250   
6      | 54.2875    | 69.7250    | 16.0450    | 17.7500   
7      | 55.0939    | 72.9000    | 14.2793    | 16.1500   
8      | 45.4291    | 48.7500    | 34.9074    | 31.9000   
9      | 44.0685    | 46.3750    | 38.7044    | 34.3250   

PSTEPS = 80, TSTEPS = 100000

TIME TAKEN = 208.80775 ms
Run 3

 CPU ACCELERATED IMPLEMENTATION
--------------------------------------------------------------

Index  | Call Model | Call Actual | Put Model  | Put Actual
--------------------------------------------------------------
0      | 47.0810    | 51.7000    | 31.5711    | 29.6500   
1      | 47.8232    | 53.6500    | 28.2495    | 27.3750   
2      | 49.1526    | 56.4000    | 25.6025    | 25.3500   
3      | 50.8109    | 59.9750    | 22.7098    | 23.2750   
4      | 52.0763    | 63.1750    | 20.0221    | 21.2000   
5      | 53.1939    | 66.3250    | 18.0244    | 19.5250   
6      | 54.2875    | 69.7250    | 16.0450    | 17.7500   
7      | 55.0939    | 72.9000    | 14.2793    | 16.1500   
8      | 45.4291    | 48.7500    | 34.9074    | 31.9000   
9      | 44.0685    | 46.3750    | 38.7044    | 34.3250   

PSTEPS = 80, TSTEPS = 100000

TIME TAKEN = 208.81891 ms
Run 4

 CPU ACCELERATED IMPLEMENTATION
--------------------------------------------------------------

Index  | Call Model | Call Actual | Put Model  | Put Actual
--------------------------------------------------------------
0      | 47.0810    | 51.7000    | 31.5711    | 29.6500   
1      | 47.8232    | 53.6500    | 28.2495    | 27.3750   
2      | 49.1526    | 56.4000    | 25.6025    | 25.3500   
3      | 50.8109    | 59.9750    | 22.7098    | 23.2750   
4      | 52.0763    | 63.1750    | 20.0221    | 21.2000   
5      | 53.1939    | 66.3250    | 18.0244    | 19.5250   
6      | 54.2875    | 69.7250    | 16.0450    | 17.7500   
7      | 55.0939    | 72.9000    | 14.2793    | 16.1500   
8      | 45.4291    | 48.7500    | 34.9074    | 31.9000   
9      | 44.0685    | 46.3750    | 38.7044    | 34.3250   

PSTEPS = 80, TSTEPS = 100000

TIME TAKEN = 209.11461 ms
Run 5

 CPU ACCELERATED IMPLEMENTATION
--------------------------------------------------------------

Index  | Call Model | Call Actual | Put Model  | Put Actual
--------------------------------------------------------------
0      | 47.0810    | 51.7000    | 31.5711    | 29.6500   
1      | 47.8232    | 53.6500    | 28.2495    | 27.3750   
2      | 49.1526    | 56.4000    | 25.6025    | 25.3500   
3      | 50.8109    | 59.9750    | 22.7098    | 23.2750   
4      | 52.0763    | 63.1750    | 20.0221    | 21.2000   
5      | 53.1939    | 66.3250    | 18.0244    | 19.5250   
6      | 54.2875    | 69.7250    | 16.0450    | 17.7500   
7      | 55.0939    | 72.9000    | 14.2793    | 16.1500   
8      | 45.4291    | 48.7500    | 34.9074    | 31.9000   
9      | 44.0685    | 46.3750    | 38.7044    | 34.3250   

PSTEPS = 80, TSTEPS = 100000

TIME TAKEN = 208.79709 ms
Run 6

 CPU ACCELERATED IMPLEMENTATION
--------------------------------------------------------------

Index  | Call Model | Call Actual | Put Model  | Put Actual
--------------------------------------------------------------
0      | 47.0810    | 51.7000    | 31.5711    | 29.6500   
1      | 47.8232    | 53.6500    | 28.2495    | 27.3750   
2      | 49.1526    | 56.4000    | 25.6025    | 25.3500   
3      | 50.8109    | 59.9750    | 22.7098    | 23.2750   
4      | 52.0763    | 63.1750    | 20.0221    | 21.2000   
5      | 53.1939    | 66.3250    | 18.0244    | 19.5250   
6      | 54.2875    | 69.7250    | 16.0450    | 17.7500   
7      | 55.0939    | 72.9000    | 14.2793    | 16.1500   
8      | 45.4291    | 48.7500    | 34.9074    | 31.9000   
9      | 44.0685    | 46.3750    | 38.7044    | 34.3250   

PSTEPS = 80, TSTEPS = 100000

TIME TAKEN = 209.04374 ms
Run 7

 CPU ACCELERATED IMPLEMENTATION
--------------------------------------------------------------

Index  | Call Model | Call Actual | Put Model  | Put Actual
--------------------------------------------------------------
0      | 47.0810    | 51.7000    | 31.5711    | 29.6500   
1      | 47.8232    | 53.6500    | 28.2495    | 27.3750   
2      | 49.1526    | 56.4000    | 25.6025    | 25.3500   
3      | 50.8109    | 59.9750    | 22.7098    | 23.2750   
4      | 52.0763    | 63.1750    | 20.0221    | 21.2000   
5      | 53.1939    | 66.3250    | 18.0244    | 19.5250   
6      | 54.2875    | 69.7250    | 16.0450    | 17.7500   
7      | 55.0939    | 72.9000    | 14.2793    | 16.1500   
8      | 45.4291    | 48.7500    | 34.9074    | 31.9000   
9      | 44.0685    | 46.3750    | 38.7044    | 34.3250   

PSTEPS = 80, TSTEPS = 100000

TIME TAKEN = 208.82261 ms
Run 8

 CPU ACCELERATED IMPLEMENTATION
--------------------------------------------------------------

Index  | Call Model | Call Actual | Put Model  | Put Actual
--------------------------------------------------------------
0      | 47.0810    | 51.7000    | 31.5711    | 29.6500   
1      | 47.8232    | 53.6500    | 28.2495    | 27.3750   
2      | 49.1526    | 56.4000    | 25.6025    | 25.3500   
3      | 50.8109    | 59.9750    | 22.7098    | 23.2750   
4      | 52.0763    | 63.1750    | 20.0221    | 21.2000   
5      | 53.1939    | 66.3250    | 18.0244    | 19.5250   
6      | 54.2875    | 69.7250    | 16.0450    | 17.7500   
7      | 55.0939    | 72.9000    | 14.2793    | 16.1500   
8      | 45.4291    | 48.7500    | 34.9074    | 31.9000   
9      | 44.0685    | 46.3750    | 38.7044    | 34.3250   

PSTEPS = 80, TSTEPS = 100000

TIME TAKEN = 209.34330 ms
Run 9

 CPU ACCELERATED IMPLEMENTATION
--------------------------------------------------------------

Index  | Call Model | Call Actual | Put Model  | Put Actual
--------------------------------------------------------------
0      | 47.0810    | 51.7000    | 31.5711    | 29.6500   
1      | 47.8232    | 53.6500    | 28.2495    | 27.3750   
2      | 49.1526    | 56.4000    | 25.6025    | 25.3500   
3      | 50.8109    | 59.9750    | 22.7098    | 23.2750   
4      | 52.0763    | 63.1750    | 20.0221    | 21.2000   
5      | 53.1939    | 66.3250    | 18.0244    | 19.5250   
6      | 54.2875    | 69.7250    | 16.0450    | 17.7500   
7      | 55.0939    | 72.9000    | 14.2793    | 16.1500   
8      | 45.4291    | 48.7500    | 34.9074    | 31.9000   
9      | 44.0685    | 46.3750    | 38.7044    | 34.3250   

PSTEPS = 80, TSTEPS = 100000

TIME TAKEN = 209.40531 ms
Run 10

 CPU ACCELERATED IMPLEMENTATION
--------------------------------------------------------------

Index  | Call Model | Call Actual | Put Model  | Put Actual
--------------------------------------------------------------
0      | 47.0810    | 51.7000    | 31.5711    | 29.6500   
1      | 47.8232    | 53.6500    | 28.2495    | 27.3750   
2      | 49.1526    | 56.4000    | 25.6025    | 25.3500   
3      | 50.8109    | 59.9750    | 22.7098    | 23.2750   
4      | 52.0763    | 63.1750    | 20.0221    | 21.2000   
5      | 53.1939    | 66.3250    | 18.0244    | 19.5250   
6      | 54.2875    | 69.7250    | 16.0450    | 17.7500   
7      | 55.0939    | 72.9000    | 14.2793    | 16.1500   
8      | 45.4291    | 48.7500    | 34.9074    | 31.9000   
9      | 44.0685    | 46.3750    | 38.7044    | 34.3250   

PSTEPS = 80, TSTEPS = 100000

TIME TAKEN = 209.05708 ms
