Benchmarking: black_scholes_base with p=40, t=90000
Run 1

BASIC IMPLEMENTATION
--------------------------------------------------------------

Index  | Call Model | Call Actual | Put Model  | Put Actual
--------------------------------------------------------------
0      | 45.6393    | 51.7000    | 32.9393    | 29.6500   
1      | 46.1552    | 53.6500    | 29.8188    | 27.3750   
2      | 47.1409    | 56.4000    | 27.2627    | 25.3500   
3      | 48.3760    | 59.9750    | 24.3799    | 23.2750   
4      | 49.3423    | 63.1750    | 21.7799    | 21.2000   
5      | 50.2132    | 66.3250    | 19.8947    | 19.5250   
6      | 50.9420    | 69.7250    | 17.8879    | 17.7500   
7      | 51.3780    | 72.9000    | 16.0576    | 16.1500   
8      | 44.3192    | 48.7500    | 36.1073    | 31.9000   
9      | 43.3608    | 46.3750    | 39.8024    | 34.3250   

PSTEPS = 40, TSTEPS = 90000

TIME TAKEN = 1255.28438 ms
Run 2

BASIC IMPLEMENTATION
--------------------------------------------------------------

Index  | Call Model | Call Actual | Put Model  | Put Actual
--------------------------------------------------------------
0      | 45.6393    | 51.7000    | 32.9393    | 29.6500   
1      | 46.1552    | 53.6500    | 29.8188    | 27.3750   
2      | 47.1409    | 56.4000    | 27.2627    | 25.3500   
3      | 48.3760    | 59.9750    | 24.3799    | 23.2750   
4      | 49.3423    | 63.1750    | 21.7799    | 21.2000   
5      | 50.2132    | 66.3250    | 19.8947    | 19.5250   
6      | 50.9420    | 69.7250    | 17.8879    | 17.7500   
7      | 51.3780    | 72.9000    | 16.0576    | 16.1500   
8      | 44.3192    | 48.7500    | 36.1073    | 31.9000   
9      | 43.3608    | 46.3750    | 39.8024    | 34.3250   

PSTEPS = 40, TSTEPS = 90000

TIME TAKEN = 1224.77187 ms
Run 3

BASIC IMPLEMENTATION
--------------------------------------------------------------

Index  | Call Model | Call Actual | Put Model  | Put Actual
--------------------------------------------------------------
0      | 45.6393    | 51.7000    | 32.9393    | 29.6500   
1      | 46.1552    | 53.6500    | 29.8188    | 27.3750   
2      | 47.1409    | 56.4000    | 27.2627    | 25.3500   
3      | 48.3760    | 59.9750    | 24.3799    | 23.2750   
4      | 49.3423    | 63.1750    | 21.7799    | 21.2000   
5      | 50.2132    | 66.3250    | 19.8947    | 19.5250   
6      | 50.9420    | 69.7250    | 17.8879    | 17.7500   
7      | 51.3780    | 72.9000    | 16.0576    | 16.1500   
8      | 44.3192    | 48.7500    | 36.1073    | 31.9000   
9      | 43.3608    | 46.3750    | 39.8024    | 34.3250   

PSTEPS = 40, TSTEPS = 90000

TIME TAKEN = 1249.97462 ms
Run 4

BASIC IMPLEMENTATION
--------------------------------------------------------------

Index  | Call Model | Call Actual | Put Model  | Put Actual
--------------------------------------------------------------
0      | 45.6393    | 51.7000    | 32.9393    | 29.6500   
1      | 46.1552    | 53.6500    | 29.8188    | 27.3750   
2      | 47.1409    | 56.4000    | 27.2627    | 25.3500   
3      | 48.3760    | 59.9750    | 24.3799    | 23.2750   
4      | 49.3423    | 63.1750    | 21.7799    | 21.2000   
5      | 50.2132    | 66.3250    | 19.8947    | 19.5250   
6      | 50.9420    | 69.7250    | 17.8879    | 17.7500   
7      | 51.3780    | 72.9000    | 16.0576    | 16.1500   
8      | 44.3192    | 48.7500    | 36.1073    | 31.9000   
9      | 43.3608    | 46.3750    | 39.8024    | 34.3250   

PSTEPS = 40, TSTEPS = 90000

TIME TAKEN = 1261.44499 ms
Run 5

BASIC IMPLEMENTATION
--------------------------------------------------------------

Index  | Call Model | Call Actual | Put Model  | Put Actual
--------------------------------------------------------------
0      | 45.6393    | 51.7000    | 32.9393    | 29.6500   
1      | 46.1552    | 53.6500    | 29.8188    | 27.3750   
2      | 47.1409    | 56.4000    | 27.2627    | 25.3500   
3      | 48.3760    | 59.9750    | 24.3799    | 23.2750   
4      | 49.3423    | 63.1750    | 21.7799    | 21.2000   
5      | 50.2132    | 66.3250    | 19.8947    | 19.5250   
6      | 50.9420    | 69.7250    | 17.8879    | 17.7500   
7      | 51.3780    | 72.9000    | 16.0576    | 16.1500   
8      | 44.3192    | 48.7500    | 36.1073    | 31.9000   
9      | 43.3608    | 46.3750    | 39.8024    | 34.3250   

PSTEPS = 40, TSTEPS = 90000

TIME TAKEN = 1267.77364 ms
Run 6

BASIC IMPLEMENTATION
--------------------------------------------------------------

Index  | Call Model | Call Actual | Put Model  | Put Actual
--------------------------------------------------------------
0      | 45.6393    | 51.7000    | 32.9393    | 29.6500   
1      | 46.1552    | 53.6500    | 29.8188    | 27.3750   
2      | 47.1409    | 56.4000    | 27.2627    | 25.3500   
3      | 48.3760    | 59.9750    | 24.3799    | 23.2750   
4      | 49.3423    | 63.1750    | 21.7799    | 21.2000   
5      | 50.2132    | 66.3250    | 19.8947    | 19.5250   
6      | 50.9420    | 69.7250    | 17.8879    | 17.7500   
7      | 51.3780    | 72.9000    | 16.0576    | 16.1500   
8      | 44.3192    | 48.7500    | 36.1073    | 31.9000   
9      | 43.3608    | 46.3750    | 39.8024    | 34.3250   

PSTEPS = 40, TSTEPS = 90000

TIME TAKEN = 1271.09838 ms
Run 7

BASIC IMPLEMENTATION
--------------------------------------------------------------

Index  | Call Model | Call Actual | Put Model  | Put Actual
--------------------------------------------------------------
0      | 45.6393    | 51.7000    | 32.9393    | 29.6500   
1      | 46.1552    | 53.6500    | 29.8188    | 27.3750   
2      | 47.1409    | 56.4000    | 27.2627    | 25.3500   
3      | 48.3760    | 59.9750    | 24.3799    | 23.2750   
4      | 49.3423    | 63.1750    | 21.7799    | 21.2000   
5      | 50.2132    | 66.3250    | 19.8947    | 19.5250   
6      | 50.9420    | 69.7250    | 17.8879    | 17.7500   
7      | 51.3780    | 72.9000    | 16.0576    | 16.1500   
8      | 44.3192    | 48.7500    | 36.1073    | 31.9000   
9      | 43.3608    | 46.3750    | 39.8024    | 34.3250   

PSTEPS = 40, TSTEPS = 90000

TIME TAKEN = 1269.76156 ms
Run 8

BASIC IMPLEMENTATION
--------------------------------------------------------------

Index  | Call Model | Call Actual | Put Model  | Put Actual
--------------------------------------------------------------
0      | 45.6393    | 51.7000    | 32.9393    | 29.6500   
1      | 46.1552    | 53.6500    | 29.8188    | 27.3750   
2      | 47.1409    | 56.4000    | 27.2627    | 25.3500   
3      | 48.3760    | 59.9750    | 24.3799    | 23.2750   
4      | 49.3423    | 63.1750    | 21.7799    | 21.2000   
5      | 50.2132    | 66.3250    | 19.8947    | 19.5250   
6      | 50.9420    | 69.7250    | 17.8879    | 17.7500   
7      | 51.3780    | 72.9000    | 16.0576    | 16.1500   
8      | 44.3192    | 48.7500    | 36.1073    | 31.9000   
9      | 43.3608    | 46.3750    | 39.8024    | 34.3250   

PSTEPS = 40, TSTEPS = 90000

TIME TAKEN = 1263.17172 ms
Run 9

BASIC IMPLEMENTATION
--------------------------------------------------------------

Index  | Call Model | Call Actual | Put Model  | Put Actual
--------------------------------------------------------------
0      | 45.6393    | 51.7000    | 32.9393    | 29.6500   
1      | 46.1552    | 53.6500    | 29.8188    | 27.3750   
2      | 47.1409    | 56.4000    | 27.2627    | 25.3500   
3      | 48.3760    | 59.9750    | 24.3799    | 23.2750   
4      | 49.3423    | 63.1750    | 21.7799    | 21.2000   
5      | 50.2132    | 66.3250    | 19.8947    | 19.5250   
6      | 50.9420    | 69.7250    | 17.8879    | 17.7500   
7      | 51.3780    | 72.9000    | 16.0576    | 16.1500   
8      | 44.3192    | 48.7500    | 36.1073    | 31.9000   
9      | 43.3608    | 46.3750    | 39.8024    | 34.3250   

PSTEPS = 40, TSTEPS = 90000

TIME TAKEN = 1285.19156 ms
Run 10

BASIC IMPLEMENTATION
--------------------------------------------------------------

Index  | Call Model | Call Actual | Put Model  | Put Actual
--------------------------------------------------------------
0      | 45.6393    | 51.7000    | 32.9393    | 29.6500   
1      | 46.1552    | 53.6500    | 29.8188    | 27.3750   
2      | 47.1409    | 56.4000    | 27.2627    | 25.3500   
3      | 48.3760    | 59.9750    | 24.3799    | 23.2750   
4      | 49.3423    | 63.1750    | 21.7799    | 21.2000   
5      | 50.2132    | 66.3250    | 19.8947    | 19.5250   
6      | 50.9420    | 69.7250    | 17.8879    | 17.7500   
7      | 51.3780    | 72.9000    | 16.0576    | 16.1500   
8      | 44.3192    | 48.7500    | 36.1073    | 31.9000   
9      | 43.3608    | 46.3750    | 39.8024    | 34.3250   

PSTEPS = 40, TSTEPS = 90000

TIME TAKEN = 1291.77834 ms
