Benchmarking: black_scholes_hybrid1 with p=100, t=30000
Run 1

 HYBRID IMPLEMENTATION 1
--------------------------------------------------------------

Index  | Call Model | Call Actual | Put Model  | Put Actual
--------------------------------------------------------------
0      | 47.7780    | 51.7000    | 31.0197    | 29.6500   
1      | 44.8843    | 53.6500    | 27.6519    | 27.3750   
2      | 50.1742    | 56.4000    | 24.9303    | 25.3500   
3      | 52.0290    | 59.9750    | 22.0093    | 23.2750   
4      | 53.4633    | 63.1750    | 19.2891    | 21.2000   
5      | 54.7578    | 66.3250    | 17.2808    | 19.5250   
6      | 56.0024    | 69.7250    | 15.2751    | 17.7500   
7      | 57.0034    | 72.9000    | 13.5427    | 16.1500   
8      | 45.9515    | 48.7500    | 34.4393    | 31.9000   
9      | 44.4485    | 46.3750    | 38.3539    | 34.3250   

PSTEPS = 100, TSTEPS = 30000

TIME TAKEN = 372.22398 ms
Run 2

 HYBRID IMPLEMENTATION 1
--------------------------------------------------------------

Index  | Call Model | Call Actual | Put Model  | Put Actual
--------------------------------------------------------------
0      | 47.7780    | 51.7000    | 31.0197    | 29.6500   
1      | 48.6944    | 53.6500    | 27.6519    | 27.3750   
2      | 50.1742    | 56.4000    | 24.9303    | 25.3500   
3      | 52.0290    | 59.9750    | 22.0093    | 23.2750   
4      | 53.4634    | 63.1750    | 19.2891    | 21.2000   
5      | 54.7578    | 66.3250    | 17.2808    | 19.5250   
6      | 56.0024    | 69.7250    | 15.2751    | 17.7500   
7      | 57.0034    | 72.9000    | 13.5427    | 16.1500   
8      | 45.9515    | 48.7500    | 34.4393    | 31.9000   
9      | 44.4485    | 46.3750    | 38.3539    | 34.3250   

PSTEPS = 100, TSTEPS = 30000

TIME TAKEN = 333.08303 ms
Run 3

 HYBRID IMPLEMENTATION 1
--------------------------------------------------------------

Index  | Call Model | Call Actual | Put Model  | Put Actual
--------------------------------------------------------------
0      | 47.7780    | 51.7000    | 31.0197    | 29.6500   
1      | 48.6944    | 53.6500    | 27.6519    | 27.3750   
2      | 50.1742    | 56.4000    | 24.9303    | 25.3500   
3      | 52.0290    | 59.9750    | 22.0093    | 23.2750   
4      | 53.4634    | 63.1750    | 19.2891    | 21.2000   
5      | 54.5400    | 66.3250    | 17.2808    | 19.5250   
6      | 56.0024    | 69.7250    | 15.2751    | 17.7500   
7      | 57.0034    | 72.9000    | 13.5427    | 16.1500   
8      | 45.9515    | 48.7500    | 34.4393    | 31.9000   
9      | 44.4485    | 46.3750    | 38.3539    | 34.3250   

PSTEPS = 100, TSTEPS = 30000

TIME TAKEN = 338.05921 ms
Run 4

 HYBRID IMPLEMENTATION 1
--------------------------------------------------------------

Index  | Call Model | Call Actual | Put Model  | Put Actual
--------------------------------------------------------------
0      | 47.7780    | 51.7000    | 31.0197    | 29.6500   
1      | 43.2889    | 53.6500    | 27.6519    | 27.3750   
2      | 50.1742    | 56.4000    | 24.9303    | 25.3500   
3      | 52.0290    | 59.9750    | 22.0093    | 23.2750   
4      | 53.4634    | 63.1750    | 19.2891    | 21.2000   
5      | 54.7578    | 66.3250    | 17.2808    | 19.5250   
6      | 56.0024    | 69.7250    | 15.2751    | 17.7500   
7      | 57.0034    | 72.9000    | 13.5427    | 16.1500   
8      | 45.9515    | 48.7500    | 34.4393    | 31.9000   
9      | 44.4485    | 46.3750    | 38.3539    | 34.3250   

PSTEPS = 100, TSTEPS = 30000

TIME TAKEN = 327.80939 ms
Run 5

 HYBRID IMPLEMENTATION 1
--------------------------------------------------------------

Index  | Call Model | Call Actual | Put Model  | Put Actual
--------------------------------------------------------------
0      | 47.7780    | 51.7000    | 31.0197    | 29.6500   
1      | 43.7667    | 53.6500    | 27.6519    | 27.3750   
2      | 50.1742    | 56.4000    | 24.9303    | 25.3500   
3      | 52.0290    | 59.9750    | 22.0093    | 23.2750   
4      | 53.4634    | 63.1750    | 19.2891    | 21.2000   
5      | 54.7578    | 66.3250    | 17.2808    | 19.5250   
6      | 56.0024    | 69.7250    | 15.2751    | 17.7500   
7      | 57.0034    | 72.9000    | 13.5427    | 16.1500   
8      | 45.9515    | 48.7500    | 34.4393    | 31.9000   
9      | 44.4485    | 46.3750    | 38.3539    | 34.3250   

PSTEPS = 100, TSTEPS = 30000

TIME TAKEN = 335.39531 ms
Run 6

 HYBRID IMPLEMENTATION 1
--------------------------------------------------------------

Index  | Call Model | Call Actual | Put Model  | Put Actual
--------------------------------------------------------------
0      | 47.7780    | 51.7000    | 31.0197    | 29.6500   
1      | 43.6836    | 53.6500    | 27.6519    | 27.3750   
2      | 50.1742    | 56.4000    | 24.9303    | 25.3500   
3      | 52.0290    | 59.9750    | 22.0093    | 23.2750   
4      | 53.4634    | 63.1750    | 19.2891    | 21.2000   
5      | 54.7578    | 66.3250    | 17.2808    | 19.5250   
6      | 56.0024    | 69.7250    | 15.2751    | 17.7500   
7      | 57.0034    | 72.9000    | 13.5427    | 16.1500   
8      | 45.9515    | 48.7500    | 34.4393    | 31.9000   
9      | 44.4485    | 46.3750    | 38.3539    | 34.3250   

PSTEPS = 100, TSTEPS = 30000

TIME TAKEN = 328.78848 ms
Run 7

 HYBRID IMPLEMENTATION 1
--------------------------------------------------------------

Index  | Call Model | Call Actual | Put Model  | Put Actual
--------------------------------------------------------------
0      | 47.7780    | 51.7000    | 31.0197    | 29.6500   
1      | 48.6944    | 53.6500    | 27.6519    | 27.3750   
2      | 50.1742    | 56.4000    | 24.9303    | 25.3500   
3      | 52.0290    | 59.9750    | 22.0093    | 23.2750   
4      | 53.4634    | 63.1750    | 19.2891    | 21.2000   
5      | 54.7578    | 66.3250    | 17.2808    | 19.5250   
6      | 56.0024    | 69.7250    | 15.2751    | 17.7500   
7      | 51.9522    | 72.9000    | 13.5427    | 16.1500   
8      | 45.9515    | 48.7500    | 34.4393    | 31.9000   
9      | 44.4485    | 46.3750    | 38.3539    | 34.3250   

PSTEPS = 100, TSTEPS = 30000

TIME TAKEN = 331.04322 ms
Run 8

 HYBRID IMPLEMENTATION 1
--------------------------------------------------------------

Index  | Call Model | Call Actual | Put Model  | Put Actual
--------------------------------------------------------------
0      | 47.7779    | 51.7000    | 31.0197    | 29.6500   
1      | 48.6944    | 53.6500    | 27.6519    | 27.3750   
2      | 50.1742    | 56.4000    | 24.9303    | 25.3500   
3      | 52.0290    | 59.9750    | 22.0093    | 23.2750   
4      | 53.4482    | 63.1750    | 19.2891    | 21.2000   
5      | 54.7578    | 66.3250    | 17.2808    | 19.5250   
6      | 56.0024    | 69.7250    | 15.2751    | 17.7500   
7      | 57.0034    | 72.9000    | 13.5427    | 16.1500   
8      | 45.9515    | 48.7500    | 34.4393    | 31.9000   
9      | 44.4485    | 46.3750    | 38.3539    | 34.3250   

PSTEPS = 100, TSTEPS = 30000

TIME TAKEN = 340.31452 ms
Run 9

 HYBRID IMPLEMENTATION 1
--------------------------------------------------------------

Index  | Call Model | Call Actual | Put Model  | Put Actual
--------------------------------------------------------------
0      | 47.7780    | 51.7000    | 31.0197    | 29.6500   
1      | 48.6944    | 53.6500    | 27.6519    | 27.3750   
2      | 50.1742    | 56.4000    | 24.9303    | 25.3500   
3      | 52.0290    | 59.9750    | 22.0093    | 23.2750   
4      | 53.4634    | 63.1750    | 19.2891    | 21.2000   
5      | 54.7572    | 66.3250    | 17.2808    | 19.5250   
6      | 56.0024    | 69.7250    | 15.2751    | 17.7500   
7      | 57.0034    | 72.9000    | 13.5427    | 16.1500   
8      | 45.9515    | 48.7500    | 34.4393    | 31.9000   
9      | 44.4485    | 46.3750    | 38.3539    | 34.3250   

PSTEPS = 100, TSTEPS = 30000

TIME TAKEN = 323.88963 ms
Run 10

 HYBRID IMPLEMENTATION 1
--------------------------------------------------------------

Index  | Call Model | Call Actual | Put Model  | Put Actual
--------------------------------------------------------------
0      | 47.7780    | 51.7000    | 31.0197    | 29.6500   
1      | 47.3218    | 53.6500    | 27.6519    | 27.3750   
2      | 50.1742    | 56.4000    | 24.9303    | 25.3500   
3      | 52.0290    | 59.9750    | 22.0093    | 23.2750   
4      | 53.4634    | 63.1750    | 19.2891    | 21.2000   
5      | 54.7578    | 66.3250    | 17.2808    | 19.5250   
6      | 55.2835    | 69.7250    | 15.2751    | 17.7500   
7      | 57.0034    | 72.9000    | 13.5427    | 16.1500   
8      | 45.9515    | 48.7500    | 34.4393    | 31.9000   
9      | 44.4485    | 46.3750    | 38.3539    | 34.3250   

PSTEPS = 100, TSTEPS = 30000

TIME TAKEN = 360.30617 ms
