Benchmarking: black_scholes_gpu with p=100, t=100000
Run 1

 GPU ACCELERATED IMPLEMENTATION
--------------------------------------------------------------

Index  | Call Model | Call Actual | Put Model  | Put Actual
--------------------------------------------------------------
0      | 47.7778    | 51.7000    | 31.0196    | 29.6500   
1      | 48.6943    | 53.6500    | 27.6518    | 27.3750   
2      | 50.1741    | 56.4000    | 24.9302    | 25.3500   
3      | 52.0289    | 59.9750    | 22.0092    | 23.2750   
4      | 53.4632    | 63.1750    | 19.2890    | 21.2000   
5      | 54.7577    | 66.3250    | 17.2807    | 19.5250   
6      | 56.0023    | 69.7250    | 15.2750    | 17.7500   
7      | 57.0033    | 72.9000    | 13.5426    | 16.1500   
8      | 45.9514    | 48.7500    | 34.4392    | 31.9000   
9      | 44.4483    | 46.3750    | 38.3539    | 34.3250   

PSTEPS = 100, TSTEPS = 100000

TIME TAKEN = 327.12097 ms
Run 2

 GPU ACCELERATED IMPLEMENTATION
--------------------------------------------------------------

Index  | Call Model | Call Actual | Put Model  | Put Actual
--------------------------------------------------------------
0      | 47.7778    | 51.7000    | 31.0196    | 29.6500   
1      | 48.6943    | 53.6500    | 27.6518    | 27.3750   
2      | 50.1741    | 56.4000    | 24.9302    | 25.3500   
3      | 52.0289    | 59.9750    | 22.0092    | 23.2750   
4      | 53.4632    | 63.1750    | 19.2890    | 21.2000   
5      | 54.7577    | 66.3250    | 17.2807    | 19.5250   
6      | 56.0023    | 69.7250    | 15.2750    | 17.7500   
7      | 57.0033    | 72.9000    | 13.5426    | 16.1500   
8      | 45.9514    | 48.7500    | 34.4392    | 31.9000   
9      | 44.4483    | 46.3750    | 38.3539    | 34.3250   

PSTEPS = 100, TSTEPS = 100000

TIME TAKEN = 336.08231 ms
Run 3

 GPU ACCELERATED IMPLEMENTATION
--------------------------------------------------------------

Index  | Call Model | Call Actual | Put Model  | Put Actual
--------------------------------------------------------------
0      | 47.7778    | 51.7000    | 31.0196    | 29.6500   
1      | 48.6943    | 53.6500    | 27.6518    | 27.3750   
2      | 50.1741    | 56.4000    | 24.9302    | 25.3500   
3      | 52.0289    | 59.9750    | 22.0092    | 23.2750   
4      | 53.4632    | 63.1750    | 19.2890    | 21.2000   
5      | 54.7577    | 66.3250    | 17.2807    | 19.5250   
6      | 56.0023    | 69.7250    | 15.2750    | 17.7500   
7      | 57.0033    | 72.9000    | 13.5426    | 16.1500   
8      | 45.9514    | 48.7500    | 34.4392    | 31.9000   
9      | 44.4483    | 46.3750    | 38.3539    | 34.3250   

PSTEPS = 100, TSTEPS = 100000

TIME TAKEN = 350.91772 ms
Run 4

 GPU ACCELERATED IMPLEMENTATION
--------------------------------------------------------------

Index  | Call Model | Call Actual | Put Model  | Put Actual
--------------------------------------------------------------
0      | 47.7778    | 51.7000    | 31.0196    | 29.6500   
1      | 48.6943    | 53.6500    | 27.6518    | 27.3750   
2      | 50.1741    | 56.4000    | 24.9302    | 25.3500   
3      | 52.0289    | 59.9750    | 22.0092    | 23.2750   
4      | 53.4632    | 63.1750    | 19.2890    | 21.2000   
5      | 54.7577    | 66.3250    | 17.2807    | 19.5250   
6      | 56.0023    | 69.7250    | 15.2750    | 17.7500   
7      | 57.0033    | 72.9000    | 13.5426    | 16.1500   
8      | 45.9514    | 48.7500    | 34.4392    | 31.9000   
9      | 44.4483    | 46.3750    | 38.3539    | 34.3250   

PSTEPS = 100, TSTEPS = 100000

TIME TAKEN = 334.70074 ms
Run 5

 GPU ACCELERATED IMPLEMENTATION
--------------------------------------------------------------

Index  | Call Model | Call Actual | Put Model  | Put Actual
--------------------------------------------------------------
0      | 47.7778    | 51.7000    | 31.0196    | 29.6500   
1      | 48.6943    | 53.6500    | 27.6518    | 27.3750   
2      | 50.1741    | 56.4000    | 24.9302    | 25.3500   
3      | 52.0289    | 59.9750    | 22.0092    | 23.2750   
4      | 53.4632    | 63.1750    | 19.2890    | 21.2000   
5      | 54.7577    | 66.3250    | 17.2807    | 19.5250   
6      | 56.0023    | 69.7250    | 15.2750    | 17.7500   
7      | 57.0033    | 72.9000    | 13.5426    | 16.1500   
8      | 45.9514    | 48.7500    | 34.4392    | 31.9000   
9      | 44.4483    | 46.3750    | 38.3539    | 34.3250   

PSTEPS = 100, TSTEPS = 100000

TIME TAKEN = 344.52899 ms
Run 6

 GPU ACCELERATED IMPLEMENTATION
--------------------------------------------------------------

Index  | Call Model | Call Actual | Put Model  | Put Actual
--------------------------------------------------------------
0      | 47.7778    | 51.7000    | 31.0196    | 29.6500   
1      | 48.6943    | 53.6500    | 27.6518    | 27.3750   
2      | 50.1741    | 56.4000    | 24.9302    | 25.3500   
3      | 52.0289    | 59.9750    | 22.0092    | 23.2750   
4      | 53.4632    | 63.1750    | 19.2890    | 21.2000   
5      | 54.7577    | 66.3250    | 17.2807    | 19.5250   
6      | 56.0023    | 69.7250    | 15.2750    | 17.7500   
7      | 57.0033    | 72.9000    | 13.5426    | 16.1500   
8      | 45.9514    | 48.7500    | 34.4392    | 31.9000   
9      | 44.4483    | 46.3750    | 38.3539    | 34.3250   

PSTEPS = 100, TSTEPS = 100000

TIME TAKEN = 319.97997 ms
Run 7

 GPU ACCELERATED IMPLEMENTATION
--------------------------------------------------------------

Index  | Call Model | Call Actual | Put Model  | Put Actual
--------------------------------------------------------------
0      | 47.7778    | 51.7000    | 31.0196    | 29.6500   
1      | 48.6943    | 53.6500    | 27.6518    | 27.3750   
2      | 50.1741    | 56.4000    | 24.9302    | 25.3500   
3      | 52.0289    | 59.9750    | 22.0092    | 23.2750   
4      | 53.4632    | 63.1750    | 19.2890    | 21.2000   
5      | 54.7577    | 66.3250    | 17.2807    | 19.5250   
6      | 56.0023    | 69.7250    | 15.2750    | 17.7500   
7      | 57.0033    | 72.9000    | 13.5426    | 16.1500   
8      | 45.9514    | 48.7500    | 34.4392    | 31.9000   
9      | 44.4483    | 46.3750    | 38.3539    | 34.3250   

PSTEPS = 100, TSTEPS = 100000

TIME TAKEN = 325.16101 ms
Run 8

 GPU ACCELERATED IMPLEMENTATION
--------------------------------------------------------------

Index  | Call Model | Call Actual | Put Model  | Put Actual
--------------------------------------------------------------
0      | 47.7778    | 51.7000    | 31.0196    | 29.6500   
1      | 48.6943    | 53.6500    | 27.6518    | 27.3750   
2      | 50.1741    | 56.4000    | 24.9302    | 25.3500   
3      | 52.0289    | 59.9750    | 22.0092    | 23.2750   
4      | 53.4632    | 63.1750    | 19.2890    | 21.2000   
5      | 54.7577    | 66.3250    | 17.2807    | 19.5250   
6      | 56.0023    | 69.7250    | 15.2750    | 17.7500   
7      | 57.0033    | 72.9000    | 13.5426    | 16.1500   
8      | 45.9514    | 48.7500    | 34.4392    | 31.9000   
9      | 44.4483    | 46.3750    | 38.3539    | 34.3250   

PSTEPS = 100, TSTEPS = 100000

TIME TAKEN = 338.65846 ms
Run 9

 GPU ACCELERATED IMPLEMENTATION
--------------------------------------------------------------

Index  | Call Model | Call Actual | Put Model  | Put Actual
--------------------------------------------------------------
0      | 47.7778    | 51.7000    | 31.0196    | 29.6500   
1      | 48.6943    | 53.6500    | 27.6518    | 27.3750   
2      | 50.1741    | 56.4000    | 24.9302    | 25.3500   
3      | 52.0289    | 59.9750    | 22.0092    | 23.2750   
4      | 53.4632    | 63.1750    | 19.2890    | 21.2000   
5      | 54.7577    | 66.3250    | 17.2807    | 19.5250   
6      | 56.0023    | 69.7250    | 15.2750    | 17.7500   
7      | 57.0033    | 72.9000    | 13.5426    | 16.1500   
8      | 45.9514    | 48.7500    | 34.4392    | 31.9000   
9      | 44.4483    | 46.3750    | 38.3539    | 34.3250   

PSTEPS = 100, TSTEPS = 100000

TIME TAKEN = 337.77611 ms
Run 10

 GPU ACCELERATED IMPLEMENTATION
--------------------------------------------------------------

Index  | Call Model | Call Actual | Put Model  | Put Actual
--------------------------------------------------------------
0      | 47.7778    | 51.7000    | 31.0196    | 29.6500   
1      | 48.6943    | 53.6500    | 27.6518    | 27.3750   
2      | 50.1741    | 56.4000    | 24.9302    | 25.3500   
3      | 52.0289    | 59.9750    | 22.0092    | 23.2750   
4      | 53.4632    | 63.1750    | 19.2890    | 21.2000   
5      | 54.7577    | 66.3250    | 17.2807    | 19.5250   
6      | 56.0023    | 69.7250    | 15.2750    | 17.7500   
7      | 57.0033    | 72.9000    | 13.5426    | 16.1500   
8      | 45.9514    | 48.7500    | 34.4392    | 31.9000   
9      | 44.4483    | 46.3750    | 38.3539    | 34.3250   

PSTEPS = 100, TSTEPS = 100000

TIME TAKEN = 335.73303 ms
