Benchmarking: black_scholes_base with p=20, t=60000
Run 1

BASIC IMPLEMENTATION
--------------------------------------------------------------

Index  | Call Model | Call Actual | Put Model  | Put Actual
--------------------------------------------------------------
0      | 45.0875    | 51.7000    | 35.1063    | 29.6500   
1      | 45.2910    | 53.6500    | 31.8381    | 27.3750   
2      | 45.9652    | 56.4000    | 29.1410    | 25.3500   
3      | 46.8975    | 59.9750    | 26.1168    | 23.2750   
4      | 47.7937    | 63.1750    | 23.5894    | 21.2000   
5      | 48.6772    | 66.3250    | 21.8509    | 19.5250   
6      | 49.4042    | 69.7250    | 19.9648    | 17.7500   
7      | 49.8330    | 72.9000    | 18.2346    | 16.1500   
8      | 43.9256    | 48.7500    | 38.2333    | 31.9000   
9      | 42.9440    | 46.3750    | 41.7015    | 34.3250   

PSTEPS = 20, TSTEPS = 60000

TIME TAKEN = 246.72747 ms
Run 2

BASIC IMPLEMENTATION
--------------------------------------------------------------

Index  | Call Model | Call Actual | Put Model  | Put Actual
--------------------------------------------------------------
0      | 45.0875    | 51.7000    | 35.1063    | 29.6500   
1      | 45.2910    | 53.6500    | 31.8381    | 27.3750   
2      | 45.9652    | 56.4000    | 29.1410    | 25.3500   
3      | 46.8975    | 59.9750    | 26.1168    | 23.2750   
4      | 47.7937    | 63.1750    | 23.5894    | 21.2000   
5      | 48.6772    | 66.3250    | 21.8509    | 19.5250   
6      | 49.4042    | 69.7250    | 19.9648    | 17.7500   
7      | 49.8330    | 72.9000    | 18.2346    | 16.1500   
8      | 43.9256    | 48.7500    | 38.2333    | 31.9000   
9      | 42.9440    | 46.3750    | 41.7015    | 34.3250   

PSTEPS = 20, TSTEPS = 60000

TIME TAKEN = 252.90083 ms
Run 3

BASIC IMPLEMENTATION
--------------------------------------------------------------

Index  | Call Model | Call Actual | Put Model  | Put Actual
--------------------------------------------------------------
0      | 45.0875    | 51.7000    | 35.1063    | 29.6500   
1      | 45.2910    | 53.6500    | 31.8381    | 27.3750   
2      | 45.9652    | 56.4000    | 29.1410    | 25.3500   
3      | 46.8975    | 59.9750    | 26.1168    | 23.2750   
4      | 47.7937    | 63.1750    | 23.5894    | 21.2000   
5      | 48.6772    | 66.3250    | 21.8509    | 19.5250   
6      | 49.4042    | 69.7250    | 19.9648    | 17.7500   
7      | 49.8330    | 72.9000    | 18.2346    | 16.1500   
8      | 43.9256    | 48.7500    | 38.2333    | 31.9000   
9      | 42.9440    | 46.3750    | 41.7015    | 34.3250   

PSTEPS = 20, TSTEPS = 60000

TIME TAKEN = 310.02942 ms
Run 4

BASIC IMPLEMENTATION
--------------------------------------------------------------

Index  | Call Model | Call Actual | Put Model  | Put Actual
--------------------------------------------------------------
0      | 45.0875    | 51.7000    | 35.1063    | 29.6500   
1      | 45.2910    | 53.6500    | 31.8381    | 27.3750   
2      | 45.9652    | 56.4000    | 29.1410    | 25.3500   
3      | 46.8975    | 59.9750    | 26.1168    | 23.2750   
4      | 47.7937    | 63.1750    | 23.5894    | 21.2000   
5      | 48.6772    | 66.3250    | 21.8509    | 19.5250   
6      | 49.4042    | 69.7250    | 19.9648    | 17.7500   
7      | 49.8330    | 72.9000    | 18.2346    | 16.1500   
8      | 43.9256    | 48.7500    | 38.2333    | 31.9000   
9      | 42.9440    | 46.3750    | 41.7015    | 34.3250   

PSTEPS = 20, TSTEPS = 60000

TIME TAKEN = 253.50496 ms
Run 5

BASIC IMPLEMENTATION
--------------------------------------------------------------

Index  | Call Model | Call Actual | Put Model  | Put Actual
--------------------------------------------------------------
0      | 45.0875    | 51.7000    | 35.1063    | 29.6500   
1      | 45.2910    | 53.6500    | 31.8381    | 27.3750   
2      | 45.9652    | 56.4000    | 29.1410    | 25.3500   
3      | 46.8975    | 59.9750    | 26.1168    | 23.2750   
4      | 47.7937    | 63.1750    | 23.5894    | 21.2000   
5      | 48.6772    | 66.3250    | 21.8509    | 19.5250   
6      | 49.4042    | 69.7250    | 19.9648    | 17.7500   
7      | 49.8330    | 72.9000    | 18.2346    | 16.1500   
8      | 43.9256    | 48.7500    | 38.2333    | 31.9000   
9      | 42.9440    | 46.3750    | 41.7015    | 34.3250   

PSTEPS = 20, TSTEPS = 60000

TIME TAKEN = 256.29826 ms
Run 6

BASIC IMPLEMENTATION
--------------------------------------------------------------

Index  | Call Model | Call Actual | Put Model  | Put Actual
--------------------------------------------------------------
0      | 45.0875    | 51.7000    | 35.1063    | 29.6500   
1      | 45.2910    | 53.6500    | 31.8381    | 27.3750   
2      | 45.9652    | 56.4000    | 29.1410    | 25.3500   
3      | 46.8975    | 59.9750    | 26.1168    | 23.2750   
4      | 47.7937    | 63.1750    | 23.5894    | 21.2000   
5      | 48.6772    | 66.3250    | 21.8509    | 19.5250   
6      | 49.4042    | 69.7250    | 19.9648    | 17.7500   
7      | 49.8330    | 72.9000    | 18.2346    | 16.1500   
8      | 43.9256    | 48.7500    | 38.2333    | 31.9000   
9      | 42.9440    | 46.3750    | 41.7015    | 34.3250   

PSTEPS = 20, TSTEPS = 60000

TIME TAKEN = 253.00923 ms
Run 7

BASIC IMPLEMENTATION
--------------------------------------------------------------

Index  | Call Model | Call Actual | Put Model  | Put Actual
--------------------------------------------------------------
0      | 45.0875    | 51.7000    | 35.1063    | 29.6500   
1      | 45.2910    | 53.6500    | 31.8381    | 27.3750   
2      | 45.9652    | 56.4000    | 29.1410    | 25.3500   
3      | 46.8975    | 59.9750    | 26.1168    | 23.2750   
4      | 47.7937    | 63.1750    | 23.5894    | 21.2000   
5      | 48.6772    | 66.3250    | 21.8509    | 19.5250   
6      | 49.4042    | 69.7250    | 19.9648    | 17.7500   
7      | 49.8330    | 72.9000    | 18.2346    | 16.1500   
8      | 43.9256    | 48.7500    | 38.2333    | 31.9000   
9      | 42.9440    | 46.3750    | 41.7015    | 34.3250   

PSTEPS = 20, TSTEPS = 60000

TIME TAKEN = 252.44389 ms
Run 8

BASIC IMPLEMENTATION
--------------------------------------------------------------

Index  | Call Model | Call Actual | Put Model  | Put Actual
--------------------------------------------------------------
0      | 45.0875    | 51.7000    | 35.1063    | 29.6500   
1      | 45.2910    | 53.6500    | 31.8381    | 27.3750   
2      | 45.9652    | 56.4000    | 29.1410    | 25.3500   
3      | 46.8975    | 59.9750    | 26.1168    | 23.2750   
4      | 47.7937    | 63.1750    | 23.5894    | 21.2000   
5      | 48.6772    | 66.3250    | 21.8509    | 19.5250   
6      | 49.4042    | 69.7250    | 19.9648    | 17.7500   
7      | 49.8330    | 72.9000    | 18.2346    | 16.1500   
8      | 43.9256    | 48.7500    | 38.2333    | 31.9000   
9      | 42.9440    | 46.3750    | 41.7015    | 34.3250   

PSTEPS = 20, TSTEPS = 60000

TIME TAKEN = 256.24565 ms
Run 9

BASIC IMPLEMENTATION
--------------------------------------------------------------

Index  | Call Model | Call Actual | Put Model  | Put Actual
--------------------------------------------------------------
0      | 45.0875    | 51.7000    | 35.1063    | 29.6500   
1      | 45.2910    | 53.6500    | 31.8381    | 27.3750   
2      | 45.9652    | 56.4000    | 29.1410    | 25.3500   
3      | 46.8975    | 59.9750    | 26.1168    | 23.2750   
4      | 47.7937    | 63.1750    | 23.5894    | 21.2000   
5      | 48.6772    | 66.3250    | 21.8509    | 19.5250   
6      | 49.4042    | 69.7250    | 19.9648    | 17.7500   
7      | 49.8330    | 72.9000    | 18.2346    | 16.1500   
8      | 43.9256    | 48.7500    | 38.2333    | 31.9000   
9      | 42.9440    | 46.3750    | 41.7015    | 34.3250   

PSTEPS = 20, TSTEPS = 60000

TIME TAKEN = 253.21432 ms
Run 10

BASIC IMPLEMENTATION
--------------------------------------------------------------

Index  | Call Model | Call Actual | Put Model  | Put Actual
--------------------------------------------------------------
0      | 45.0875    | 51.7000    | 35.1063    | 29.6500   
1      | 45.2910    | 53.6500    | 31.8381    | 27.3750   
2      | 45.9652    | 56.4000    | 29.1410    | 25.3500   
3      | 46.8975    | 59.9750    | 26.1168    | 23.2750   
4      | 47.7937    | 63.1750    | 23.5894    | 21.2000   
5      | 48.6772    | 66.3250    | 21.8509    | 19.5250   
6      | 49.4042    | 69.7250    | 19.9648    | 17.7500   
7      | 49.8330    | 72.9000    | 18.2346    | 16.1500   
8      | 43.9256    | 48.7500    | 38.2333    | 31.9000   
9      | 42.9440    | 46.3750    | 41.7015    | 34.3250   

PSTEPS = 20, TSTEPS = 60000

TIME TAKEN = 308.36007 ms
