Benchmarking: black_scholes_hybrid2 with p=40, t=20000
Run 1

 HYBRID IMPLEMENTATION 2
--------------------------------------------------------------

Index  | Call Model | Call Actual | Put Model  | Put Actual
--------------------------------------------------------------
0      | 45.6395    | 51.7000    | 32.9395    | 29.6500   
1      | 46.1554    | 53.6500    | 29.8190    | 27.3750   
2      | 47.1412    | 56.4000    | 27.2629    | 25.3500   
3      | 48.3762    | 59.9750    | 24.3801    | 23.2750   
4      | 49.3425    | 63.1750    | 21.7801    | 21.2000   
5      | 50.2134    | 66.3250    | 19.8950    | 19.5250   
6      | 50.9421    | 69.7250    | 17.8882    | 17.7500   
7      | 51.3781    | 72.9000    | 16.0579    | 16.1500   
8      | 44.3194    | 48.7500    | 36.1074    | 31.9000   
9      | 43.3610    | 46.3750    | 39.8025    | 34.3250   

PSTEPS = 40, TSTEPS = 20000

TIME TAKEN = 265.27238 ms
Run 2

 HYBRID IMPLEMENTATION 2
--------------------------------------------------------------

Index  | Call Model | Call Actual | Put Model  | Put Actual
--------------------------------------------------------------
0      | 45.6395    | 51.7000    | 32.9395    | 29.6500   
1      | 46.1554    | 53.6500    | 29.8190    | 27.3750   
2      | 47.1412    | 56.4000    | 27.2629    | 25.3500   
3      | 48.3762    | 59.9750    | 24.3801    | 23.2750   
4      | 49.3425    | 63.1750    | 21.7801    | 21.2000   
5      | 50.2134    | 66.3250    | 19.8950    | 19.5250   
6      | 50.9421    | 69.7250    | 17.8882    | 17.7500   
7      | 51.3781    | 72.9000    | 16.0579    | 16.1500   
8      | 44.3194    | 48.7500    | 36.1074    | 31.9000   
9      | 43.3610    | 46.3750    | 39.8025    | 34.3250   

PSTEPS = 40, TSTEPS = 20000

TIME TAKEN = 288.83990 ms
Run 3

 HYBRID IMPLEMENTATION 2
--------------------------------------------------------------

Index  | Call Model | Call Actual | Put Model  | Put Actual
--------------------------------------------------------------
0      | 45.6395    | 51.7000    | 32.9395    | 29.6500   
1      | 46.1554    | 53.6500    | 29.8190    | 27.3750   
2      | 47.1412    | 56.4000    | 27.2629    | 25.3500   
3      | 48.3762    | 59.9750    | 24.3801    | 23.2750   
4      | 49.3425    | 63.1750    | 21.7801    | 21.2000   
5      | 50.2134    | 66.3250    | 19.8950    | 19.5250   
6      | 50.9421    | 69.7250    | 17.8882    | 17.7500   
7      | 51.3781    | 72.9000    | 16.0579    | 16.1500   
8      | 44.3194    | 48.7500    | 36.1074    | 31.9000   
9      | 43.3610    | 46.3750    | 39.8025    | 34.3250   

PSTEPS = 40, TSTEPS = 20000

TIME TAKEN = 288.50941 ms
Run 4

 HYBRID IMPLEMENTATION 2
--------------------------------------------------------------

Index  | Call Model | Call Actual | Put Model  | Put Actual
--------------------------------------------------------------
0      | 45.6395    | 51.7000    | 32.9395    | 29.6500   
1      | 46.1554    | 53.6500    | 29.8190    | 27.3750   
2      | 47.1412    | 56.4000    | 27.2629    | 25.3500   
3      | 48.3762    | 59.9750    | 24.3801    | 23.2750   
4      | 49.3425    | 63.1750    | 21.7801    | 21.2000   
5      | 50.2134    | 66.3250    | 19.8950    | 19.5250   
6      | 50.9421    | 69.7250    | 17.8882    | 17.7500   
7      | 51.3781    | 72.9000    | 16.0579    | 16.1500   
8      | 44.3194    | 48.7500    | 36.1074    | 31.9000   
9      | 43.3610    | 46.3750    | 39.8025    | 34.3250   

PSTEPS = 40, TSTEPS = 20000

TIME TAKEN = 266.73706 ms
Run 5

 HYBRID IMPLEMENTATION 2
--------------------------------------------------------------

Index  | Call Model | Call Actual | Put Model  | Put Actual
--------------------------------------------------------------
0      | 45.6395    | 51.7000    | 32.9395    | 29.6500   
1      | 46.1554    | 53.6500    | 29.8190    | 27.3750   
2      | 47.1412    | 56.4000    | 27.2629    | 25.3500   
3      | 48.3762    | 59.9750    | 24.3801    | 23.2750   
4      | 49.3425    | 63.1750    | 21.7801    | 21.2000   
5      | 50.2134    | 66.3250    | 19.8950    | 19.5250   
6      | 50.9421    | 69.7250    | 17.8882    | 17.7500   
7      | 51.3781    | 72.9000    | 16.0579    | 16.1500   
8      | 44.3194    | 48.7500    | 36.1074    | 31.9000   
9      | 43.3610    | 46.3750    | 39.8025    | 34.3250   

PSTEPS = 40, TSTEPS = 20000

TIME TAKEN = 358.75558 ms
Run 6

 HYBRID IMPLEMENTATION 2
--------------------------------------------------------------

Index  | Call Model | Call Actual | Put Model  | Put Actual
--------------------------------------------------------------
0      | 45.6395    | 51.7000    | 32.9395    | 29.6500   
1      | 46.1554    | 53.6500    | 29.8190    | 27.3750   
2      | 47.1412    | 56.4000    | 27.2629    | 25.3500   
3      | 48.3762    | 59.9750    | 24.3801    | 23.2750   
4      | 49.3425    | 63.1750    | 21.7801    | 21.2000   
5      | 50.2134    | 66.3250    | 19.8950    | 19.5250   
6      | 50.9421    | 69.7250    | 17.8882    | 17.7500   
7      | 51.3781    | 72.9000    | 16.0579    | 16.1500   
8      | 44.3194    | 48.7500    | 36.1074    | 31.9000   
9      | 43.3610    | 46.3750    | 39.8025    | 34.3250   

PSTEPS = 40, TSTEPS = 20000

TIME TAKEN = 381.55086 ms
Run 7

 HYBRID IMPLEMENTATION 2
--------------------------------------------------------------

Index  | Call Model | Call Actual | Put Model  | Put Actual
--------------------------------------------------------------
0      | 45.6395    | 51.7000    | 32.9395    | 29.6500   
1      | 46.1554    | 53.6500    | 29.8190    | 27.3750   
2      | 47.1412    | 56.4000    | 27.2629    | 25.3500   
3      | 48.3762    | 59.9750    | 24.3801    | 23.2750   
4      | 49.3425    | 63.1750    | 21.7801    | 21.2000   
5      | 50.2134    | 66.3250    | 19.8950    | 19.5250   
6      | 50.9421    | 69.7250    | 17.8882    | 17.7500   
7      | 51.3781    | 72.9000    | 16.0579    | 16.1500   
8      | 44.3194    | 48.7500    | 36.1074    | 31.9000   
9      | 43.3610    | 46.3750    | 39.8025    | 34.3250   

PSTEPS = 40, TSTEPS = 20000

TIME TAKEN = 269.06214 ms
Run 8

 HYBRID IMPLEMENTATION 2
--------------------------------------------------------------

Index  | Call Model | Call Actual | Put Model  | Put Actual
--------------------------------------------------------------
0      | 45.6395    | 51.7000    | 32.9395    | 29.6500   
1      | 46.1554    | 53.6500    | 29.8190    | 27.3750   
2      | 47.1412    | 56.4000    | 27.2629    | 25.3500   
3      | 48.3762    | 59.9750    | 24.3801    | 23.2750   
4      | 49.3425    | 63.1750    | 21.7801    | 21.2000   
5      | 50.2134    | 66.3250    | 19.8950    | 19.5250   
6      | 50.9421    | 69.7250    | 17.8882    | 17.7500   
7      | 51.3781    | 72.9000    | 16.0579    | 16.1500   
8      | 44.3194    | 48.7500    | 36.1074    | 31.9000   
9      | 43.3610    | 46.3750    | 39.8025    | 34.3250   

PSTEPS = 40, TSTEPS = 20000

TIME TAKEN = 289.82098 ms
Run 9

 HYBRID IMPLEMENTATION 2
--------------------------------------------------------------

Index  | Call Model | Call Actual | Put Model  | Put Actual
--------------------------------------------------------------
0      | 45.6395    | 51.7000    | 32.9395    | 29.6500   
1      | 46.1554    | 53.6500    | 29.8190    | 27.3750   
2      | 47.1412    | 56.4000    | 27.2629    | 25.3500   
3      | 48.3762    | 59.9750    | 24.3801    | 23.2750   
4      | 49.3425    | 63.1750    | 21.7801    | 21.2000   
5      | 50.2134    | 66.3250    | 19.8950    | 19.5250   
6      | 50.9421    | 69.7250    | 17.8882    | 17.7500   
7      | 51.3781    | 72.9000    | 16.0579    | 16.1500   
8      | 44.3194    | 48.7500    | 36.1074    | 31.9000   
9      | 43.3610    | 46.3750    | 39.8025    | 34.3250   

PSTEPS = 40, TSTEPS = 20000

TIME TAKEN = 267.32459 ms
Run 10

 HYBRID IMPLEMENTATION 2
--------------------------------------------------------------

Index  | Call Model | Call Actual | Put Model  | Put Actual
--------------------------------------------------------------
0      | 45.6395    | 51.7000    | 32.9395    | 29.6500   
1      | 46.1554    | 53.6500    | 29.8190    | 27.3750   
2      | 47.1412    | 56.4000    | 27.2629    | 25.3500   
3      | 48.3762    | 59.9750    | 24.3801    | 23.2750   
4      | 49.3425    | 63.1750    | 21.7801    | 21.2000   
5      | 50.2134    | 66.3250    | 19.8950    | 19.5250   
6      | 50.9421    | 69.7250    | 17.8882    | 17.7500   
7      | 51.3781    | 72.9000    | 16.0579    | 16.1500   
8      | 44.3194    | 48.7500    | 36.1074    | 31.9000   
9      | 43.3610    | 46.3750    | 39.8025    | 34.3250   

PSTEPS = 40, TSTEPS = 20000

TIME TAKEN = 311.34435 ms
