Benchmarking: black_scholes_base with p=140, t=70000
Run 1

BASIC IMPLEMENTATION
--------------------------------------------------------------

Index  | Call Model | Call Actual | Put Model  | Put Actual
--------------------------------------------------------------
0      | 49.1963    | 51.7000    | 29.9947    | 29.6500   
1      | 50.4372    | 53.6500    | 26.5055    | 27.3750   
2      | 52.2839    | 56.4000    | 23.6946    | 25.3500   
3      | 54.5134    | 59.9750    | 20.6928    | 23.2750   
4      | 56.3067    | 63.1750    | 17.9220    | 21.2000   
5      | 57.9637    | 66.3250    | 15.8938    | 19.5250   
6      | 59.5591    | 69.7250    | 13.8765    | 17.7500   
7      | 60.8940    | 72.9000    | 12.1464    | 16.1500   
8      | 47.0182    | 48.7500    | 33.5832    | 31.9000   
9      | 45.1756    | 46.3750    | 37.6817    | 34.3250   

PSTEPS = 140, TSTEPS = 70000

TIME TAKEN = 3649.39797 ms
Run 2

BASIC IMPLEMENTATION
--------------------------------------------------------------

Index  | Call Model | Call Actual | Put Model  | Put Actual
--------------------------------------------------------------
0      | 49.1963    | 51.7000    | 29.9947    | 29.6500   
1      | 50.4372    | 53.6500    | 26.5055    | 27.3750   
2      | 52.2839    | 56.4000    | 23.6946    | 25.3500   
3      | 54.5134    | 59.9750    | 20.6928    | 23.2750   
4      | 56.3067    | 63.1750    | 17.9220    | 21.2000   
5      | 57.9637    | 66.3250    | 15.8938    | 19.5250   
6      | 59.5591    | 69.7250    | 13.8765    | 17.7500   
7      | 60.8940    | 72.9000    | 12.1464    | 16.1500   
8      | 47.0182    | 48.7500    | 33.5832    | 31.9000   
9      | 45.1756    | 46.3750    | 37.6817    | 34.3250   

PSTEPS = 140, TSTEPS = 70000

TIME TAKEN = 3654.91883 ms
Run 3

BASIC IMPLEMENTATION
--------------------------------------------------------------

Index  | Call Model | Call Actual | Put Model  | Put Actual
--------------------------------------------------------------
0      | 49.1963    | 51.7000    | 29.9947    | 29.6500   
1      | 50.4372    | 53.6500    | 26.5055    | 27.3750   
2      | 52.2839    | 56.4000    | 23.6946    | 25.3500   
3      | 54.5134    | 59.9750    | 20.6928    | 23.2750   
4      | 56.3067    | 63.1750    | 17.9220    | 21.2000   
5      | 57.9637    | 66.3250    | 15.8938    | 19.5250   
6      | 59.5591    | 69.7250    | 13.8765    | 17.7500   
7      | 60.8940    | 72.9000    | 12.1464    | 16.1500   
8      | 47.0182    | 48.7500    | 33.5832    | 31.9000   
9      | 45.1756    | 46.3750    | 37.6817    | 34.3250   

PSTEPS = 140, TSTEPS = 70000

TIME TAKEN = 3606.97867 ms
Run 4

BASIC IMPLEMENTATION
--------------------------------------------------------------

Index  | Call Model | Call Actual | Put Model  | Put Actual
--------------------------------------------------------------
0      | 49.1963    | 51.7000    | 29.9947    | 29.6500   
1      | 50.4372    | 53.6500    | 26.5055    | 27.3750   
2      | 52.2839    | 56.4000    | 23.6946    | 25.3500   
3      | 54.5134    | 59.9750    | 20.6928    | 23.2750   
4      | 56.3067    | 63.1750    | 17.9220    | 21.2000   
5      | 57.9637    | 66.3250    | 15.8938    | 19.5250   
6      | 59.5591    | 69.7250    | 13.8765    | 17.7500   
7      | 60.8940    | 72.9000    | 12.1464    | 16.1500   
8      | 47.0182    | 48.7500    | 33.5832    | 31.9000   
9      | 45.1756    | 46.3750    | 37.6817    | 34.3250   

PSTEPS = 140, TSTEPS = 70000

TIME TAKEN = 3631.03356 ms
Run 5

BASIC IMPLEMENTATION
--------------------------------------------------------------

Index  | Call Model | Call Actual | Put Model  | Put Actual
--------------------------------------------------------------
0      | 49.1963    | 51.7000    | 29.9947    | 29.6500   
1      | 50.4372    | 53.6500    | 26.5055    | 27.3750   
2      | 52.2839    | 56.4000    | 23.6946    | 25.3500   
3      | 54.5134    | 59.9750    | 20.6928    | 23.2750   
4      | 56.3067    | 63.1750    | 17.9220    | 21.2000   
5      | 57.9637    | 66.3250    | 15.8938    | 19.5250   
6      | 59.5591    | 69.7250    | 13.8765    | 17.7500   
7      | 60.8940    | 72.9000    | 12.1464    | 16.1500   
8      | 47.0182    | 48.7500    | 33.5832    | 31.9000   
9      | 45.1756    | 46.3750    | 37.6817    | 34.3250   

PSTEPS = 140, TSTEPS = 70000

TIME TAKEN = 3628.76061 ms
Run 6

BASIC IMPLEMENTATION
--------------------------------------------------------------

Index  | Call Model | Call Actual | Put Model  | Put Actual
--------------------------------------------------------------
0      | 49.1963    | 51.7000    | 29.9947    | 29.6500   
1      | 50.4372    | 53.6500    | 26.5055    | 27.3750   
2      | 52.2839    | 56.4000    | 23.6946    | 25.3500   
3      | 54.5134    | 59.9750    | 20.6928    | 23.2750   
4      | 56.3067    | 63.1750    | 17.9220    | 21.2000   
5      | 57.9637    | 66.3250    | 15.8938    | 19.5250   
6      | 59.5591    | 69.7250    | 13.8765    | 17.7500   
7      | 60.8940    | 72.9000    | 12.1464    | 16.1500   
8      | 47.0182    | 48.7500    | 33.5832    | 31.9000   
9      | 45.1756    | 46.3750    | 37.6817    | 34.3250   

PSTEPS = 140, TSTEPS = 70000

TIME TAKEN = 3638.41677 ms
Run 7

BASIC IMPLEMENTATION
--------------------------------------------------------------

Index  | Call Model | Call Actual | Put Model  | Put Actual
--------------------------------------------------------------
0      | 49.1963    | 51.7000    | 29.9947    | 29.6500   
1      | 50.4372    | 53.6500    | 26.5055    | 27.3750   
2      | 52.2839    | 56.4000    | 23.6946    | 25.3500   
3      | 54.5134    | 59.9750    | 20.6928    | 23.2750   
4      | 56.3067    | 63.1750    | 17.9220    | 21.2000   
5      | 57.9637    | 66.3250    | 15.8938    | 19.5250   
6      | 59.5591    | 69.7250    | 13.8765    | 17.7500   
7      | 60.8940    | 72.9000    | 12.1464    | 16.1500   
8      | 47.0182    | 48.7500    | 33.5832    | 31.9000   
9      | 45.1756    | 46.3750    | 37.6817    | 34.3250   

PSTEPS = 140, TSTEPS = 70000

TIME TAKEN = 3636.18803 ms
Run 8

BASIC IMPLEMENTATION
--------------------------------------------------------------

Index  | Call Model | Call Actual | Put Model  | Put Actual
--------------------------------------------------------------
0      | 49.1963    | 51.7000    | 29.9947    | 29.6500   
1      | 50.4372    | 53.6500    | 26.5055    | 27.3750   
2      | 52.2839    | 56.4000    | 23.6946    | 25.3500   
3      | 54.5134    | 59.9750    | 20.6928    | 23.2750   
4      | 56.3067    | 63.1750    | 17.9220    | 21.2000   
5      | 57.9637    | 66.3250    | 15.8938    | 19.5250   
6      | 59.5591    | 69.7250    | 13.8765    | 17.7500   
7      | 60.8940    | 72.9000    | 12.1464    | 16.1500   
8      | 47.0182    | 48.7500    | 33.5832    | 31.9000   
9      | 45.1756    | 46.3750    | 37.6817    | 34.3250   

PSTEPS = 140, TSTEPS = 70000

TIME TAKEN = 3662.41539 ms
Run 9

BASIC IMPLEMENTATION
--------------------------------------------------------------

Index  | Call Model | Call Actual | Put Model  | Put Actual
--------------------------------------------------------------
0      | 49.1963    | 51.7000    | 29.9947    | 29.6500   
1      | 50.4372    | 53.6500    | 26.5055    | 27.3750   
2      | 52.2839    | 56.4000    | 23.6946    | 25.3500   
3      | 54.5134    | 59.9750    | 20.6928    | 23.2750   
4      | 56.3067    | 63.1750    | 17.9220    | 21.2000   
5      | 57.9637    | 66.3250    | 15.8938    | 19.5250   
6      | 59.5591    | 69.7250    | 13.8765    | 17.7500   
7      | 60.8940    | 72.9000    | 12.1464    | 16.1500   
8      | 47.0182    | 48.7500    | 33.5832    | 31.9000   
9      | 45.1756    | 46.3750    | 37.6817    | 34.3250   

PSTEPS = 140, TSTEPS = 70000

TIME TAKEN = 3603.49901 ms
Run 10

BASIC IMPLEMENTATION
--------------------------------------------------------------

Index  | Call Model | Call Actual | Put Model  | Put Actual
--------------------------------------------------------------
0      | 49.1963    | 51.7000    | 29.9947    | 29.6500   
1      | 50.4372    | 53.6500    | 26.5055    | 27.3750   
2      | 52.2839    | 56.4000    | 23.6946    | 25.3500   
3      | 54.5134    | 59.9750    | 20.6928    | 23.2750   
4      | 56.3067    | 63.1750    | 17.9220    | 21.2000   
5      | 57.9637    | 66.3250    | 15.8938    | 19.5250   
6      | 59.5591    | 69.7250    | 13.8765    | 17.7500   
7      | 60.8940    | 72.9000    | 12.1464    | 16.1500   
8      | 47.0182    | 48.7500    | 33.5832    | 31.9000   
9      | 45.1756    | 46.3750    | 37.6817    | 34.3250   

PSTEPS = 140, TSTEPS = 70000

TIME TAKEN = 3580.61360 ms
