Benchmarking: black_scholes_hybrid2 with p=140, t=10000
Run 1

 HYBRID IMPLEMENTATION 2
--------------------------------------------------------------

Index  | Call Model | Call Actual | Put Model  | Put Actual
--------------------------------------------------------------
0      | 49.1968    | 51.7000    | 29.9950    | 29.6500   
1      | 50.4377    | 53.6500    | 26.5058    | 27.3750   
2      | 52.2845    | 56.4000    | 23.6950    | 25.3500   
3      | 54.5140    | 59.9750    | 20.6932    | 23.2750   
4      | 56.3072    | 63.1750    | 17.9224    | 21.2000   
5      | 57.9642    | 66.3250    | 15.8943    | 19.5250   
6      | 59.5595    | 69.7250    | 13.8770    | 17.7500   
7      | 60.8944    | 72.9000    | 12.1468    | 16.1500   
8      | 47.0187    | 48.7500    | 33.5834    | 31.9000   
9      | 45.1761    | 46.3750    | 37.6818    | 34.3250   

PSTEPS = 140, TSTEPS = 10000

TIME TAKEN = 311.83763 ms
Run 2

 HYBRID IMPLEMENTATION 2
--------------------------------------------------------------

Index  | Call Model | Call Actual | Put Model  | Put Actual
--------------------------------------------------------------
0      | 49.1968    | 51.7000    | 29.9950    | 29.6500   
1      | 50.4377    | 53.6500    | 26.5058    | 27.3750   
2      | 52.2845    | 56.4000    | 23.6950    | 25.3500   
3      | 54.5140    | 59.9750    | 20.6932    | 23.2750   
4      | 56.3072    | 63.1750    | 17.9224    | 21.2000   
5      | 57.9642    | 66.3250    | 15.8943    | 19.5250   
6      | 59.5595    | 69.7250    | 13.8770    | 17.7500   
7      | 60.8944    | 72.9000    | 12.1468    | 16.1500   
8      | 47.0187    | 48.7500    | 33.5834    | 31.9000   
9      | 45.1761    | 46.3750    | 37.6818    | 34.3250   

PSTEPS = 140, TSTEPS = 10000

TIME TAKEN = 328.04731 ms
Run 3

 HYBRID IMPLEMENTATION 2
--------------------------------------------------------------

Index  | Call Model | Call Actual | Put Model  | Put Actual
--------------------------------------------------------------
0      | 49.1968    | 51.7000    | 29.9950    | 29.6500   
1      | 50.4377    | 53.6500    | 26.5058    | 27.3750   
2      | 52.2845    | 56.4000    | 23.6950    | 25.3500   
3      | 54.5140    | 59.9750    | 20.6932    | 23.2750   
4      | 56.3072    | 63.1750    | 17.9224    | 21.2000   
5      | 57.9642    | 66.3250    | 15.8943    | 19.5250   
6      | 59.5595    | 69.7250    | 13.8770    | 17.7500   
7      | 60.8944    | 72.9000    | 12.1468    | 16.1500   
8      | 47.0187    | 48.7500    | 33.5834    | 31.9000   
9      | 45.1761    | 46.3750    | 37.6818    | 34.3250   

PSTEPS = 140, TSTEPS = 10000

TIME TAKEN = 319.28059 ms
Run 4

 HYBRID IMPLEMENTATION 2
--------------------------------------------------------------

Index  | Call Model | Call Actual | Put Model  | Put Actual
--------------------------------------------------------------
0      | 49.1968    | 51.7000    | 29.9950    | 29.6500   
1      | 50.4377    | 53.6500    | 26.5058    | 27.3750   
2      | 52.2845    | 56.4000    | 23.6950    | 25.3500   
3      | 54.5140    | 59.9750    | 20.6932    | 23.2750   
4      | 56.3072    | 63.1750    | 17.9224    | 21.2000   
5      | 57.9642    | 66.3250    | 15.8943    | 19.5250   
6      | 59.5595    | 69.7250    | 13.8770    | 17.7500   
7      | 60.8944    | 72.9000    | 12.1468    | 16.1500   
8      | 47.0187    | 48.7500    | 33.5834    | 31.9000   
9      | 45.1761    | 46.3750    | 37.6818    | 34.3250   

PSTEPS = 140, TSTEPS = 10000

TIME TAKEN = 342.27933 ms
Run 5

 HYBRID IMPLEMENTATION 2
--------------------------------------------------------------

Index  | Call Model | Call Actual | Put Model  | Put Actual
--------------------------------------------------------------
0      | 49.1968    | 51.7000    | 29.9950    | 29.6500   
1      | 50.4377    | 53.6500    | 26.5058    | 27.3750   
2      | 52.2845    | 56.4000    | 23.6950    | 25.3500   
3      | 54.5140    | 59.9750    | 20.6932    | 23.2750   
4      | 56.3072    | 63.1750    | 17.9224    | 21.2000   
5      | 57.9642    | 66.3250    | 15.8943    | 19.5250   
6      | 59.5595    | 69.7250    | 13.8770    | 17.7500   
7      | 60.8944    | 72.9000    | 12.1468    | 16.1500   
8      | 47.0187    | 48.7500    | 33.5834    | 31.9000   
9      | 45.1761    | 46.3750    | 37.6818    | 34.3250   

PSTEPS = 140, TSTEPS = 10000

TIME TAKEN = 344.87750 ms
Run 6

 HYBRID IMPLEMENTATION 2
--------------------------------------------------------------

Index  | Call Model | Call Actual | Put Model  | Put Actual
--------------------------------------------------------------
0      | 49.1968    | 51.7000    | 29.9950    | 29.6500   
1      | 50.4377    | 53.6500    | 26.5058    | 27.3750   
2      | 52.2845    | 56.4000    | 23.6950    | 25.3500   
3      | 54.5140    | 59.9750    | 20.6932    | 23.2750   
4      | 56.3072    | 63.1750    | 17.9224    | 21.2000   
5      | 57.9642    | 66.3250    | 15.8943    | 19.5250   
6      | 59.5595    | 69.7250    | 13.8770    | 17.7500   
7      | 60.8944    | 72.9000    | 12.1468    | 16.1500   
8      | 47.0187    | 48.7500    | 33.5834    | 31.9000   
9      | 45.1761    | 46.3750    | 37.6818    | 34.3250   

PSTEPS = 140, TSTEPS = 10000

TIME TAKEN = 327.04978 ms
Run 7

 HYBRID IMPLEMENTATION 2
--------------------------------------------------------------

Index  | Call Model | Call Actual | Put Model  | Put Actual
--------------------------------------------------------------
0      | 49.1968    | 51.7000    | 29.9950    | 29.6500   
1      | 50.4377    | 53.6500    | 26.5058    | 27.3750   
2      | 52.2845    | 56.4000    | 23.6950    | 25.3500   
3      | 54.5140    | 59.9750    | 20.6932    | 23.2750   
4      | 56.3072    | 63.1750    | 17.9224    | 21.2000   
5      | 57.9642    | 66.3250    | 15.8943    | 19.5250   
6      | 59.5595    | 69.7250    | 13.8770    | 17.7500   
7      | 60.8944    | 72.9000    | 12.1468    | 16.1500   
8      | 47.0187    | 48.7500    | 33.5834    | 31.9000   
9      | 45.1761    | 46.3750    | 37.6818    | 34.3250   

PSTEPS = 140, TSTEPS = 10000

TIME TAKEN = 346.16138 ms
Run 8

 HYBRID IMPLEMENTATION 2
--------------------------------------------------------------

Index  | Call Model | Call Actual | Put Model  | Put Actual
--------------------------------------------------------------
0      | 49.1968    | 51.7000    | 29.9950    | 29.6500   
1      | 50.4377    | 53.6500    | 26.5058    | 27.3750   
2      | 52.2845    | 56.4000    | 23.6950    | 25.3500   
3      | 54.5140    | 59.9750    | 20.6932    | 23.2750   
4      | 56.3072    | 63.1750    | 17.9224    | 21.2000   
5      | 57.9642    | 66.3250    | 15.8943    | 19.5250   
6      | 59.5595    | 69.7250    | 13.8770    | 17.7500   
7      | 60.8944    | 72.9000    | 12.1468    | 16.1500   
8      | 47.0187    | 48.7500    | 33.5834    | 31.9000   
9      | 45.1761    | 46.3750    | 37.6818    | 34.3250   

PSTEPS = 140, TSTEPS = 10000

TIME TAKEN = 335.40186 ms
Run 9

 HYBRID IMPLEMENTATION 2
--------------------------------------------------------------

Index  | Call Model | Call Actual | Put Model  | Put Actual
--------------------------------------------------------------
0      | 49.1968    | 51.7000    | 29.9950    | 29.6500   
1      | 50.4377    | 53.6500    | 26.5058    | 27.3750   
2      | 52.2845    | 56.4000    | 23.6950    | 25.3500   
3      | 54.5140    | 59.9750    | 20.6932    | 23.2750   
4      | 56.3072    | 63.1750    | 17.9224    | 21.2000   
5      | 57.9642    | 66.3250    | 15.8943    | 19.5250   
6      | 59.5595    | 69.7250    | 13.8770    | 17.7500   
7      | 60.8944    | 72.9000    | 12.1468    | 16.1500   
8      | 47.0187    | 48.7500    | 33.5834    | 31.9000   
9      | 45.1761    | 46.3750    | 37.6818    | 34.3250   

PSTEPS = 140, TSTEPS = 10000

TIME TAKEN = 314.21688 ms
Run 10

 HYBRID IMPLEMENTATION 2
--------------------------------------------------------------

Index  | Call Model | Call Actual | Put Model  | Put Actual
--------------------------------------------------------------
0      | 49.1968    | 51.7000    | 29.9950    | 29.6500   
1      | 50.4377    | 53.6500    | 26.5058    | 27.3750   
2      | 52.2845    | 56.4000    | 23.6950    | 25.3500   
3      | 54.5140    | 59.9750    | 20.6932    | 23.2750   
4      | 56.3072    | 63.1750    | 17.9224    | 21.2000   
5      | 57.9642    | 66.3250    | 15.8943    | 19.5250   
6      | 59.5595    | 69.7250    | 13.8770    | 17.7500   
7      | 60.8944    | 72.9000    | 12.1468    | 16.1500   
8      | 47.0187    | 48.7500    | 33.5834    | 31.9000   
9      | 45.1761    | 46.3750    | 37.6818    | 34.3250   

PSTEPS = 140, TSTEPS = 10000

TIME TAKEN = 320.05887 ms
