Benchmarking: black_scholes_hybrid1 with p=140, t=20000
Run 1

 HYBRID IMPLEMENTATION 1
--------------------------------------------------------------

Index  | Call Model | Call Actual | Put Model  | Put Actual
--------------------------------------------------------------
0      | 48.7560    | 51.7000    | 29.9948    | 29.6500   
1      | 50.4374    | 53.6500    | 26.5056    | 27.3750   
2      | 52.2842    | 56.4000    | 23.6948    | 25.3500   
3      | 54.5136    | 59.9750    | 20.6930    | 23.2750   
4      | 56.3069    | 63.1750    | 17.9222    | 21.2000   
5      | 57.9639    | 66.3250    | 15.8940    | 19.5250   
6      | 59.5593    | 69.7250    | 13.8767    | 17.7500   
7      | 60.8942    | 72.9000    | 12.1466    | 16.1500   
8      | 47.0184    | 48.7500    | 33.5833    | 31.9000   
9      | 45.1758    | 46.3750    | 37.6817    | 34.3250   

PSTEPS = 140, TSTEPS = 20000

TIME TAKEN = 308.05990 ms
Run 2

 HYBRID IMPLEMENTATION 1
--------------------------------------------------------------

Index  | Call Model | Call Actual | Put Model  | Put Actual
--------------------------------------------------------------
0      | 49.1964    | 51.7000    | 29.9948    | 29.6500   
1      | 50.4374    | 53.6500    | 26.5056    | 27.3750   
2      | 52.2842    | 56.4000    | 23.6948    | 25.3500   
3      | 54.5136    | 59.9750    | 20.6930    | 23.2750   
4      | 56.3069    | 63.1750    | 17.9222    | 21.2000   
5      | 57.9639    | 66.3250    | 15.8940    | 19.5250   
6      | 59.5593    | 69.7250    | 13.8767    | 17.7500   
7      | 60.8942    | 72.9000    | 12.1466    | 16.1500   
8      | 47.0184    | 48.7500    | 33.5833    | 31.9000   
9      | 45.1758    | 46.3750    | 37.6817    | 34.3250   

PSTEPS = 140, TSTEPS = 20000

TIME TAKEN = 300.19191 ms
Run 3

 HYBRID IMPLEMENTATION 1
--------------------------------------------------------------

Index  | Call Model | Call Actual | Put Model  | Put Actual
--------------------------------------------------------------
0      | 49.1920    | 51.7000    | 29.9948    | 29.6500   
1      | 50.4374    | 53.6500    | 26.5056    | 27.3750   
2      | 51.8942    | 56.4000    | 23.6948    | 25.3500   
3      | 54.5136    | 59.9750    | 20.6930    | 23.2750   
4      | 56.3069    | 63.1750    | 17.9222    | 21.2000   
5      | 57.9639    | 66.3250    | 15.8940    | 19.5250   
6      | 59.5593    | 69.7250    | 13.8767    | 17.7500   
7      | 60.8942    | 72.9000    | 12.1466    | 16.1500   
8      | 47.0184    | 48.7500    | 33.5833    | 31.9000   
9      | 45.1758    | 46.3750    | 37.6817    | 34.3250   

PSTEPS = 140, TSTEPS = 20000

TIME TAKEN = 301.10951 ms
Run 4

 HYBRID IMPLEMENTATION 1
--------------------------------------------------------------

Index  | Call Model | Call Actual | Put Model  | Put Actual
--------------------------------------------------------------
0      | 49.1965    | 51.7000    | 29.9948    | 29.6500   
1      | 50.4374    | 53.6500    | 26.5056    | 27.3750   
2      | 52.2842    | 56.4000    | 23.6948    | 25.3500   
3      | 54.5117    | 59.9750    | 20.6930    | 23.2750   
4      | 56.3069    | 63.1750    | 17.9222    | 21.2000   
5      | 57.9639    | 66.3250    | 15.8940    | 19.5250   
6      | 59.5593    | 69.7250    | 13.8767    | 17.7500   
7      | 60.8942    | 72.9000    | 12.1466    | 16.1500   
8      | 47.0184    | 48.7500    | 33.5833    | 31.9000   
9      | 45.1758    | 46.3750    | 37.6817    | 34.3250   

PSTEPS = 140, TSTEPS = 20000

TIME TAKEN = 353.90271 ms
Run 5

 HYBRID IMPLEMENTATION 1
--------------------------------------------------------------

Index  | Call Model | Call Actual | Put Model  | Put Actual
--------------------------------------------------------------
0      | 49.1965    | 51.7000    | 29.9948    | 29.6500   
1      | 50.4374    | 53.6500    | 26.5056    | 27.3750   
2      | 52.2842    | 56.4000    | 23.6948    | 25.3500   
3      | 54.5136    | 59.9750    | 20.6930    | 23.2750   
4      | 56.3069    | 63.1750    | 17.9222    | 21.2000   
5      | 57.9639    | 66.3250    | 15.8940    | 19.5250   
6      | 59.5593    | 69.7250    | 13.8767    | 17.7500   
7      | 60.8942    | 72.9000    | 12.1466    | 16.1500   
8      | 47.0184    | 48.7500    | 33.5833    | 31.9000   
9      | 45.1758    | 46.3750    | 37.6817    | 34.3250   

PSTEPS = 140, TSTEPS = 20000

TIME TAKEN = 315.65206 ms
Run 6

 HYBRID IMPLEMENTATION 1
--------------------------------------------------------------

Index  | Call Model | Call Actual | Put Model  | Put Actual
--------------------------------------------------------------
0      | 48.2610    | 51.7000    | 29.9948    | 29.6500   
1      | 50.4374    | 53.6500    | 26.5056    | 27.3750   
2      | 52.2842    | 56.4000    | 23.6948    | 25.3500   
3      | 54.5136    | 59.9750    | 20.6930    | 23.2750   
4      | 56.3069    | 63.1750    | 17.9222    | 21.2000   
5      | 57.9639    | 66.3250    | 15.8940    | 19.5250   
6      | 59.5593    | 69.7250    | 13.8767    | 17.7500   
7      | 60.8942    | 72.9000    | 12.1466    | 16.1500   
8      | 47.0184    | 48.7500    | 33.5833    | 31.9000   
9      | 45.1758    | 46.3750    | 37.6817    | 34.3250   

PSTEPS = 140, TSTEPS = 20000

TIME TAKEN = 345.48021 ms
Run 7

 HYBRID IMPLEMENTATION 1
--------------------------------------------------------------

Index  | Call Model | Call Actual | Put Model  | Put Actual
--------------------------------------------------------------
0      | 49.1965    | 51.7000    | 29.9948    | 29.6500   
1      | 50.4374    | 53.6500    | 26.5056    | 27.3750   
2      | 52.2842    | 56.4000    | 23.6948    | 25.3500   
3      | 54.3794    | 59.9750    | 20.6930    | 23.2750   
4      | 56.3069    | 63.1750    | 17.9222    | 21.2000   
5      | 57.9639    | 66.3250    | 15.8940    | 19.5250   
6      | 59.5593    | 69.7250    | 13.8767    | 17.7500   
7      | 60.8942    | 72.9000    | 12.1466    | 16.1500   
8      | 47.0184    | 48.7500    | 33.5833    | 31.9000   
9      | 45.1758    | 46.3750    | 37.6817    | 34.3250   

PSTEPS = 140, TSTEPS = 20000

TIME TAKEN = 317.06549 ms
Run 8

 HYBRID IMPLEMENTATION 1
--------------------------------------------------------------

Index  | Call Model | Call Actual | Put Model  | Put Actual
--------------------------------------------------------------
0      | 49.0634    | 51.7000    | 29.9948    | 29.6500   
1      | 50.2614    | 53.6500    | 26.5056    | 27.3750   
2      | 52.2842    | 56.4000    | 23.6948    | 25.3500   
3      | 54.5136    | 59.9750    | 20.6930    | 23.2750   
4      | 56.3069    | 63.1750    | 17.9222    | 21.2000   
5      | 57.9639    | 66.3250    | 15.8940    | 19.5250   
6      | 59.5593    | 69.7250    | 13.8767    | 17.7500   
7      | 60.8942    | 72.9000    | 12.1466    | 16.1500   
8      | 47.0184    | 48.7500    | 33.5833    | 31.9000   
9      | 45.1758    | 46.3750    | 37.6817    | 34.3250   

PSTEPS = 140, TSTEPS = 20000

TIME TAKEN = 300.18435 ms
Run 9

 HYBRID IMPLEMENTATION 1
--------------------------------------------------------------

Index  | Call Model | Call Actual | Put Model  | Put Actual
--------------------------------------------------------------
0      | 49.1965    | 51.7000    | 29.9948    | 29.6500   
1      | 50.4374    | 53.6500    | 26.5056    | 27.3750   
2      | 52.2842    | 56.4000    | 23.6948    | 25.3500   
3      | 54.5136    | 59.9750    | 20.6930    | 23.2750   
4      | 56.3069    | 63.1750    | 17.9222    | 21.2000   
5      | 57.9639    | 66.3250    | 15.8940    | 19.5250   
6      | 59.5593    | 69.7250    | 13.8767    | 17.7500   
7      | 60.8942    | 72.9000    | 12.1466    | 16.1500   
8      | 47.0184    | 48.7500    | 33.5833    | 31.9000   
9      | 45.1758    | 46.3750    | 37.6817    | 34.3250   

PSTEPS = 140, TSTEPS = 20000

TIME TAKEN = 322.10624 ms
Run 10

 HYBRID IMPLEMENTATION 1
--------------------------------------------------------------

Index  | Call Model | Call Actual | Put Model  | Put Actual
--------------------------------------------------------------
0      | 49.1965    | 51.7000    | 29.9948    | 29.6500   
1      | 50.4301    | 53.6500    | 26.5056    | 27.3750   
2      | 52.2842    | 56.4000    | 23.6948    | 25.3500   
3      | 54.5136    | 59.9750    | 20.6930    | 23.2750   
4      | 56.3069    | 63.1750    | 17.9222    | 21.2000   
5      | 57.9639    | 66.3250    | 15.8940    | 19.5250   
6      | 59.5593    | 69.7250    | 13.8767    | 17.7500   
7      | 60.8942    | 72.9000    | 12.1466    | 16.1500   
8      | 47.0184    | 48.7500    | 33.5833    | 31.9000   
9      | 45.1758    | 46.3750    | 37.6817    | 34.3250   

PSTEPS = 140, TSTEPS = 20000

TIME TAKEN = 300.48797 ms
