Benchmarking: black_scholes_hybrid1 with p=100, t=50000
Run 1

 HYBRID IMPLEMENTATION 1
--------------------------------------------------------------

Index  | Call Model | Call Actual | Put Model  | Put Actual
--------------------------------------------------------------
0      | 47.7779    | 51.7000    | 31.0197    | 29.6500   
1      | 48.6943    | 53.6500    | 27.6518    | 27.3750   
2      | 50.1741    | 56.4000    | 24.9303    | 25.3500   
3      | 52.0290    | 59.9750    | 22.0093    | 23.2750   
4      | 53.4633    | 63.1750    | 19.2890    | 21.2000   
5      | 48.6945    | 66.3250    | 17.2807    | 19.5250   
6      | 56.0023    | 69.7250    | 15.2751    | 17.7500   
7      | 57.0034    | 72.9000    | 13.5427    | 16.1500   
8      | 45.9514    | 48.7500    | 34.4393    | 31.9000   
9      | 44.4484    | 46.3750    | 38.3539    | 34.3250   

PSTEPS = 100, TSTEPS = 50000

TIME TAKEN = 425.86207 ms
Run 2

 HYBRID IMPLEMENTATION 1
--------------------------------------------------------------

Index  | Call Model | Call Actual | Put Model  | Put Actual
--------------------------------------------------------------
0      | 47.7779    | 51.7000    | 31.0197    | 29.6500   
1      | 48.6943    | 53.6500    | 27.6518    | 27.3750   
2      | 50.1741    | 56.4000    | 24.9303    | 25.3500   
3      | 52.0290    | 59.9750    | 22.0093    | 23.2750   
4      | 53.4633    | 63.1750    | 19.2890    | 21.2000   
5      | 54.7577    | 66.3250    | 17.2807    | 19.5250   
6      | 56.0023    | 69.7250    | 15.2751    | 17.7500   
7      | 57.0034    | 72.9000    | 13.5427    | 16.1500   
8      | 45.9514    | 48.7500    | 34.4393    | 31.9000   
9      | 44.4484    | 46.3750    | 38.3539    | 34.3250   

PSTEPS = 100, TSTEPS = 50000

TIME TAKEN = 381.49292 ms
Run 3

 HYBRID IMPLEMENTATION 1
--------------------------------------------------------------

Index  | Call Model | Call Actual | Put Model  | Put Actual
--------------------------------------------------------------
0      | 47.7779    | 51.7000    | 31.0197    | 29.6500   
1      | 48.6943    | 53.6500    | 27.6518    | 27.3750   
2      | 50.1741    | 56.4000    | 24.9303    | 25.3500   
3      | 52.0290    | 59.9750    | 22.0093    | 23.2750   
4      | 53.4633    | 63.1750    | 19.2890    | 21.2000   
5      | 54.7577    | 66.3250    | 17.2807    | 19.5250   
6      | 56.0023    | 69.7250    | 15.2751    | 17.7500   
7      | 57.0034    | 72.9000    | 13.5427    | 16.1500   
8      | 45.9513    | 48.7500    | 34.4393    | 31.9000   
9      | 44.4380    | 46.3750    | 38.3539    | 34.3250   

PSTEPS = 100, TSTEPS = 50000

TIME TAKEN = 381.11750 ms
Run 4

 HYBRID IMPLEMENTATION 1
--------------------------------------------------------------

Index  | Call Model | Call Actual | Put Model  | Put Actual
--------------------------------------------------------------
0      | 47.7779    | 51.7000    | 31.0197    | 29.6500   
1      | 48.6943    | 53.6500    | 27.6518    | 27.3750   
2      | 50.1741    | 56.4000    | 24.9303    | 25.3500   
3      | 52.0290    | 59.9750    | 22.0093    | 23.2750   
4      | 53.4633    | 63.1750    | 19.2890    | 21.2000   
5      | 54.7577    | 66.3250    | 17.2807    | 19.5250   
6      | 56.0023    | 69.7250    | 15.2751    | 17.7500   
7      | 57.0034    | 72.9000    | 13.5427    | 16.1500   
8      | 45.9514    | 48.7500    | 34.4393    | 31.9000   
9      | 44.4484    | 46.3750    | 38.3539    | 34.3250   

PSTEPS = 100, TSTEPS = 50000

TIME TAKEN = 394.71956 ms
Run 5

 HYBRID IMPLEMENTATION 1
--------------------------------------------------------------

Index  | Call Model | Call Actual | Put Model  | Put Actual
--------------------------------------------------------------
0      | 47.3982    | 51.7000    | 31.0197    | 29.6500   
1      | 48.6633    | 53.6500    | 27.6518    | 27.3750   
2      | 50.1741    | 56.4000    | 24.9303    | 25.3500   
3      | 52.0290    | 59.9750    | 22.0093    | 23.2750   
4      | 53.4633    | 63.1750    | 19.2890    | 21.2000   
5      | 49.8482    | 66.3250    | 17.2807    | 19.5250   
6      | 56.0023    | 69.7250    | 15.2751    | 17.7500   
7      | 51.0400    | 72.9000    | 13.5427    | 16.1500   
8      | 45.9514    | 48.7500    | 34.4393    | 31.9000   
9      | 44.3735    | 46.3750    | 38.3539    | 34.3250   

PSTEPS = 100, TSTEPS = 50000

TIME TAKEN = 401.73631 ms
Run 6

 HYBRID IMPLEMENTATION 1
--------------------------------------------------------------

Index  | Call Model | Call Actual | Put Model  | Put Actual
--------------------------------------------------------------
0      | 47.7779    | 51.7000    | 31.0197    | 29.6500   
1      | 48.6943    | 53.6500    | 27.6518    | 27.3750   
2      | 50.1037    | 56.4000    | 24.9303    | 25.3500   
3      | 52.0290    | 59.9750    | 22.0093    | 23.2750   
4      | 53.4633    | 63.1750    | 19.2890    | 21.2000   
5      | 54.7577    | 66.3250    | 17.2807    | 19.5250   
6      | 56.0023    | 69.7250    | 15.2751    | 17.7500   
7      | 57.0034    | 72.9000    | 13.5427    | 16.1500   
8      | 45.9514    | 48.7500    | 34.4393    | 31.9000   
9      | 44.3377    | 46.3750    | 38.3539    | 34.3250   

PSTEPS = 100, TSTEPS = 50000

TIME TAKEN = 411.89812 ms
Run 7

 HYBRID IMPLEMENTATION 1
--------------------------------------------------------------

Index  | Call Model | Call Actual | Put Model  | Put Actual
--------------------------------------------------------------
0      | 47.7779    | 51.7000    | 31.0197    | 29.6500   
1      | 48.6943    | 53.6500    | 27.6518    | 27.3750   
2      | 50.1741    | 56.4000    | 24.9303    | 25.3500   
3      | 52.0290    | 59.9750    | 22.0093    | 23.2750   
4      | 53.4633    | 63.1750    | 19.2890    | 21.2000   
5      | 54.6110    | 66.3250    | 17.2807    | 19.5250   
6      | 56.0023    | 69.7250    | 15.2751    | 17.7500   
7      | 50.2594    | 72.9000    | 13.5427    | 16.1500   
8      | 45.9514    | 48.7500    | 34.4393    | 31.9000   
9      | 44.4484    | 46.3750    | 38.3539    | 34.3250   

PSTEPS = 100, TSTEPS = 50000

TIME TAKEN = 386.68733 ms
Run 8

 HYBRID IMPLEMENTATION 1
--------------------------------------------------------------

Index  | Call Model | Call Actual | Put Model  | Put Actual
--------------------------------------------------------------
0      | 47.7779    | 51.7000    | 31.0197    | 29.6500   
1      | 48.6943    | 53.6500    | 27.6518    | 27.3750   
2      | 50.1741    | 56.4000    | 24.9303    | 25.3500   
3      | 52.0290    | 59.9750    | 22.0093    | 23.2750   
4      | 53.4633    | 63.1750    | 19.2890    | 21.2000   
5      | 54.7549    | 66.3250    | 17.2807    | 19.5250   
6      | 56.0023    | 69.7250    | 15.2751    | 17.7500   
7      | 57.0034    | 72.9000    | 13.5427    | 16.1500   
8      | 45.9514    | 48.7500    | 34.4393    | 31.9000   
9      | 44.4484    | 46.3750    | 38.3539    | 34.3250   

PSTEPS = 100, TSTEPS = 50000

TIME TAKEN = 402.72611 ms
Run 9

 HYBRID IMPLEMENTATION 1
--------------------------------------------------------------

Index  | Call Model | Call Actual | Put Model  | Put Actual
--------------------------------------------------------------
0      | 47.7779    | 51.7000    | 31.0197    | 29.6500   
1      | 48.6943    | 53.6500    | 27.6518    | 27.3750   
2      | 50.1741    | 56.4000    | 24.9303    | 25.3500   
3      | 52.0290    | 59.9750    | 22.0093    | 23.2750   
4      | 53.4633    | 63.1750    | 19.2890    | 21.2000   
5      | 54.7573    | 66.3250    | 17.2807    | 19.5250   
6      | 56.0023    | 69.7250    | 15.2751    | 17.7500   
7      | 57.0034    | 72.9000    | 13.5427    | 16.1500   
8      | 45.9514    | 48.7500    | 34.4393    | 31.9000   
9      | 44.4484    | 46.3750    | 38.3539    | 34.3250   

PSTEPS = 100, TSTEPS = 50000

TIME TAKEN = 396.66094 ms
Run 10

 HYBRID IMPLEMENTATION 1
--------------------------------------------------------------

Index  | Call Model | Call Actual | Put Model  | Put Actual
--------------------------------------------------------------
0      | 47.7779    | 51.7000    | 31.0197    | 29.6500   
1      | 48.6943    | 53.6500    | 27.6518    | 27.3750   
2      | 50.1741    | 56.4000    | 24.9303    | 25.3500   
3      | 52.0290    | 59.9750    | 22.0093    | 23.2750   
4      | 53.4633    | 63.1750    | 19.2890    | 21.2000   
5      | 53.9721    | 66.3250    | 17.2807    | 19.5250   
6      | 56.0023    | 69.7250    | 15.2751    | 17.7500   
7      | 52.7402    | 72.9000    | 13.5427    | 16.1500   
8      | 45.9514    | 48.7500    | 34.4393    | 31.9000   
9      | 44.4484    | 46.3750    | 38.3539    | 34.3250   

PSTEPS = 100, TSTEPS = 50000

TIME TAKEN = 391.85561 ms
