Benchmarking: black_scholes_hybrid1 with p=180, t=90000
Run 1

 HYBRID IMPLEMENTATION 1
--------------------------------------------------------------

Index  | Call Model | Call Actual | Put Model  | Put Actual
--------------------------------------------------------------
0      | 50.6484    | 51.7000    | 29.0231    | 29.6500   
1      | 52.2353    | 53.6500    | 25.4290    | 27.3750   
2      | 47.5941    | 56.4000    | 22.5231    | 25.3500   
3      | 57.0709    | 59.9750    | 19.4517    | 23.2750   
4      | 59.2466    | 63.1750    | 16.6464    | 21.2000   
5      | 61.2728    | 66.3250    | 14.5962    | 19.5250   
6      | 63.2476    | 69.7250    | 12.5863    | 17.7500   
7      | 64.9474    | 72.9000    | 10.8785    | 16.1500   
8      | 48.1106    | 48.7500    | 32.7764    | 31.9000   
9      | 45.9292    | 46.3750    | 37.0628    | 34.3250   

PSTEPS = 180, TSTEPS = 90000

TIME TAKEN = 679.47662 ms
Run 2

 HYBRID IMPLEMENTATION 1
--------------------------------------------------------------

Index  | Call Model | Call Actual | Put Model  | Put Actual
--------------------------------------------------------------
0      | 50.6484    | 51.7000    | 29.0231    | 29.6500   
1      | 52.2353    | 53.6500    | 25.4290    | 27.3750   
2      | 54.4493    | 56.4000    | 22.5234    | 25.3500   
3      | 57.0709    | 59.9750    | 19.4517    | 23.2750   
4      | 59.2466    | 63.1750    | 16.6464    | 21.2000   
5      | 61.2728    | 66.3250    | 14.5962    | 19.5250   
6      | 63.2476    | 69.7250    | 12.5863    | 17.7500   
7      | 64.9474    | 72.9000    | 10.8785    | 16.1500   
8      | 48.1106    | 48.7500    | 32.7764    | 31.9000   
9      | 45.9292    | 46.3750    | 37.0628    | 34.3250   

PSTEPS = 180, TSTEPS = 90000

TIME TAKEN = 655.48049 ms
Run 3

 HYBRID IMPLEMENTATION 1
--------------------------------------------------------------

Index  | Call Model | Call Actual | Put Model  | Put Actual
--------------------------------------------------------------
0      | 50.6484    | 51.7000    | 29.0231    | 29.6500   
1      | 52.2353    | 53.6500    | 25.4290    | 27.3750   
2      | 54.4493    | 56.4000    | 22.5234    | 25.3500   
3      | 57.0709    | 59.9750    | 19.4517    | 23.2750   
4      | 59.2466    | 63.1750    | 16.6464    | 21.2000   
5      | 61.2728    | 66.3250    | 14.5962    | 19.5250   
6      | 63.2476    | 69.7250    | 12.5863    | 17.7500   
7      | 64.9474    | 72.9000    | 10.8785    | 16.1500   
8      | 48.1106    | 48.7500    | 32.7764    | 31.9000   
9      | 45.9292    | 46.3750    | 37.0628    | 34.3250   

PSTEPS = 180, TSTEPS = 90000

TIME TAKEN = 667.41377 ms
Run 4

 HYBRID IMPLEMENTATION 1
--------------------------------------------------------------

Index  | Call Model | Call Actual | Put Model  | Put Actual
--------------------------------------------------------------
0      | 50.6484    | 51.7000    | 29.0231    | 29.6500   
1      | 52.2353    | 53.6500    | 25.4290    | 27.3750   
2      | 54.4493    | 56.4000    | 22.5234    | 25.3500   
3      | 57.0709    | 59.9750    | 19.4517    | 23.2750   
4      | 19.7158    | 63.1750    | 0.0082     | 21.2000   
5      | 61.2728    | 66.3250    | 14.5962    | 19.5250   
6      | 63.2476    | 69.7250    | 12.5863    | 17.7500   
7      | 64.9474    | 72.9000    | 10.8785    | 16.1500   
8      | 48.1106    | 48.7500    | 32.7764    | 31.9000   
9      | 45.9292    | 46.3750    | 37.0628    | 34.3250   

PSTEPS = 180, TSTEPS = 90000

TIME TAKEN = 679.67967 ms
Run 5

 HYBRID IMPLEMENTATION 1
--------------------------------------------------------------

Index  | Call Model | Call Actual | Put Model  | Put Actual
--------------------------------------------------------------
0      | 50.6484    | 51.7000    | 29.0231    | 29.6500   
1      | 52.2353    | 53.6500    | 25.4290    | 27.3750   
2      | 54.4493    | 56.4000    | 22.5234    | 25.3500   
3      | 57.0709    | 59.9750    | 19.4517    | 23.2750   
4      | 59.2466    | 63.1750    | 16.6464    | 21.2000   
5      | 61.2728    | 66.3250    | 14.5962    | 19.5250   
6      | 63.2476    | 69.7250    | 12.5863    | 17.7500   
7      | 64.9474    | 72.9000    | 10.8785    | 16.1500   
8      | 48.1106    | 48.7500    | 32.7764    | 31.9000   
9      | 45.9292    | 46.3750    | 37.0628    | 34.3250   

PSTEPS = 180, TSTEPS = 90000

TIME TAKEN = 679.92868 ms
Run 6

 HYBRID IMPLEMENTATION 1
--------------------------------------------------------------

Index  | Call Model | Call Actual | Put Model  | Put Actual
--------------------------------------------------------------
0      | 50.6484    | 51.7000    | 29.0231    | 29.6500   
1      | 52.2353    | 53.6500    | 25.4290    | 27.3750   
2      | 54.4493    | 56.4000    | 22.5234    | 25.3500   
3      | 57.0709    | 59.9750    | 19.4517    | 23.2750   
4      | 59.2466    | 63.1750    | 16.6464    | 21.2000   
5      | 61.2728    | 66.3250    | 14.5962    | 19.5250   
6      | 63.2476    | 69.7250    | 12.5863    | 17.7500   
7      | 64.9474    | 72.9000    | 10.8785    | 16.1500   
8      | 48.1106    | 48.7500    | 32.7764    | 31.9000   
9      | 45.9292    | 46.3750    | 37.0628    | 34.3250   

PSTEPS = 180, TSTEPS = 90000

TIME TAKEN = 678.92344 ms
Run 7

 HYBRID IMPLEMENTATION 1
--------------------------------------------------------------

Index  | Call Model | Call Actual | Put Model  | Put Actual
--------------------------------------------------------------
0      | 50.6484    | 51.7000    | 29.0231    | 29.6500   
1      | 52.2353    | 53.6500    | 25.4290    | 27.3750   
2      | 54.4493    | 56.4000    | 22.5234    | 25.3500   
3      | 57.0709    | 59.9750    | 19.4517    | 23.2750   
4      | 59.2466    | 63.1750    | 16.6464    | 21.2000   
5      | 61.2728    | 66.3250    | 14.5962    | 19.5250   
6      | 63.2476    | 69.7250    | 12.5863    | 17.7500   
7      | 64.9474    | 72.9000    | 10.8785    | 16.1500   
8      | 48.1106    | 48.7500    | 32.7764    | 31.9000   
9      | 45.9292    | 46.3750    | 37.0628    | 34.3250   

PSTEPS = 180, TSTEPS = 90000

TIME TAKEN = 677.51266 ms
Run 8

 HYBRID IMPLEMENTATION 1
--------------------------------------------------------------

Index  | Call Model | Call Actual | Put Model  | Put Actual
--------------------------------------------------------------
0      | 50.6484    | 51.7000    | 29.0231    | 29.6500   
1      | 39.8023    | 53.6500    | 25.4277    | 27.3750   
2      | 54.4493    | 56.4000    | 22.5234    | 25.3500   
3      | 57.0709    | 59.9750    | 19.4517    | 23.2750   
4      | 19.7167    | 63.1750    | 0.0082     | 21.2000   
5      | 61.2728    | 66.3250    | 14.5962    | 19.5250   
6      | 63.2476    | 69.7250    | 12.5863    | 17.7500   
7      | 64.9474    | 72.9000    | 10.8785    | 16.1500   
8      | 48.1106    | 48.7500    | 32.7764    | 31.9000   
9      | 45.9292    | 46.3750    | 37.0628    | 34.3250   

PSTEPS = 180, TSTEPS = 90000

TIME TAKEN = 680.46182 ms
Run 9

 HYBRID IMPLEMENTATION 1
--------------------------------------------------------------

Index  | Call Model | Call Actual | Put Model  | Put Actual
--------------------------------------------------------------
0      | 31.1672    | 51.7000    | 29.0187    | 29.6500   
1      | 52.2353    | 53.6500    | 25.4290    | 27.3750   
2      | 54.4493    | 56.4000    | 22.5234    | 25.3500   
3      | 57.0709    | 59.9750    | 19.4517    | 23.2750   
4      | 19.7158    | 63.1750    | 0.0082     | 21.2000   
5      | 61.2728    | 66.3250    | 14.5962    | 19.5250   
6      | 63.2476    | 69.7250    | 12.5863    | 17.7500   
7      | 64.9474    | 72.9000    | 10.8785    | 16.1500   
8      | 48.1106    | 48.7500    | 32.7764    | 31.9000   
9      | 45.9292    | 46.3750    | 37.0628    | 34.3250   

PSTEPS = 180, TSTEPS = 90000

TIME TAKEN = 681.12726 ms
Run 10

 HYBRID IMPLEMENTATION 1
--------------------------------------------------------------

Index  | Call Model | Call Actual | Put Model  | Put Actual
--------------------------------------------------------------
0      | 50.6484    | 51.7000    | 29.0231    | 29.6500   
1      | 52.2353    | 53.6500    | 25.4290    | 27.3750   
2      | 54.4493    | 56.4000    | 22.5234    | 25.3500   
3      | 57.0709    | 59.9750    | 19.4517    | 23.2750   
4      | 59.2466    | 63.1750    | 16.6464    | 21.2000   
5      | 61.2728    | 66.3250    | 14.5962    | 19.5250   
6      | 63.2476    | 69.7250    | 12.5863    | 17.7500   
7      | 64.9474    | 72.9000    | 10.8785    | 16.1500   
8      | 48.1106    | 48.7500    | 32.7764    | 31.9000   
9      | 45.9292    | 46.3750    | 37.0628    | 34.3250   

PSTEPS = 180, TSTEPS = 90000

TIME TAKEN = 662.53511 ms
