Benchmarking: black_scholes_hybrid1 with p=140, t=80000
Run 1

 HYBRID IMPLEMENTATION 1
--------------------------------------------------------------

Index  | Call Model | Call Actual | Put Model  | Put Actual
--------------------------------------------------------------
0      | 49.0880    | 51.7000    | 29.9947    | 29.6500   
1      | 49.9514    | 53.6500    | 26.5055    | 27.3750   
2      | 52.2839    | 56.4000    | 23.6946    | 25.3500   
3      | 54.3957    | 59.9750    | 20.6928    | 23.2750   
4      | 56.3067    | 63.1750    | 17.9220    | 21.2000   
5      | 57.9637    | 66.3250    | 15.8938    | 19.5250   
6      | 57.6682    | 69.7250    | 13.8765    | 17.7500   
7      | 60.8936    | 72.9000    | 12.1464    | 16.1500   
8      | 47.0182    | 48.7500    | 33.5832    | 31.9000   
9      | 45.1756    | 46.3750    | 37.6817    | 34.3250   

PSTEPS = 140, TSTEPS = 80000

TIME TAKEN = 579.66675 ms
Run 2

 HYBRID IMPLEMENTATION 1
--------------------------------------------------------------

Index  | Call Model | Call Actual | Put Model  | Put Actual
--------------------------------------------------------------
0      | 48.9773    | 51.7000    | 29.9947    | 29.6500   
1      | 50.4372    | 53.6500    | 26.5055    | 27.3750   
2      | 52.2839    | 56.4000    | 23.6946    | 25.3500   
3      | 54.5134    | 59.9750    | 20.6928    | 23.2750   
4      | 56.3067    | 63.1750    | 17.9220    | 21.2000   
5      | 57.9637    | 66.3250    | 15.8938    | 19.5250   
6      | 59.5591    | 69.7250    | 13.8765    | 17.7500   
7      | 60.8940    | 72.9000    | 12.1464    | 16.1500   
8      | 43.3134    | 48.7500    | 33.5832    | 31.9000   
9      | 45.1756    | 46.3750    | 37.6817    | 34.3250   

PSTEPS = 140, TSTEPS = 80000

TIME TAKEN = 566.25784 ms
Run 3

 HYBRID IMPLEMENTATION 1
--------------------------------------------------------------

Index  | Call Model | Call Actual | Put Model  | Put Actual
--------------------------------------------------------------
0      | 49.1963    | 51.7000    | 29.9947    | 29.6500   
1      | 50.4372    | 53.6500    | 26.5055    | 27.3750   
2      | 52.2457    | 56.4000    | 23.6946    | 25.3500   
3      | 54.5055    | 59.9750    | 20.6928    | 23.2750   
4      | 56.3067    | 63.1750    | 17.9220    | 21.2000   
5      | 57.9637    | 66.3250    | 15.8938    | 19.5250   
6      | 59.5591    | 69.7250    | 13.8765    | 17.7500   
7      | 60.8940    | 72.9000    | 12.1464    | 16.1500   
8      | 47.0182    | 48.7500    | 33.5832    | 31.9000   
9      | 45.1756    | 46.3750    | 37.6817    | 34.3250   

PSTEPS = 140, TSTEPS = 80000

TIME TAKEN = 601.14982 ms
Run 4

 HYBRID IMPLEMENTATION 1
--------------------------------------------------------------

Index  | Call Model | Call Actual | Put Model  | Put Actual
--------------------------------------------------------------
0      | 49.1963    | 51.7000    | 29.9947    | 29.6500   
1      | 50.4366    | 53.6500    | 26.5055    | 27.3750   
2      | 52.2839    | 56.4000    | 23.6946    | 25.3500   
3      | 54.1614    | 59.9750    | 20.6928    | 23.2750   
4      | 56.3067    | 63.1750    | 17.9220    | 21.2000   
5      | 57.9637    | 66.3250    | 15.8938    | 19.5250   
6      | 57.6748    | 69.7250    | 13.8765    | 17.7500   
7      | 60.7097    | 72.9000    | 12.1464    | 16.1500   
8      | 47.0182    | 48.7500    | 33.5832    | 31.9000   
9      | 45.1756    | 46.3750    | 37.6817    | 34.3250   

PSTEPS = 140, TSTEPS = 80000

TIME TAKEN = 560.87875 ms
Run 5

 HYBRID IMPLEMENTATION 1
--------------------------------------------------------------

Index  | Call Model | Call Actual | Put Model  | Put Actual
--------------------------------------------------------------
0      | 49.1019    | 51.7000    | 29.9947    | 29.6500   
1      | 50.3301    | 53.6500    | 26.5055    | 27.3750   
2      | 52.2839    | 56.4000    | 23.6946    | 25.3500   
3      | 54.0942    | 59.9750    | 20.6928    | 23.2750   
4      | 56.3067    | 63.1750    | 17.9220    | 21.2000   
5      | 57.9637    | 66.3250    | 15.8938    | 19.5250   
6      | 57.6746    | 69.7250    | 13.8765    | 17.7500   
7      | 60.8940    | 72.9000    | 12.1464    | 16.1500   
8      | 43.3133    | 48.7500    | 33.5832    | 31.9000   
9      | 44.1720    | 46.3750    | 37.6816    | 34.3250   

PSTEPS = 140, TSTEPS = 80000

TIME TAKEN = 565.92574 ms
Run 6

 HYBRID IMPLEMENTATION 1
--------------------------------------------------------------

Index  | Call Model | Call Actual | Put Model  | Put Actual
--------------------------------------------------------------
0      | 49.1255    | 51.7000    | 29.9947    | 29.6500   
1      | 50.2939    | 53.6500    | 26.5055    | 27.3750   
2      | 51.6938    | 56.4000    | 23.6946    | 25.3500   
3      | 54.2387    | 59.9750    | 20.6928    | 23.2750   
4      | 56.3067    | 63.1750    | 17.9220    | 21.2000   
5      | 57.9637    | 66.3250    | 15.8938    | 19.5250   
6      | 57.6746    | 69.7250    | 13.8765    | 17.7500   
7      | 57.4719    | 72.9000    | 12.1464    | 16.1500   
8      | 43.3133    | 48.7500    | 33.5832    | 31.9000   
9      | 43.2475    | 46.3750    | 37.6816    | 34.3250   

PSTEPS = 140, TSTEPS = 80000

TIME TAKEN = 584.24567 ms
Run 7

 HYBRID IMPLEMENTATION 1
--------------------------------------------------------------

Index  | Call Model | Call Actual | Put Model  | Put Actual
--------------------------------------------------------------
0      | 49.0749    | 51.7000    | 29.9947    | 29.6500   
1      | 50.2673    | 53.6500    | 26.5055    | 27.3750   
2      | 52.2839    | 56.4000    | 23.6946    | 25.3500   
3      | 54.5134    | 59.9750    | 20.6928    | 23.2750   
4      | 56.3067    | 63.1750    | 17.9220    | 21.2000   
5      | 57.9637    | 66.3250    | 15.8938    | 19.5250   
6      | 57.6747    | 69.7250    | 13.8765    | 17.7500   
7      | 60.8940    | 72.9000    | 12.1464    | 16.1500   
8      | 47.0182    | 48.7500    | 33.5832    | 31.9000   
9      | 45.1756    | 46.3750    | 37.6817    | 34.3250   

PSTEPS = 140, TSTEPS = 80000

TIME TAKEN = 553.23197 ms
Run 8

 HYBRID IMPLEMENTATION 1
--------------------------------------------------------------

Index  | Call Model | Call Actual | Put Model  | Put Actual
--------------------------------------------------------------
0      | 49.1963    | 51.7000    | 29.9947    | 29.6500   
1      | 50.4372    | 53.6500    | 26.5055    | 27.3750   
2      | 52.2838    | 56.4000    | 23.6946    | 25.3500   
3      | 54.4808    | 59.9750    | 20.6928    | 23.2750   
4      | 56.3067    | 63.1750    | 17.9220    | 21.2000   
5      | 57.9637    | 66.3250    | 15.8938    | 19.5250   
6      | 57.6746    | 69.7250    | 13.8765    | 17.7500   
7      | 60.7172    | 72.9000    | 12.1464    | 16.1500   
8      | 46.6185    | 48.7500    | 33.5832    | 31.9000   
9      | 44.1720    | 46.3750    | 37.6816    | 34.3250   

PSTEPS = 140, TSTEPS = 80000

TIME TAKEN = 551.97414 ms
Run 9

 HYBRID IMPLEMENTATION 1
--------------------------------------------------------------

Index  | Call Model | Call Actual | Put Model  | Put Actual
--------------------------------------------------------------
0      | 49.1418    | 51.7000    | 29.9947    | 29.6500   
1      | 50.4372    | 53.6500    | 26.5055    | 27.3750   
2      | 52.1229    | 56.4000    | 23.6946    | 25.3500   
3      | 54.5112    | 59.9750    | 20.6928    | 23.2750   
4      | 56.3067    | 63.1750    | 17.9220    | 21.2000   
5      | 57.9637    | 66.3250    | 15.8938    | 19.5250   
6      | 59.5591    | 69.7250    | 13.8765    | 17.7500   
7      | 60.8940    | 72.9000    | 12.1464    | 16.1500   
8      | 46.7907    | 48.7500    | 33.5832    | 31.9000   
9      | 44.1720    | 46.3750    | 37.6816    | 34.3250   

PSTEPS = 140, TSTEPS = 80000

TIME TAKEN = 547.51812 ms
Run 10

 HYBRID IMPLEMENTATION 1
--------------------------------------------------------------

Index  | Call Model | Call Actual | Put Model  | Put Actual
--------------------------------------------------------------
0      | 49.0283    | 51.7000    | 29.9947    | 29.6500   
1      | 50.4372    | 53.6500    | 26.5055    | 27.3750   
2      | 52.2839    | 56.4000    | 23.6946    | 25.3500   
3      | 54.2981    | 59.9750    | 20.6928    | 23.2750   
4      | 56.3067    | 63.1750    | 17.9220    | 21.2000   
5      | 57.9637    | 66.3250    | 15.8938    | 19.5250   
6      | 59.5589    | 69.7250    | 13.8765    | 17.7500   
7      | 60.8940    | 72.9000    | 12.1464    | 16.1500   
8      | 47.0182    | 48.7500    | 33.5832    | 31.9000   
9      | 45.1756    | 46.3750    | 37.6817    | 34.3250   

PSTEPS = 140, TSTEPS = 80000

TIME TAKEN = 563.74876 ms
