Benchmarking: black_scholes_base with p=100, t=90000
Run 1

BASIC IMPLEMENTATION
--------------------------------------------------------------

Index  | Call Model | Call Actual | Put Model  | Put Actual
--------------------------------------------------------------
0      | 47.7779    | 51.7000    | 31.0196    | 29.6500   
1      | 48.6943    | 53.6500    | 27.6518    | 27.3750   
2      | 50.1741    | 56.4000    | 24.9302    | 25.3500   
3      | 52.0289    | 59.9750    | 22.0092    | 23.2750   
4      | 53.4632    | 63.1750    | 19.2890    | 21.2000   
5      | 54.7577    | 66.3250    | 17.2807    | 19.5250   
6      | 56.0023    | 69.7250    | 15.2750    | 17.7500   
7      | 57.0033    | 72.9000    | 13.5426    | 16.1500   
8      | 45.9514    | 48.7500    | 34.4393    | 31.9000   
9      | 44.4483    | 46.3750    | 38.3539    | 34.3250   

PSTEPS = 100, TSTEPS = 90000

TIME TAKEN = 3351.10191 ms
Run 2

BASIC IMPLEMENTATION
--------------------------------------------------------------

Index  | Call Model | Call Actual | Put Model  | Put Actual
--------------------------------------------------------------
0      | 47.7779    | 51.7000    | 31.0196    | 29.6500   
1      | 48.6943    | 53.6500    | 27.6518    | 27.3750   
2      | 50.1741    | 56.4000    | 24.9302    | 25.3500   
3      | 52.0289    | 59.9750    | 22.0092    | 23.2750   
4      | 53.4632    | 63.1750    | 19.2890    | 21.2000   
5      | 54.7577    | 66.3250    | 17.2807    | 19.5250   
6      | 56.0023    | 69.7250    | 15.2750    | 17.7500   
7      | 57.0033    | 72.9000    | 13.5426    | 16.1500   
8      | 45.9514    | 48.7500    | 34.4393    | 31.9000   
9      | 44.4483    | 46.3750    | 38.3539    | 34.3250   

PSTEPS = 100, TSTEPS = 90000

TIME TAKEN = 3350.95983 ms
Run 3

BASIC IMPLEMENTATION
--------------------------------------------------------------

Index  | Call Model | Call Actual | Put Model  | Put Actual
--------------------------------------------------------------
0      | 47.7779    | 51.7000    | 31.0196    | 29.6500   
1      | 48.6943    | 53.6500    | 27.6518    | 27.3750   
2      | 50.1741    | 56.4000    | 24.9302    | 25.3500   
3      | 52.0289    | 59.9750    | 22.0092    | 23.2750   
4      | 53.4632    | 63.1750    | 19.2890    | 21.2000   
5      | 54.7577    | 66.3250    | 17.2807    | 19.5250   
6      | 56.0023    | 69.7250    | 15.2750    | 17.7500   
7      | 57.0033    | 72.9000    | 13.5426    | 16.1500   
8      | 45.9514    | 48.7500    | 34.4393    | 31.9000   
9      | 44.4483    | 46.3750    | 38.3539    | 34.3250   

PSTEPS = 100, TSTEPS = 90000

TIME TAKEN = 3317.06665 ms
Run 4

BASIC IMPLEMENTATION
--------------------------------------------------------------

Index  | Call Model | Call Actual | Put Model  | Put Actual
--------------------------------------------------------------
0      | 47.7779    | 51.7000    | 31.0196    | 29.6500   
1      | 48.6943    | 53.6500    | 27.6518    | 27.3750   
2      | 50.1741    | 56.4000    | 24.9302    | 25.3500   
3      | 52.0289    | 59.9750    | 22.0092    | 23.2750   
4      | 53.4632    | 63.1750    | 19.2890    | 21.2000   
5      | 54.7577    | 66.3250    | 17.2807    | 19.5250   
6      | 56.0023    | 69.7250    | 15.2750    | 17.7500   
7      | 57.0033    | 72.9000    | 13.5426    | 16.1500   
8      | 45.9514    | 48.7500    | 34.4393    | 31.9000   
9      | 44.4483    | 46.3750    | 38.3539    | 34.3250   

PSTEPS = 100, TSTEPS = 90000

TIME TAKEN = 3350.89635 ms
Run 5

BASIC IMPLEMENTATION
--------------------------------------------------------------

Index  | Call Model | Call Actual | Put Model  | Put Actual
--------------------------------------------------------------
0      | 47.7779    | 51.7000    | 31.0196    | 29.6500   
1      | 48.6943    | 53.6500    | 27.6518    | 27.3750   
2      | 50.1741    | 56.4000    | 24.9302    | 25.3500   
3      | 52.0289    | 59.9750    | 22.0092    | 23.2750   
4      | 53.4632    | 63.1750    | 19.2890    | 21.2000   
5      | 54.7577    | 66.3250    | 17.2807    | 19.5250   
6      | 56.0023    | 69.7250    | 15.2750    | 17.7500   
7      | 57.0033    | 72.9000    | 13.5426    | 16.1500   
8      | 45.9514    | 48.7500    | 34.4393    | 31.9000   
9      | 44.4483    | 46.3750    | 38.3539    | 34.3250   

PSTEPS = 100, TSTEPS = 90000

TIME TAKEN = 3355.37617 ms
Run 6

BASIC IMPLEMENTATION
--------------------------------------------------------------

Index  | Call Model | Call Actual | Put Model  | Put Actual
--------------------------------------------------------------
0      | 47.7779    | 51.7000    | 31.0196    | 29.6500   
1      | 48.6943    | 53.6500    | 27.6518    | 27.3750   
2      | 50.1741    | 56.4000    | 24.9302    | 25.3500   
3      | 52.0289    | 59.9750    | 22.0092    | 23.2750   
4      | 53.4632    | 63.1750    | 19.2890    | 21.2000   
5      | 54.7577    | 66.3250    | 17.2807    | 19.5250   
6      | 56.0023    | 69.7250    | 15.2750    | 17.7500   
7      | 57.0033    | 72.9000    | 13.5426    | 16.1500   
8      | 45.9514    | 48.7500    | 34.4393    | 31.9000   
9      | 44.4483    | 46.3750    | 38.3539    | 34.3250   

PSTEPS = 100, TSTEPS = 90000

TIME TAKEN = 3318.64619 ms
Run 7

BASIC IMPLEMENTATION
--------------------------------------------------------------

Index  | Call Model | Call Actual | Put Model  | Put Actual
--------------------------------------------------------------
0      | 47.7779    | 51.7000    | 31.0196    | 29.6500   
1      | 48.6943    | 53.6500    | 27.6518    | 27.3750   
2      | 50.1741    | 56.4000    | 24.9302    | 25.3500   
3      | 52.0289    | 59.9750    | 22.0092    | 23.2750   
4      | 53.4632    | 63.1750    | 19.2890    | 21.2000   
5      | 54.7577    | 66.3250    | 17.2807    | 19.5250   
6      | 56.0023    | 69.7250    | 15.2750    | 17.7500   
7      | 57.0033    | 72.9000    | 13.5426    | 16.1500   
8      | 45.9514    | 48.7500    | 34.4393    | 31.9000   
9      | 44.4483    | 46.3750    | 38.3539    | 34.3250   

PSTEPS = 100, TSTEPS = 90000

TIME TAKEN = 3299.35088 ms
Run 8

BASIC IMPLEMENTATION
--------------------------------------------------------------

Index  | Call Model | Call Actual | Put Model  | Put Actual
--------------------------------------------------------------
0      | 47.7779    | 51.7000    | 31.0196    | 29.6500   
1      | 48.6943    | 53.6500    | 27.6518    | 27.3750   
2      | 50.1741    | 56.4000    | 24.9302    | 25.3500   
3      | 52.0289    | 59.9750    | 22.0092    | 23.2750   
4      | 53.4632    | 63.1750    | 19.2890    | 21.2000   
5      | 54.7577    | 66.3250    | 17.2807    | 19.5250   
6      | 56.0023    | 69.7250    | 15.2750    | 17.7500   
7      | 57.0033    | 72.9000    | 13.5426    | 16.1500   
8      | 45.9514    | 48.7500    | 34.4393    | 31.9000   
9      | 44.4483    | 46.3750    | 38.3539    | 34.3250   

PSTEPS = 100, TSTEPS = 90000

TIME TAKEN = 3353.51079 ms
Run 9

BASIC IMPLEMENTATION
--------------------------------------------------------------

Index  | Call Model | Call Actual | Put Model  | Put Actual
--------------------------------------------------------------
0      | 47.7779    | 51.7000    | 31.0196    | 29.6500   
1      | 48.6943    | 53.6500    | 27.6518    | 27.3750   
2      | 50.1741    | 56.4000    | 24.9302    | 25.3500   
3      | 52.0289    | 59.9750    | 22.0092    | 23.2750   
4      | 53.4632    | 63.1750    | 19.2890    | 21.2000   
5      | 54.7577    | 66.3250    | 17.2807    | 19.5250   
6      | 56.0023    | 69.7250    | 15.2750    | 17.7500   
7      | 57.0033    | 72.9000    | 13.5426    | 16.1500   
8      | 45.9514    | 48.7500    | 34.4393    | 31.9000   
9      | 44.4483    | 46.3750    | 38.3539    | 34.3250   

PSTEPS = 100, TSTEPS = 90000

TIME TAKEN = 3350.39461 ms
Run 10

BASIC IMPLEMENTATION
--------------------------------------------------------------

Index  | Call Model | Call Actual | Put Model  | Put Actual
--------------------------------------------------------------
0      | 47.7779    | 51.7000    | 31.0196    | 29.6500   
1      | 48.6943    | 53.6500    | 27.6518    | 27.3750   
2      | 50.1741    | 56.4000    | 24.9302    | 25.3500   
3      | 52.0289    | 59.9750    | 22.0092    | 23.2750   
4      | 53.4632    | 63.1750    | 19.2890    | 21.2000   
5      | 54.7577    | 66.3250    | 17.2807    | 19.5250   
6      | 56.0023    | 69.7250    | 15.2750    | 17.7500   
7      | 57.0033    | 72.9000    | 13.5426    | 16.1500   
8      | 45.9514    | 48.7500    | 34.4393    | 31.9000   
9      | 44.4483    | 46.3750    | 38.3539    | 34.3250   

PSTEPS = 100, TSTEPS = 90000

TIME TAKEN = 3353.96073 ms
