Benchmarking: black_scholes_gpu with p=180, t=70000
Run 1

 GPU ACCELERATED IMPLEMENTATION
--------------------------------------------------------------

Index  | Call Model | Call Actual | Put Model  | Put Actual
--------------------------------------------------------------
0      | 50.6484    | 51.7000    | 29.0231    | 29.6500   
1      | 52.2353    | 53.6500    | 25.4290    | 27.3750   
2      | 54.4494    | 56.4000    | 22.5234    | 25.3500   
3      | 57.0709    | 59.9750    | 19.4517    | 23.2750   
4      | 59.2467    | 63.1750    | 16.6464    | 21.2000   
5      | 61.2728    | 66.3250    | 14.5962    | 19.5250   
6      | 63.2476    | 69.7250    | 12.5863    | 17.7500   
7      | 64.9474    | 72.9000    | 10.8785    | 16.1500   
8      | 48.1106    | 48.7500    | 32.7764    | 31.9000   
9      | 45.9292    | 46.3750    | 37.0628    | 34.3250   

PSTEPS = 180, TSTEPS = 70000

TIME TAKEN = 360.06814 ms
Run 2

 GPU ACCELERATED IMPLEMENTATION
--------------------------------------------------------------

Index  | Call Model | Call Actual | Put Model  | Put Actual
--------------------------------------------------------------
0      | 50.6484    | 51.7000    | 29.0231    | 29.6500   
1      | 52.2353    | 53.6500    | 25.4290    | 27.3750   
2      | 54.4494    | 56.4000    | 22.5234    | 25.3500   
3      | 57.0709    | 59.9750    | 19.4517    | 23.2750   
4      | 59.2467    | 63.1750    | 16.6464    | 21.2000   
5      | 61.2728    | 66.3250    | 14.5962    | 19.5250   
6      | 63.2476    | 69.7250    | 12.5863    | 17.7500   
7      | 64.9474    | 72.9000    | 10.8785    | 16.1500   
8      | 48.1106    | 48.7500    | 32.7764    | 31.9000   
9      | 45.9292    | 46.3750    | 37.0628    | 34.3250   

PSTEPS = 180, TSTEPS = 70000

TIME TAKEN = 328.94348 ms
Run 3

 GPU ACCELERATED IMPLEMENTATION
--------------------------------------------------------------

Index  | Call Model | Call Actual | Put Model  | Put Actual
--------------------------------------------------------------
0      | 50.6484    | 51.7000    | 29.0231    | 29.6500   
1      | 52.2353    | 53.6500    | 25.4290    | 27.3750   
2      | 54.4494    | 56.4000    | 22.5234    | 25.3500   
3      | 57.0709    | 59.9750    | 19.4517    | 23.2750   
4      | 59.2467    | 63.1750    | 16.6464    | 21.2000   
5      | 61.2728    | 66.3250    | 14.5962    | 19.5250   
6      | 63.2476    | 69.7250    | 12.5863    | 17.7500   
7      | 64.9474    | 72.9000    | 10.8785    | 16.1500   
8      | 48.1106    | 48.7500    | 32.7764    | 31.9000   
9      | 45.9292    | 46.3750    | 37.0628    | 34.3250   

PSTEPS = 180, TSTEPS = 70000

TIME TAKEN = 319.41420 ms
Run 4

 GPU ACCELERATED IMPLEMENTATION
--------------------------------------------------------------

Index  | Call Model | Call Actual | Put Model  | Put Actual
--------------------------------------------------------------
0      | 50.6484    | 51.7000    | 29.0231    | 29.6500   
1      | 52.2353    | 53.6500    | 25.4290    | 27.3750   
2      | 54.4494    | 56.4000    | 22.5234    | 25.3500   
3      | 57.0709    | 59.9750    | 19.4517    | 23.2750   
4      | 59.2467    | 63.1750    | 16.6464    | 21.2000   
5      | 61.2728    | 66.3250    | 14.5962    | 19.5250   
6      | 63.2476    | 69.7250    | 12.5863    | 17.7500   
7      | 64.9474    | 72.9000    | 10.8785    | 16.1500   
8      | 48.1106    | 48.7500    | 32.7764    | 31.9000   
9      | 45.9292    | 46.3750    | 37.0628    | 34.3250   

PSTEPS = 180, TSTEPS = 70000

TIME TAKEN = 312.29263 ms
Run 5

 GPU ACCELERATED IMPLEMENTATION
--------------------------------------------------------------

Index  | Call Model | Call Actual | Put Model  | Put Actual
--------------------------------------------------------------
0      | 50.6484    | 51.7000    | 29.0231    | 29.6500   
1      | 52.2353    | 53.6500    | 25.4290    | 27.3750   
2      | 54.4494    | 56.4000    | 22.5234    | 25.3500   
3      | 57.0709    | 59.9750    | 19.4517    | 23.2750   
4      | 59.2467    | 63.1750    | 16.6464    | 21.2000   
5      | 61.2728    | 66.3250    | 14.5962    | 19.5250   
6      | 63.2476    | 69.7250    | 12.5863    | 17.7500   
7      | 64.9474    | 72.9000    | 10.8785    | 16.1500   
8      | 48.1106    | 48.7500    | 32.7764    | 31.9000   
9      | 45.9292    | 46.3750    | 37.0628    | 34.3250   

PSTEPS = 180, TSTEPS = 70000

TIME TAKEN = 321.28647 ms
Run 6

 GPU ACCELERATED IMPLEMENTATION
--------------------------------------------------------------

Index  | Call Model | Call Actual | Put Model  | Put Actual
--------------------------------------------------------------
0      | 50.6484    | 51.7000    | 29.0231    | 29.6500   
1      | 52.2353    | 53.6500    | 25.4290    | 27.3750   
2      | 54.4494    | 56.4000    | 22.5234    | 25.3500   
3      | 57.0709    | 59.9750    | 19.4517    | 23.2750   
4      | 59.2467    | 63.1750    | 16.6464    | 21.2000   
5      | 61.2728    | 66.3250    | 14.5962    | 19.5250   
6      | 63.2476    | 69.7250    | 12.5863    | 17.7500   
7      | 64.9474    | 72.9000    | 10.8785    | 16.1500   
8      | 48.1106    | 48.7500    | 32.7764    | 31.9000   
9      | 45.9292    | 46.3750    | 37.0628    | 34.3250   

PSTEPS = 180, TSTEPS = 70000

TIME TAKEN = 337.71085 ms
Run 7

 GPU ACCELERATED IMPLEMENTATION
--------------------------------------------------------------

Index  | Call Model | Call Actual | Put Model  | Put Actual
--------------------------------------------------------------
0      | 50.6484    | 51.7000    | 29.0231    | 29.6500   
1      | 52.2353    | 53.6500    | 25.4290    | 27.3750   
2      | 54.4494    | 56.4000    | 22.5234    | 25.3500   
3      | 57.0709    | 59.9750    | 19.4517    | 23.2750   
4      | 59.2467    | 63.1750    | 16.6464    | 21.2000   
5      | 61.2728    | 66.3250    | 14.5962    | 19.5250   
6      | 63.2476    | 69.7250    | 12.5863    | 17.7500   
7      | 64.9474    | 72.9000    | 10.8785    | 16.1500   
8      | 48.1106    | 48.7500    | 32.7764    | 31.9000   
9      | 45.9292    | 46.3750    | 37.0628    | 34.3250   

PSTEPS = 180, TSTEPS = 70000

TIME TAKEN = 357.48714 ms
Run 8

 GPU ACCELERATED IMPLEMENTATION
--------------------------------------------------------------

Index  | Call Model | Call Actual | Put Model  | Put Actual
--------------------------------------------------------------
0      | 50.6484    | 51.7000    | 29.0231    | 29.6500   
1      | 52.2353    | 53.6500    | 25.4290    | 27.3750   
2      | 54.4494    | 56.4000    | 22.5234    | 25.3500   
3      | 57.0709    | 59.9750    | 19.4517    | 23.2750   
4      | 59.2467    | 63.1750    | 16.6464    | 21.2000   
5      | 61.2728    | 66.3250    | 14.5962    | 19.5250   
6      | 63.2476    | 69.7250    | 12.5863    | 17.7500   
7      | 64.9474    | 72.9000    | 10.8785    | 16.1500   
8      | 48.1106    | 48.7500    | 32.7764    | 31.9000   
9      | 45.9292    | 46.3750    | 37.0628    | 34.3250   

PSTEPS = 180, TSTEPS = 70000

TIME TAKEN = 313.62068 ms
Run 9

 GPU ACCELERATED IMPLEMENTATION
--------------------------------------------------------------

Index  | Call Model | Call Actual | Put Model  | Put Actual
--------------------------------------------------------------
0      | 50.6484    | 51.7000    | 29.0231    | 29.6500   
1      | 52.2353    | 53.6500    | 25.4290    | 27.3750   
2      | 54.4494    | 56.4000    | 22.5234    | 25.3500   
3      | 57.0709    | 59.9750    | 19.4517    | 23.2750   
4      | 59.2467    | 63.1750    | 16.6464    | 21.2000   
5      | 61.2728    | 66.3250    | 14.5962    | 19.5250   
6      | 63.2476    | 69.7250    | 12.5863    | 17.7500   
7      | 64.9474    | 72.9000    | 10.8785    | 16.1500   
8      | 48.1106    | 48.7500    | 32.7764    | 31.9000   
9      | 45.9292    | 46.3750    | 37.0628    | 34.3250   

PSTEPS = 180, TSTEPS = 70000

TIME TAKEN = 339.73962 ms
Run 10

 GPU ACCELERATED IMPLEMENTATION
--------------------------------------------------------------

Index  | Call Model | Call Actual | Put Model  | Put Actual
--------------------------------------------------------------
0      | 50.6484    | 51.7000    | 29.0231    | 29.6500   
1      | 52.2353    | 53.6500    | 25.4290    | 27.3750   
2      | 54.4494    | 56.4000    | 22.5234    | 25.3500   
3      | 57.0709    | 59.9750    | 19.4517    | 23.2750   
4      | 59.2467    | 63.1750    | 16.6464    | 21.2000   
5      | 61.2728    | 66.3250    | 14.5962    | 19.5250   
6      | 63.2476    | 69.7250    | 12.5863    | 17.7500   
7      | 64.9474    | 72.9000    | 10.8785    | 16.1500   
8      | 48.1106    | 48.7500    | 32.7764    | 31.9000   
9      | 45.9292    | 46.3750    | 37.0628    | 34.3250   

PSTEPS = 180, TSTEPS = 70000

TIME TAKEN = 363.60873 ms
