Benchmarking: black_scholes_hybrid1 with p=100, t=20000
Run 1

 HYBRID IMPLEMENTATION 1
--------------------------------------------------------------

Index  | Call Model | Call Actual | Put Model  | Put Actual
--------------------------------------------------------------
0      | 47.7781    | 51.7000    | 31.0198    | 29.6500   
1      | 48.6945    | 53.6500    | 27.6520    | 27.3750   
2      | 50.1743    | 56.4000    | 24.9304    | 25.3500   
3      | 52.0291    | 59.9750    | 22.0094    | 23.2750   
4      | 53.4634    | 63.1750    | 19.2892    | 21.2000   
5      | 54.7579    | 66.3250    | 17.2809    | 19.5250   
6      | 56.0025    | 69.7250    | 15.2752    | 17.7500   
7      | 57.0035    | 72.9000    | 13.5428    | 16.1500   
8      | 45.9516    | 48.7500    | 34.4394    | 31.9000   
9      | 44.4486    | 46.3750    | 38.3540    | 34.3250   

PSTEPS = 100, TSTEPS = 20000

TIME TAKEN = 353.48486 ms
Run 2

 HYBRID IMPLEMENTATION 1
--------------------------------------------------------------

Index  | Call Model | Call Actual | Put Model  | Put Actual
--------------------------------------------------------------
0      | 47.7781    | 51.7000    | 31.0198    | 29.6500   
1      | 48.6945    | 53.6500    | 27.6520    | 27.3750   
2      | 50.1743    | 56.4000    | 24.9304    | 25.3500   
3      | 52.0291    | 59.9750    | 22.0094    | 23.2750   
4      | 53.4634    | 63.1750    | 19.2892    | 21.2000   
5      | 54.7579    | 66.3250    | 17.2809    | 19.5250   
6      | 56.0025    | 69.7250    | 15.2752    | 17.7500   
7      | 57.0035    | 72.9000    | 13.5428    | 16.1500   
8      | 45.9516    | 48.7500    | 34.4394    | 31.9000   
9      | 44.4486    | 46.3750    | 38.3540    | 34.3250   

PSTEPS = 100, TSTEPS = 20000

TIME TAKEN = 319.08720 ms
Run 3

 HYBRID IMPLEMENTATION 1
--------------------------------------------------------------

Index  | Call Model | Call Actual | Put Model  | Put Actual
--------------------------------------------------------------
0      | 47.7781    | 51.7000    | 31.0198    | 29.6500   
1      | 48.6945    | 53.6500    | 27.6520    | 27.3750   
2      | 50.1740    | 56.4000    | 24.9304    | 25.3500   
3      | 52.0291    | 59.9750    | 22.0094    | 23.2750   
4      | 53.4634    | 63.1750    | 19.2892    | 21.2000   
5      | 54.7579    | 66.3250    | 17.2809    | 19.5250   
6      | 56.0025    | 69.7250    | 15.2752    | 17.7500   
7      | 57.0035    | 72.9000    | 13.5428    | 16.1500   
8      | 45.9516    | 48.7500    | 34.4394    | 31.9000   
9      | 44.4486    | 46.3750    | 38.3540    | 34.3250   

PSTEPS = 100, TSTEPS = 20000

TIME TAKEN = 298.07036 ms
Run 4

 HYBRID IMPLEMENTATION 1
--------------------------------------------------------------

Index  | Call Model | Call Actual | Put Model  | Put Actual
--------------------------------------------------------------
0      | 47.7781    | 51.7000    | 31.0198    | 29.6500   
1      | 48.6945    | 53.6500    | 27.6520    | 27.3750   
2      | 50.1743    | 56.4000    | 24.9304    | 25.3500   
3      | 52.0291    | 59.9750    | 22.0094    | 23.2750   
4      | 53.4634    | 63.1750    | 19.2892    | 21.2000   
5      | 54.7579    | 66.3250    | 17.2809    | 19.5250   
6      | 55.9909    | 69.7250    | 15.2752    | 17.7500   
7      | 57.0035    | 72.9000    | 13.5428    | 16.1500   
8      | 45.9516    | 48.7500    | 34.4394    | 31.9000   
9      | 44.4486    | 46.3750    | 38.3540    | 34.3250   

PSTEPS = 100, TSTEPS = 20000

TIME TAKEN = 306.09946 ms
Run 5

 HYBRID IMPLEMENTATION 1
--------------------------------------------------------------

Index  | Call Model | Call Actual | Put Model  | Put Actual
--------------------------------------------------------------
0      | 47.7781    | 51.7000    | 31.0198    | 29.6500   
1      | 48.6945    | 53.6500    | 27.6520    | 27.3750   
2      | 50.1743    | 56.4000    | 24.9304    | 25.3500   
3      | 52.0291    | 59.9750    | 22.0094    | 23.2750   
4      | 53.4634    | 63.1750    | 19.2892    | 21.2000   
5      | 54.7579    | 66.3250    | 17.2809    | 19.5250   
6      | 56.0025    | 69.7250    | 15.2752    | 17.7500   
7      | 57.0035    | 72.9000    | 13.5428    | 16.1500   
8      | 45.9516    | 48.7500    | 34.4394    | 31.9000   
9      | 44.4486    | 46.3750    | 38.3540    | 34.3250   

PSTEPS = 100, TSTEPS = 20000

TIME TAKEN = 305.42172 ms
Run 6

 HYBRID IMPLEMENTATION 1
--------------------------------------------------------------

Index  | Call Model | Call Actual | Put Model  | Put Actual
--------------------------------------------------------------
0      | 47.7781    | 51.7000    | 31.0198    | 29.6500   
1      | 48.6945    | 53.6500    | 27.6520    | 27.3750   
2      | 50.1743    | 56.4000    | 24.9304    | 25.3500   
3      | 52.0291    | 59.9750    | 22.0094    | 23.2750   
4      | 53.4634    | 63.1750    | 19.2892    | 21.2000   
5      | 54.7579    | 66.3250    | 17.2809    | 19.5250   
6      | 56.0025    | 69.7250    | 15.2752    | 17.7500   
7      | 57.0035    | 72.9000    | 13.5428    | 16.1500   
8      | 45.9516    | 48.7500    | 34.4394    | 31.9000   
9      | 44.4486    | 46.3750    | 38.3540    | 34.3250   

PSTEPS = 100, TSTEPS = 20000

TIME TAKEN = 314.66410 ms
Run 7

 HYBRID IMPLEMENTATION 1
--------------------------------------------------------------

Index  | Call Model | Call Actual | Put Model  | Put Actual
--------------------------------------------------------------
0      | 47.7781    | 51.7000    | 31.0198    | 29.6500   
1      | 48.6945    | 53.6500    | 27.6520    | 27.3750   
2      | 50.1743    | 56.4000    | 24.9304    | 25.3500   
3      | 52.0291    | 59.9750    | 22.0094    | 23.2750   
4      | 53.4634    | 63.1750    | 19.2892    | 21.2000   
5      | 54.7579    | 66.3250    | 17.2809    | 19.5250   
6      | 56.0025    | 69.7250    | 15.2752    | 17.7500   
7      | 57.0035    | 72.9000    | 13.5428    | 16.1500   
8      | 45.9516    | 48.7500    | 34.4394    | 31.9000   
9      | 44.4486    | 46.3750    | 38.3540    | 34.3250   

PSTEPS = 100, TSTEPS = 20000

TIME TAKEN = 292.41693 ms
Run 8

 HYBRID IMPLEMENTATION 1
--------------------------------------------------------------

Index  | Call Model | Call Actual | Put Model  | Put Actual
--------------------------------------------------------------
0      | 47.7781    | 51.7000    | 31.0198    | 29.6500   
1      | 48.6945    | 53.6500    | 27.6520    | 27.3750   
2      | 50.1743    | 56.4000    | 24.9304    | 25.3500   
3      | 52.0291    | 59.9750    | 22.0094    | 23.2750   
4      | 53.4634    | 63.1750    | 19.2892    | 21.2000   
5      | 54.7579    | 66.3250    | 17.2809    | 19.5250   
6      | 56.0025    | 69.7250    | 15.2752    | 17.7500   
7      | 57.0035    | 72.9000    | 13.5428    | 16.1500   
8      | 45.9516    | 48.7500    | 34.4394    | 31.9000   
9      | 44.4486    | 46.3750    | 38.3540    | 34.3250   

PSTEPS = 100, TSTEPS = 20000

TIME TAKEN = 298.45013 ms
Run 9

 HYBRID IMPLEMENTATION 1
--------------------------------------------------------------

Index  | Call Model | Call Actual | Put Model  | Put Actual
--------------------------------------------------------------
0      | 47.7781    | 51.7000    | 31.0198    | 29.6500   
1      | 48.6945    | 53.6500    | 27.6520    | 27.3750   
2      | 50.1743    | 56.4000    | 24.9304    | 25.3500   
3      | 52.0291    | 59.9750    | 22.0094    | 23.2750   
4      | 53.4634    | 63.1750    | 19.2892    | 21.2000   
5      | 54.7579    | 66.3250    | 17.2809    | 19.5250   
6      | 56.0025    | 69.7250    | 15.2752    | 17.7500   
7      | 57.0035    | 72.9000    | 13.5428    | 16.1500   
8      | 45.9516    | 48.7500    | 34.4394    | 31.9000   
9      | 44.3927    | 46.3750    | 38.3540    | 34.3250   

PSTEPS = 100, TSTEPS = 20000

TIME TAKEN = 328.11446 ms
Run 10

 HYBRID IMPLEMENTATION 1
--------------------------------------------------------------

Index  | Call Model | Call Actual | Put Model  | Put Actual
--------------------------------------------------------------
0      | 47.7781    | 51.7000    | 31.0198    | 29.6500   
1      | 48.6945    | 53.6500    | 27.6520    | 27.3750   
2      | 50.1743    | 56.4000    | 24.9304    | 25.3500   
3      | 52.0291    | 59.9750    | 22.0094    | 23.2750   
4      | 53.4634    | 63.1750    | 19.2892    | 21.2000   
5      | 54.7579    | 66.3250    | 17.2809    | 19.5250   
6      | 56.0025    | 69.7250    | 15.2752    | 17.7500   
7      | 50.4612    | 72.9000    | 13.5428    | 16.1500   
8      | 45.9516    | 48.7500    | 34.4394    | 31.9000   
9      | 44.4486    | 46.3750    | 38.3540    | 34.3250   

PSTEPS = 100, TSTEPS = 20000

TIME TAKEN = 342.91668 ms
