Benchmarking: black_scholes_base with p=180, t=20000
Run 1

BASIC IMPLEMENTATION
--------------------------------------------------------------

Index  | Call Model | Call Actual | Put Model  | Put Actual
--------------------------------------------------------------
0      | 50.6487    | 51.7000    | 29.0232    | 29.6500   
1      | 52.2356    | 53.6500    | 25.4291    | 27.3750   
2      | 54.4496    | 56.4000    | 22.5236    | 25.3500   
3      | 57.0711    | 59.9750    | 19.4518    | 23.2750   
4      | 59.2469    | 63.1750    | 16.6466    | 21.2000   
5      | 61.2730    | 66.3250    | 14.5964    | 19.5250   
6      | 63.2479    | 69.7250    | 12.5865    | 17.7500   
7      | 64.9476    | 72.9000    | 10.8787    | 16.1500   
8      | 48.1108    | 48.7500    | 32.7765    | 31.9000   
9      | 45.9294    | 46.3750    | 37.0629    | 34.3250   

PSTEPS = 180, TSTEPS = 20000

TIME TAKEN = 1343.95533 ms
Run 2

BASIC IMPLEMENTATION
--------------------------------------------------------------

Index  | Call Model | Call Actual | Put Model  | Put Actual
--------------------------------------------------------------
0      | 50.6487    | 51.7000    | 29.0232    | 29.6500   
1      | 52.2356    | 53.6500    | 25.4291    | 27.3750   
2      | 54.4496    | 56.4000    | 22.5236    | 25.3500   
3      | 57.0711    | 59.9750    | 19.4518    | 23.2750   
4      | 59.2469    | 63.1750    | 16.6466    | 21.2000   
5      | 61.2730    | 66.3250    | 14.5964    | 19.5250   
6      | 63.2479    | 69.7250    | 12.5865    | 17.7500   
7      | 64.9476    | 72.9000    | 10.8787    | 16.1500   
8      | 48.1108    | 48.7500    | 32.7765    | 31.9000   
9      | 45.9294    | 46.3750    | 37.0629    | 34.3250   

PSTEPS = 180, TSTEPS = 20000

TIME TAKEN = 1340.59357 ms
Run 3

BASIC IMPLEMENTATION
--------------------------------------------------------------

Index  | Call Model | Call Actual | Put Model  | Put Actual
--------------------------------------------------------------
0      | 50.6487    | 51.7000    | 29.0232    | 29.6500   
1      | 52.2356    | 53.6500    | 25.4291    | 27.3750   
2      | 54.4496    | 56.4000    | 22.5236    | 25.3500   
3      | 57.0711    | 59.9750    | 19.4518    | 23.2750   
4      | 59.2469    | 63.1750    | 16.6466    | 21.2000   
5      | 61.2730    | 66.3250    | 14.5964    | 19.5250   
6      | 63.2479    | 69.7250    | 12.5865    | 17.7500   
7      | 64.9476    | 72.9000    | 10.8787    | 16.1500   
8      | 48.1108    | 48.7500    | 32.7765    | 31.9000   
9      | 45.9294    | 46.3750    | 37.0629    | 34.3250   

PSTEPS = 180, TSTEPS = 20000

TIME TAKEN = 1338.51297 ms
Run 4

BASIC IMPLEMENTATION
--------------------------------------------------------------

Index  | Call Model | Call Actual | Put Model  | Put Actual
--------------------------------------------------------------
0      | 50.6487    | 51.7000    | 29.0232    | 29.6500   
1      | 52.2356    | 53.6500    | 25.4291    | 27.3750   
2      | 54.4496    | 56.4000    | 22.5236    | 25.3500   
3      | 57.0711    | 59.9750    | 19.4518    | 23.2750   
4      | 59.2469    | 63.1750    | 16.6466    | 21.2000   
5      | 61.2730    | 66.3250    | 14.5964    | 19.5250   
6      | 63.2479    | 69.7250    | 12.5865    | 17.7500   
7      | 64.9476    | 72.9000    | 10.8787    | 16.1500   
8      | 48.1108    | 48.7500    | 32.7765    | 31.9000   
9      | 45.9294    | 46.3750    | 37.0629    | 34.3250   

PSTEPS = 180, TSTEPS = 20000

TIME TAKEN = 1340.25805 ms
Run 5

BASIC IMPLEMENTATION
--------------------------------------------------------------

Index  | Call Model | Call Actual | Put Model  | Put Actual
--------------------------------------------------------------
0      | 50.6487    | 51.7000    | 29.0232    | 29.6500   
1      | 52.2356    | 53.6500    | 25.4291    | 27.3750   
2      | 54.4496    | 56.4000    | 22.5236    | 25.3500   
3      | 57.0711    | 59.9750    | 19.4518    | 23.2750   
4      | 59.2469    | 63.1750    | 16.6466    | 21.2000   
5      | 61.2730    | 66.3250    | 14.5964    | 19.5250   
6      | 63.2479    | 69.7250    | 12.5865    | 17.7500   
7      | 64.9476    | 72.9000    | 10.8787    | 16.1500   
8      | 48.1108    | 48.7500    | 32.7765    | 31.9000   
9      | 45.9294    | 46.3750    | 37.0629    | 34.3250   

PSTEPS = 180, TSTEPS = 20000

TIME TAKEN = 1341.02720 ms
Run 6

BASIC IMPLEMENTATION
--------------------------------------------------------------

Index  | Call Model | Call Actual | Put Model  | Put Actual
--------------------------------------------------------------
0      | 50.6487    | 51.7000    | 29.0232    | 29.6500   
1      | 52.2356    | 53.6500    | 25.4291    | 27.3750   
2      | 54.4496    | 56.4000    | 22.5236    | 25.3500   
3      | 57.0711    | 59.9750    | 19.4518    | 23.2750   
4      | 59.2469    | 63.1750    | 16.6466    | 21.2000   
5      | 61.2730    | 66.3250    | 14.5964    | 19.5250   
6      | 63.2479    | 69.7250    | 12.5865    | 17.7500   
7      | 64.9476    | 72.9000    | 10.8787    | 16.1500   
8      | 48.1108    | 48.7500    | 32.7765    | 31.9000   
9      | 45.9294    | 46.3750    | 37.0629    | 34.3250   

PSTEPS = 180, TSTEPS = 20000

TIME TAKEN = 1334.30551 ms
Run 7

BASIC IMPLEMENTATION
--------------------------------------------------------------

Index  | Call Model | Call Actual | Put Model  | Put Actual
--------------------------------------------------------------
0      | 50.6487    | 51.7000    | 29.0232    | 29.6500   
1      | 52.2356    | 53.6500    | 25.4291    | 27.3750   
2      | 54.4496    | 56.4000    | 22.5236    | 25.3500   
3      | 57.0711    | 59.9750    | 19.4518    | 23.2750   
4      | 59.2469    | 63.1750    | 16.6466    | 21.2000   
5      | 61.2730    | 66.3250    | 14.5964    | 19.5250   
6      | 63.2479    | 69.7250    | 12.5865    | 17.7500   
7      | 64.9476    | 72.9000    | 10.8787    | 16.1500   
8      | 48.1108    | 48.7500    | 32.7765    | 31.9000   
9      | 45.9294    | 46.3750    | 37.0629    | 34.3250   

PSTEPS = 180, TSTEPS = 20000

TIME TAKEN = 1341.01878 ms
Run 8

BASIC IMPLEMENTATION
--------------------------------------------------------------

Index  | Call Model | Call Actual | Put Model  | Put Actual
--------------------------------------------------------------
0      | 50.6487    | 51.7000    | 29.0232    | 29.6500   
1      | 52.2356    | 53.6500    | 25.4291    | 27.3750   
2      | 54.4496    | 56.4000    | 22.5236    | 25.3500   
3      | 57.0711    | 59.9750    | 19.4518    | 23.2750   
4      | 59.2469    | 63.1750    | 16.6466    | 21.2000   
5      | 61.2730    | 66.3250    | 14.5964    | 19.5250   
6      | 63.2479    | 69.7250    | 12.5865    | 17.7500   
7      | 64.9476    | 72.9000    | 10.8787    | 16.1500   
8      | 48.1108    | 48.7500    | 32.7765    | 31.9000   
9      | 45.9294    | 46.3750    | 37.0629    | 34.3250   

PSTEPS = 180, TSTEPS = 20000

TIME TAKEN = 1339.90007 ms
Run 9

BASIC IMPLEMENTATION
--------------------------------------------------------------

Index  | Call Model | Call Actual | Put Model  | Put Actual
--------------------------------------------------------------
0      | 50.6487    | 51.7000    | 29.0232    | 29.6500   
1      | 52.2356    | 53.6500    | 25.4291    | 27.3750   
2      | 54.4496    | 56.4000    | 22.5236    | 25.3500   
3      | 57.0711    | 59.9750    | 19.4518    | 23.2750   
4      | 59.2469    | 63.1750    | 16.6466    | 21.2000   
5      | 61.2730    | 66.3250    | 14.5964    | 19.5250   
6      | 63.2479    | 69.7250    | 12.5865    | 17.7500   
7      | 64.9476    | 72.9000    | 10.8787    | 16.1500   
8      | 48.1108    | 48.7500    | 32.7765    | 31.9000   
9      | 45.9294    | 46.3750    | 37.0629    | 34.3250   

PSTEPS = 180, TSTEPS = 20000

TIME TAKEN = 1340.08012 ms
Run 10

BASIC IMPLEMENTATION
--------------------------------------------------------------

Index  | Call Model | Call Actual | Put Model  | Put Actual
--------------------------------------------------------------
0      | 50.6487    | 51.7000    | 29.0232    | 29.6500   
1      | 52.2356    | 53.6500    | 25.4291    | 27.3750   
2      | 54.4496    | 56.4000    | 22.5236    | 25.3500   
3      | 57.0711    | 59.9750    | 19.4518    | 23.2750   
4      | 59.2469    | 63.1750    | 16.6466    | 21.2000   
5      | 61.2730    | 66.3250    | 14.5964    | 19.5250   
6      | 63.2479    | 69.7250    | 12.5865    | 17.7500   
7      | 64.9476    | 72.9000    | 10.8787    | 16.1500   
8      | 48.1108    | 48.7500    | 32.7765    | 31.9000   
9      | 45.9294    | 46.3750    | 37.0629    | 34.3250   

PSTEPS = 180, TSTEPS = 20000

TIME TAKEN = 1339.85242 ms
