Benchmarking: black_scholes_hybrid1 with p=40, t=30000
Run 1

 HYBRID IMPLEMENTATION 1
--------------------------------------------------------------

Index  | Call Model | Call Actual | Put Model  | Put Actual
--------------------------------------------------------------
0      | 45.6394    | 51.7000    | 32.9394    | 29.6500   
1      | 46.1553    | 53.6500    | 29.8189    | 27.3750   
2      | 47.1411    | 56.4000    | 27.2628    | 25.3500   
3      | 48.3761    | 59.9750    | 24.3800    | 23.2750   
4      | 49.3424    | 63.1750    | 21.7800    | 21.2000   
5      | 50.2133    | 66.3250    | 19.8949    | 19.5250   
6      | 50.9421    | 69.7250    | 17.8881    | 17.7500   
7      | 51.3781    | 72.9000    | 16.0578    | 16.1500   
8      | 44.3193    | 48.7500    | 36.1074    | 31.9000   
9      | 43.3609    | 46.3750    | 39.8025    | 34.3250   

PSTEPS = 40, TSTEPS = 30000

TIME TAKEN = 298.75476 ms
Run 2

 HYBRID IMPLEMENTATION 1
--------------------------------------------------------------

Index  | Call Model | Call Actual | Put Model  | Put Actual
--------------------------------------------------------------
0      | 45.6394    | 51.7000    | 32.9394    | 29.6500   
1      | 46.1553    | 53.6500    | 29.8189    | 27.3750   
2      | 47.1117    | 56.4000    | 27.2628    | 25.3500   
3      | 48.3761    | 59.9750    | 24.3800    | 23.2750   
4      | 49.3424    | 63.1750    | 21.7800    | 21.2000   
5      | 50.2133    | 66.3250    | 19.8949    | 19.5250   
6      | 50.9421    | 69.7250    | 17.8881    | 17.7500   
7      | 51.3781    | 72.9000    | 16.0578    | 16.1500   
8      | 44.2863    | 48.7500    | 36.1074    | 31.9000   
9      | 43.3609    | 46.3750    | 39.8025    | 34.3250   

PSTEPS = 40, TSTEPS = 30000

TIME TAKEN = 285.96003 ms
Run 3

 HYBRID IMPLEMENTATION 1
--------------------------------------------------------------

Index  | Call Model | Call Actual | Put Model  | Put Actual
--------------------------------------------------------------
0      | 45.4830    | 51.7000    | 32.9394    | 29.6500   
1      | 46.1553    | 53.6500    | 29.8189    | 27.3750   
2      | 47.1411    | 56.4000    | 27.2628    | 25.3500   
3      | 47.9323    | 59.9750    | 24.3800    | 23.2750   
4      | 49.3424    | 63.1750    | 21.7800    | 21.2000   
5      | 50.2133    | 66.3250    | 19.8949    | 19.5250   
6      | 50.9421    | 69.7250    | 17.8881    | 17.7500   
7      | 51.2678    | 72.9000    | 16.0578    | 16.1500   
8      | 44.3193    | 48.7500    | 36.1074    | 31.9000   
9      | 42.8722    | 46.3750    | 39.8025    | 34.3250   

PSTEPS = 40, TSTEPS = 30000

TIME TAKEN = 279.41492 ms
Run 4

 HYBRID IMPLEMENTATION 1
--------------------------------------------------------------

Index  | Call Model | Call Actual | Put Model  | Put Actual
--------------------------------------------------------------
0      | 45.6394    | 51.7000    | 32.9394    | 29.6500   
1      | 46.1553    | 53.6500    | 29.8189    | 27.3750   
2      | 47.1411    | 56.4000    | 27.2628    | 25.3500   
3      | 48.3761    | 59.9750    | 24.3800    | 23.2750   
4      | 49.3424    | 63.1750    | 21.7800    | 21.2000   
5      | 49.6190    | 66.3250    | 19.8949    | 19.5250   
6      | 50.9421    | 69.7250    | 17.8881    | 17.7500   
7      | 51.3781    | 72.9000    | 16.0578    | 16.1500   
8      | 44.3193    | 48.7500    | 36.1074    | 31.9000   
9      | 42.2944    | 46.3750    | 39.8025    | 34.3250   

PSTEPS = 40, TSTEPS = 30000

TIME TAKEN = 301.27273 ms
Run 5

 HYBRID IMPLEMENTATION 1
--------------------------------------------------------------

Index  | Call Model | Call Actual | Put Model  | Put Actual
--------------------------------------------------------------
0      | 45.4078    | 51.7000    | 32.9394    | 29.6500   
1      | 46.1553    | 53.6500    | 29.8189    | 27.3750   
2      | 47.1411    | 56.4000    | 27.2628    | 25.3500   
3      | 48.3761    | 59.9750    | 24.3800    | 23.2750   
4      | 49.3424    | 63.1750    | 21.7800    | 21.2000   
5      | 50.2133    | 66.3250    | 19.8949    | 19.5250   
6      | 50.9421    | 69.7250    | 17.8881    | 17.7500   
7      | 51.3781    | 72.9000    | 16.0578    | 16.1500   
8      | 44.3193    | 48.7500    | 36.1074    | 31.9000   
9      | 43.3609    | 46.3750    | 39.8025    | 34.3250   

PSTEPS = 40, TSTEPS = 30000

TIME TAKEN = 292.15274 ms
Run 6

 HYBRID IMPLEMENTATION 1
--------------------------------------------------------------

Index  | Call Model | Call Actual | Put Model  | Put Actual
--------------------------------------------------------------
0      | 45.6394    | 51.7000    | 32.9394    | 29.6500   
1      | 46.1553    | 53.6500    | 29.8189    | 27.3750   
2      | 47.1411    | 56.4000    | 27.2628    | 25.3500   
3      | 48.3761    | 59.9750    | 24.3800    | 23.2750   
4      | 49.3424    | 63.1750    | 21.7800    | 21.2000   
5      | 50.2133    | 66.3250    | 19.8949    | 19.5250   
6      | 50.9421    | 69.7250    | 17.8881    | 17.7500   
7      | 51.3781    | 72.9000    | 16.0578    | 16.1500   
8      | 44.2490    | 48.7500    | 36.1074    | 31.9000   
9      | 43.3609    | 46.3750    | 39.8025    | 34.3250   

PSTEPS = 40, TSTEPS = 30000

TIME TAKEN = 292.98453 ms
Run 7

 HYBRID IMPLEMENTATION 1
--------------------------------------------------------------

Index  | Call Model | Call Actual | Put Model  | Put Actual
--------------------------------------------------------------
0      | 45.6394    | 51.7000    | 32.9394    | 29.6500   
1      | 46.1496    | 53.6500    | 29.8189    | 27.3750   
2      | 47.1411    | 56.4000    | 27.2628    | 25.3500   
3      | 48.3761    | 59.9750    | 24.3800    | 23.2750   
4      | 49.2279    | 63.1750    | 21.7800    | 21.2000   
5      | 50.1519    | 66.3250    | 19.8949    | 19.5250   
6      | 50.9421    | 69.7250    | 17.8881    | 17.7500   
7      | 51.3781    | 72.9000    | 16.0578    | 16.1500   
8      | 43.3850    | 48.7500    | 36.1074    | 31.9000   
9      | 43.0300    | 46.3750    | 39.8025    | 34.3250   

PSTEPS = 40, TSTEPS = 30000

TIME TAKEN = 268.79963 ms
Run 8

 HYBRID IMPLEMENTATION 1
--------------------------------------------------------------

Index  | Call Model | Call Actual | Put Model  | Put Actual
--------------------------------------------------------------
0      | 45.6394    | 51.7000    | 32.9394    | 29.6500   
1      | 46.1553    | 53.6500    | 29.8189    | 27.3750   
2      | 47.1411    | 56.4000    | 27.2628    | 25.3500   
3      | 48.3761    | 59.9750    | 24.3800    | 23.2750   
4      | 49.3424    | 63.1750    | 21.7800    | 21.2000   
5      | 50.2133    | 66.3250    | 19.8949    | 19.5250   
6      | 50.9421    | 69.7250    | 17.8881    | 17.7500   
7      | 51.3781    | 72.9000    | 16.0578    | 16.1500   
8      | 44.3193    | 48.7500    | 36.1074    | 31.9000   
9      | 43.3609    | 46.3750    | 39.8025    | 34.3250   

PSTEPS = 40, TSTEPS = 30000

TIME TAKEN = 264.29093 ms
Run 9

 HYBRID IMPLEMENTATION 1
--------------------------------------------------------------

Index  | Call Model | Call Actual | Put Model  | Put Actual
--------------------------------------------------------------
0      | 45.6394    | 51.7000    | 32.9394    | 29.6500   
1      | 46.1553    | 53.6500    | 29.8189    | 27.3750   
2      | 47.1411    | 56.4000    | 27.2628    | 25.3500   
3      | 48.3761    | 59.9750    | 24.3800    | 23.2750   
4      | 49.3390    | 63.1750    | 21.7800    | 21.2000   
5      | 50.2133    | 66.3250    | 19.8949    | 19.5250   
6      | 50.9421    | 69.7250    | 17.8881    | 17.7500   
7      | 51.3781    | 72.9000    | 16.0578    | 16.1500   
8      | 44.3193    | 48.7500    | 36.1074    | 31.9000   
9      | 43.3609    | 46.3750    | 39.8025    | 34.3250   

PSTEPS = 40, TSTEPS = 30000

TIME TAKEN = 259.46364 ms
Run 10

 HYBRID IMPLEMENTATION 1
--------------------------------------------------------------

Index  | Call Model | Call Actual | Put Model  | Put Actual
--------------------------------------------------------------
0      | 45.6391    | 51.7000    | 32.9394    | 29.6500   
1      | 46.1553    | 53.6500    | 29.8189    | 27.3750   
2      | 47.1411    | 56.4000    | 27.2628    | 25.3500   
3      | 48.3761    | 59.9750    | 24.3800    | 23.2750   
4      | 49.3424    | 63.1750    | 21.7800    | 21.2000   
5      | 50.2133    | 66.3250    | 19.8949    | 19.5250   
6      | 50.9421    | 69.7250    | 17.8881    | 17.7500   
7      | 51.3781    | 72.9000    | 16.0578    | 16.1500   
8      | 44.3193    | 48.7500    | 36.1074    | 31.9000   
9      | 43.3609    | 46.3750    | 39.8025    | 34.3250   

PSTEPS = 40, TSTEPS = 30000

TIME TAKEN = 295.44838 ms
