Benchmarking: black_scholes_hybrid2 with p=120, t=10000
Run 1

 HYBRID IMPLEMENTATION 2
--------------------------------------------------------------

Index  | Call Model | Call Actual | Put Model  | Put Actual
--------------------------------------------------------------
0      | 48.4931    | 51.7000    | 30.5083    | 29.6500   
1      | 49.5573    | 53.6500    | 27.0660    | 27.3750   
2      | 51.2154    | 56.4000    | 24.2955    | 25.3500   
3      | 53.2629    | 59.9750    | 21.3403    | 23.2750   
4      | 54.8735    | 63.1750    | 18.5926    | 21.2000   
5      | 56.3509    | 66.3250    | 16.5772    | 19.5250   
6      | 57.7609    | 69.7250    | 14.5570    | 17.7500   
7      | 58.9182    | 72.9000    | 12.8164    | 16.1500   
8      | 46.4949    | 48.7500    | 34.0158    | 31.9000   
9      | 44.8098    | 46.3750    | 38.0094    | 34.3250   

PSTEPS = 120, TSTEPS = 10000

TIME TAKEN = 305.95744 ms
Run 2

 HYBRID IMPLEMENTATION 2
--------------------------------------------------------------

Index  | Call Model | Call Actual | Put Model  | Put Actual
--------------------------------------------------------------
0      | 48.4931    | 51.7000    | 30.5083    | 29.6500   
1      | 49.5573    | 53.6500    | 27.0660    | 27.3750   
2      | 51.2154    | 56.4000    | 24.2955    | 25.3500   
3      | 53.2629    | 59.9750    | 21.3403    | 23.2750   
4      | 54.8735    | 63.1750    | 18.5926    | 21.2000   
5      | 56.3509    | 66.3250    | 16.5772    | 19.5250   
6      | 57.7609    | 69.7250    | 14.5570    | 17.7500   
7      | 58.9182    | 72.9000    | 12.8164    | 16.1500   
8      | 46.4949    | 48.7500    | 34.0158    | 31.9000   
9      | 44.8098    | 46.3750    | 38.0094    | 34.3250   

PSTEPS = 120, TSTEPS = 10000

TIME TAKEN = 301.77562 ms
Run 3

 HYBRID IMPLEMENTATION 2
--------------------------------------------------------------

Index  | Call Model | Call Actual | Put Model  | Put Actual
--------------------------------------------------------------
0      | 48.4931    | 51.7000    | 30.5083    | 29.6500   
1      | 49.5573    | 53.6500    | 27.0660    | 27.3750   
2      | 51.2154    | 56.4000    | 24.2955    | 25.3500   
3      | 53.2629    | 59.9750    | 21.3403    | 23.2750   
4      | 54.8735    | 63.1750    | 18.5926    | 21.2000   
5      | 56.3509    | 66.3250    | 16.5772    | 19.5250   
6      | 57.7609    | 69.7250    | 14.5570    | 17.7500   
7      | 58.9182    | 72.9000    | 12.8164    | 16.1500   
8      | 46.4949    | 48.7500    | 34.0158    | 31.9000   
9      | 44.8098    | 46.3750    | 38.0094    | 34.3250   

PSTEPS = 120, TSTEPS = 10000

TIME TAKEN = 331.03039 ms
Run 4

 HYBRID IMPLEMENTATION 2
--------------------------------------------------------------

Index  | Call Model | Call Actual | Put Model  | Put Actual
--------------------------------------------------------------
0      | 48.4931    | 51.7000    | 30.5083    | 29.6500   
1      | 49.5573    | 53.6500    | 27.0660    | 27.3750   
2      | 51.2154    | 56.4000    | 24.2955    | 25.3500   
3      | 53.2629    | 59.9750    | 21.3403    | 23.2750   
4      | 54.8735    | 63.1750    | 18.5926    | 21.2000   
5      | 56.3509    | 66.3250    | 16.5772    | 19.5250   
6      | 57.7609    | 69.7250    | 14.5570    | 17.7500   
7      | 58.9182    | 72.9000    | 12.8164    | 16.1500   
8      | 46.4949    | 48.7500    | 34.0158    | 31.9000   
9      | 44.8098    | 46.3750    | 38.0094    | 34.3250   

PSTEPS = 120, TSTEPS = 10000

TIME TAKEN = 339.54293 ms
Run 5

 HYBRID IMPLEMENTATION 2
--------------------------------------------------------------

Index  | Call Model | Call Actual | Put Model  | Put Actual
--------------------------------------------------------------
0      | 48.4931    | 51.7000    | 30.5083    | 29.6500   
1      | 49.5573    | 53.6500    | 27.0660    | 27.3750   
2      | 51.2154    | 56.4000    | 24.2955    | 25.3500   
3      | 53.2629    | 59.9750    | 21.3403    | 23.2750   
4      | 54.8735    | 63.1750    | 18.5926    | 21.2000   
5      | 56.3509    | 66.3250    | 16.5772    | 19.5250   
6      | 57.7609    | 69.7250    | 14.5570    | 17.7500   
7      | 58.9182    | 72.9000    | 12.8164    | 16.1500   
8      | 46.4949    | 48.7500    | 34.0158    | 31.9000   
9      | 44.8098    | 46.3750    | 38.0094    | 34.3250   

PSTEPS = 120, TSTEPS = 10000

TIME TAKEN = 316.20617 ms
Run 6

 HYBRID IMPLEMENTATION 2
--------------------------------------------------------------

Index  | Call Model | Call Actual | Put Model  | Put Actual
--------------------------------------------------------------
0      | 48.4931    | 51.7000    | 30.5083    | 29.6500   
1      | 49.5573    | 53.6500    | 27.0660    | 27.3750   
2      | 51.2154    | 56.4000    | 24.2955    | 25.3500   
3      | 53.2629    | 59.9750    | 21.3403    | 23.2750   
4      | 54.8735    | 63.1750    | 18.5926    | 21.2000   
5      | 56.3509    | 66.3250    | 16.5772    | 19.5250   
6      | 57.7609    | 69.7250    | 14.5570    | 17.7500   
7      | 58.9182    | 72.9000    | 12.8164    | 16.1500   
8      | 46.4949    | 48.7500    | 34.0158    | 31.9000   
9      | 44.8098    | 46.3750    | 38.0094    | 34.3250   

PSTEPS = 120, TSTEPS = 10000

TIME TAKEN = 313.33542 ms
Run 7

 HYBRID IMPLEMENTATION 2
--------------------------------------------------------------

Index  | Call Model | Call Actual | Put Model  | Put Actual
--------------------------------------------------------------
0      | 48.4931    | 51.7000    | 30.5083    | 29.6500   
1      | 49.5573    | 53.6500    | 27.0660    | 27.3750   
2      | 51.2154    | 56.4000    | 24.2955    | 25.3500   
3      | 53.2629    | 59.9750    | 21.3403    | 23.2750   
4      | 54.8735    | 63.1750    | 18.5926    | 21.2000   
5      | 56.3509    | 66.3250    | 16.5772    | 19.5250   
6      | 57.7609    | 69.7250    | 14.5570    | 17.7500   
7      | 58.9182    | 72.9000    | 12.8164    | 16.1500   
8      | 46.4949    | 48.7500    | 34.0158    | 31.9000   
9      | 44.8098    | 46.3750    | 38.0094    | 34.3250   

PSTEPS = 120, TSTEPS = 10000

TIME TAKEN = 323.75979 ms
Run 8

 HYBRID IMPLEMENTATION 2
--------------------------------------------------------------

Index  | Call Model | Call Actual | Put Model  | Put Actual
--------------------------------------------------------------
0      | 48.4931    | 51.7000    | 30.5083    | 29.6500   
1      | 49.5573    | 53.6500    | 27.0660    | 27.3750   
2      | 51.2154    | 56.4000    | 24.2955    | 25.3500   
3      | 53.2629    | 59.9750    | 21.3403    | 23.2750   
4      | 54.8735    | 63.1750    | 18.5926    | 21.2000   
5      | 56.3509    | 66.3250    | 16.5772    | 19.5250   
6      | 57.7609    | 69.7250    | 14.5570    | 17.7500   
7      | 58.9182    | 72.9000    | 12.8164    | 16.1500   
8      | 46.4949    | 48.7500    | 34.0158    | 31.9000   
9      | 44.8098    | 46.3750    | 38.0094    | 34.3250   

PSTEPS = 120, TSTEPS = 10000

TIME TAKEN = 321.02727 ms
Run 9

 HYBRID IMPLEMENTATION 2
--------------------------------------------------------------

Index  | Call Model | Call Actual | Put Model  | Put Actual
--------------------------------------------------------------
0      | 48.4931    | 51.7000    | 30.5083    | 29.6500   
1      | 49.5573    | 53.6500    | 27.0660    | 27.3750   
2      | 51.2154    | 56.4000    | 24.2955    | 25.3500   
3      | 53.2629    | 59.9750    | 21.3403    | 23.2750   
4      | 54.8735    | 63.1750    | 18.5926    | 21.2000   
5      | 56.3509    | 66.3250    | 16.5772    | 19.5250   
6      | 57.7609    | 69.7250    | 14.5570    | 17.7500   
7      | 58.9182    | 72.9000    | 12.8164    | 16.1500   
8      | 46.4949    | 48.7500    | 34.0158    | 31.9000   
9      | 44.8098    | 46.3750    | 38.0094    | 34.3250   

PSTEPS = 120, TSTEPS = 10000

TIME TAKEN = 336.59737 ms
Run 10

 HYBRID IMPLEMENTATION 2
--------------------------------------------------------------

Index  | Call Model | Call Actual | Put Model  | Put Actual
--------------------------------------------------------------
0      | 48.4931    | 51.7000    | 30.5083    | 29.6500   
1      | 49.5573    | 53.6500    | 27.0660    | 27.3750   
2      | 51.2154    | 56.4000    | 24.2955    | 25.3500   
3      | 53.2629    | 59.9750    | 21.3403    | 23.2750   
4      | 54.8735    | 63.1750    | 18.5926    | 21.2000   
5      | 56.3509    | 66.3250    | 16.5772    | 19.5250   
6      | 57.7609    | 69.7250    | 14.5570    | 17.7500   
7      | 58.9182    | 72.9000    | 12.8164    | 16.1500   
8      | 46.4949    | 48.7500    | 34.0158    | 31.9000   
9      | 44.8098    | 46.3750    | 38.0094    | 34.3250   

PSTEPS = 120, TSTEPS = 10000

TIME TAKEN = 318.00330 ms
