Benchmarking: black_scholes_hybrid1 with p=180, t=30000
Run 1

 HYBRID IMPLEMENTATION 1
--------------------------------------------------------------

Index  | Call Model | Call Actual | Put Model  | Put Actual
--------------------------------------------------------------
0      | 50.6486    | 51.7000    | 29.0231    | 29.6500   
1      | 52.2355    | 53.6500    | 25.4291    | 27.3750   
2      | 54.4495    | 56.4000    | 22.5235    | 25.3500   
3      | 57.0710    | 59.9750    | 19.4518    | 23.2750   
4      | 59.2468    | 63.1750    | 16.6465    | 21.2000   
5      | 61.2729    | 66.3250    | 14.5963    | 19.5250   
6      | 63.2478    | 69.7250    | 12.5864    | 17.7500   
7      | 64.9475    | 72.9000    | 10.8786    | 16.1500   
8      | 48.1107    | 48.7500    | 32.7765    | 31.9000   
9      | 45.9293    | 46.3750    | 37.0628    | 34.3250   

PSTEPS = 180, TSTEPS = 30000

TIME TAKEN = 369.66346 ms
Run 2

 HYBRID IMPLEMENTATION 1
--------------------------------------------------------------

Index  | Call Model | Call Actual | Put Model  | Put Actual
--------------------------------------------------------------
0      | 50.6486    | 51.7000    | 29.0231    | 29.6500   
1      | 52.2355    | 53.6500    | 25.4291    | 27.3750   
2      | 54.4495    | 56.4000    | 22.5235    | 25.3500   
3      | 18.8355    | 59.9750    | 19.2274    | 23.2750   
4      | 59.2468    | 63.1750    | 16.6465    | 21.2000   
5      | 61.2729    | 66.3250    | 14.5963    | 19.5250   
6      | 63.2478    | 69.7250    | 12.5864    | 17.7500   
7      | 64.9475    | 72.9000    | 10.8786    | 16.1500   
8      | 48.1107    | 48.7500    | 32.7765    | 31.9000   
9      | 45.9293    | 46.3750    | 37.0628    | 34.3250   

PSTEPS = 180, TSTEPS = 30000

TIME TAKEN = 363.09543 ms
Run 3

 HYBRID IMPLEMENTATION 1
--------------------------------------------------------------

Index  | Call Model | Call Actual | Put Model  | Put Actual
--------------------------------------------------------------
0      | 50.6486    | 51.7000    | 29.0231    | 29.6500   
1      | 52.2355    | 53.6500    | 25.4291    | 27.3750   
2      | 54.4495    | 56.4000    | 22.5235    | 25.3500   
3      | 57.0710    | 59.9750    | 19.4518    | 23.2750   
4      | 59.2468    | 63.1750    | 16.6465    | 21.2000   
5      | 61.2729    | 66.3250    | 14.5963    | 19.5250   
6      | 63.2478    | 69.7250    | 12.5864    | 17.7500   
7      | 64.9475    | 72.9000    | 10.8786    | 16.1500   
8      | 48.1107    | 48.7500    | 32.7765    | 31.9000   
9      | 45.9293    | 46.3750    | 37.0628    | 34.3250   

PSTEPS = 180, TSTEPS = 30000

TIME TAKEN = 357.48304 ms
Run 4

 HYBRID IMPLEMENTATION 1
--------------------------------------------------------------

Index  | Call Model | Call Actual | Put Model  | Put Actual
--------------------------------------------------------------
0      | 50.6486    | 51.7000    | 29.0231    | 29.6500   
1      | 52.2355    | 53.6500    | 25.4291    | 27.3750   
2      | 54.4495    | 56.4000    | 22.5235    | 25.3500   
3      | 57.0710    | 59.9750    | 19.4518    | 23.2750   
4      | 59.2468    | 63.1750    | 16.6465    | 21.2000   
5      | 61.2729    | 66.3250    | 14.5963    | 19.5250   
6      | 63.2478    | 69.7250    | 12.5864    | 17.7500   
7      | 64.9475    | 72.9000    | 10.8786    | 16.1500   
8      | 48.1107    | 48.7500    | 32.7765    | 31.9000   
9      | 45.9293    | 46.3750    | 37.0628    | 34.3250   

PSTEPS = 180, TSTEPS = 30000

TIME TAKEN = 360.82641 ms
Run 5

 HYBRID IMPLEMENTATION 1
--------------------------------------------------------------

Index  | Call Model | Call Actual | Put Model  | Put Actual
--------------------------------------------------------------
0      | 50.6486    | 51.7000    | 29.0231    | 29.6500   
1      | 52.2355    | 53.6500    | 25.4291    | 27.3750   
2      | 54.4495    | 56.4000    | 22.5235    | 25.3500   
3      | 57.0710    | 59.9750    | 19.4518    | 23.2750   
4      | 59.2468    | 63.1750    | 16.6465    | 21.2000   
5      | 61.2729    | 66.3250    | 14.5963    | 19.5250   
6      | 63.2478    | 69.7250    | 12.5864    | 17.7500   
7      | 64.9475    | 72.9000    | 10.8786    | 16.1500   
8      | 48.1107    | 48.7500    | 32.7765    | 31.9000   
9      | 45.9293    | 46.3750    | 37.0628    | 34.3250   

PSTEPS = 180, TSTEPS = 30000

TIME TAKEN = 363.76978 ms
Run 6

 HYBRID IMPLEMENTATION 1
--------------------------------------------------------------

Index  | Call Model | Call Actual | Put Model  | Put Actual
--------------------------------------------------------------
0      | 50.6486    | 51.7000    | 29.0231    | 29.6500   
1      | 52.2355    | 53.6500    | 25.4291    | 27.3750   
2      | 54.4495    | 56.4000    | 22.5235    | 25.3500   
3      | 57.0710    | 59.9750    | 19.4518    | 23.2750   
4      | 59.2468    | 63.1750    | 16.6465    | 21.2000   
5      | 61.2729    | 66.3250    | 14.5963    | 19.5250   
6      | 63.2478    | 69.7250    | 12.5864    | 17.7500   
7      | 64.9475    | 72.9000    | 10.8786    | 16.1500   
8      | 48.1107    | 48.7500    | 32.7765    | 31.9000   
9      | 45.9293    | 46.3750    | 37.0628    | 34.3250   

PSTEPS = 180, TSTEPS = 30000

TIME TAKEN = 378.41785 ms
Run 7

 HYBRID IMPLEMENTATION 1
--------------------------------------------------------------

Index  | Call Model | Call Actual | Put Model  | Put Actual
--------------------------------------------------------------
0      | 50.6486    | 51.7000    | 29.0231    | 29.6500   
1      | 52.2355    | 53.6500    | 25.4291    | 27.3750   
2      | 54.4495    | 56.4000    | 22.5235    | 25.3500   
3      | 57.0710    | 59.9750    | 19.4518    | 23.2750   
4      | 59.2468    | 63.1750    | 16.6465    | 21.2000   
5      | 61.2729    | 66.3250    | 14.5963    | 19.5250   
6      | 63.2478    | 69.7250    | 12.5864    | 17.7500   
7      | 64.9475    | 72.9000    | 10.8786    | 16.1500   
8      | 48.1107    | 48.7500    | 32.7765    | 31.9000   
9      | 45.9293    | 46.3750    | 37.0628    | 34.3250   

PSTEPS = 180, TSTEPS = 30000

TIME TAKEN = 360.16279 ms
Run 8

 HYBRID IMPLEMENTATION 1
--------------------------------------------------------------

Index  | Call Model | Call Actual | Put Model  | Put Actual
--------------------------------------------------------------
0      | 50.6486    | 51.7000    | 29.0231    | 29.6500   
1      | 52.2355    | 53.6500    | 25.4291    | 27.3750   
2      | 54.4495    | 56.4000    | 22.5235    | 25.3500   
3      | 57.0710    | 59.9750    | 19.4518    | 23.2750   
4      | 59.2468    | 63.1750    | 16.6465    | 21.2000   
5      | 61.2729    | 66.3250    | 14.5963    | 19.5250   
6      | 63.2478    | 69.7250    | 12.5864    | 17.7500   
7      | 64.9475    | 72.9000    | 10.8786    | 16.1500   
8      | 48.1107    | 48.7500    | 32.7765    | 31.9000   
9      | 45.9293    | 46.3750    | 37.0628    | 34.3250   

PSTEPS = 180, TSTEPS = 30000

TIME TAKEN = 371.15652 ms
Run 9

 HYBRID IMPLEMENTATION 1
--------------------------------------------------------------

Index  | Call Model | Call Actual | Put Model  | Put Actual
--------------------------------------------------------------
0      | 50.6486    | 51.7000    | 29.0231    | 29.6500   
1      | 51.8960    | 53.6500    | 25.4190    | 27.3750   
2      | 54.4495    | 56.4000    | 22.5235    | 25.3500   
3      | 57.0710    | 59.9750    | 19.4518    | 23.2750   
4      | 59.2468    | 63.1750    | 16.6465    | 21.2000   
5      | 61.2729    | 66.3250    | 14.5963    | 19.5250   
6      | 63.2478    | 69.7250    | 12.5864    | 17.7500   
7      | 64.9475    | 72.9000    | 10.8786    | 16.1500   
8      | 48.1107    | 48.7500    | 32.7765    | 31.9000   
9      | 45.9293    | 46.3750    | 37.0628    | 34.3250   

PSTEPS = 180, TSTEPS = 30000

TIME TAKEN = 366.81266 ms
Run 10

 HYBRID IMPLEMENTATION 1
--------------------------------------------------------------

Index  | Call Model | Call Actual | Put Model  | Put Actual
--------------------------------------------------------------
0      | 50.6486    | 51.7000    | 29.0231    | 29.6500   
1      | 52.2355    | 53.6500    | 25.4291    | 27.3750   
2      | 54.4495    | 56.4000    | 22.5235    | 25.3500   
3      | 57.0710    | 59.9750    | 19.4518    | 23.2750   
4      | 59.2468    | 63.1750    | 16.6465    | 21.2000   
5      | 61.2729    | 66.3250    | 14.5963    | 19.5250   
6      | 63.2478    | 69.7250    | 12.5864    | 17.7500   
7      | 64.9475    | 72.9000    | 10.8786    | 16.1500   
8      | 48.1107    | 48.7500    | 32.7765    | 31.9000   
9      | 45.9293    | 46.3750    | 37.0628    | 34.3250   

PSTEPS = 180, TSTEPS = 30000

TIME TAKEN = 356.85629 ms
