Benchmarking: black_scholes_hybrid2 with p=20, t=20000
Run 1

 HYBRID IMPLEMENTATION 2
--------------------------------------------------------------

Index  | Call Model | Call Actual | Put Model  | Put Actual
--------------------------------------------------------------
0      | 45.0877    | 51.7000    | 35.1064    | 29.6500   
1      | 45.2912    | 53.6500    | 31.8383    | 27.3750   
2      | 45.9654    | 56.4000    | 29.1412    | 25.3500   
3      | 46.8977    | 59.9750    | 26.1170    | 23.2750   
4      | 47.7938    | 63.1750    | 23.5897    | 21.2000   
5      | 48.6773    | 66.3250    | 21.8512    | 19.5250   
6      | 49.4043    | 69.7250    | 19.9651    | 17.7500   
7      | 49.8331    | 72.9000    | 18.2349    | 16.1500   
8      | 43.9258    | 48.7500    | 38.2335    | 31.9000   
9      | 42.9442    | 46.3750    | 41.7017    | 34.3250   

PSTEPS = 20, TSTEPS = 20000

TIME TAKEN = 249.01982 ms
Run 2

 HYBRID IMPLEMENTATION 2
--------------------------------------------------------------

Index  | Call Model | Call Actual | Put Model  | Put Actual
--------------------------------------------------------------
0      | 45.0877    | 51.7000    | 35.1064    | 29.6500   
1      | 45.2912    | 53.6500    | 31.8383    | 27.3750   
2      | 45.9654    | 56.4000    | 29.1412    | 25.3500   
3      | 46.8977    | 59.9750    | 26.1170    | 23.2750   
4      | 47.7938    | 63.1750    | 23.5897    | 21.2000   
5      | 48.6773    | 66.3250    | 21.8512    | 19.5250   
6      | 49.4043    | 69.7250    | 19.9651    | 17.7500   
7      | 49.8331    | 72.9000    | 18.2349    | 16.1500   
8      | 43.9258    | 48.7500    | 38.2335    | 31.9000   
9      | 42.9442    | 46.3750    | 41.7017    | 34.3250   

PSTEPS = 20, TSTEPS = 20000

TIME TAKEN = 284.06784 ms
Run 3

 HYBRID IMPLEMENTATION 2
--------------------------------------------------------------

Index  | Call Model | Call Actual | Put Model  | Put Actual
--------------------------------------------------------------
0      | 45.0877    | 51.7000    | 35.1064    | 29.6500   
1      | 45.2912    | 53.6500    | 31.8383    | 27.3750   
2      | 45.9654    | 56.4000    | 29.1412    | 25.3500   
3      | 46.8977    | 59.9750    | 26.1170    | 23.2750   
4      | 47.7938    | 63.1750    | 23.5897    | 21.2000   
5      | 48.6773    | 66.3250    | 21.8512    | 19.5250   
6      | 49.4043    | 69.7250    | 19.9651    | 17.7500   
7      | 49.8331    | 72.9000    | 18.2349    | 16.1500   
8      | 43.9258    | 48.7500    | 38.2335    | 31.9000   
9      | 42.9442    | 46.3750    | 41.7017    | 34.3250   

PSTEPS = 20, TSTEPS = 20000

TIME TAKEN = 289.04685 ms
Run 4

 HYBRID IMPLEMENTATION 2
--------------------------------------------------------------

Index  | Call Model | Call Actual | Put Model  | Put Actual
--------------------------------------------------------------
0      | 45.0877    | 51.7000    | 35.1064    | 29.6500   
1      | 45.2912    | 53.6500    | 31.8383    | 27.3750   
2      | 45.9654    | 56.4000    | 29.1412    | 25.3500   
3      | 46.8977    | 59.9750    | 26.1170    | 23.2750   
4      | 47.7938    | 63.1750    | 23.5897    | 21.2000   
5      | 48.6773    | 66.3250    | 21.8512    | 19.5250   
6      | 49.4043    | 69.7250    | 19.9651    | 17.7500   
7      | 49.8331    | 72.9000    | 18.2349    | 16.1500   
8      | 43.9258    | 48.7500    | 38.2335    | 31.9000   
9      | 42.9442    | 46.3750    | 41.7017    | 34.3250   

PSTEPS = 20, TSTEPS = 20000

TIME TAKEN = 282.05229 ms
Run 5

 HYBRID IMPLEMENTATION 2
--------------------------------------------------------------

Index  | Call Model | Call Actual | Put Model  | Put Actual
--------------------------------------------------------------
0      | 45.0877    | 51.7000    | 35.1064    | 29.6500   
1      | 45.2912    | 53.6500    | 31.8383    | 27.3750   
2      | 45.9654    | 56.4000    | 29.1412    | 25.3500   
3      | 46.8977    | 59.9750    | 26.1170    | 23.2750   
4      | 47.7938    | 63.1750    | 23.5897    | 21.2000   
5      | 48.6773    | 66.3250    | 21.8512    | 19.5250   
6      | 49.4043    | 69.7250    | 19.9651    | 17.7500   
7      | 49.8331    | 72.9000    | 18.2349    | 16.1500   
8      | 43.9258    | 48.7500    | 38.2335    | 31.9000   
9      | 42.9442    | 46.3750    | 41.7017    | 34.3250   

PSTEPS = 20, TSTEPS = 20000

TIME TAKEN = 257.42002 ms
Run 6

 HYBRID IMPLEMENTATION 2
--------------------------------------------------------------

Index  | Call Model | Call Actual | Put Model  | Put Actual
--------------------------------------------------------------
0      | 45.0877    | 51.7000    | 35.1064    | 29.6500   
1      | 45.2912    | 53.6500    | 31.8383    | 27.3750   
2      | 45.9654    | 56.4000    | 29.1412    | 25.3500   
3      | 46.8977    | 59.9750    | 26.1170    | 23.2750   
4      | 47.7938    | 63.1750    | 23.5897    | 21.2000   
5      | 48.6773    | 66.3250    | 21.8512    | 19.5250   
6      | 49.4043    | 69.7250    | 19.9651    | 17.7500   
7      | 49.8331    | 72.9000    | 18.2349    | 16.1500   
8      | 43.9258    | 48.7500    | 38.2335    | 31.9000   
9      | 42.9442    | 46.3750    | 41.7017    | 34.3250   

PSTEPS = 20, TSTEPS = 20000

TIME TAKEN = 274.72848 ms
Run 7

 HYBRID IMPLEMENTATION 2
--------------------------------------------------------------

Index  | Call Model | Call Actual | Put Model  | Put Actual
--------------------------------------------------------------
0      | 45.0877    | 51.7000    | 35.1064    | 29.6500   
1      | 45.2912    | 53.6500    | 31.8383    | 27.3750   
2      | 45.9654    | 56.4000    | 29.1412    | 25.3500   
3      | 46.8977    | 59.9750    | 26.1170    | 23.2750   
4      | 47.7938    | 63.1750    | 23.5897    | 21.2000   
5      | 48.6773    | 66.3250    | 21.8512    | 19.5250   
6      | 49.4043    | 69.7250    | 19.9651    | 17.7500   
7      | 49.8331    | 72.9000    | 18.2349    | 16.1500   
8      | 43.9258    | 48.7500    | 38.2335    | 31.9000   
9      | 42.9442    | 46.3750    | 41.7017    | 34.3250   

PSTEPS = 20, TSTEPS = 20000

TIME TAKEN = 268.00742 ms
Run 8

 HYBRID IMPLEMENTATION 2
--------------------------------------------------------------

Index  | Call Model | Call Actual | Put Model  | Put Actual
--------------------------------------------------------------
0      | 45.0877    | 51.7000    | 35.1064    | 29.6500   
1      | 45.2912    | 53.6500    | 31.8383    | 27.3750   
2      | 45.9654    | 56.4000    | 29.1412    | 25.3500   
3      | 46.8977    | 59.9750    | 26.1170    | 23.2750   
4      | 47.7938    | 63.1750    | 23.5897    | 21.2000   
5      | 48.6773    | 66.3250    | 21.8512    | 19.5250   
6      | 49.4043    | 69.7250    | 19.9651    | 17.7500   
7      | 49.8331    | 72.9000    | 18.2349    | 16.1500   
8      | 43.9258    | 48.7500    | 38.2335    | 31.9000   
9      | 42.9442    | 46.3750    | 41.7017    | 34.3250   

PSTEPS = 20, TSTEPS = 20000

TIME TAKEN = 271.74194 ms
Run 9

 HYBRID IMPLEMENTATION 2
--------------------------------------------------------------

Index  | Call Model | Call Actual | Put Model  | Put Actual
--------------------------------------------------------------
0      | 45.0877    | 51.7000    | 35.1064    | 29.6500   
1      | 45.2912    | 53.6500    | 31.8383    | 27.3750   
2      | 45.9654    | 56.4000    | 29.1412    | 25.3500   
3      | 46.8977    | 59.9750    | 26.1170    | 23.2750   
4      | 47.7938    | 63.1750    | 23.5897    | 21.2000   
5      | 48.6773    | 66.3250    | 21.8512    | 19.5250   
6      | 49.4043    | 69.7250    | 19.9651    | 17.7500   
7      | 49.8331    | 72.9000    | 18.2349    | 16.1500   
8      | 43.9258    | 48.7500    | 38.2335    | 31.9000   
9      | 42.9442    | 46.3750    | 41.7017    | 34.3250   

PSTEPS = 20, TSTEPS = 20000

TIME TAKEN = 268.53018 ms
Run 10

 HYBRID IMPLEMENTATION 2
--------------------------------------------------------------

Index  | Call Model | Call Actual | Put Model  | Put Actual
--------------------------------------------------------------
0      | 45.0877    | 51.7000    | 35.1064    | 29.6500   
1      | 45.2912    | 53.6500    | 31.8383    | 27.3750   
2      | 45.9654    | 56.4000    | 29.1412    | 25.3500   
3      | 46.8977    | 59.9750    | 26.1170    | 23.2750   
4      | 47.7938    | 63.1750    | 23.5897    | 21.2000   
5      | 48.6773    | 66.3250    | 21.8512    | 19.5250   
6      | 49.4043    | 69.7250    | 19.9651    | 17.7500   
7      | 49.8331    | 72.9000    | 18.2349    | 16.1500   
8      | 43.9258    | 48.7500    | 38.2335    | 31.9000   
9      | 42.9442    | 46.3750    | 41.7017    | 34.3250   

PSTEPS = 20, TSTEPS = 20000

TIME TAKEN = 267.47310 ms
