Benchmarking: black_scholes_base with p=140, t=40000
Run 1

BASIC IMPLEMENTATION
--------------------------------------------------------------

Index  | Call Model | Call Actual | Put Model  | Put Actual
--------------------------------------------------------------
0      | 49.1964    | 51.7000    | 29.9947    | 29.6500   
1      | 50.4373    | 53.6500    | 26.5055    | 27.3750   
2      | 52.2840    | 56.4000    | 23.6946    | 25.3500   
3      | 54.5135    | 59.9750    | 20.6928    | 23.2750   
4      | 56.3067    | 63.1750    | 17.9220    | 21.2000   
5      | 57.9638    | 66.3250    | 15.8939    | 19.5250   
6      | 59.5591    | 69.7250    | 13.8766    | 17.7500   
7      | 60.8941    | 72.9000    | 12.1464    | 16.1500   
8      | 47.0183    | 48.7500    | 33.5832    | 31.9000   
9      | 45.1757    | 46.3750    | 37.6817    | 34.3250   

PSTEPS = 140, TSTEPS = 40000

TIME TAKEN = 2057.66684 ms
Run 2

BASIC IMPLEMENTATION
--------------------------------------------------------------

Index  | Call Model | Call Actual | Put Model  | Put Actual
--------------------------------------------------------------
0      | 49.1964    | 51.7000    | 29.9947    | 29.6500   
1      | 50.4373    | 53.6500    | 26.5055    | 27.3750   
2      | 52.2840    | 56.4000    | 23.6946    | 25.3500   
3      | 54.5135    | 59.9750    | 20.6928    | 23.2750   
4      | 56.3067    | 63.1750    | 17.9220    | 21.2000   
5      | 57.9638    | 66.3250    | 15.8939    | 19.5250   
6      | 59.5591    | 69.7250    | 13.8766    | 17.7500   
7      | 60.8941    | 72.9000    | 12.1464    | 16.1500   
8      | 47.0183    | 48.7500    | 33.5832    | 31.9000   
9      | 45.1757    | 46.3750    | 37.6817    | 34.3250   

PSTEPS = 140, TSTEPS = 40000

TIME TAKEN = 2084.17244 ms
Run 3

BASIC IMPLEMENTATION
--------------------------------------------------------------

Index  | Call Model | Call Actual | Put Model  | Put Actual
--------------------------------------------------------------
0      | 49.1964    | 51.7000    | 29.9947    | 29.6500   
1      | 50.4373    | 53.6500    | 26.5055    | 27.3750   
2      | 52.2840    | 56.4000    | 23.6946    | 25.3500   
3      | 54.5135    | 59.9750    | 20.6928    | 23.2750   
4      | 56.3067    | 63.1750    | 17.9220    | 21.2000   
5      | 57.9638    | 66.3250    | 15.8939    | 19.5250   
6      | 59.5591    | 69.7250    | 13.8766    | 17.7500   
7      | 60.8941    | 72.9000    | 12.1464    | 16.1500   
8      | 47.0183    | 48.7500    | 33.5832    | 31.9000   
9      | 45.1757    | 46.3750    | 37.6817    | 34.3250   

PSTEPS = 140, TSTEPS = 40000

TIME TAKEN = 2052.67737 ms
Run 4

BASIC IMPLEMENTATION
--------------------------------------------------------------

Index  | Call Model | Call Actual | Put Model  | Put Actual
--------------------------------------------------------------
0      | 49.1964    | 51.7000    | 29.9947    | 29.6500   
1      | 50.4373    | 53.6500    | 26.5055    | 27.3750   
2      | 52.2840    | 56.4000    | 23.6946    | 25.3500   
3      | 54.5135    | 59.9750    | 20.6928    | 23.2750   
4      | 56.3067    | 63.1750    | 17.9220    | 21.2000   
5      | 57.9638    | 66.3250    | 15.8939    | 19.5250   
6      | 59.5591    | 69.7250    | 13.8766    | 17.7500   
7      | 60.8941    | 72.9000    | 12.1464    | 16.1500   
8      | 47.0183    | 48.7500    | 33.5832    | 31.9000   
9      | 45.1757    | 46.3750    | 37.6817    | 34.3250   

PSTEPS = 140, TSTEPS = 40000

TIME TAKEN = 2052.97308 ms
Run 5

BASIC IMPLEMENTATION
--------------------------------------------------------------

Index  | Call Model | Call Actual | Put Model  | Put Actual
--------------------------------------------------------------
0      | 49.1964    | 51.7000    | 29.9947    | 29.6500   
1      | 50.4373    | 53.6500    | 26.5055    | 27.3750   
2      | 52.2840    | 56.4000    | 23.6946    | 25.3500   
3      | 54.5135    | 59.9750    | 20.6928    | 23.2750   
4      | 56.3067    | 63.1750    | 17.9220    | 21.2000   
5      | 57.9638    | 66.3250    | 15.8939    | 19.5250   
6      | 59.5591    | 69.7250    | 13.8766    | 17.7500   
7      | 60.8941    | 72.9000    | 12.1464    | 16.1500   
8      | 47.0183    | 48.7500    | 33.5832    | 31.9000   
9      | 45.1757    | 46.3750    | 37.6817    | 34.3250   

PSTEPS = 140, TSTEPS = 40000

TIME TAKEN = 2084.63874 ms
Run 6

BASIC IMPLEMENTATION
--------------------------------------------------------------

Index  | Call Model | Call Actual | Put Model  | Put Actual
--------------------------------------------------------------
0      | 49.1964    | 51.7000    | 29.9947    | 29.6500   
1      | 50.4373    | 53.6500    | 26.5055    | 27.3750   
2      | 52.2840    | 56.4000    | 23.6946    | 25.3500   
3      | 54.5135    | 59.9750    | 20.6928    | 23.2750   
4      | 56.3067    | 63.1750    | 17.9220    | 21.2000   
5      | 57.9638    | 66.3250    | 15.8939    | 19.5250   
6      | 59.5591    | 69.7250    | 13.8766    | 17.7500   
7      | 60.8941    | 72.9000    | 12.1464    | 16.1500   
8      | 47.0183    | 48.7500    | 33.5832    | 31.9000   
9      | 45.1757    | 46.3750    | 37.6817    | 34.3250   

PSTEPS = 140, TSTEPS = 40000

TIME TAKEN = 2060.53149 ms
Run 7

BASIC IMPLEMENTATION
--------------------------------------------------------------

Index  | Call Model | Call Actual | Put Model  | Put Actual
--------------------------------------------------------------
0      | 49.1964    | 51.7000    | 29.9947    | 29.6500   
1      | 50.4373    | 53.6500    | 26.5055    | 27.3750   
2      | 52.2840    | 56.4000    | 23.6946    | 25.3500   
3      | 54.5135    | 59.9750    | 20.6928    | 23.2750   
4      | 56.3067    | 63.1750    | 17.9220    | 21.2000   
5      | 57.9638    | 66.3250    | 15.8939    | 19.5250   
6      | 59.5591    | 69.7250    | 13.8766    | 17.7500   
7      | 60.8941    | 72.9000    | 12.1464    | 16.1500   
8      | 47.0183    | 48.7500    | 33.5832    | 31.9000   
9      | 45.1757    | 46.3750    | 37.6817    | 34.3250   

PSTEPS = 140, TSTEPS = 40000

TIME TAKEN = 2059.35449 ms
Run 8

BASIC IMPLEMENTATION
--------------------------------------------------------------

Index  | Call Model | Call Actual | Put Model  | Put Actual
--------------------------------------------------------------
0      | 49.1964    | 51.7000    | 29.9947    | 29.6500   
1      | 50.4373    | 53.6500    | 26.5055    | 27.3750   
2      | 52.2840    | 56.4000    | 23.6946    | 25.3500   
3      | 54.5135    | 59.9750    | 20.6928    | 23.2750   
4      | 56.3067    | 63.1750    | 17.9220    | 21.2000   
5      | 57.9638    | 66.3250    | 15.8939    | 19.5250   
6      | 59.5591    | 69.7250    | 13.8766    | 17.7500   
7      | 60.8941    | 72.9000    | 12.1464    | 16.1500   
8      | 47.0183    | 48.7500    | 33.5832    | 31.9000   
9      | 45.1757    | 46.3750    | 37.6817    | 34.3250   

PSTEPS = 140, TSTEPS = 40000

TIME TAKEN = 2055.94368 ms
Run 9

BASIC IMPLEMENTATION
--------------------------------------------------------------

Index  | Call Model | Call Actual | Put Model  | Put Actual
--------------------------------------------------------------
0      | 49.1964    | 51.7000    | 29.9947    | 29.6500   
1      | 50.4373    | 53.6500    | 26.5055    | 27.3750   
2      | 52.2840    | 56.4000    | 23.6946    | 25.3500   
3      | 54.5135    | 59.9750    | 20.6928    | 23.2750   
4      | 56.3067    | 63.1750    | 17.9220    | 21.2000   
5      | 57.9638    | 66.3250    | 15.8939    | 19.5250   
6      | 59.5591    | 69.7250    | 13.8766    | 17.7500   
7      | 60.8941    | 72.9000    | 12.1464    | 16.1500   
8      | 47.0183    | 48.7500    | 33.5832    | 31.9000   
9      | 45.1757    | 46.3750    | 37.6817    | 34.3250   

PSTEPS = 140, TSTEPS = 40000

TIME TAKEN = 2054.59420 ms
Run 10

BASIC IMPLEMENTATION
--------------------------------------------------------------

Index  | Call Model | Call Actual | Put Model  | Put Actual
--------------------------------------------------------------
0      | 49.1964    | 51.7000    | 29.9947    | 29.6500   
1      | 50.4373    | 53.6500    | 26.5055    | 27.3750   
2      | 52.2840    | 56.4000    | 23.6946    | 25.3500   
3      | 54.5135    | 59.9750    | 20.6928    | 23.2750   
4      | 56.3067    | 63.1750    | 17.9220    | 21.2000   
5      | 57.9638    | 66.3250    | 15.8939    | 19.5250   
6      | 59.5591    | 69.7250    | 13.8766    | 17.7500   
7      | 60.8941    | 72.9000    | 12.1464    | 16.1500   
8      | 47.0183    | 48.7500    | 33.5832    | 31.9000   
9      | 45.1757    | 46.3750    | 37.6817    | 34.3250   

PSTEPS = 140, TSTEPS = 40000

TIME TAKEN = 2053.02607 ms
