Benchmarking: black_scholes_base with p=20, t=20000
Run 1

BASIC IMPLEMENTATION
--------------------------------------------------------------

Index  | Call Model | Call Actual | Put Model  | Put Actual
--------------------------------------------------------------
0      | 45.0877    | 51.7000    | 35.1064    | 29.6500   
1      | 45.2912    | 53.6500    | 31.8383    | 27.3750   
2      | 45.9654    | 56.4000    | 29.1412    | 25.3500   
3      | 46.8977    | 59.9750    | 26.1170    | 23.2750   
4      | 47.7938    | 63.1750    | 23.5897    | 21.2000   
5      | 48.6773    | 66.3250    | 21.8512    | 19.5250   
6      | 49.4043    | 69.7250    | 19.9651    | 17.7500   
7      | 49.8331    | 72.9000    | 18.2349    | 16.1500   
8      | 43.9258    | 48.7500    | 38.2335    | 31.9000   
9      | 42.9442    | 46.3750    | 41.7017    | 34.3250   

PSTEPS = 20, TSTEPS = 20000

TIME TAKEN = 88.41607 ms
Run 2

BASIC IMPLEMENTATION
--------------------------------------------------------------

Index  | Call Model | Call Actual | Put Model  | Put Actual
--------------------------------------------------------------
0      | 45.0877    | 51.7000    | 35.1064    | 29.6500   
1      | 45.2912    | 53.6500    | 31.8383    | 27.3750   
2      | 45.9654    | 56.4000    | 29.1412    | 25.3500   
3      | 46.8977    | 59.9750    | 26.1170    | 23.2750   
4      | 47.7938    | 63.1750    | 23.5897    | 21.2000   
5      | 48.6773    | 66.3250    | 21.8512    | 19.5250   
6      | 49.4043    | 69.7250    | 19.9651    | 17.7500   
7      | 49.8331    | 72.9000    | 18.2349    | 16.1500   
8      | 43.9258    | 48.7500    | 38.2335    | 31.9000   
9      | 42.9442    | 46.3750    | 41.7017    | 34.3250   

PSTEPS = 20, TSTEPS = 20000

TIME TAKEN = 87.29524 ms
Run 3

BASIC IMPLEMENTATION
--------------------------------------------------------------

Index  | Call Model | Call Actual | Put Model  | Put Actual
--------------------------------------------------------------
0      | 45.0877    | 51.7000    | 35.1064    | 29.6500   
1      | 45.2912    | 53.6500    | 31.8383    | 27.3750   
2      | 45.9654    | 56.4000    | 29.1412    | 25.3500   
3      | 46.8977    | 59.9750    | 26.1170    | 23.2750   
4      | 47.7938    | 63.1750    | 23.5897    | 21.2000   
5      | 48.6773    | 66.3250    | 21.8512    | 19.5250   
6      | 49.4043    | 69.7250    | 19.9651    | 17.7500   
7      | 49.8331    | 72.9000    | 18.2349    | 16.1500   
8      | 43.9258    | 48.7500    | 38.2335    | 31.9000   
9      | 42.9442    | 46.3750    | 41.7017    | 34.3250   

PSTEPS = 20, TSTEPS = 20000

TIME TAKEN = 90.66495 ms
Run 4

BASIC IMPLEMENTATION
--------------------------------------------------------------

Index  | Call Model | Call Actual | Put Model  | Put Actual
--------------------------------------------------------------
0      | 45.0877    | 51.7000    | 35.1064    | 29.6500   
1      | 45.2912    | 53.6500    | 31.8383    | 27.3750   
2      | 45.9654    | 56.4000    | 29.1412    | 25.3500   
3      | 46.8977    | 59.9750    | 26.1170    | 23.2750   
4      | 47.7938    | 63.1750    | 23.5897    | 21.2000   
5      | 48.6773    | 66.3250    | 21.8512    | 19.5250   
6      | 49.4043    | 69.7250    | 19.9651    | 17.7500   
7      | 49.8331    | 72.9000    | 18.2349    | 16.1500   
8      | 43.9258    | 48.7500    | 38.2335    | 31.9000   
9      | 42.9442    | 46.3750    | 41.7017    | 34.3250   

PSTEPS = 20, TSTEPS = 20000

TIME TAKEN = 86.73640 ms
Run 5

BASIC IMPLEMENTATION
--------------------------------------------------------------

Index  | Call Model | Call Actual | Put Model  | Put Actual
--------------------------------------------------------------
0      | 45.0877    | 51.7000    | 35.1064    | 29.6500   
1      | 45.2912    | 53.6500    | 31.8383    | 27.3750   
2      | 45.9654    | 56.4000    | 29.1412    | 25.3500   
3      | 46.8977    | 59.9750    | 26.1170    | 23.2750   
4      | 47.7938    | 63.1750    | 23.5897    | 21.2000   
5      | 48.6773    | 66.3250    | 21.8512    | 19.5250   
6      | 49.4043    | 69.7250    | 19.9651    | 17.7500   
7      | 49.8331    | 72.9000    | 18.2349    | 16.1500   
8      | 43.9258    | 48.7500    | 38.2335    | 31.9000   
9      | 42.9442    | 46.3750    | 41.7017    | 34.3250   

PSTEPS = 20, TSTEPS = 20000

TIME TAKEN = 90.02196 ms
Run 6

BASIC IMPLEMENTATION
--------------------------------------------------------------

Index  | Call Model | Call Actual | Put Model  | Put Actual
--------------------------------------------------------------
0      | 45.0877    | 51.7000    | 35.1064    | 29.6500   
1      | 45.2912    | 53.6500    | 31.8383    | 27.3750   
2      | 45.9654    | 56.4000    | 29.1412    | 25.3500   
3      | 46.8977    | 59.9750    | 26.1170    | 23.2750   
4      | 47.7938    | 63.1750    | 23.5897    | 21.2000   
5      | 48.6773    | 66.3250    | 21.8512    | 19.5250   
6      | 49.4043    | 69.7250    | 19.9651    | 17.7500   
7      | 49.8331    | 72.9000    | 18.2349    | 16.1500   
8      | 43.9258    | 48.7500    | 38.2335    | 31.9000   
9      | 42.9442    | 46.3750    | 41.7017    | 34.3250   

PSTEPS = 20, TSTEPS = 20000

TIME TAKEN = 101.45562 ms
Run 7

BASIC IMPLEMENTATION
--------------------------------------------------------------

Index  | Call Model | Call Actual | Put Model  | Put Actual
--------------------------------------------------------------
0      | 45.0877    | 51.7000    | 35.1064    | 29.6500   
1      | 45.2912    | 53.6500    | 31.8383    | 27.3750   
2      | 45.9654    | 56.4000    | 29.1412    | 25.3500   
3      | 46.8977    | 59.9750    | 26.1170    | 23.2750   
4      | 47.7938    | 63.1750    | 23.5897    | 21.2000   
5      | 48.6773    | 66.3250    | 21.8512    | 19.5250   
6      | 49.4043    | 69.7250    | 19.9651    | 17.7500   
7      | 49.8331    | 72.9000    | 18.2349    | 16.1500   
8      | 43.9258    | 48.7500    | 38.2335    | 31.9000   
9      | 42.9442    | 46.3750    | 41.7017    | 34.3250   

PSTEPS = 20, TSTEPS = 20000

TIME TAKEN = 85.92137 ms
Run 8

BASIC IMPLEMENTATION
--------------------------------------------------------------

Index  | Call Model | Call Actual | Put Model  | Put Actual
--------------------------------------------------------------
0      | 45.0877    | 51.7000    | 35.1064    | 29.6500   
1      | 45.2912    | 53.6500    | 31.8383    | 27.3750   
2      | 45.9654    | 56.4000    | 29.1412    | 25.3500   
3      | 46.8977    | 59.9750    | 26.1170    | 23.2750   
4      | 47.7938    | 63.1750    | 23.5897    | 21.2000   
5      | 48.6773    | 66.3250    | 21.8512    | 19.5250   
6      | 49.4043    | 69.7250    | 19.9651    | 17.7500   
7      | 49.8331    | 72.9000    | 18.2349    | 16.1500   
8      | 43.9258    | 48.7500    | 38.2335    | 31.9000   
9      | 42.9442    | 46.3750    | 41.7017    | 34.3250   

PSTEPS = 20, TSTEPS = 20000

TIME TAKEN = 83.37577 ms
Run 9

BASIC IMPLEMENTATION
--------------------------------------------------------------

Index  | Call Model | Call Actual | Put Model  | Put Actual
--------------------------------------------------------------
0      | 45.0877    | 51.7000    | 35.1064    | 29.6500   
1      | 45.2912    | 53.6500    | 31.8383    | 27.3750   
2      | 45.9654    | 56.4000    | 29.1412    | 25.3500   
3      | 46.8977    | 59.9750    | 26.1170    | 23.2750   
4      | 47.7938    | 63.1750    | 23.5897    | 21.2000   
5      | 48.6773    | 66.3250    | 21.8512    | 19.5250   
6      | 49.4043    | 69.7250    | 19.9651    | 17.7500   
7      | 49.8331    | 72.9000    | 18.2349    | 16.1500   
8      | 43.9258    | 48.7500    | 38.2335    | 31.9000   
9      | 42.9442    | 46.3750    | 41.7017    | 34.3250   

PSTEPS = 20, TSTEPS = 20000

TIME TAKEN = 88.90910 ms
Run 10

BASIC IMPLEMENTATION
--------------------------------------------------------------

Index  | Call Model | Call Actual | Put Model  | Put Actual
--------------------------------------------------------------
0      | 45.0877    | 51.7000    | 35.1064    | 29.6500   
1      | 45.2912    | 53.6500    | 31.8383    | 27.3750   
2      | 45.9654    | 56.4000    | 29.1412    | 25.3500   
3      | 46.8977    | 59.9750    | 26.1170    | 23.2750   
4      | 47.7938    | 63.1750    | 23.5897    | 21.2000   
5      | 48.6773    | 66.3250    | 21.8512    | 19.5250   
6      | 49.4043    | 69.7250    | 19.9651    | 17.7500   
7      | 49.8331    | 72.9000    | 18.2349    | 16.1500   
8      | 43.9258    | 48.7500    | 38.2335    | 31.9000   
9      | 42.9442    | 46.3750    | 41.7017    | 34.3250   

PSTEPS = 20, TSTEPS = 20000

TIME TAKEN = 89.95227 ms
