Benchmarking: black_scholes_hybrid1 with p=80, t=60000
Run 1

 HYBRID IMPLEMENTATION 1
--------------------------------------------------------------

Index  | Call Model | Call Actual | Put Model  | Put Actual
--------------------------------------------------------------
0      | 47.0811    | 51.7000    | 31.5711    | 29.6500   
1      | 47.8232    | 53.6500    | 28.2495    | 27.3750   
2      | 49.1526    | 56.4000    | 25.6025    | 25.3500   
3      | 50.8109    | 59.9750    | 22.7098    | 23.2750   
4      | 51.8292    | 63.1750    | 20.0222    | 21.2000   
5      | 53.0207    | 66.3250    | 18.0245    | 19.5250   
6      | 54.2875    | 69.7250    | 16.0450    | 17.7500   
7      | 55.0940    | 72.9000    | 14.2794    | 16.1500   
8      | 45.4292    | 48.7500    | 34.9074    | 31.9000   
9      | 44.0685    | 46.3750    | 38.7045    | 34.3250   

PSTEPS = 80, TSTEPS = 60000

TIME TAKEN = 558.20213 ms
Run 2

 HYBRID IMPLEMENTATION 1
--------------------------------------------------------------

Index  | Call Model | Call Actual | Put Model  | Put Actual
--------------------------------------------------------------
0      | 47.0811    | 51.7000    | 31.5711    | 29.6500   
1      | 47.8232    | 53.6500    | 28.2495    | 27.3750   
2      | 49.1526    | 56.4000    | 25.6025    | 25.3500   
3      | 50.8109    | 59.9750    | 22.7098    | 23.2750   
4      | 52.0764    | 63.1750    | 20.0222    | 21.2000   
5      | 52.5190    | 66.3250    | 18.0245    | 19.5250   
6      | 54.2875    | 69.7250    | 16.0450    | 17.7500   
7      | 55.0940    | 72.9000    | 14.2794    | 16.1500   
8      | 45.4292    | 48.7500    | 34.9074    | 31.9000   
9      | 44.0685    | 46.3750    | 38.7045    | 34.3250   

PSTEPS = 80, TSTEPS = 60000

TIME TAKEN = 442.82815 ms
Run 3

 HYBRID IMPLEMENTATION 1
--------------------------------------------------------------

Index  | Call Model | Call Actual | Put Model  | Put Actual
--------------------------------------------------------------
0      | 47.0811    | 51.7000    | 31.5711    | 29.6500   
1      | 47.8232    | 53.6500    | 28.2495    | 27.3750   
2      | 49.1526    | 56.4000    | 25.6025    | 25.3500   
3      | 50.8109    | 59.9750    | 22.7098    | 23.2750   
4      | 50.3118    | 63.1750    | 20.0222    | 21.2000   
5      | 53.1940    | 66.3250    | 18.0245    | 19.5250   
6      | 54.2875    | 69.7250    | 16.0450    | 17.7500   
7      | 55.0940    | 72.9000    | 14.2794    | 16.1500   
8      | 45.4292    | 48.7500    | 34.9074    | 31.9000   
9      | 44.0685    | 46.3750    | 38.7045    | 34.3250   

PSTEPS = 80, TSTEPS = 60000

TIME TAKEN = 421.85403 ms
Run 4

 HYBRID IMPLEMENTATION 1
--------------------------------------------------------------

Index  | Call Model | Call Actual | Put Model  | Put Actual
--------------------------------------------------------------
0      | 47.0811    | 51.7000    | 31.5711    | 29.6500   
1      | 47.8232    | 53.6500    | 28.2495    | 27.3750   
2      | 49.1526    | 56.4000    | 25.6025    | 25.3500   
3      | 50.8109    | 59.9750    | 22.7098    | 23.2750   
4      | 52.0762    | 63.1750    | 20.0222    | 21.2000   
5      | 53.1940    | 66.3250    | 18.0245    | 19.5250   
6      | 54.2875    | 69.7250    | 16.0450    | 17.7500   
7      | 55.0940    | 72.9000    | 14.2794    | 16.1500   
8      | 45.4292    | 48.7500    | 34.9074    | 31.9000   
9      | 44.0685    | 46.3750    | 38.7045    | 34.3250   

PSTEPS = 80, TSTEPS = 60000

TIME TAKEN = 437.84519 ms
Run 5

 HYBRID IMPLEMENTATION 1
--------------------------------------------------------------

Index  | Call Model | Call Actual | Put Model  | Put Actual
--------------------------------------------------------------
0      | 47.0811    | 51.7000    | 31.5711    | 29.6500   
1      | 47.8232    | 53.6500    | 28.2495    | 27.3750   
2      | 49.1526    | 56.4000    | 25.6025    | 25.3500   
3      | 50.8109    | 59.9750    | 22.7098    | 23.2750   
4      | 52.0755    | 63.1750    | 20.0222    | 21.2000   
5      | 52.3090    | 66.3250    | 18.0245    | 19.5250   
6      | 54.2875    | 69.7250    | 16.0450    | 17.7500   
7      | 55.0940    | 72.9000    | 14.2794    | 16.1500   
8      | 45.4292    | 48.7500    | 34.9074    | 31.9000   
9      | 44.0685    | 46.3750    | 38.7045    | 34.3250   

PSTEPS = 80, TSTEPS = 60000

TIME TAKEN = 433.94876 ms
Run 6

 HYBRID IMPLEMENTATION 1
--------------------------------------------------------------

Index  | Call Model | Call Actual | Put Model  | Put Actual
--------------------------------------------------------------
0      | 47.0811    | 51.7000    | 31.5711    | 29.6500   
1      | 47.8232    | 53.6500    | 28.2495    | 27.3750   
2      | 49.1526    | 56.4000    | 25.6025    | 25.3500   
3      | 50.8109    | 59.9750    | 22.7098    | 23.2750   
4      | 52.0764    | 63.1750    | 20.0222    | 21.2000   
5      | 53.1940    | 66.3250    | 18.0245    | 19.5250   
6      | 54.2875    | 69.7250    | 16.0450    | 17.7500   
7      | 55.0940    | 72.9000    | 14.2794    | 16.1500   
8      | 45.4292    | 48.7500    | 34.9074    | 31.9000   
9      | 44.0685    | 46.3750    | 38.7045    | 34.3250   

PSTEPS = 80, TSTEPS = 60000

TIME TAKEN = 414.92964 ms
Run 7

 HYBRID IMPLEMENTATION 1
--------------------------------------------------------------

Index  | Call Model | Call Actual | Put Model  | Put Actual
--------------------------------------------------------------
0      | 47.0811    | 51.7000    | 31.5711    | 29.6500   
1      | 47.8232    | 53.6500    | 28.2495    | 27.3750   
2      | 49.1526    | 56.4000    | 25.6025    | 25.3500   
3      | 50.8109    | 59.9750    | 22.7098    | 23.2750   
4      | 52.0764    | 63.1750    | 20.0222    | 21.2000   
5      | 53.1940    | 66.3250    | 18.0245    | 19.5250   
6      | 54.2875    | 69.7250    | 16.0450    | 17.7500   
7      | 55.0940    | 72.9000    | 14.2794    | 16.1500   
8      | 45.4292    | 48.7500    | 34.9074    | 31.9000   
9      | 44.0685    | 46.3750    | 38.7045    | 34.3250   

PSTEPS = 80, TSTEPS = 60000

TIME TAKEN = 444.23853 ms
Run 8

 HYBRID IMPLEMENTATION 1
--------------------------------------------------------------

Index  | Call Model | Call Actual | Put Model  | Put Actual
--------------------------------------------------------------
0      | 47.0811    | 51.7000    | 31.5711    | 29.6500   
1      | 47.8232    | 53.6500    | 28.2495    | 27.3750   
2      | 49.1526    | 56.4000    | 25.6025    | 25.3500   
3      | 50.8109    | 59.9750    | 22.7098    | 23.2750   
4      | 51.3870    | 63.1750    | 20.0222    | 21.2000   
5      | 52.0735    | 66.3250    | 18.0245    | 19.5250   
6      | 54.2875    | 69.7250    | 16.0450    | 17.7500   
7      | 55.0940    | 72.9000    | 14.2794    | 16.1500   
8      | 45.4292    | 48.7500    | 34.9074    | 31.9000   
9      | 44.0685    | 46.3750    | 38.7045    | 34.3250   

PSTEPS = 80, TSTEPS = 60000

TIME TAKEN = 401.19093 ms
Run 9

 HYBRID IMPLEMENTATION 1
--------------------------------------------------------------

Index  | Call Model | Call Actual | Put Model  | Put Actual
--------------------------------------------------------------
0      | 47.0811    | 51.7000    | 31.5711    | 29.6500   
1      | 47.8232    | 53.6500    | 28.2495    | 27.3750   
2      | 49.1526    | 56.4000    | 25.6025    | 25.3500   
3      | 50.8109    | 59.9750    | 22.7098    | 23.2750   
4      | 51.9184    | 63.1750    | 20.0222    | 21.2000   
5      | 51.2705    | 66.3250    | 18.0245    | 19.5250   
6      | 54.2875    | 69.7250    | 16.0450    | 17.7500   
7      | 55.0940    | 72.9000    | 14.2794    | 16.1500   
8      | 45.4292    | 48.7500    | 34.9074    | 31.9000   
9      | 44.0685    | 46.3750    | 38.7045    | 34.3250   

PSTEPS = 80, TSTEPS = 60000

TIME TAKEN = 411.34515 ms
Run 10

 HYBRID IMPLEMENTATION 1
--------------------------------------------------------------

Index  | Call Model | Call Actual | Put Model  | Put Actual
--------------------------------------------------------------
0      | 47.0811    | 51.7000    | 31.5711    | 29.6500   
1      | 47.8232    | 53.6500    | 28.2495    | 27.3750   
2      | 49.1526    | 56.4000    | 25.6025    | 25.3500   
3      | 50.8109    | 59.9750    | 22.7098    | 23.2750   
4      | 51.0058    | 63.1750    | 20.0222    | 21.2000   
5      | 51.7534    | 66.3250    | 18.0245    | 19.5250   
6      | 54.2875    | 69.7250    | 16.0450    | 17.7500   
7      | 55.0940    | 72.9000    | 14.2794    | 16.1500   
8      | 45.4292    | 48.7500    | 34.9074    | 31.9000   
9      | 44.0685    | 46.3750    | 38.7045    | 34.3250   

PSTEPS = 80, TSTEPS = 60000

TIME TAKEN = 404.87757 ms
