Benchmarking: black_scholes_cpu_acc with p=160, t=20000
Run 1

 CPU ACCELERATED IMPLEMENTATION
--------------------------------------------------------------

Index  | Call Model | Call Actual | Put Model  | Put Actual
--------------------------------------------------------------
0      | 49.9268    | 51.7000    | 29.5124    | 29.6500   
1      | 51.3354    | 53.6500    | 25.9659    | 27.3750   
2      | 53.3612    | 56.4000    | 23.1039    | 25.3500   
3      | 55.7830    | 59.9750    | 20.0642    | 23.2750   
4      | 57.7647    | 63.1750    | 17.2743    | 21.2000   
5      | 59.6032    | 66.3250    | 15.2331    | 19.5250   
6      | 61.3826    | 69.7250    | 13.2150    | 17.7500   
7      | 62.8954    | 72.9000    | 11.4928    | 16.1500   
8      | 47.5708    | 48.7500    | 33.1848    | 31.9000   
9      | 45.5561    | 46.3750    | 37.3742    | 34.3250   

PSTEPS = 160, TSTEPS = 20000

TIME TAKEN = 84.37125 ms
Run 2

 CPU ACCELERATED IMPLEMENTATION
--------------------------------------------------------------

Index  | Call Model | Call Actual | Put Model  | Put Actual
--------------------------------------------------------------
0      | 49.9268    | 51.7000    | 29.5124    | 29.6500   
1      | 51.3354    | 53.6500    | 25.9659    | 27.3750   
2      | 53.3612    | 56.4000    | 23.1039    | 25.3500   
3      | 55.7830    | 59.9750    | 20.0642    | 23.2750   
4      | 57.7647    | 63.1750    | 17.2743    | 21.2000   
5      | 59.6032    | 66.3250    | 15.2331    | 19.5250   
6      | 61.3826    | 69.7250    | 13.2150    | 17.7500   
7      | 62.8954    | 72.9000    | 11.4928    | 16.1500   
8      | 47.5708    | 48.7500    | 33.1848    | 31.9000   
9      | 45.5561    | 46.3750    | 37.3742    | 34.3250   

PSTEPS = 160, TSTEPS = 20000

TIME TAKEN = 84.27001 ms
Run 3

 CPU ACCELERATED IMPLEMENTATION
--------------------------------------------------------------

Index  | Call Model | Call Actual | Put Model  | Put Actual
--------------------------------------------------------------
0      | 49.9268    | 51.7000    | 29.5124    | 29.6500   
1      | 51.3354    | 53.6500    | 25.9659    | 27.3750   
2      | 53.3612    | 56.4000    | 23.1039    | 25.3500   
3      | 55.7830    | 59.9750    | 20.0642    | 23.2750   
4      | 57.7647    | 63.1750    | 17.2743    | 21.2000   
5      | 59.6032    | 66.3250    | 15.2331    | 19.5250   
6      | 61.3826    | 69.7250    | 13.2150    | 17.7500   
7      | 62.8954    | 72.9000    | 11.4928    | 16.1500   
8      | 47.5708    | 48.7500    | 33.1848    | 31.9000   
9      | 45.5561    | 46.3750    | 37.3742    | 34.3250   

PSTEPS = 160, TSTEPS = 20000

TIME TAKEN = 84.35897 ms
Run 4

 CPU ACCELERATED IMPLEMENTATION
--------------------------------------------------------------

Index  | Call Model | Call Actual | Put Model  | Put Actual
--------------------------------------------------------------
0      | 49.9268    | 51.7000    | 29.5124    | 29.6500   
1      | 51.3354    | 53.6500    | 25.9659    | 27.3750   
2      | 53.3612    | 56.4000    | 23.1039    | 25.3500   
3      | 55.7830    | 59.9750    | 20.0642    | 23.2750   
4      | 57.7647    | 63.1750    | 17.2743    | 21.2000   
5      | 59.6032    | 66.3250    | 15.2331    | 19.5250   
6      | 61.3826    | 69.7250    | 13.2150    | 17.7500   
7      | 62.8954    | 72.9000    | 11.4928    | 16.1500   
8      | 47.5708    | 48.7500    | 33.1848    | 31.9000   
9      | 45.5561    | 46.3750    | 37.3742    | 34.3250   

PSTEPS = 160, TSTEPS = 20000

TIME TAKEN = 84.47668 ms
Run 5

 CPU ACCELERATED IMPLEMENTATION
--------------------------------------------------------------

Index  | Call Model | Call Actual | Put Model  | Put Actual
--------------------------------------------------------------
0      | 49.9268    | 51.7000    | 29.5124    | 29.6500   
1      | 51.3354    | 53.6500    | 25.9659    | 27.3750   
2      | 53.3612    | 56.4000    | 23.1039    | 25.3500   
3      | 55.7830    | 59.9750    | 20.0642    | 23.2750   
4      | 57.7647    | 63.1750    | 17.2743    | 21.2000   
5      | 59.6032    | 66.3250    | 15.2331    | 19.5250   
6      | 61.3826    | 69.7250    | 13.2150    | 17.7500   
7      | 62.8954    | 72.9000    | 11.4928    | 16.1500   
8      | 47.5708    | 48.7500    | 33.1848    | 31.9000   
9      | 45.5561    | 46.3750    | 37.3742    | 34.3250   

PSTEPS = 160, TSTEPS = 20000

TIME TAKEN = 84.34541 ms
Run 6

 CPU ACCELERATED IMPLEMENTATION
--------------------------------------------------------------

Index  | Call Model | Call Actual | Put Model  | Put Actual
--------------------------------------------------------------
0      | 49.9268    | 51.7000    | 29.5124    | 29.6500   
1      | 51.3354    | 53.6500    | 25.9659    | 27.3750   
2      | 53.3612    | 56.4000    | 23.1039    | 25.3500   
3      | 55.7830    | 59.9750    | 20.0642    | 23.2750   
4      | 57.7647    | 63.1750    | 17.2743    | 21.2000   
5      | 59.6032    | 66.3250    | 15.2331    | 19.5250   
6      | 61.3826    | 69.7250    | 13.2150    | 17.7500   
7      | 62.8954    | 72.9000    | 11.4928    | 16.1500   
8      | 47.5708    | 48.7500    | 33.1848    | 31.9000   
9      | 45.5561    | 46.3750    | 37.3742    | 34.3250   

PSTEPS = 160, TSTEPS = 20000

TIME TAKEN = 84.35743 ms
Run 7

 CPU ACCELERATED IMPLEMENTATION
--------------------------------------------------------------

Index  | Call Model | Call Actual | Put Model  | Put Actual
--------------------------------------------------------------
0      | 49.9268    | 51.7000    | 29.5124    | 29.6500   
1      | 51.3354    | 53.6500    | 25.9659    | 27.3750   
2      | 53.3612    | 56.4000    | 23.1039    | 25.3500   
3      | 55.7830    | 59.9750    | 20.0642    | 23.2750   
4      | 57.7647    | 63.1750    | 17.2743    | 21.2000   
5      | 59.6032    | 66.3250    | 15.2331    | 19.5250   
6      | 61.3826    | 69.7250    | 13.2150    | 17.7500   
7      | 62.8954    | 72.9000    | 11.4928    | 16.1500   
8      | 47.5708    | 48.7500    | 33.1848    | 31.9000   
9      | 45.5561    | 46.3750    | 37.3742    | 34.3250   

PSTEPS = 160, TSTEPS = 20000

TIME TAKEN = 84.46220 ms
Run 8

 CPU ACCELERATED IMPLEMENTATION
--------------------------------------------------------------

Index  | Call Model | Call Actual | Put Model  | Put Actual
--------------------------------------------------------------
0      | 49.9268    | 51.7000    | 29.5124    | 29.6500   
1      | 51.3354    | 53.6500    | 25.9659    | 27.3750   
2      | 53.3612    | 56.4000    | 23.1039    | 25.3500   
3      | 55.7830    | 59.9750    | 20.0642    | 23.2750   
4      | 57.7647    | 63.1750    | 17.2743    | 21.2000   
5      | 59.6032    | 66.3250    | 15.2331    | 19.5250   
6      | 61.3826    | 69.7250    | 13.2150    | 17.7500   
7      | 62.8954    | 72.9000    | 11.4928    | 16.1500   
8      | 47.5708    | 48.7500    | 33.1848    | 31.9000   
9      | 45.5561    | 46.3750    | 37.3742    | 34.3250   

PSTEPS = 160, TSTEPS = 20000

TIME TAKEN = 84.35360 ms
Run 9

 CPU ACCELERATED IMPLEMENTATION
--------------------------------------------------------------

Index  | Call Model | Call Actual | Put Model  | Put Actual
--------------------------------------------------------------
0      | 49.9268    | 51.7000    | 29.5124    | 29.6500   
1      | 51.3354    | 53.6500    | 25.9659    | 27.3750   
2      | 53.3612    | 56.4000    | 23.1039    | 25.3500   
3      | 55.7830    | 59.9750    | 20.0642    | 23.2750   
4      | 57.7647    | 63.1750    | 17.2743    | 21.2000   
5      | 59.6032    | 66.3250    | 15.2331    | 19.5250   
6      | 61.3826    | 69.7250    | 13.2150    | 17.7500   
7      | 62.8954    | 72.9000    | 11.4928    | 16.1500   
8      | 47.5708    | 48.7500    | 33.1848    | 31.9000   
9      | 45.5561    | 46.3750    | 37.3742    | 34.3250   

PSTEPS = 160, TSTEPS = 20000

TIME TAKEN = 84.35814 ms
Run 10

 CPU ACCELERATED IMPLEMENTATION
--------------------------------------------------------------

Index  | Call Model | Call Actual | Put Model  | Put Actual
--------------------------------------------------------------
0      | 49.9268    | 51.7000    | 29.5124    | 29.6500   
1      | 51.3354    | 53.6500    | 25.9659    | 27.3750   
2      | 53.3612    | 56.4000    | 23.1039    | 25.3500   
3      | 55.7830    | 59.9750    | 20.0642    | 23.2750   
4      | 57.7647    | 63.1750    | 17.2743    | 21.2000   
5      | 59.6032    | 66.3250    | 15.2331    | 19.5250   
6      | 61.3826    | 69.7250    | 13.2150    | 17.7500   
7      | 62.8954    | 72.9000    | 11.4928    | 16.1500   
8      | 47.5708    | 48.7500    | 33.1848    | 31.9000   
9      | 45.5561    | 46.3750    | 37.3742    | 34.3250   

PSTEPS = 160, TSTEPS = 20000

TIME TAKEN = 84.36761 ms
