Benchmarking: black_scholes_gpu with p=20, t=90000
Run 1

 GPU ACCELERATED IMPLEMENTATION
--------------------------------------------------------------

Index  | Call Model | Call Actual | Put Model  | Put Actual
--------------------------------------------------------------
0      | 45.0874    | 51.7000    | 35.1062    | 29.6500   
1      | 45.2910    | 53.6500    | 31.8381    | 27.3750   
2      | 45.9652    | 56.4000    | 29.1409    | 25.3500   
3      | 46.8975    | 59.9750    | 26.1167    | 23.2750   
4      | 47.7937    | 63.1750    | 23.5894    | 21.2000   
5      | 48.6772    | 66.3250    | 21.8508    | 19.5250   
6      | 49.4042    | 69.7250    | 19.9647    | 17.7500   
7      | 49.8330    | 72.9000    | 18.2345    | 16.1500   
8      | 43.9256    | 48.7500    | 38.2333    | 31.9000   
9      | 42.9439    | 46.3750    | 41.7015    | 34.3250   

PSTEPS = 20, TSTEPS = 90000

TIME TAKEN = 319.62185 ms
Run 2

 GPU ACCELERATED IMPLEMENTATION
--------------------------------------------------------------

Index  | Call Model | Call Actual | Put Model  | Put Actual
--------------------------------------------------------------
0      | 45.0874    | 51.7000    | 35.1062    | 29.6500   
1      | 45.2910    | 53.6500    | 31.8381    | 27.3750   
2      | 45.9652    | 56.4000    | 29.1409    | 25.3500   
3      | 46.8975    | 59.9750    | 26.1167    | 23.2750   
4      | 47.7937    | 63.1750    | 23.5894    | 21.2000   
5      | 48.6772    | 66.3250    | 21.8508    | 19.5250   
6      | 49.4042    | 69.7250    | 19.9647    | 17.7500   
7      | 49.8330    | 72.9000    | 18.2345    | 16.1500   
8      | 43.9256    | 48.7500    | 38.2333    | 31.9000   
9      | 42.9439    | 46.3750    | 41.7015    | 34.3250   

PSTEPS = 20, TSTEPS = 90000

TIME TAKEN = 305.71076 ms
Run 3

 GPU ACCELERATED IMPLEMENTATION
--------------------------------------------------------------

Index  | Call Model | Call Actual | Put Model  | Put Actual
--------------------------------------------------------------
0      | 45.0874    | 51.7000    | 35.1062    | 29.6500   
1      | 45.2910    | 53.6500    | 31.8381    | 27.3750   
2      | 45.9652    | 56.4000    | 29.1409    | 25.3500   
3      | 46.8975    | 59.9750    | 26.1167    | 23.2750   
4      | 47.7937    | 63.1750    | 23.5894    | 21.2000   
5      | 48.6772    | 66.3250    | 21.8508    | 19.5250   
6      | 49.4042    | 69.7250    | 19.9647    | 17.7500   
7      | 49.8330    | 72.9000    | 18.2345    | 16.1500   
8      | 43.9256    | 48.7500    | 38.2333    | 31.9000   
9      | 42.9439    | 46.3750    | 41.7015    | 34.3250   

PSTEPS = 20, TSTEPS = 90000

TIME TAKEN = 301.39266 ms
Run 4

 GPU ACCELERATED IMPLEMENTATION
--------------------------------------------------------------

Index  | Call Model | Call Actual | Put Model  | Put Actual
--------------------------------------------------------------
0      | 45.0874    | 51.7000    | 35.1062    | 29.6500   
1      | 45.2910    | 53.6500    | 31.8381    | 27.3750   
2      | 45.9652    | 56.4000    | 29.1409    | 25.3500   
3      | 46.8975    | 59.9750    | 26.1167    | 23.2750   
4      | 47.7937    | 63.1750    | 23.5894    | 21.2000   
5      | 48.6772    | 66.3250    | 21.8508    | 19.5250   
6      | 49.4042    | 69.7250    | 19.9647    | 17.7500   
7      | 49.8330    | 72.9000    | 18.2345    | 16.1500   
8      | 43.9256    | 48.7500    | 38.2333    | 31.9000   
9      | 42.9439    | 46.3750    | 41.7015    | 34.3250   

PSTEPS = 20, TSTEPS = 90000

TIME TAKEN = 307.44185 ms
Run 5

 GPU ACCELERATED IMPLEMENTATION
--------------------------------------------------------------

Index  | Call Model | Call Actual | Put Model  | Put Actual
--------------------------------------------------------------
0      | 45.0874    | 51.7000    | 35.1062    | 29.6500   
1      | 45.2910    | 53.6500    | 31.8381    | 27.3750   
2      | 45.9652    | 56.4000    | 29.1409    | 25.3500   
3      | 46.8975    | 59.9750    | 26.1167    | 23.2750   
4      | 47.7937    | 63.1750    | 23.5894    | 21.2000   
5      | 48.6772    | 66.3250    | 21.8508    | 19.5250   
6      | 49.4042    | 69.7250    | 19.9647    | 17.7500   
7      | 49.8330    | 72.9000    | 18.2345    | 16.1500   
8      | 43.9256    | 48.7500    | 38.2333    | 31.9000   
9      | 42.9439    | 46.3750    | 41.7015    | 34.3250   

PSTEPS = 20, TSTEPS = 90000

TIME TAKEN = 304.61020 ms
Run 6

 GPU ACCELERATED IMPLEMENTATION
--------------------------------------------------------------

Index  | Call Model | Call Actual | Put Model  | Put Actual
--------------------------------------------------------------
0      | 45.0874    | 51.7000    | 35.1062    | 29.6500   
1      | 45.2910    | 53.6500    | 31.8381    | 27.3750   
2      | 45.9652    | 56.4000    | 29.1409    | 25.3500   
3      | 46.8975    | 59.9750    | 26.1167    | 23.2750   
4      | 47.7937    | 63.1750    | 23.5894    | 21.2000   
5      | 48.6772    | 66.3250    | 21.8508    | 19.5250   
6      | 49.4042    | 69.7250    | 19.9647    | 17.7500   
7      | 49.8330    | 72.9000    | 18.2345    | 16.1500   
8      | 43.9256    | 48.7500    | 38.2333    | 31.9000   
9      | 42.9439    | 46.3750    | 41.7015    | 34.3250   

PSTEPS = 20, TSTEPS = 90000

TIME TAKEN = 298.28514 ms
Run 7

 GPU ACCELERATED IMPLEMENTATION
--------------------------------------------------------------

Index  | Call Model | Call Actual | Put Model  | Put Actual
--------------------------------------------------------------
0      | 45.0874    | 51.7000    | 35.1062    | 29.6500   
1      | 45.2910    | 53.6500    | 31.8381    | 27.3750   
2      | 45.9652    | 56.4000    | 29.1409    | 25.3500   
3      | 46.8975    | 59.9750    | 26.1167    | 23.2750   
4      | 47.7937    | 63.1750    | 23.5894    | 21.2000   
5      | 48.6772    | 66.3250    | 21.8508    | 19.5250   
6      | 49.4042    | 69.7250    | 19.9647    | 17.7500   
7      | 49.8330    | 72.9000    | 18.2345    | 16.1500   
8      | 43.9256    | 48.7500    | 38.2333    | 31.9000   
9      | 42.9439    | 46.3750    | 41.7015    | 34.3250   

PSTEPS = 20, TSTEPS = 90000

TIME TAKEN = 291.66706 ms
Run 8

 GPU ACCELERATED IMPLEMENTATION
--------------------------------------------------------------

Index  | Call Model | Call Actual | Put Model  | Put Actual
--------------------------------------------------------------
0      | 45.0874    | 51.7000    | 35.1062    | 29.6500   
1      | 45.2910    | 53.6500    | 31.8381    | 27.3750   
2      | 45.9652    | 56.4000    | 29.1409    | 25.3500   
3      | 46.8975    | 59.9750    | 26.1167    | 23.2750   
4      | 47.7937    | 63.1750    | 23.5894    | 21.2000   
5      | 48.6772    | 66.3250    | 21.8508    | 19.5250   
6      | 49.4042    | 69.7250    | 19.9647    | 17.7500   
7      | 49.8330    | 72.9000    | 18.2345    | 16.1500   
8      | 43.9256    | 48.7500    | 38.2333    | 31.9000   
9      | 42.9439    | 46.3750    | 41.7015    | 34.3250   

PSTEPS = 20, TSTEPS = 90000

TIME TAKEN = 298.42481 ms
Run 9

 GPU ACCELERATED IMPLEMENTATION
--------------------------------------------------------------

Index  | Call Model | Call Actual | Put Model  | Put Actual
--------------------------------------------------------------
0      | 45.0874    | 51.7000    | 35.1062    | 29.6500   
1      | 45.2910    | 53.6500    | 31.8381    | 27.3750   
2      | 45.9652    | 56.4000    | 29.1409    | 25.3500   
3      | 46.8975    | 59.9750    | 26.1167    | 23.2750   
4      | 47.7937    | 63.1750    | 23.5894    | 21.2000   
5      | 48.6772    | 66.3250    | 21.8508    | 19.5250   
6      | 49.4042    | 69.7250    | 19.9647    | 17.7500   
7      | 49.8330    | 72.9000    | 18.2345    | 16.1500   
8      | 43.9256    | 48.7500    | 38.2333    | 31.9000   
9      | 42.9439    | 46.3750    | 41.7015    | 34.3250   

PSTEPS = 20, TSTEPS = 90000

TIME TAKEN = 310.73602 ms
Run 10

 GPU ACCELERATED IMPLEMENTATION
--------------------------------------------------------------

Index  | Call Model | Call Actual | Put Model  | Put Actual
--------------------------------------------------------------
0      | 45.0874    | 51.7000    | 35.1062    | 29.6500   
1      | 45.2910    | 53.6500    | 31.8381    | 27.3750   
2      | 45.9652    | 56.4000    | 29.1409    | 25.3500   
3      | 46.8975    | 59.9750    | 26.1167    | 23.2750   
4      | 47.7937    | 63.1750    | 23.5894    | 21.2000   
5      | 48.6772    | 66.3250    | 21.8508    | 19.5250   
6      | 49.4042    | 69.7250    | 19.9647    | 17.7500   
7      | 49.8330    | 72.9000    | 18.2345    | 16.1500   
8      | 43.9256    | 48.7500    | 38.2333    | 31.9000   
9      | 42.9439    | 46.3750    | 41.7015    | 34.3250   

PSTEPS = 20, TSTEPS = 90000

TIME TAKEN = 296.12197 ms
