Benchmarking: black_scholes_hybrid2 with p=20, t=60000
Run 1

 HYBRID IMPLEMENTATION 2
--------------------------------------------------------------

Index  | Call Model | Call Actual | Put Model  | Put Actual
--------------------------------------------------------------
0      | 45.0875    | 51.7000    | 35.1063    | 29.6500   
1      | 45.2910    | 53.6500    | 31.8381    | 27.3750   
2      | 45.9652    | 56.4000    | 29.1410    | 25.3500   
3      | 46.8975    | 59.9750    | 26.1168    | 23.2750   
4      | 47.7937    | 63.1750    | 23.5894    | 21.2000   
5      | 48.6772    | 66.3250    | 21.8509    | 19.5250   
6      | 49.4042    | 69.7250    | 19.9648    | 17.7500   
7      | 49.8330    | 72.9000    | 18.2346    | 16.1500   
8      | 43.9256    | 48.7500    | 38.2333    | 31.9000   
9      | 42.9440    | 46.3750    | 41.7015    | 34.3250   

PSTEPS = 20, TSTEPS = 60000

TIME TAKEN = 295.93357 ms
Run 2

 HYBRID IMPLEMENTATION 2
--------------------------------------------------------------

Index  | Call Model | Call Actual | Put Model  | Put Actual
--------------------------------------------------------------
0      | 45.0875    | 51.7000    | 35.1063    | 29.6500   
1      | 45.2910    | 53.6500    | 31.8381    | 27.3750   
2      | 45.9652    | 56.4000    | 29.1410    | 25.3500   
3      | 46.8975    | 59.9750    | 26.1168    | 23.2750   
4      | 47.7937    | 63.1750    | 23.5894    | 21.2000   
5      | 48.6772    | 66.3250    | 21.8509    | 19.5250   
6      | 49.4042    | 69.7250    | 19.9648    | 17.7500   
7      | 49.8330    | 72.9000    | 18.2346    | 16.1500   
8      | 43.9256    | 48.7500    | 38.2333    | 31.9000   
9      | 42.9440    | 46.3750    | 41.7015    | 34.3250   

PSTEPS = 20, TSTEPS = 60000

TIME TAKEN = 300.78432 ms
Run 3

 HYBRID IMPLEMENTATION 2
--------------------------------------------------------------

Index  | Call Model | Call Actual | Put Model  | Put Actual
--------------------------------------------------------------
0      | 45.0875    | 51.7000    | 35.1063    | 29.6500   
1      | 45.2910    | 53.6500    | 31.8381    | 27.3750   
2      | 45.9652    | 56.4000    | 29.1410    | 25.3500   
3      | 46.8975    | 59.9750    | 26.1168    | 23.2750   
4      | 47.7937    | 63.1750    | 23.5894    | 21.2000   
5      | 48.6772    | 66.3250    | 21.8509    | 19.5250   
6      | 49.4042    | 69.7250    | 19.9648    | 17.7500   
7      | 49.8330    | 72.9000    | 18.2346    | 16.1500   
8      | 43.9256    | 48.7500    | 38.2333    | 31.9000   
9      | 42.9440    | 46.3750    | 41.7015    | 34.3250   

PSTEPS = 20, TSTEPS = 60000

TIME TAKEN = 316.05254 ms
Run 4

 HYBRID IMPLEMENTATION 2
--------------------------------------------------------------

Index  | Call Model | Call Actual | Put Model  | Put Actual
--------------------------------------------------------------
0      | 45.0875    | 51.7000    | 35.1063    | 29.6500   
1      | 45.2910    | 53.6500    | 31.8381    | 27.3750   
2      | 45.9652    | 56.4000    | 29.1410    | 25.3500   
3      | 46.8975    | 59.9750    | 26.1168    | 23.2750   
4      | 47.7937    | 63.1750    | 23.5894    | 21.2000   
5      | 48.6772    | 66.3250    | 21.8509    | 19.5250   
6      | 49.4042    | 69.7250    | 19.9648    | 17.7500   
7      | 49.8330    | 72.9000    | 18.2346    | 16.1500   
8      | 43.9256    | 48.7500    | 38.2333    | 31.9000   
9      | 42.9440    | 46.3750    | 41.7015    | 34.3250   

PSTEPS = 20, TSTEPS = 60000

TIME TAKEN = 341.03683 ms
Run 5

 HYBRID IMPLEMENTATION 2
--------------------------------------------------------------

Index  | Call Model | Call Actual | Put Model  | Put Actual
--------------------------------------------------------------
0      | 45.0875    | 51.7000    | 35.1063    | 29.6500   
1      | 45.2910    | 53.6500    | 31.8381    | 27.3750   
2      | 45.9652    | 56.4000    | 29.1410    | 25.3500   
3      | 46.8975    | 59.9750    | 26.1168    | 23.2750   
4      | 47.7937    | 63.1750    | 23.5894    | 21.2000   
5      | 48.6772    | 66.3250    | 21.8509    | 19.5250   
6      | 49.4042    | 69.7250    | 19.9648    | 17.7500   
7      | 49.8330    | 72.9000    | 18.2346    | 16.1500   
8      | 43.9256    | 48.7500    | 38.2333    | 31.9000   
9      | 42.9440    | 46.3750    | 41.7015    | 34.3250   

PSTEPS = 20, TSTEPS = 60000

TIME TAKEN = 329.03623 ms
Run 6

 HYBRID IMPLEMENTATION 2
--------------------------------------------------------------

Index  | Call Model | Call Actual | Put Model  | Put Actual
--------------------------------------------------------------
0      | 45.0875    | 51.7000    | 35.1063    | 29.6500   
1      | 45.2910    | 53.6500    | 31.8381    | 27.3750   
2      | 45.9652    | 56.4000    | 29.1410    | 25.3500   
3      | 46.8975    | 59.9750    | 26.1168    | 23.2750   
4      | 47.7937    | 63.1750    | 23.5894    | 21.2000   
5      | 48.6772    | 66.3250    | 21.8509    | 19.5250   
6      | 49.4042    | 69.7250    | 19.9648    | 17.7500   
7      | 49.8330    | 72.9000    | 18.2346    | 16.1500   
8      | 43.9256    | 48.7500    | 38.2333    | 31.9000   
9      | 42.9440    | 46.3750    | 41.7015    | 34.3250   

PSTEPS = 20, TSTEPS = 60000

TIME TAKEN = 349.14495 ms
Run 7

 HYBRID IMPLEMENTATION 2
--------------------------------------------------------------

Index  | Call Model | Call Actual | Put Model  | Put Actual
--------------------------------------------------------------
0      | 45.0875    | 51.7000    | 35.1063    | 29.6500   
1      | 45.2910    | 53.6500    | 31.8381    | 27.3750   
2      | 45.9652    | 56.4000    | 29.1410    | 25.3500   
3      | 46.8975    | 59.9750    | 26.1168    | 23.2750   
4      | 47.7937    | 63.1750    | 23.5894    | 21.2000   
5      | 48.6772    | 66.3250    | 21.8509    | 19.5250   
6      | 49.4042    | 69.7250    | 19.9648    | 17.7500   
7      | 49.8330    | 72.9000    | 18.2346    | 16.1500   
8      | 43.9256    | 48.7500    | 38.2333    | 31.9000   
9      | 42.9440    | 46.3750    | 41.7015    | 34.3250   

PSTEPS = 20, TSTEPS = 60000

TIME TAKEN = 326.75032 ms
Run 8

 HYBRID IMPLEMENTATION 2
--------------------------------------------------------------

Index  | Call Model | Call Actual | Put Model  | Put Actual
--------------------------------------------------------------
0      | 45.0875    | 51.7000    | 35.1063    | 29.6500   
1      | 45.2910    | 53.6500    | 31.8381    | 27.3750   
2      | 45.9652    | 56.4000    | 29.1410    | 25.3500   
3      | 46.8975    | 59.9750    | 26.1168    | 23.2750   
4      | 47.7937    | 63.1750    | 23.5894    | 21.2000   
5      | 48.6772    | 66.3250    | 21.8509    | 19.5250   
6      | 49.4042    | 69.7250    | 19.9648    | 17.7500   
7      | 49.8330    | 72.9000    | 18.2346    | 16.1500   
8      | 43.9256    | 48.7500    | 38.2333    | 31.9000   
9      | 42.9440    | 46.3750    | 41.7015    | 34.3250   

PSTEPS = 20, TSTEPS = 60000

TIME TAKEN = 360.37269 ms
Run 9

 HYBRID IMPLEMENTATION 2
--------------------------------------------------------------

Index  | Call Model | Call Actual | Put Model  | Put Actual
--------------------------------------------------------------
0      | 45.0875    | 51.7000    | 35.1063    | 29.6500   
1      | 45.2910    | 53.6500    | 31.8381    | 27.3750   
2      | 45.9652    | 56.4000    | 29.1410    | 25.3500   
3      | 46.8975    | 59.9750    | 26.1168    | 23.2750   
4      | 47.7937    | 63.1750    | 23.5894    | 21.2000   
5      | 48.6772    | 66.3250    | 21.8509    | 19.5250   
6      | 49.4042    | 69.7250    | 19.9648    | 17.7500   
7      | 49.8330    | 72.9000    | 18.2346    | 16.1500   
8      | 43.9256    | 48.7500    | 38.2333    | 31.9000   
9      | 42.9440    | 46.3750    | 41.7015    | 34.3250   

PSTEPS = 20, TSTEPS = 60000

TIME TAKEN = 318.77175 ms
Run 10

 HYBRID IMPLEMENTATION 2
--------------------------------------------------------------

Index  | Call Model | Call Actual | Put Model  | Put Actual
--------------------------------------------------------------
0      | 45.0875    | 51.7000    | 35.1063    | 29.6500   
1      | 45.2910    | 53.6500    | 31.8381    | 27.3750   
2      | 45.9652    | 56.4000    | 29.1410    | 25.3500   
3      | 46.8975    | 59.9750    | 26.1168    | 23.2750   
4      | 47.7937    | 63.1750    | 23.5894    | 21.2000   
5      | 48.6772    | 66.3250    | 21.8509    | 19.5250   
6      | 49.4042    | 69.7250    | 19.9648    | 17.7500   
7      | 49.8330    | 72.9000    | 18.2346    | 16.1500   
8      | 43.9256    | 48.7500    | 38.2333    | 31.9000   
9      | 42.9440    | 46.3750    | 41.7015    | 34.3250   

PSTEPS = 20, TSTEPS = 60000

TIME TAKEN = 323.49595 ms
