Benchmarking: black_scholes_hybrid2 with p=100, t=100000
Run 1

 HYBRID IMPLEMENTATION 2
--------------------------------------------------------------

Index  | Call Model | Call Actual | Put Model  | Put Actual
--------------------------------------------------------------
0      | 47.7778    | 51.7000    | 31.0196    | 29.6500   
1      | 48.6943    | 53.6500    | 27.6518    | 27.3750   
2      | 50.1741    | 56.4000    | 24.9302    | 25.3500   
3      | 52.0289    | 59.9750    | 22.0092    | 23.2750   
4      | 53.4632    | 63.1750    | 19.2890    | 21.2000   
5      | 54.7577    | 66.3250    | 17.2807    | 19.5250   
6      | 56.0023    | 69.7250    | 15.2750    | 17.7500   
7      | 57.0033    | 72.9000    | 13.5426    | 16.1500   
8      | 45.9514    | 48.7500    | 34.4392    | 31.9000   
9      | 44.4483    | 46.3750    | 38.3539    | 34.3250   

PSTEPS = 100, TSTEPS = 100000

TIME TAKEN = 906.06033 ms
Run 2

 HYBRID IMPLEMENTATION 2
--------------------------------------------------------------

Index  | Call Model | Call Actual | Put Model  | Put Actual
--------------------------------------------------------------
0      | 47.7778    | 51.7000    | 31.0196    | 29.6500   
1      | 48.6943    | 53.6500    | 27.6518    | 27.3750   
2      | 50.1741    | 56.4000    | 24.9302    | 25.3500   
3      | 52.0289    | 59.9750    | 22.0092    | 23.2750   
4      | 53.4632    | 63.1750    | 19.2890    | 21.2000   
5      | 54.7577    | 66.3250    | 17.2807    | 19.5250   
6      | 56.0023    | 69.7250    | 15.2750    | 17.7500   
7      | 57.0033    | 72.9000    | 13.5426    | 16.1500   
8      | 45.9514    | 48.7500    | 34.4392    | 31.9000   
9      | 44.4483    | 46.3750    | 38.3539    | 34.3250   

PSTEPS = 100, TSTEPS = 100000

TIME TAKEN = 939.08084 ms
Run 3

 HYBRID IMPLEMENTATION 2
--------------------------------------------------------------

Index  | Call Model | Call Actual | Put Model  | Put Actual
--------------------------------------------------------------
0      | 47.7778    | 51.7000    | 31.0196    | 29.6500   
1      | 48.6943    | 53.6500    | 27.6518    | 27.3750   
2      | 50.1741    | 56.4000    | 24.9302    | 25.3500   
3      | 52.0289    | 59.9750    | 22.0092    | 23.2750   
4      | 53.4632    | 63.1750    | 19.2890    | 21.2000   
5      | 54.7577    | 66.3250    | 17.2807    | 19.5250   
6      | 56.0023    | 69.7250    | 15.2750    | 17.7500   
7      | 57.0033    | 72.9000    | 13.5426    | 16.1500   
8      | 45.9514    | 48.7500    | 34.4392    | 31.9000   
9      | 44.4483    | 46.3750    | 38.3539    | 34.3250   

PSTEPS = 100, TSTEPS = 100000

TIME TAKEN = 921.33414 ms
Run 4

 HYBRID IMPLEMENTATION 2
--------------------------------------------------------------

Index  | Call Model | Call Actual | Put Model  | Put Actual
--------------------------------------------------------------
0      | 47.7778    | 51.7000    | 31.0196    | 29.6500   
1      | 48.6943    | 53.6500    | 27.6518    | 27.3750   
2      | 50.1741    | 56.4000    | 24.9302    | 25.3500   
3      | 52.0289    | 59.9750    | 22.0092    | 23.2750   
4      | 53.4632    | 63.1750    | 19.2890    | 21.2000   
5      | 54.7577    | 66.3250    | 17.2807    | 19.5250   
6      | 56.0023    | 69.7250    | 15.2750    | 17.7500   
7      | 57.0033    | 72.9000    | 13.5426    | 16.1500   
8      | 45.9514    | 48.7500    | 34.4392    | 31.9000   
9      | 44.4483    | 46.3750    | 38.3539    | 34.3250   

PSTEPS = 100, TSTEPS = 100000

TIME TAKEN = 924.96436 ms
Run 5

 HYBRID IMPLEMENTATION 2
--------------------------------------------------------------

Index  | Call Model | Call Actual | Put Model  | Put Actual
--------------------------------------------------------------
0      | 47.7778    | 51.7000    | 31.0196    | 29.6500   
1      | 48.6943    | 53.6500    | 27.6518    | 27.3750   
2      | 50.1741    | 56.4000    | 24.9302    | 25.3500   
3      | 52.0289    | 59.9750    | 22.0092    | 23.2750   
4      | 53.4632    | 63.1750    | 19.2890    | 21.2000   
5      | 54.7577    | 66.3250    | 17.2807    | 19.5250   
6      | 56.0023    | 69.7250    | 15.2750    | 17.7500   
7      | 57.0033    | 72.9000    | 13.5426    | 16.1500   
8      | 45.9514    | 48.7500    | 34.4392    | 31.9000   
9      | 44.4483    | 46.3750    | 38.3539    | 34.3250   

PSTEPS = 100, TSTEPS = 100000

TIME TAKEN = 930.81639 ms
Run 6

 HYBRID IMPLEMENTATION 2
--------------------------------------------------------------

Index  | Call Model | Call Actual | Put Model  | Put Actual
--------------------------------------------------------------
0      | 47.7778    | 51.7000    | 31.0196    | 29.6500   
1      | 48.6943    | 53.6500    | 27.6518    | 27.3750   
2      | 50.1741    | 56.4000    | 24.9302    | 25.3500   
3      | 52.0289    | 59.9750    | 22.0092    | 23.2750   
4      | 53.4632    | 63.1750    | 19.2890    | 21.2000   
5      | 54.7577    | 66.3250    | 17.2807    | 19.5250   
6      | 56.0023    | 69.7250    | 15.2750    | 17.7500   
7      | 57.0033    | 72.9000    | 13.5426    | 16.1500   
8      | 45.9514    | 48.7500    | 34.4392    | 31.9000   
9      | 44.4483    | 46.3750    | 38.3539    | 34.3250   

PSTEPS = 100, TSTEPS = 100000

TIME TAKEN = 928.93458 ms
Run 7

 HYBRID IMPLEMENTATION 2
--------------------------------------------------------------

Index  | Call Model | Call Actual | Put Model  | Put Actual
--------------------------------------------------------------
0      | 47.7778    | 51.7000    | 31.0196    | 29.6500   
1      | 48.6943    | 53.6500    | 27.6518    | 27.3750   
2      | 50.1741    | 56.4000    | 24.9302    | 25.3500   
3      | 52.0289    | 59.9750    | 22.0092    | 23.2750   
4      | 53.4632    | 63.1750    | 19.2890    | 21.2000   
5      | 54.7577    | 66.3250    | 17.2807    | 19.5250   
6      | 56.0023    | 69.7250    | 15.2750    | 17.7500   
7      | 57.0033    | 72.9000    | 13.5426    | 16.1500   
8      | 45.9514    | 48.7500    | 34.4392    | 31.9000   
9      | 44.4483    | 46.3750    | 38.3539    | 34.3250   

PSTEPS = 100, TSTEPS = 100000

TIME TAKEN = 919.74846 ms
Run 8

 HYBRID IMPLEMENTATION 2
--------------------------------------------------------------

Index  | Call Model | Call Actual | Put Model  | Put Actual
--------------------------------------------------------------
0      | 47.7778    | 51.7000    | 31.0196    | 29.6500   
1      | 48.6943    | 53.6500    | 27.6518    | 27.3750   
2      | 50.1741    | 56.4000    | 24.9302    | 25.3500   
3      | 52.0289    | 59.9750    | 22.0092    | 23.2750   
4      | 53.4632    | 63.1750    | 19.2890    | 21.2000   
5      | 54.7577    | 66.3250    | 17.2807    | 19.5250   
6      | 56.0023    | 69.7250    | 15.2750    | 17.7500   
7      | 57.0033    | 72.9000    | 13.5426    | 16.1500   
8      | 45.9514    | 48.7500    | 34.4392    | 31.9000   
9      | 44.4483    | 46.3750    | 38.3539    | 34.3250   

PSTEPS = 100, TSTEPS = 100000

TIME TAKEN = 945.05643 ms
Run 9

 HYBRID IMPLEMENTATION 2
--------------------------------------------------------------

Index  | Call Model | Call Actual | Put Model  | Put Actual
--------------------------------------------------------------
0      | 47.7778    | 51.7000    | 31.0196    | 29.6500   
1      | 48.6943    | 53.6500    | 27.6518    | 27.3750   
2      | 50.1741    | 56.4000    | 24.9302    | 25.3500   
3      | 52.0289    | 59.9750    | 22.0092    | 23.2750   
4      | 53.4632    | 63.1750    | 19.2890    | 21.2000   
5      | 54.7577    | 66.3250    | 17.2807    | 19.5250   
6      | 56.0023    | 69.7250    | 15.2750    | 17.7500   
7      | 57.0033    | 72.9000    | 13.5426    | 16.1500   
8      | 45.9514    | 48.7500    | 34.4392    | 31.9000   
9      | 44.4483    | 46.3750    | 38.3539    | 34.3250   

PSTEPS = 100, TSTEPS = 100000

TIME TAKEN = 960.91399 ms
Run 10

 HYBRID IMPLEMENTATION 2
--------------------------------------------------------------

Index  | Call Model | Call Actual | Put Model  | Put Actual
--------------------------------------------------------------
0      | 47.7778    | 51.7000    | 31.0196    | 29.6500   
1      | 48.6943    | 53.6500    | 27.6518    | 27.3750   
2      | 50.1741    | 56.4000    | 24.9302    | 25.3500   
3      | 52.0289    | 59.9750    | 22.0092    | 23.2750   
4      | 53.4632    | 63.1750    | 19.2890    | 21.2000   
5      | 54.7577    | 66.3250    | 17.2807    | 19.5250   
6      | 56.0023    | 69.7250    | 15.2750    | 17.7500   
7      | 57.0033    | 72.9000    | 13.5426    | 16.1500   
8      | 45.9514    | 48.7500    | 34.4392    | 31.9000   
9      | 44.4483    | 46.3750    | 38.3539    | 34.3250   

PSTEPS = 100, TSTEPS = 100000

TIME TAKEN = 918.44268 ms
