Benchmarking: black_scholes_cpu_acc with p=200, t=90000
Run 1

 CPU ACCELERATED IMPLEMENTATION
--------------------------------------------------------------

Index  | Call Model | Call Actual | Put Model  | Put Actual
--------------------------------------------------------------
0      | 51.3883    | 51.7000    | 28.5523    | 29.6500   
1      | 53.1440    | 53.6500    | 24.8999    | 27.3750   
2      | 55.5507    | 56.4000    | 21.9540    | 25.3500   
3      | 58.3779    | 59.9750    | 18.8546    | 23.2750   
4      | 60.7532    | 63.1750    | 16.0375    | 21.2000   
5      | 62.9777    | 66.3250    | 13.9869    | 19.5250   
6      | 65.1464    | 69.7250    | 11.9810    | 17.7500   
7      | 67.0319    | 72.9000    | 10.2835    | 16.1500   
8      | 48.6630    | 48.7500    | 32.3818    | 31.9000   
9      | 46.3002    | 46.3750    | 36.7510    | 34.3250   

PSTEPS = 200, TSTEPS = 90000

TIME TAKEN = 462.18393 ms
Run 2

 CPU ACCELERATED IMPLEMENTATION
--------------------------------------------------------------

Index  | Call Model | Call Actual | Put Model  | Put Actual
--------------------------------------------------------------
0      | 51.3883    | 51.7000    | 28.5523    | 29.6500   
1      | 53.1440    | 53.6500    | 24.8999    | 27.3750   
2      | 55.5507    | 56.4000    | 21.9540    | 25.3500   
3      | 58.3779    | 59.9750    | 18.8546    | 23.2750   
4      | 60.7532    | 63.1750    | 16.0375    | 21.2000   
5      | 62.9777    | 66.3250    | 13.9869    | 19.5250   
6      | 65.1464    | 69.7250    | 11.9810    | 17.7500   
7      | 67.0319    | 72.9000    | 10.2835    | 16.1500   
8      | 48.6630    | 48.7500    | 32.3818    | 31.9000   
9      | 46.3002    | 46.3750    | 36.7510    | 34.3250   

PSTEPS = 200, TSTEPS = 90000

TIME TAKEN = 462.10825 ms
Run 3

 CPU ACCELERATED IMPLEMENTATION
--------------------------------------------------------------

Index  | Call Model | Call Actual | Put Model  | Put Actual
--------------------------------------------------------------
0      | 51.3883    | 51.7000    | 28.5523    | 29.6500   
1      | 53.1440    | 53.6500    | 24.8999    | 27.3750   
2      | 55.5507    | 56.4000    | 21.9540    | 25.3500   
3      | 58.3779    | 59.9750    | 18.8546    | 23.2750   
4      | 60.7532    | 63.1750    | 16.0375    | 21.2000   
5      | 62.9777    | 66.3250    | 13.9869    | 19.5250   
6      | 65.1464    | 69.7250    | 11.9810    | 17.7500   
7      | 67.0319    | 72.9000    | 10.2835    | 16.1500   
8      | 48.6630    | 48.7500    | 32.3818    | 31.9000   
9      | 46.3002    | 46.3750    | 36.7510    | 34.3250   

PSTEPS = 200, TSTEPS = 90000

TIME TAKEN = 462.19661 ms
Run 4

 CPU ACCELERATED IMPLEMENTATION
--------------------------------------------------------------

Index  | Call Model | Call Actual | Put Model  | Put Actual
--------------------------------------------------------------
0      | 51.3883    | 51.7000    | 28.5523    | 29.6500   
1      | 53.1440    | 53.6500    | 24.8999    | 27.3750   
2      | 55.5507    | 56.4000    | 21.9540    | 25.3500   
3      | 58.3779    | 59.9750    | 18.8546    | 23.2750   
4      | 60.7532    | 63.1750    | 16.0375    | 21.2000   
5      | 62.9777    | 66.3250    | 13.9869    | 19.5250   
6      | 65.1464    | 69.7250    | 11.9810    | 17.7500   
7      | 67.0319    | 72.9000    | 10.2835    | 16.1500   
8      | 48.6630    | 48.7500    | 32.3818    | 31.9000   
9      | 46.3002    | 46.3750    | 36.7510    | 34.3250   

PSTEPS = 200, TSTEPS = 90000

TIME TAKEN = 462.66249 ms
Run 5

 CPU ACCELERATED IMPLEMENTATION
--------------------------------------------------------------

Index  | Call Model | Call Actual | Put Model  | Put Actual
--------------------------------------------------------------
0      | 51.3883    | 51.7000    | 28.5523    | 29.6500   
1      | 53.1440    | 53.6500    | 24.8999    | 27.3750   
2      | 55.5507    | 56.4000    | 21.9540    | 25.3500   
3      | 58.3779    | 59.9750    | 18.8546    | 23.2750   
4      | 60.7532    | 63.1750    | 16.0375    | 21.2000   
5      | 62.9777    | 66.3250    | 13.9869    | 19.5250   
6      | 65.1464    | 69.7250    | 11.9810    | 17.7500   
7      | 67.0319    | 72.9000    | 10.2835    | 16.1500   
8      | 48.6630    | 48.7500    | 32.3818    | 31.9000   
9      | 46.3002    | 46.3750    | 36.7510    | 34.3250   

PSTEPS = 200, TSTEPS = 90000

TIME TAKEN = 461.82323 ms
Run 6

 CPU ACCELERATED IMPLEMENTATION
--------------------------------------------------------------

Index  | Call Model | Call Actual | Put Model  | Put Actual
--------------------------------------------------------------
0      | 51.3883    | 51.7000    | 28.5523    | 29.6500   
1      | 53.1440    | 53.6500    | 24.8999    | 27.3750   
2      | 55.5507    | 56.4000    | 21.9540    | 25.3500   
3      | 58.3779    | 59.9750    | 18.8546    | 23.2750   
4      | 60.7532    | 63.1750    | 16.0375    | 21.2000   
5      | 62.9777    | 66.3250    | 13.9869    | 19.5250   
6      | 65.1464    | 69.7250    | 11.9810    | 17.7500   
7      | 67.0319    | 72.9000    | 10.2835    | 16.1500   
8      | 48.6630    | 48.7500    | 32.3818    | 31.9000   
9      | 46.3002    | 46.3750    | 36.7510    | 34.3250   

PSTEPS = 200, TSTEPS = 90000

TIME TAKEN = 462.05387 ms
Run 7

 CPU ACCELERATED IMPLEMENTATION
--------------------------------------------------------------

Index  | Call Model | Call Actual | Put Model  | Put Actual
--------------------------------------------------------------
0      | 51.3883    | 51.7000    | 28.5523    | 29.6500   
1      | 53.1440    | 53.6500    | 24.8999    | 27.3750   
2      | 55.5507    | 56.4000    | 21.9540    | 25.3500   
3      | 58.3779    | 59.9750    | 18.8546    | 23.2750   
4      | 60.7532    | 63.1750    | 16.0375    | 21.2000   
5      | 62.9777    | 66.3250    | 13.9869    | 19.5250   
6      | 65.1464    | 69.7250    | 11.9810    | 17.7500   
7      | 67.0319    | 72.9000    | 10.2835    | 16.1500   
8      | 48.6630    | 48.7500    | 32.3818    | 31.9000   
9      | 46.3002    | 46.3750    | 36.7510    | 34.3250   

PSTEPS = 200, TSTEPS = 90000

TIME TAKEN = 462.46980 ms
Run 8

 CPU ACCELERATED IMPLEMENTATION
--------------------------------------------------------------

Index  | Call Model | Call Actual | Put Model  | Put Actual
--------------------------------------------------------------
0      | 51.3883    | 51.7000    | 28.5523    | 29.6500   
1      | 53.1440    | 53.6500    | 24.8999    | 27.3750   
2      | 55.5507    | 56.4000    | 21.9540    | 25.3500   
3      | 58.3779    | 59.9750    | 18.8546    | 23.2750   
4      | 60.7532    | 63.1750    | 16.0375    | 21.2000   
5      | 62.9777    | 66.3250    | 13.9869    | 19.5250   
6      | 65.1464    | 69.7250    | 11.9810    | 17.7500   
7      | 67.0319    | 72.9000    | 10.2835    | 16.1500   
8      | 48.6630    | 48.7500    | 32.3818    | 31.9000   
9      | 46.3002    | 46.3750    | 36.7510    | 34.3250   

PSTEPS = 200, TSTEPS = 90000

TIME TAKEN = 463.07625 ms
Run 9

 CPU ACCELERATED IMPLEMENTATION
--------------------------------------------------------------

Index  | Call Model | Call Actual | Put Model  | Put Actual
--------------------------------------------------------------
0      | 51.3883    | 51.7000    | 28.5523    | 29.6500   
1      | 53.1440    | 53.6500    | 24.8999    | 27.3750   
2      | 55.5507    | 56.4000    | 21.9540    | 25.3500   
3      | 58.3779    | 59.9750    | 18.8546    | 23.2750   
4      | 60.7532    | 63.1750    | 16.0375    | 21.2000   
5      | 62.9777    | 66.3250    | 13.9869    | 19.5250   
6      | 65.1464    | 69.7250    | 11.9810    | 17.7500   
7      | 67.0319    | 72.9000    | 10.2835    | 16.1500   
8      | 48.6630    | 48.7500    | 32.3818    | 31.9000   
9      | 46.3002    | 46.3750    | 36.7510    | 34.3250   

PSTEPS = 200, TSTEPS = 90000

TIME TAKEN = 462.44970 ms
Run 10

 CPU ACCELERATED IMPLEMENTATION
--------------------------------------------------------------

Index  | Call Model | Call Actual | Put Model  | Put Actual
--------------------------------------------------------------
0      | 51.3883    | 51.7000    | 28.5523    | 29.6500   
1      | 53.1440    | 53.6500    | 24.8999    | 27.3750   
2      | 55.5507    | 56.4000    | 21.9540    | 25.3500   
3      | 58.3779    | 59.9750    | 18.8546    | 23.2750   
4      | 60.7532    | 63.1750    | 16.0375    | 21.2000   
5      | 62.9777    | 66.3250    | 13.9869    | 19.5250   
6      | 65.1464    | 69.7250    | 11.9810    | 17.7500   
7      | 67.0319    | 72.9000    | 10.2835    | 16.1500   
8      | 48.6630    | 48.7500    | 32.3818    | 31.9000   
9      | 46.3002    | 46.3750    | 36.7510    | 34.3250   

PSTEPS = 200, TSTEPS = 90000

TIME TAKEN = 461.93895 ms
