Benchmarking: black_scholes_hybrid1 with p=120, t=20000
Run 1

 HYBRID IMPLEMENTATION 1
--------------------------------------------------------------

Index  | Call Model | Call Actual | Put Model  | Put Actual
--------------------------------------------------------------
0      | 48.4927    | 51.7000    | 30.5081    | 29.6500   
1      | 49.5570    | 53.6500    | 27.0658    | 27.3750   
2      | 51.2151    | 56.4000    | 24.2953    | 25.3500   
3      | 53.2626    | 59.9750    | 21.3401    | 23.2750   
4      | 54.8732    | 63.1750    | 18.5924    | 21.2000   
5      | 56.3506    | 66.3250    | 16.5769    | 19.5250   
6      | 57.7607    | 69.7250    | 14.5567    | 17.7500   
7      | 58.9180    | 72.9000    | 12.8162    | 16.1500   
8      | 46.4946    | 48.7500    | 34.0156    | 31.9000   
9      | 44.8095    | 46.3750    | 38.0093    | 34.3250   

PSTEPS = 120, TSTEPS = 20000

TIME TAKEN = 309.50047 ms
Run 2

 HYBRID IMPLEMENTATION 1
--------------------------------------------------------------

Index  | Call Model | Call Actual | Put Model  | Put Actual
--------------------------------------------------------------
0      | 48.4927    | 51.7000    | 30.5081    | 29.6500   
1      | 49.5570    | 53.6500    | 27.0658    | 27.3750   
2      | 51.2151    | 56.4000    | 24.2953    | 25.3500   
3      | 53.2626    | 59.9750    | 21.3401    | 23.2750   
4      | 54.8732    | 63.1750    | 18.5924    | 21.2000   
5      | 56.3506    | 66.3250    | 16.5769    | 19.5250   
6      | 57.7607    | 69.7250    | 14.5567    | 17.7500   
7      | 58.9180    | 72.9000    | 12.8162    | 16.1500   
8      | 46.4946    | 48.7500    | 34.0156    | 31.9000   
9      | 44.8095    | 46.3750    | 38.0093    | 34.3250   

PSTEPS = 120, TSTEPS = 20000

TIME TAKEN = 307.47652 ms
Run 3

 HYBRID IMPLEMENTATION 1
--------------------------------------------------------------

Index  | Call Model | Call Actual | Put Model  | Put Actual
--------------------------------------------------------------
0      | 48.4927    | 51.7000    | 30.5081    | 29.6500   
1      | 49.5570    | 53.6500    | 27.0658    | 27.3750   
2      | 51.2151    | 56.4000    | 24.2953    | 25.3500   
3      | 53.2626    | 59.9750    | 21.3401    | 23.2750   
4      | 54.8732    | 63.1750    | 18.5924    | 21.2000   
5      | 56.3506    | 66.3250    | 16.5769    | 19.5250   
6      | 57.7607    | 69.7250    | 14.5567    | 17.7500   
7      | 58.9180    | 72.9000    | 12.8162    | 16.1500   
8      | 46.4946    | 48.7500    | 34.0156    | 31.9000   
9      | 44.8095    | 46.3750    | 38.0093    | 34.3250   

PSTEPS = 120, TSTEPS = 20000

TIME TAKEN = 307.04244 ms
Run 4

 HYBRID IMPLEMENTATION 1
--------------------------------------------------------------

Index  | Call Model | Call Actual | Put Model  | Put Actual
--------------------------------------------------------------
0      | 48.4927    | 51.7000    | 30.5081    | 29.6500   
1      | 49.5570    | 53.6500    | 27.0658    | 27.3750   
2      | 51.2151    | 56.4000    | 24.2953    | 25.3500   
3      | 53.2626    | 59.9750    | 21.3401    | 23.2750   
4      | 54.8732    | 63.1750    | 18.5924    | 21.2000   
5      | 56.3506    | 66.3250    | 16.5769    | 19.5250   
6      | 57.7607    | 69.7250    | 14.5567    | 17.7500   
7      | 58.9180    | 72.9000    | 12.8162    | 16.1500   
8      | 46.4946    | 48.7500    | 34.0156    | 31.9000   
9      | 44.8095    | 46.3750    | 38.0093    | 34.3250   

PSTEPS = 120, TSTEPS = 20000

TIME TAKEN = 325.75231 ms
Run 5

 HYBRID IMPLEMENTATION 1
--------------------------------------------------------------

Index  | Call Model | Call Actual | Put Model  | Put Actual
--------------------------------------------------------------
0      | 48.4927    | 51.7000    | 30.5081    | 29.6500   
1      | 49.5570    | 53.6500    | 27.0658    | 27.3750   
2      | 51.2151    | 56.4000    | 24.2953    | 25.3500   
3      | 53.2626    | 59.9750    | 21.3401    | 23.2750   
4      | 54.8732    | 63.1750    | 18.5924    | 21.2000   
5      | 56.3506    | 66.3250    | 16.5769    | 19.5250   
6      | 57.7607    | 69.7250    | 14.5567    | 17.7500   
7      | 58.9180    | 72.9000    | 12.8162    | 16.1500   
8      | 46.4946    | 48.7500    | 34.0156    | 31.9000   
9      | 44.8095    | 46.3750    | 38.0093    | 34.3250   

PSTEPS = 120, TSTEPS = 20000

TIME TAKEN = 307.30837 ms
Run 6

 HYBRID IMPLEMENTATION 1
--------------------------------------------------------------

Index  | Call Model | Call Actual | Put Model  | Put Actual
--------------------------------------------------------------
0      | 48.4927    | 51.7000    | 30.5081    | 29.6500   
1      | 49.5570    | 53.6500    | 27.0658    | 27.3750   
2      | 51.2151    | 56.4000    | 24.2953    | 25.3500   
3      | 53.2626    | 59.9750    | 21.3401    | 23.2750   
4      | 54.8732    | 63.1750    | 18.5924    | 21.2000   
5      | 56.3506    | 66.3250    | 16.5769    | 19.5250   
6      | 57.7607    | 69.7250    | 14.5567    | 17.7500   
7      | 58.9180    | 72.9000    | 12.8162    | 16.1500   
8      | 46.4946    | 48.7500    | 34.0156    | 31.9000   
9      | 44.8095    | 46.3750    | 38.0093    | 34.3250   

PSTEPS = 120, TSTEPS = 20000

TIME TAKEN = 384.91191 ms
Run 7

 HYBRID IMPLEMENTATION 1
--------------------------------------------------------------

Index  | Call Model | Call Actual | Put Model  | Put Actual
--------------------------------------------------------------
0      | 48.4927    | 51.7000    | 30.5081    | 29.6500   
1      | 49.5570    | 53.6500    | 27.0658    | 27.3750   
2      | 51.2151    | 56.4000    | 24.2953    | 25.3500   
3      | 53.2626    | 59.9750    | 21.3401    | 23.2750   
4      | 54.8732    | 63.1750    | 18.5924    | 21.2000   
5      | 56.3506    | 66.3250    | 16.5769    | 19.5250   
6      | 57.7607    | 69.7250    | 14.5567    | 17.7500   
7      | 58.9180    | 72.9000    | 12.8162    | 16.1500   
8      | 46.4946    | 48.7500    | 34.0156    | 31.9000   
9      | 44.8095    | 46.3750    | 38.0093    | 34.3250   

PSTEPS = 120, TSTEPS = 20000

TIME TAKEN = 352.47196 ms
Run 8

 HYBRID IMPLEMENTATION 1
--------------------------------------------------------------

Index  | Call Model | Call Actual | Put Model  | Put Actual
--------------------------------------------------------------
0      | 48.4927    | 51.7000    | 30.5081    | 29.6500   
1      | 49.5570    | 53.6500    | 27.0658    | 27.3750   
2      | 51.2151    | 56.4000    | 24.2953    | 25.3500   
3      | 53.2626    | 59.9750    | 21.3401    | 23.2750   
4      | 54.8732    | 63.1750    | 18.5924    | 21.2000   
5      | 56.3506    | 66.3250    | 16.5769    | 19.5250   
6      | 57.7607    | 69.7250    | 14.5567    | 17.7500   
7      | 58.9180    | 72.9000    | 12.8162    | 16.1500   
8      | 46.4946    | 48.7500    | 34.0156    | 31.9000   
9      | 44.8095    | 46.3750    | 38.0093    | 34.3250   

PSTEPS = 120, TSTEPS = 20000

TIME TAKEN = 306.92869 ms
Run 9

 HYBRID IMPLEMENTATION 1
--------------------------------------------------------------

Index  | Call Model | Call Actual | Put Model  | Put Actual
--------------------------------------------------------------
0      | 48.4927    | 51.7000    | 30.5081    | 29.6500   
1      | 49.5570    | 53.6500    | 27.0658    | 27.3750   
2      | 51.2151    | 56.4000    | 24.2953    | 25.3500   
3      | 53.2626    | 59.9750    | 21.3401    | 23.2750   
4      | 54.8732    | 63.1750    | 18.5924    | 21.2000   
5      | 56.3506    | 66.3250    | 16.5769    | 19.5250   
6      | 57.7607    | 69.7250    | 14.5567    | 17.7500   
7      | 58.9180    | 72.9000    | 12.8162    | 16.1500   
8      | 46.4946    | 48.7500    | 34.0156    | 31.9000   
9      | 44.8095    | 46.3750    | 38.0093    | 34.3250   

PSTEPS = 120, TSTEPS = 20000

TIME TAKEN = 306.10152 ms
Run 10

 HYBRID IMPLEMENTATION 1
--------------------------------------------------------------

Index  | Call Model | Call Actual | Put Model  | Put Actual
--------------------------------------------------------------
0      | 48.4927    | 51.7000    | 30.5081    | 29.6500   
1      | 49.5570    | 53.6500    | 27.0658    | 27.3750   
2      | 51.2151    | 56.4000    | 24.2953    | 25.3500   
3      | 53.2626    | 59.9750    | 21.3401    | 23.2750   
4      | 54.8732    | 63.1750    | 18.5924    | 21.2000   
5      | 56.3506    | 66.3250    | 16.5769    | 19.5250   
6      | 57.7607    | 69.7250    | 14.5567    | 17.7500   
7      | 58.9180    | 72.9000    | 12.8162    | 16.1500   
8      | 46.4946    | 48.7500    | 34.0156    | 31.9000   
9      | 44.8095    | 46.3750    | 38.0093    | 34.3250   

PSTEPS = 120, TSTEPS = 20000

TIME TAKEN = 293.86930 ms
