Benchmarking: black_scholes_hybrid1 with p=120, t=70000
Run 1

 HYBRID IMPLEMENTATION 1
--------------------------------------------------------------

Index  | Call Model | Call Actual | Put Model  | Put Actual
--------------------------------------------------------------
0      | 48.4925    | 51.7000    | 30.5080    | 29.6500   
1      | 49.5568    | 53.6500    | 27.0657    | 27.3750   
2      | 51.2149    | 56.4000    | 24.2951    | 25.3500   
3      | 53.2624    | 59.9750    | 21.3399    | 23.2750   
4      | 54.8730    | 63.1750    | 18.5922    | 21.2000   
5      | 56.3504    | 66.3250    | 16.5767    | 19.5250   
6      | 57.7605    | 69.7250    | 14.5565    | 17.7500   
7      | 58.9179    | 72.9000    | 12.8160    | 16.1500   
8      | 46.4944    | 48.7500    | 34.0155    | 31.9000   
9      | 44.8093    | 46.3750    | 38.0093    | 34.3250   

PSTEPS = 120, TSTEPS = 70000

TIME TAKEN = 508.38823 ms
Run 2

 HYBRID IMPLEMENTATION 1
--------------------------------------------------------------

Index  | Call Model | Call Actual | Put Model  | Put Actual
--------------------------------------------------------------
0      | 48.4925    | 51.7000    | 30.5080    | 29.6500   
1      | 49.5568    | 53.6500    | 27.0657    | 27.3750   
2      | 51.2149    | 56.4000    | 24.2951    | 25.3500   
3      | 53.2624    | 59.9750    | 21.3399    | 23.2750   
4      | 54.8730    | 63.1750    | 18.5922    | 21.2000   
5      | 56.3504    | 66.3250    | 16.5767    | 19.5250   
6      | 57.7605    | 69.7250    | 14.5565    | 17.7500   
7      | 58.9179    | 72.9000    | 12.8160    | 16.1500   
8      | 46.4944    | 48.7500    | 34.0155    | 31.9000   
9      | 44.8093    | 46.3750    | 38.0093    | 34.3250   

PSTEPS = 120, TSTEPS = 70000

TIME TAKEN = 469.22392 ms
Run 3

 HYBRID IMPLEMENTATION 1
--------------------------------------------------------------

Index  | Call Model | Call Actual | Put Model  | Put Actual
--------------------------------------------------------------
0      | 48.4925    | 51.7000    | 30.5080    | 29.6500   
1      | 49.5568    | 53.6500    | 27.0657    | 27.3750   
2      | 51.2149    | 56.4000    | 24.2951    | 25.3500   
3      | 53.2624    | 59.9750    | 21.3399    | 23.2750   
4      | 54.8730    | 63.1750    | 18.5922    | 21.2000   
5      | 56.3504    | 66.3250    | 16.5767    | 19.5250   
6      | 57.7605    | 69.7250    | 14.5565    | 17.7500   
7      | 58.9179    | 72.9000    | 12.8160    | 16.1500   
8      | 46.4944    | 48.7500    | 34.0155    | 31.9000   
9      | 44.8093    | 46.3750    | 38.0093    | 34.3250   

PSTEPS = 120, TSTEPS = 70000

TIME TAKEN = 477.30301 ms
Run 4

 HYBRID IMPLEMENTATION 1
--------------------------------------------------------------

Index  | Call Model | Call Actual | Put Model  | Put Actual
--------------------------------------------------------------
0      | 48.4925    | 51.7000    | 30.5080    | 29.6500   
1      | 49.5568    | 53.6500    | 27.0657    | 27.3750   
2      | 51.2149    | 56.4000    | 24.2951    | 25.3500   
3      | 53.2624    | 59.9750    | 21.3399    | 23.2750   
4      | 54.8730    | 63.1750    | 18.5922    | 21.2000   
5      | 56.3504    | 66.3250    | 16.5767    | 19.5250   
6      | 57.7605    | 69.7250    | 14.5565    | 17.7500   
7      | 58.9179    | 72.9000    | 12.8160    | 16.1500   
8      | 46.4944    | 48.7500    | 34.0155    | 31.9000   
9      | 44.8093    | 46.3750    | 38.0093    | 34.3250   

PSTEPS = 120, TSTEPS = 70000

TIME TAKEN = 487.34223 ms
Run 5

 HYBRID IMPLEMENTATION 1
--------------------------------------------------------------

Index  | Call Model | Call Actual | Put Model  | Put Actual
--------------------------------------------------------------
0      | 48.4925    | 51.7000    | 30.5080    | 29.6500   
1      | 49.5568    | 53.6500    | 27.0657    | 27.3750   
2      | 51.2149    | 56.4000    | 24.2951    | 25.3500   
3      | 53.2624    | 59.9750    | 21.3399    | 23.2750   
4      | 54.8730    | 63.1750    | 18.5922    | 21.2000   
5      | 56.3504    | 66.3250    | 16.5767    | 19.5250   
6      | 57.7605    | 69.7250    | 14.5565    | 17.7500   
7      | 58.9179    | 72.9000    | 12.8160    | 16.1500   
8      | 46.4944    | 48.7500    | 34.0155    | 31.9000   
9      | 44.8093    | 46.3750    | 38.0093    | 34.3250   

PSTEPS = 120, TSTEPS = 70000

TIME TAKEN = 475.26663 ms
Run 6

 HYBRID IMPLEMENTATION 1
--------------------------------------------------------------

Index  | Call Model | Call Actual | Put Model  | Put Actual
--------------------------------------------------------------
0      | 48.4925    | 51.7000    | 30.5080    | 29.6500   
1      | 49.5568    | 53.6500    | 27.0657    | 27.3750   
2      | 51.2149    | 56.4000    | 24.2951    | 25.3500   
3      | 53.2624    | 59.9750    | 21.3399    | 23.2750   
4      | 54.8730    | 63.1750    | 18.5922    | 21.2000   
5      | 56.3504    | 66.3250    | 16.5767    | 19.5250   
6      | 57.7605    | 69.7250    | 14.5565    | 17.7500   
7      | 58.9179    | 72.9000    | 12.8160    | 16.1500   
8      | 46.4944    | 48.7500    | 34.0155    | 31.9000   
9      | 44.8093    | 46.3750    | 38.0093    | 34.3250   

PSTEPS = 120, TSTEPS = 70000

TIME TAKEN = 488.29002 ms
Run 7

 HYBRID IMPLEMENTATION 1
--------------------------------------------------------------

Index  | Call Model | Call Actual | Put Model  | Put Actual
--------------------------------------------------------------
0      | 48.4925    | 51.7000    | 30.5080    | 29.6500   
1      | 49.5568    | 53.6500    | 27.0657    | 27.3750   
2      | 51.2149    | 56.4000    | 24.2951    | 25.3500   
3      | 53.2624    | 59.9750    | 21.3399    | 23.2750   
4      | 54.8730    | 63.1750    | 18.5922    | 21.2000   
5      | 56.3504    | 66.3250    | 16.5767    | 19.5250   
6      | 57.7605    | 69.7250    | 14.5565    | 17.7500   
7      | 58.9179    | 72.9000    | 12.8160    | 16.1500   
8      | 46.4944    | 48.7500    | 34.0155    | 31.9000   
9      | 44.8093    | 46.3750    | 38.0093    | 34.3250   

PSTEPS = 120, TSTEPS = 70000

TIME TAKEN = 484.42656 ms
Run 8

 HYBRID IMPLEMENTATION 1
--------------------------------------------------------------

Index  | Call Model | Call Actual | Put Model  | Put Actual
--------------------------------------------------------------
0      | 48.4925    | 51.7000    | 30.5080    | 29.6500   
1      | 49.5568    | 53.6500    | 27.0657    | 27.3750   
2      | 51.2149    | 56.4000    | 24.2951    | 25.3500   
3      | 53.2624    | 59.9750    | 21.3399    | 23.2750   
4      | 54.8730    | 63.1750    | 18.5922    | 21.2000   
5      | 56.3504    | 66.3250    | 16.5767    | 19.5250   
6      | 57.7605    | 69.7250    | 14.5565    | 17.7500   
7      | 58.9179    | 72.9000    | 12.8160    | 16.1500   
8      | 46.4944    | 48.7500    | 34.0155    | 31.9000   
9      | 44.8093    | 46.3750    | 38.0093    | 34.3250   

PSTEPS = 120, TSTEPS = 70000

TIME TAKEN = 477.70318 ms
Run 9

 HYBRID IMPLEMENTATION 1
--------------------------------------------------------------

Index  | Call Model | Call Actual | Put Model  | Put Actual
--------------------------------------------------------------
0      | 48.4925    | 51.7000    | 30.5080    | 29.6500   
1      | 49.5568    | 53.6500    | 27.0657    | 27.3750   
2      | 51.2149    | 56.4000    | 24.2951    | 25.3500   
3      | 53.2624    | 59.9750    | 21.3399    | 23.2750   
4      | 54.8730    | 63.1750    | 18.5922    | 21.2000   
5      | 56.3504    | 66.3250    | 16.5767    | 19.5250   
6      | 57.7605    | 69.7250    | 14.5565    | 17.7500   
7      | 58.9179    | 72.9000    | 12.8160    | 16.1500   
8      | 46.4944    | 48.7500    | 34.0155    | 31.9000   
9      | 44.8093    | 46.3750    | 38.0093    | 34.3250   

PSTEPS = 120, TSTEPS = 70000

TIME TAKEN = 482.10013 ms
Run 10

 HYBRID IMPLEMENTATION 1
--------------------------------------------------------------

Index  | Call Model | Call Actual | Put Model  | Put Actual
--------------------------------------------------------------
0      | 48.4925    | 51.7000    | 30.5080    | 29.6500   
1      | 49.5568    | 53.6500    | 27.0657    | 27.3750   
2      | 51.2149    | 56.4000    | 24.2951    | 25.3500   
3      | 53.2624    | 59.9750    | 21.3399    | 23.2750   
4      | 54.8730    | 63.1750    | 18.5922    | 21.2000   
5      | 56.3504    | 66.3250    | 16.5767    | 19.5250   
6      | 57.7605    | 69.7250    | 14.5565    | 17.7500   
7      | 58.9179    | 72.9000    | 12.8160    | 16.1500   
8      | 46.4944    | 48.7500    | 34.0155    | 31.9000   
9      | 44.8093    | 46.3750    | 38.0093    | 34.3250   

PSTEPS = 120, TSTEPS = 70000

TIME TAKEN = 483.98804 ms
