Benchmarking: black_scholes_gpu with p=160, t=20000
Run 1

 GPU ACCELERATED IMPLEMENTATION
--------------------------------------------------------------

Index  | Call Model | Call Actual | Put Model  | Put Actual
--------------------------------------------------------------
0      | 49.9268    | 51.7000    | 29.5124    | 29.6500   
1      | 51.3354    | 53.6500    | 25.9659    | 27.3750   
2      | 53.3612    | 56.4000    | 23.1039    | 25.3500   
3      | 55.7830    | 59.9750    | 20.0642    | 23.2750   
4      | 57.7647    | 63.1750    | 17.2743    | 21.2000   
5      | 59.6032    | 66.3250    | 15.2331    | 19.5250   
6      | 61.3826    | 69.7250    | 13.2150    | 17.7500   
7      | 62.8954    | 72.9000    | 11.4928    | 16.1500   
8      | 47.5708    | 48.7500    | 33.1848    | 31.9000   
9      | 45.5561    | 46.3750    | 37.3742    | 34.3250   

PSTEPS = 160, TSTEPS = 20000

TIME TAKEN = 244.99645 ms
Run 2

 GPU ACCELERATED IMPLEMENTATION
--------------------------------------------------------------

Index  | Call Model | Call Actual | Put Model  | Put Actual
--------------------------------------------------------------
0      | 49.9268    | 51.7000    | 29.5124    | 29.6500   
1      | 51.3354    | 53.6500    | 25.9659    | 27.3750   
2      | 53.3612    | 56.4000    | 23.1039    | 25.3500   
3      | 55.7830    | 59.9750    | 20.0642    | 23.2750   
4      | 57.7647    | 63.1750    | 17.2743    | 21.2000   
5      | 59.6032    | 66.3250    | 15.2331    | 19.5250   
6      | 61.3826    | 69.7250    | 13.2150    | 17.7500   
7      | 62.8954    | 72.9000    | 11.4928    | 16.1500   
8      | 47.5708    | 48.7500    | 33.1848    | 31.9000   
9      | 45.5561    | 46.3750    | 37.3742    | 34.3250   

PSTEPS = 160, TSTEPS = 20000

TIME TAKEN = 271.64388 ms
Run 3

 GPU ACCELERATED IMPLEMENTATION
--------------------------------------------------------------

Index  | Call Model | Call Actual | Put Model  | Put Actual
--------------------------------------------------------------
0      | 49.9268    | 51.7000    | 29.5124    | 29.6500   
1      | 51.3354    | 53.6500    | 25.9659    | 27.3750   
2      | 53.3612    | 56.4000    | 23.1039    | 25.3500   
3      | 55.7830    | 59.9750    | 20.0642    | 23.2750   
4      | 57.7647    | 63.1750    | 17.2743    | 21.2000   
5      | 59.6032    | 66.3250    | 15.2331    | 19.5250   
6      | 61.3826    | 69.7250    | 13.2150    | 17.7500   
7      | 62.8954    | 72.9000    | 11.4928    | 16.1500   
8      | 47.5708    | 48.7500    | 33.1848    | 31.9000   
9      | 45.5561    | 46.3750    | 37.3742    | 34.3250   

PSTEPS = 160, TSTEPS = 20000

TIME TAKEN = 266.49124 ms
Run 4

 GPU ACCELERATED IMPLEMENTATION
--------------------------------------------------------------

Index  | Call Model | Call Actual | Put Model  | Put Actual
--------------------------------------------------------------
0      | 49.9268    | 51.7000    | 29.5124    | 29.6500   
1      | 51.3354    | 53.6500    | 25.9659    | 27.3750   
2      | 53.3612    | 56.4000    | 23.1039    | 25.3500   
3      | 55.7830    | 59.9750    | 20.0642    | 23.2750   
4      | 57.7647    | 63.1750    | 17.2743    | 21.2000   
5      | 59.6032    | 66.3250    | 15.2331    | 19.5250   
6      | 61.3826    | 69.7250    | 13.2150    | 17.7500   
7      | 62.8954    | 72.9000    | 11.4928    | 16.1500   
8      | 47.5708    | 48.7500    | 33.1848    | 31.9000   
9      | 45.5561    | 46.3750    | 37.3742    | 34.3250   

PSTEPS = 160, TSTEPS = 20000

TIME TAKEN = 251.27181 ms
Run 5

 GPU ACCELERATED IMPLEMENTATION
--------------------------------------------------------------

Index  | Call Model | Call Actual | Put Model  | Put Actual
--------------------------------------------------------------
0      | 49.9268    | 51.7000    | 29.5124    | 29.6500   
1      | 51.3354    | 53.6500    | 25.9659    | 27.3750   
2      | 53.3612    | 56.4000    | 23.1039    | 25.3500   
3      | 55.7830    | 59.9750    | 20.0642    | 23.2750   
4      | 57.7647    | 63.1750    | 17.2743    | 21.2000   
5      | 59.6032    | 66.3250    | 15.2331    | 19.5250   
6      | 61.3826    | 69.7250    | 13.2150    | 17.7500   
7      | 62.8954    | 72.9000    | 11.4928    | 16.1500   
8      | 47.5708    | 48.7500    | 33.1848    | 31.9000   
9      | 45.5561    | 46.3750    | 37.3742    | 34.3250   

PSTEPS = 160, TSTEPS = 20000

TIME TAKEN = 253.46025 ms
Run 6

 GPU ACCELERATED IMPLEMENTATION
--------------------------------------------------------------

Index  | Call Model | Call Actual | Put Model  | Put Actual
--------------------------------------------------------------
0      | 49.9268    | 51.7000    | 29.5124    | 29.6500   
1      | 51.3354    | 53.6500    | 25.9659    | 27.3750   
2      | 53.3612    | 56.4000    | 23.1039    | 25.3500   
3      | 55.7830    | 59.9750    | 20.0642    | 23.2750   
4      | 57.7647    | 63.1750    | 17.2743    | 21.2000   
5      | 59.6032    | 66.3250    | 15.2331    | 19.5250   
6      | 61.3826    | 69.7250    | 13.2150    | 17.7500   
7      | 62.8954    | 72.9000    | 11.4928    | 16.1500   
8      | 47.5708    | 48.7500    | 33.1848    | 31.9000   
9      | 45.5561    | 46.3750    | 37.3742    | 34.3250   

PSTEPS = 160, TSTEPS = 20000

TIME TAKEN = 283.11078 ms
Run 7

 GPU ACCELERATED IMPLEMENTATION
--------------------------------------------------------------

Index  | Call Model | Call Actual | Put Model  | Put Actual
--------------------------------------------------------------
0      | 49.9268    | 51.7000    | 29.5124    | 29.6500   
1      | 51.3354    | 53.6500    | 25.9659    | 27.3750   
2      | 53.3612    | 56.4000    | 23.1039    | 25.3500   
3      | 55.7830    | 59.9750    | 20.0642    | 23.2750   
4      | 57.7647    | 63.1750    | 17.2743    | 21.2000   
5      | 59.6032    | 66.3250    | 15.2331    | 19.5250   
6      | 61.3826    | 69.7250    | 13.2150    | 17.7500   
7      | 62.8954    | 72.9000    | 11.4928    | 16.1500   
8      | 47.5708    | 48.7500    | 33.1848    | 31.9000   
9      | 45.5561    | 46.3750    | 37.3742    | 34.3250   

PSTEPS = 160, TSTEPS = 20000

TIME TAKEN = 232.73575 ms
Run 8

 GPU ACCELERATED IMPLEMENTATION
--------------------------------------------------------------

Index  | Call Model | Call Actual | Put Model  | Put Actual
--------------------------------------------------------------
0      | 49.9268    | 51.7000    | 29.5124    | 29.6500   
1      | 51.3354    | 53.6500    | 25.9659    | 27.3750   
2      | 53.3612    | 56.4000    | 23.1039    | 25.3500   
3      | 55.7830    | 59.9750    | 20.0642    | 23.2750   
4      | 57.7647    | 63.1750    | 17.2743    | 21.2000   
5      | 59.6032    | 66.3250    | 15.2331    | 19.5250   
6      | 61.3826    | 69.7250    | 13.2150    | 17.7500   
7      | 62.8954    | 72.9000    | 11.4928    | 16.1500   
8      | 47.5708    | 48.7500    | 33.1848    | 31.9000   
9      | 45.5561    | 46.3750    | 37.3742    | 34.3250   

PSTEPS = 160, TSTEPS = 20000

TIME TAKEN = 241.03303 ms
Run 9

 GPU ACCELERATED IMPLEMENTATION
--------------------------------------------------------------

Index  | Call Model | Call Actual | Put Model  | Put Actual
--------------------------------------------------------------
0      | 49.9268    | 51.7000    | 29.5124    | 29.6500   
1      | 51.3354    | 53.6500    | 25.9659    | 27.3750   
2      | 53.3612    | 56.4000    | 23.1039    | 25.3500   
3      | 55.7830    | 59.9750    | 20.0642    | 23.2750   
4      | 57.7647    | 63.1750    | 17.2743    | 21.2000   
5      | 59.6032    | 66.3250    | 15.2331    | 19.5250   
6      | 61.3826    | 69.7250    | 13.2150    | 17.7500   
7      | 62.8954    | 72.9000    | 11.4928    | 16.1500   
8      | 47.5708    | 48.7500    | 33.1848    | 31.9000   
9      | 45.5561    | 46.3750    | 37.3742    | 34.3250   

PSTEPS = 160, TSTEPS = 20000

TIME TAKEN = 259.87950 ms
Run 10

 GPU ACCELERATED IMPLEMENTATION
--------------------------------------------------------------

Index  | Call Model | Call Actual | Put Model  | Put Actual
--------------------------------------------------------------
0      | 49.9268    | 51.7000    | 29.5124    | 29.6500   
1      | 51.3354    | 53.6500    | 25.9659    | 27.3750   
2      | 53.3612    | 56.4000    | 23.1039    | 25.3500   
3      | 55.7830    | 59.9750    | 20.0642    | 23.2750   
4      | 57.7647    | 63.1750    | 17.2743    | 21.2000   
5      | 59.6032    | 66.3250    | 15.2331    | 19.5250   
6      | 61.3826    | 69.7250    | 13.2150    | 17.7500   
7      | 62.8954    | 72.9000    | 11.4928    | 16.1500   
8      | 47.5708    | 48.7500    | 33.1848    | 31.9000   
9      | 45.5561    | 46.3750    | 37.3742    | 34.3250   

PSTEPS = 160, TSTEPS = 20000

TIME TAKEN = 260.24541 ms
