Benchmarking: black_scholes_hybrid1 with p=40, t=50000
Run 1

 HYBRID IMPLEMENTATION 1
--------------------------------------------------------------

Index  | Call Model | Call Actual | Put Model  | Put Actual
--------------------------------------------------------------
0      | 45.6394    | 51.7000    | 32.9394    | 29.6500   
1      | 46.1552    | 53.6500    | 29.8188    | 27.3750   
2      | 47.1410    | 56.4000    | 27.2627    | 25.3500   
3      | 48.3761    | 59.9750    | 24.3799    | 23.2750   
4      | 49.3424    | 63.1750    | 21.7800    | 21.2000   
5      | 50.2133    | 66.3250    | 19.8948    | 19.5250   
6      | 50.9420    | 69.7250    | 17.8880    | 17.7500   
7      | 51.3780    | 72.9000    | 16.0577    | 16.1500   
8      | 44.3193    | 48.7500    | 36.1073    | 31.9000   
9      | 42.4744    | 46.3750    | 39.8025    | 34.3250   

PSTEPS = 40, TSTEPS = 50000

TIME TAKEN = 353.82494 ms
Run 2

 HYBRID IMPLEMENTATION 1
--------------------------------------------------------------

Index  | Call Model | Call Actual | Put Model  | Put Actual
--------------------------------------------------------------
0      | 45.6394    | 51.7000    | 32.9394    | 29.6500   
1      | 46.1552    | 53.6500    | 29.8188    | 27.3750   
2      | 47.1410    | 56.4000    | 27.2627    | 25.3500   
3      | 48.2152    | 59.9750    | 24.3799    | 23.2750   
4      | 49.3424    | 63.1750    | 21.7800    | 21.2000   
5      | 50.2133    | 66.3250    | 19.8948    | 19.5250   
6      | 50.9420    | 69.7250    | 17.8880    | 17.7500   
7      | 51.3780    | 72.9000    | 16.0577    | 16.1500   
8      | 44.3193    | 48.7500    | 36.1073    | 31.9000   
9      | 43.3609    | 46.3750    | 39.8025    | 34.3250   

PSTEPS = 40, TSTEPS = 50000

TIME TAKEN = 322.60847 ms
Run 3

 HYBRID IMPLEMENTATION 1
--------------------------------------------------------------

Index  | Call Model | Call Actual | Put Model  | Put Actual
--------------------------------------------------------------
0      | 45.1773    | 51.7000    | 32.9394    | 29.6500   
1      | 46.1552    | 53.6500    | 29.8188    | 27.3750   
2      | 47.1410    | 56.4000    | 27.2627    | 25.3500   
3      | 48.3761    | 59.9750    | 24.3799    | 23.2750   
4      | 49.3424    | 63.1750    | 21.7800    | 21.2000   
5      | 50.2133    | 66.3250    | 19.8948    | 19.5250   
6      | 50.9420    | 69.7250    | 17.8880    | 17.7500   
7      | 51.3780    | 72.9000    | 16.0577    | 16.1500   
8      | 44.3013    | 48.7500    | 36.1073    | 31.9000   
9      | 43.3609    | 46.3750    | 39.8025    | 34.3250   

PSTEPS = 40, TSTEPS = 50000

TIME TAKEN = 345.37922 ms
Run 4

 HYBRID IMPLEMENTATION 1
--------------------------------------------------------------

Index  | Call Model | Call Actual | Put Model  | Put Actual
--------------------------------------------------------------
0      | 45.6394    | 51.7000    | 32.9394    | 29.6500   
1      | 46.1552    | 53.6500    | 29.8188    | 27.3750   
2      | 47.1410    | 56.4000    | 27.2627    | 25.3500   
3      | 48.3761    | 59.9750    | 24.3799    | 23.2750   
4      | 48.2536    | 63.1750    | 21.7800    | 21.2000   
5      | 50.1940    | 66.3250    | 19.8948    | 19.5250   
6      | 50.9420    | 69.7250    | 17.8880    | 17.7500   
7      | 49.9106    | 72.9000    | 16.0577    | 16.1500   
8      | 44.3193    | 48.7500    | 36.1073    | 31.9000   
9      | 42.5098    | 46.3750    | 39.8025    | 34.3250   

PSTEPS = 40, TSTEPS = 50000

TIME TAKEN = 336.28325 ms
Run 5

 HYBRID IMPLEMENTATION 1
--------------------------------------------------------------

Index  | Call Model | Call Actual | Put Model  | Put Actual
--------------------------------------------------------------
0      | 45.6394    | 51.7000    | 32.9394    | 29.6500   
1      | 46.1552    | 53.6500    | 29.8188    | 27.3750   
2      | 47.1410    | 56.4000    | 27.2627    | 25.3500   
3      | 48.3083    | 59.9750    | 24.3799    | 23.2750   
4      | 49.3424    | 63.1750    | 21.7800    | 21.2000   
5      | 49.7009    | 66.3250    | 19.8948    | 19.5250   
6      | 50.9420    | 69.7250    | 17.8880    | 17.7500   
7      | 51.3780    | 72.9000    | 16.0577    | 16.1500   
8      | 44.3193    | 48.7500    | 36.1073    | 31.9000   
9      | 43.3609    | 46.3750    | 39.8025    | 34.3250   

PSTEPS = 40, TSTEPS = 50000

TIME TAKEN = 330.38021 ms
Run 6

 HYBRID IMPLEMENTATION 1
--------------------------------------------------------------

Index  | Call Model | Call Actual | Put Model  | Put Actual
--------------------------------------------------------------
0      | 45.6394    | 51.7000    | 32.9394    | 29.6500   
1      | 46.1552    | 53.6500    | 29.8188    | 27.3750   
2      | 47.1410    | 56.4000    | 27.2627    | 25.3500   
3      | 48.3761    | 59.9750    | 24.3799    | 23.2750   
4      | 49.3424    | 63.1750    | 21.7800    | 21.2000   
5      | 50.2133    | 66.3250    | 19.8948    | 19.5250   
6      | 50.9420    | 69.7250    | 17.8880    | 17.7500   
7      | 51.3780    | 72.9000    | 16.0577    | 16.1500   
8      | 44.3193    | 48.7500    | 36.1073    | 31.9000   
9      | 43.3609    | 46.3750    | 39.8025    | 34.3250   

PSTEPS = 40, TSTEPS = 50000

TIME TAKEN = 333.59563 ms
Run 7

 HYBRID IMPLEMENTATION 1
--------------------------------------------------------------

Index  | Call Model | Call Actual | Put Model  | Put Actual
--------------------------------------------------------------
0      | 45.6394    | 51.7000    | 32.9394    | 29.6500   
1      | 46.1552    | 53.6500    | 29.8188    | 27.3750   
2      | 47.1410    | 56.4000    | 27.2627    | 25.3500   
3      | 48.3761    | 59.9750    | 24.3799    | 23.2750   
4      | 49.3424    | 63.1750    | 21.7800    | 21.2000   
5      | 50.2133    | 66.3250    | 19.8948    | 19.5250   
6      | 50.9420    | 69.7250    | 17.8880    | 17.7500   
7      | 51.3780    | 72.9000    | 16.0577    | 16.1500   
8      | 44.3193    | 48.7500    | 36.1073    | 31.9000   
9      | 43.1135    | 46.3750    | 39.8025    | 34.3250   

PSTEPS = 40, TSTEPS = 50000

TIME TAKEN = 355.09089 ms
Run 8

 HYBRID IMPLEMENTATION 1
--------------------------------------------------------------

Index  | Call Model | Call Actual | Put Model  | Put Actual
--------------------------------------------------------------
0      | 45.6394    | 51.7000    | 32.9394    | 29.6500   
1      | 46.1552    | 53.6500    | 29.8188    | 27.3750   
2      | 46.7754    | 56.4000    | 27.2627    | 25.3500   
3      | 48.3761    | 59.9750    | 24.3799    | 23.2750   
4      | 49.3424    | 63.1750    | 21.7800    | 21.2000   
5      | 50.2133    | 66.3250    | 19.8948    | 19.5250   
6      | 50.9420    | 69.7250    | 17.8880    | 17.7500   
7      | 51.3780    | 72.9000    | 16.0577    | 16.1500   
8      | 44.2984    | 48.7500    | 36.1073    | 31.9000   
9      | 43.3609    | 46.3750    | 39.8025    | 34.3250   

PSTEPS = 40, TSTEPS = 50000

TIME TAKEN = 372.35684 ms
Run 9

 HYBRID IMPLEMENTATION 1
--------------------------------------------------------------

Index  | Call Model | Call Actual | Put Model  | Put Actual
--------------------------------------------------------------
0      | 45.6394    | 51.7000    | 32.9394    | 29.6500   
1      | 46.1552    | 53.6500    | 29.8188    | 27.3750   
2      | 47.1410    | 56.4000    | 27.2627    | 25.3500   
3      | 48.3761    | 59.9750    | 24.3799    | 23.2750   
4      | 49.3424    | 63.1750    | 21.7800    | 21.2000   
5      | 50.1069    | 66.3250    | 19.8948    | 19.5250   
6      | 50.7030    | 69.7250    | 17.8880    | 17.7500   
7      | 51.3780    | 72.9000    | 16.0577    | 16.1500   
8      | 44.3193    | 48.7500    | 36.1073    | 31.9000   
9      | 43.3609    | 46.3750    | 39.8025    | 34.3250   

PSTEPS = 40, TSTEPS = 50000

TIME TAKEN = 326.64441 ms
Run 10

 HYBRID IMPLEMENTATION 1
--------------------------------------------------------------

Index  | Call Model | Call Actual | Put Model  | Put Actual
--------------------------------------------------------------
0      | 45.6394    | 51.7000    | 32.9394    | 29.6500   
1      | 46.1552    | 53.6500    | 29.8188    | 27.3750   
2      | 47.1410    | 56.4000    | 27.2627    | 25.3500   
3      | 48.3761    | 59.9750    | 24.3799    | 23.2750   
4      | 49.3424    | 63.1750    | 21.7800    | 21.2000   
5      | 50.2133    | 66.3250    | 19.8948    | 19.5250   
6      | 50.9420    | 69.7250    | 17.8880    | 17.7500   
7      | 51.3780    | 72.9000    | 16.0577    | 16.1500   
8      | 44.3193    | 48.7500    | 36.1073    | 31.9000   
9      | 43.3233    | 46.3750    | 39.8025    | 34.3250   

PSTEPS = 40, TSTEPS = 50000

TIME TAKEN = 339.14913 ms
