Benchmarking: black_scholes_base with p=160, t=30000
Run 1

BASIC IMPLEMENTATION
--------------------------------------------------------------

Index  | Call Model | Call Actual | Put Model  | Put Actual
--------------------------------------------------------------
0      | 49.9267    | 51.7000    | 29.5124    | 29.6500   
1      | 51.3353    | 53.6500    | 25.9658    | 27.3750   
2      | 53.3611    | 56.4000    | 23.1038    | 25.3500   
3      | 55.7829    | 59.9750    | 20.0641    | 23.2750   
4      | 57.7646    | 63.1750    | 17.2742    | 21.2000   
5      | 59.6031    | 66.3250    | 15.2330    | 19.5250   
6      | 61.3825    | 69.7250    | 13.2149    | 17.7500   
7      | 62.8953    | 72.9000    | 11.4927    | 16.1500   
8      | 47.5707    | 48.7500    | 33.1848    | 31.9000   
9      | 45.5560    | 46.3750    | 37.3742    | 34.3250   

PSTEPS = 160, TSTEPS = 30000

TIME TAKEN = 1783.11770 ms
Run 2

BASIC IMPLEMENTATION
--------------------------------------------------------------

Index  | Call Model | Call Actual | Put Model  | Put Actual
--------------------------------------------------------------
0      | 49.9267    | 51.7000    | 29.5124    | 29.6500   
1      | 51.3353    | 53.6500    | 25.9658    | 27.3750   
2      | 53.3611    | 56.4000    | 23.1038    | 25.3500   
3      | 55.7829    | 59.9750    | 20.0641    | 23.2750   
4      | 57.7646    | 63.1750    | 17.2742    | 21.2000   
5      | 59.6031    | 66.3250    | 15.2330    | 19.5250   
6      | 61.3825    | 69.7250    | 13.2149    | 17.7500   
7      | 62.8953    | 72.9000    | 11.4927    | 16.1500   
8      | 47.5707    | 48.7500    | 33.1848    | 31.9000   
9      | 45.5560    | 46.3750    | 37.3742    | 34.3250   

PSTEPS = 160, TSTEPS = 30000

TIME TAKEN = 1781.35440 ms
Run 3

BASIC IMPLEMENTATION
--------------------------------------------------------------

Index  | Call Model | Call Actual | Put Model  | Put Actual
--------------------------------------------------------------
0      | 49.9267    | 51.7000    | 29.5124    | 29.6500   
1      | 51.3353    | 53.6500    | 25.9658    | 27.3750   
2      | 53.3611    | 56.4000    | 23.1038    | 25.3500   
3      | 55.7829    | 59.9750    | 20.0641    | 23.2750   
4      | 57.7646    | 63.1750    | 17.2742    | 21.2000   
5      | 59.6031    | 66.3250    | 15.2330    | 19.5250   
6      | 61.3825    | 69.7250    | 13.2149    | 17.7500   
7      | 62.8953    | 72.9000    | 11.4927    | 16.1500   
8      | 47.5707    | 48.7500    | 33.1848    | 31.9000   
9      | 45.5560    | 46.3750    | 37.3742    | 34.3250   

PSTEPS = 160, TSTEPS = 30000

TIME TAKEN = 1782.66842 ms
Run 4

BASIC IMPLEMENTATION
--------------------------------------------------------------

Index  | Call Model | Call Actual | Put Model  | Put Actual
--------------------------------------------------------------
0      | 49.9267    | 51.7000    | 29.5124    | 29.6500   
1      | 51.3353    | 53.6500    | 25.9658    | 27.3750   
2      | 53.3611    | 56.4000    | 23.1038    | 25.3500   
3      | 55.7829    | 59.9750    | 20.0641    | 23.2750   
4      | 57.7646    | 63.1750    | 17.2742    | 21.2000   
5      | 59.6031    | 66.3250    | 15.2330    | 19.5250   
6      | 61.3825    | 69.7250    | 13.2149    | 17.7500   
7      | 62.8953    | 72.9000    | 11.4927    | 16.1500   
8      | 47.5707    | 48.7500    | 33.1848    | 31.9000   
9      | 45.5560    | 46.3750    | 37.3742    | 34.3250   

PSTEPS = 160, TSTEPS = 30000

TIME TAKEN = 1783.60139 ms
Run 5

BASIC IMPLEMENTATION
--------------------------------------------------------------

Index  | Call Model | Call Actual | Put Model  | Put Actual
--------------------------------------------------------------
0      | 49.9267    | 51.7000    | 29.5124    | 29.6500   
1      | 51.3353    | 53.6500    | 25.9658    | 27.3750   
2      | 53.3611    | 56.4000    | 23.1038    | 25.3500   
3      | 55.7829    | 59.9750    | 20.0641    | 23.2750   
4      | 57.7646    | 63.1750    | 17.2742    | 21.2000   
5      | 59.6031    | 66.3250    | 15.2330    | 19.5250   
6      | 61.3825    | 69.7250    | 13.2149    | 17.7500   
7      | 62.8953    | 72.9000    | 11.4927    | 16.1500   
8      | 47.5707    | 48.7500    | 33.1848    | 31.9000   
9      | 45.5560    | 46.3750    | 37.3742    | 34.3250   

PSTEPS = 160, TSTEPS = 30000

TIME TAKEN = 1781.47345 ms
Run 6

BASIC IMPLEMENTATION
--------------------------------------------------------------

Index  | Call Model | Call Actual | Put Model  | Put Actual
--------------------------------------------------------------
0      | 49.9267    | 51.7000    | 29.5124    | 29.6500   
1      | 51.3353    | 53.6500    | 25.9658    | 27.3750   
2      | 53.3611    | 56.4000    | 23.1038    | 25.3500   
3      | 55.7829    | 59.9750    | 20.0641    | 23.2750   
4      | 57.7646    | 63.1750    | 17.2742    | 21.2000   
5      | 59.6031    | 66.3250    | 15.2330    | 19.5250   
6      | 61.3825    | 69.7250    | 13.2149    | 17.7500   
7      | 62.8953    | 72.9000    | 11.4927    | 16.1500   
8      | 47.5707    | 48.7500    | 33.1848    | 31.9000   
9      | 45.5560    | 46.3750    | 37.3742    | 34.3250   

PSTEPS = 160, TSTEPS = 30000

TIME TAKEN = 1780.74949 ms
Run 7

BASIC IMPLEMENTATION
--------------------------------------------------------------

Index  | Call Model | Call Actual | Put Model  | Put Actual
--------------------------------------------------------------
0      | 49.9267    | 51.7000    | 29.5124    | 29.6500   
1      | 51.3353    | 53.6500    | 25.9658    | 27.3750   
2      | 53.3611    | 56.4000    | 23.1038    | 25.3500   
3      | 55.7829    | 59.9750    | 20.0641    | 23.2750   
4      | 57.7646    | 63.1750    | 17.2742    | 21.2000   
5      | 59.6031    | 66.3250    | 15.2330    | 19.5250   
6      | 61.3825    | 69.7250    | 13.2149    | 17.7500   
7      | 62.8953    | 72.9000    | 11.4927    | 16.1500   
8      | 47.5707    | 48.7500    | 33.1848    | 31.9000   
9      | 45.5560    | 46.3750    | 37.3742    | 34.3250   

PSTEPS = 160, TSTEPS = 30000

TIME TAKEN = 1788.27506 ms
Run 8

BASIC IMPLEMENTATION
--------------------------------------------------------------

Index  | Call Model | Call Actual | Put Model  | Put Actual
--------------------------------------------------------------
0      | 49.9267    | 51.7000    | 29.5124    | 29.6500   
1      | 51.3353    | 53.6500    | 25.9658    | 27.3750   
2      | 53.3611    | 56.4000    | 23.1038    | 25.3500   
3      | 55.7829    | 59.9750    | 20.0641    | 23.2750   
4      | 57.7646    | 63.1750    | 17.2742    | 21.2000   
5      | 59.6031    | 66.3250    | 15.2330    | 19.5250   
6      | 61.3825    | 69.7250    | 13.2149    | 17.7500   
7      | 62.8953    | 72.9000    | 11.4927    | 16.1500   
8      | 47.5707    | 48.7500    | 33.1848    | 31.9000   
9      | 45.5560    | 46.3750    | 37.3742    | 34.3250   

PSTEPS = 160, TSTEPS = 30000

TIME TAKEN = 1782.53140 ms
Run 9

BASIC IMPLEMENTATION
--------------------------------------------------------------

Index  | Call Model | Call Actual | Put Model  | Put Actual
--------------------------------------------------------------
0      | 49.9267    | 51.7000    | 29.5124    | 29.6500   
1      | 51.3353    | 53.6500    | 25.9658    | 27.3750   
2      | 53.3611    | 56.4000    | 23.1038    | 25.3500   
3      | 55.7829    | 59.9750    | 20.0641    | 23.2750   
4      | 57.7646    | 63.1750    | 17.2742    | 21.2000   
5      | 59.6031    | 66.3250    | 15.2330    | 19.5250   
6      | 61.3825    | 69.7250    | 13.2149    | 17.7500   
7      | 62.8953    | 72.9000    | 11.4927    | 16.1500   
8      | 47.5707    | 48.7500    | 33.1848    | 31.9000   
9      | 45.5560    | 46.3750    | 37.3742    | 34.3250   

PSTEPS = 160, TSTEPS = 30000

TIME TAKEN = 1773.81985 ms
Run 10

BASIC IMPLEMENTATION
--------------------------------------------------------------

Index  | Call Model | Call Actual | Put Model  | Put Actual
--------------------------------------------------------------
0      | 49.9267    | 51.7000    | 29.5124    | 29.6500   
1      | 51.3353    | 53.6500    | 25.9658    | 27.3750   
2      | 53.3611    | 56.4000    | 23.1038    | 25.3500   
3      | 55.7829    | 59.9750    | 20.0641    | 23.2750   
4      | 57.7646    | 63.1750    | 17.2742    | 21.2000   
5      | 59.6031    | 66.3250    | 15.2330    | 19.5250   
6      | 61.3825    | 69.7250    | 13.2149    | 17.7500   
7      | 62.8953    | 72.9000    | 11.4927    | 16.1500   
8      | 47.5707    | 48.7500    | 33.1848    | 31.9000   
9      | 45.5560    | 46.3750    | 37.3742    | 34.3250   

PSTEPS = 160, TSTEPS = 30000

TIME TAKEN = 1787.56494 ms
