Benchmarking: black_scholes_cpu_acc with p=20, t=80000
Run 1

 CPU ACCELERATED IMPLEMENTATION
--------------------------------------------------------------

Index  | Call Model | Call Actual | Put Model  | Put Actual
--------------------------------------------------------------
0      | 45.0874    | 51.7000    | 35.1062    | 29.6500   
1      | 45.2910    | 53.6500    | 31.8381    | 27.3750   
2      | 45.9652    | 56.4000    | 29.1409    | 25.3500   
3      | 46.8975    | 59.9750    | 26.1167    | 23.2750   
4      | 47.7937    | 63.1750    | 23.5894    | 21.2000   
5      | 48.6772    | 66.3250    | 21.8508    | 19.5250   
6      | 49.4042    | 69.7250    | 19.9648    | 17.7500   
7      | 49.8330    | 72.9000    | 18.2346    | 16.1500   
8      | 43.9256    | 48.7500    | 38.2333    | 31.9000   
9      | 42.9440    | 46.3750    | 41.7015    | 34.3250   

PSTEPS = 20, TSTEPS = 80000

TIME TAKEN = 46.67083 ms
Run 2

 CPU ACCELERATED IMPLEMENTATION
--------------------------------------------------------------

Index  | Call Model | Call Actual | Put Model  | Put Actual
--------------------------------------------------------------
0      | 45.0874    | 51.7000    | 35.1062    | 29.6500   
1      | 45.2910    | 53.6500    | 31.8381    | 27.3750   
2      | 45.9652    | 56.4000    | 29.1409    | 25.3500   
3      | 46.8975    | 59.9750    | 26.1167    | 23.2750   
4      | 47.7937    | 63.1750    | 23.5894    | 21.2000   
5      | 48.6772    | 66.3250    | 21.8508    | 19.5250   
6      | 49.4042    | 69.7250    | 19.9648    | 17.7500   
7      | 49.8330    | 72.9000    | 18.2346    | 16.1500   
8      | 43.9256    | 48.7500    | 38.2333    | 31.9000   
9      | 42.9440    | 46.3750    | 41.7015    | 34.3250   

PSTEPS = 20, TSTEPS = 80000

TIME TAKEN = 46.53226 ms
Run 3

 CPU ACCELERATED IMPLEMENTATION
--------------------------------------------------------------

Index  | Call Model | Call Actual | Put Model  | Put Actual
--------------------------------------------------------------
0      | 45.0874    | 51.7000    | 35.1062    | 29.6500   
1      | 45.2910    | 53.6500    | 31.8381    | 27.3750   
2      | 45.9652    | 56.4000    | 29.1409    | 25.3500   
3      | 46.8975    | 59.9750    | 26.1167    | 23.2750   
4      | 47.7937    | 63.1750    | 23.5894    | 21.2000   
5      | 48.6772    | 66.3250    | 21.8508    | 19.5250   
6      | 49.4042    | 69.7250    | 19.9648    | 17.7500   
7      | 49.8330    | 72.9000    | 18.2346    | 16.1500   
8      | 43.9256    | 48.7500    | 38.2333    | 31.9000   
9      | 42.9440    | 46.3750    | 41.7015    | 34.3250   

PSTEPS = 20, TSTEPS = 80000

TIME TAKEN = 47.08483 ms
Run 4

 CPU ACCELERATED IMPLEMENTATION
--------------------------------------------------------------

Index  | Call Model | Call Actual | Put Model  | Put Actual
--------------------------------------------------------------
0      | 45.0874    | 51.7000    | 35.1062    | 29.6500   
1      | 45.2910    | 53.6500    | 31.8381    | 27.3750   
2      | 45.9652    | 56.4000    | 29.1409    | 25.3500   
3      | 46.8975    | 59.9750    | 26.1167    | 23.2750   
4      | 47.7937    | 63.1750    | 23.5894    | 21.2000   
5      | 48.6772    | 66.3250    | 21.8508    | 19.5250   
6      | 49.4042    | 69.7250    | 19.9648    | 17.7500   
7      | 49.8330    | 72.9000    | 18.2346    | 16.1500   
8      | 43.9256    | 48.7500    | 38.2333    | 31.9000   
9      | 42.9440    | 46.3750    | 41.7015    | 34.3250   

PSTEPS = 20, TSTEPS = 80000

TIME TAKEN = 46.81030 ms
Run 5

 CPU ACCELERATED IMPLEMENTATION
--------------------------------------------------------------

Index  | Call Model | Call Actual | Put Model  | Put Actual
--------------------------------------------------------------
0      | 45.0874    | 51.7000    | 35.1062    | 29.6500   
1      | 45.2910    | 53.6500    | 31.8381    | 27.3750   
2      | 45.9652    | 56.4000    | 29.1409    | 25.3500   
3      | 46.8975    | 59.9750    | 26.1167    | 23.2750   
4      | 47.7937    | 63.1750    | 23.5894    | 21.2000   
5      | 48.6772    | 66.3250    | 21.8508    | 19.5250   
6      | 49.4042    | 69.7250    | 19.9648    | 17.7500   
7      | 49.8330    | 72.9000    | 18.2346    | 16.1500   
8      | 43.9256    | 48.7500    | 38.2333    | 31.9000   
9      | 42.9440    | 46.3750    | 41.7015    | 34.3250   

PSTEPS = 20, TSTEPS = 80000

TIME TAKEN = 46.78166 ms
Run 6

 CPU ACCELERATED IMPLEMENTATION
--------------------------------------------------------------

Index  | Call Model | Call Actual | Put Model  | Put Actual
--------------------------------------------------------------
0      | 45.0874    | 51.7000    | 35.1062    | 29.6500   
1      | 45.2910    | 53.6500    | 31.8381    | 27.3750   
2      | 45.9652    | 56.4000    | 29.1409    | 25.3500   
3      | 46.8975    | 59.9750    | 26.1167    | 23.2750   
4      | 47.7937    | 63.1750    | 23.5894    | 21.2000   
5      | 48.6772    | 66.3250    | 21.8508    | 19.5250   
6      | 49.4042    | 69.7250    | 19.9648    | 17.7500   
7      | 49.8330    | 72.9000    | 18.2346    | 16.1500   
8      | 43.9256    | 48.7500    | 38.2333    | 31.9000   
9      | 42.9440    | 46.3750    | 41.7015    | 34.3250   

PSTEPS = 20, TSTEPS = 80000

TIME TAKEN = 46.76626 ms
Run 7

 CPU ACCELERATED IMPLEMENTATION
--------------------------------------------------------------

Index  | Call Model | Call Actual | Put Model  | Put Actual
--------------------------------------------------------------
0      | 45.0874    | 51.7000    | 35.1062    | 29.6500   
1      | 45.2910    | 53.6500    | 31.8381    | 27.3750   
2      | 45.9652    | 56.4000    | 29.1409    | 25.3500   
3      | 46.8975    | 59.9750    | 26.1167    | 23.2750   
4      | 47.7937    | 63.1750    | 23.5894    | 21.2000   
5      | 48.6772    | 66.3250    | 21.8508    | 19.5250   
6      | 49.4042    | 69.7250    | 19.9648    | 17.7500   
7      | 49.8330    | 72.9000    | 18.2346    | 16.1500   
8      | 43.9256    | 48.7500    | 38.2333    | 31.9000   
9      | 42.9440    | 46.3750    | 41.7015    | 34.3250   

PSTEPS = 20, TSTEPS = 80000

TIME TAKEN = 46.80316 ms
Run 8

 CPU ACCELERATED IMPLEMENTATION
--------------------------------------------------------------

Index  | Call Model | Call Actual | Put Model  | Put Actual
--------------------------------------------------------------
0      | 45.0874    | 51.7000    | 35.1062    | 29.6500   
1      | 45.2910    | 53.6500    | 31.8381    | 27.3750   
2      | 45.9652    | 56.4000    | 29.1409    | 25.3500   
3      | 46.8975    | 59.9750    | 26.1167    | 23.2750   
4      | 47.7937    | 63.1750    | 23.5894    | 21.2000   
5      | 48.6772    | 66.3250    | 21.8508    | 19.5250   
6      | 49.4042    | 69.7250    | 19.9648    | 17.7500   
7      | 49.8330    | 72.9000    | 18.2346    | 16.1500   
8      | 43.9256    | 48.7500    | 38.2333    | 31.9000   
9      | 42.9440    | 46.3750    | 41.7015    | 34.3250   

PSTEPS = 20, TSTEPS = 80000

TIME TAKEN = 46.64730 ms
Run 9

 CPU ACCELERATED IMPLEMENTATION
--------------------------------------------------------------

Index  | Call Model | Call Actual | Put Model  | Put Actual
--------------------------------------------------------------
0      | 45.0874    | 51.7000    | 35.1062    | 29.6500   
1      | 45.2910    | 53.6500    | 31.8381    | 27.3750   
2      | 45.9652    | 56.4000    | 29.1409    | 25.3500   
3      | 46.8975    | 59.9750    | 26.1167    | 23.2750   
4      | 47.7937    | 63.1750    | 23.5894    | 21.2000   
5      | 48.6772    | 66.3250    | 21.8508    | 19.5250   
6      | 49.4042    | 69.7250    | 19.9648    | 17.7500   
7      | 49.8330    | 72.9000    | 18.2346    | 16.1500   
8      | 43.9256    | 48.7500    | 38.2333    | 31.9000   
9      | 42.9440    | 46.3750    | 41.7015    | 34.3250   

PSTEPS = 20, TSTEPS = 80000

TIME TAKEN = 46.71334 ms
Run 10

 CPU ACCELERATED IMPLEMENTATION
--------------------------------------------------------------

Index  | Call Model | Call Actual | Put Model  | Put Actual
--------------------------------------------------------------
0      | 45.0874    | 51.7000    | 35.1062    | 29.6500   
1      | 45.2910    | 53.6500    | 31.8381    | 27.3750   
2      | 45.9652    | 56.4000    | 29.1409    | 25.3500   
3      | 46.8975    | 59.9750    | 26.1167    | 23.2750   
4      | 47.7937    | 63.1750    | 23.5894    | 21.2000   
5      | 48.6772    | 66.3250    | 21.8508    | 19.5250   
6      | 49.4042    | 69.7250    | 19.9648    | 17.7500   
7      | 49.8330    | 72.9000    | 18.2346    | 16.1500   
8      | 43.9256    | 48.7500    | 38.2333    | 31.9000   
9      | 42.9440    | 46.3750    | 41.7015    | 34.3250   

PSTEPS = 20, TSTEPS = 80000

TIME TAKEN = 46.84988 ms
