Benchmarking: black_scholes_gpu with p=200, t=10000
Run 1

 GPU ACCELERATED IMPLEMENTATION
--------------------------------------------------------------

Index  | Call Model | Call Actual | Put Model  | Put Actual
--------------------------------------------------------------
0      | 51.3889    | 51.7000    | 28.5526    | 29.6500   
1      | 53.1445    | 53.6500    | 24.9002    | 27.3750   
2      | 55.5513    | 56.4000    | 21.9544    | 25.3500   
3      | 58.3785    | 59.9750    | 18.8550    | 23.2750   
4      | 60.7537    | 63.1750    | 16.0379    | 21.2000   
5      | 62.9783    | 66.3250    | 13.9873    | 19.5250   
6      | 65.1470    | 69.7250    | 11.9815    | 17.7500   
7      | 67.0324    | 72.9000    | 10.2839    | 16.1500   
8      | 48.6635    | 48.7500    | 32.3820    | 31.9000   
9      | 46.3007    | 46.3750    | 36.7512    | 34.3250   

PSTEPS = 200, TSTEPS = 10000

TIME TAKEN = 260.82278 ms
Run 2

 GPU ACCELERATED IMPLEMENTATION
--------------------------------------------------------------

Index  | Call Model | Call Actual | Put Model  | Put Actual
--------------------------------------------------------------
0      | 51.3889    | 51.7000    | 28.5526    | 29.6500   
1      | 53.1445    | 53.6500    | 24.9002    | 27.3750   
2      | 55.5513    | 56.4000    | 21.9544    | 25.3500   
3      | 58.3785    | 59.9750    | 18.8550    | 23.2750   
4      | 60.7537    | 63.1750    | 16.0379    | 21.2000   
5      | 62.9783    | 66.3250    | 13.9873    | 19.5250   
6      | 65.1470    | 69.7250    | 11.9815    | 17.7500   
7      | 67.0324    | 72.9000    | 10.2839    | 16.1500   
8      | 48.6635    | 48.7500    | 32.3820    | 31.9000   
9      | 46.3007    | 46.3750    | 36.7512    | 34.3250   

PSTEPS = 200, TSTEPS = 10000

TIME TAKEN = 271.48936 ms
Run 3

 GPU ACCELERATED IMPLEMENTATION
--------------------------------------------------------------

Index  | Call Model | Call Actual | Put Model  | Put Actual
--------------------------------------------------------------
0      | 51.3889    | 51.7000    | 28.5526    | 29.6500   
1      | 53.1445    | 53.6500    | 24.9002    | 27.3750   
2      | 55.5513    | 56.4000    | 21.9544    | 25.3500   
3      | 58.3785    | 59.9750    | 18.8550    | 23.2750   
4      | 60.7537    | 63.1750    | 16.0379    | 21.2000   
5      | 62.9783    | 66.3250    | 13.9873    | 19.5250   
6      | 65.1470    | 69.7250    | 11.9815    | 17.7500   
7      | 67.0324    | 72.9000    | 10.2839    | 16.1500   
8      | 48.6635    | 48.7500    | 32.3820    | 31.9000   
9      | 46.3007    | 46.3750    | 36.7512    | 34.3250   

PSTEPS = 200, TSTEPS = 10000

TIME TAKEN = 277.56824 ms
Run 4

 GPU ACCELERATED IMPLEMENTATION
--------------------------------------------------------------

Index  | Call Model | Call Actual | Put Model  | Put Actual
--------------------------------------------------------------
0      | 51.3889    | 51.7000    | 28.5526    | 29.6500   
1      | 53.1445    | 53.6500    | 24.9002    | 27.3750   
2      | 55.5513    | 56.4000    | 21.9544    | 25.3500   
3      | 58.3785    | 59.9750    | 18.8550    | 23.2750   
4      | 60.7537    | 63.1750    | 16.0379    | 21.2000   
5      | 62.9783    | 66.3250    | 13.9873    | 19.5250   
6      | 65.1470    | 69.7250    | 11.9815    | 17.7500   
7      | 67.0324    | 72.9000    | 10.2839    | 16.1500   
8      | 48.6635    | 48.7500    | 32.3820    | 31.9000   
9      | 46.3007    | 46.3750    | 36.7512    | 34.3250   

PSTEPS = 200, TSTEPS = 10000

TIME TAKEN = 276.10448 ms
Run 5

 GPU ACCELERATED IMPLEMENTATION
--------------------------------------------------------------

Index  | Call Model | Call Actual | Put Model  | Put Actual
--------------------------------------------------------------
0      | 51.3889    | 51.7000    | 28.5526    | 29.6500   
1      | 53.1445    | 53.6500    | 24.9002    | 27.3750   
2      | 55.5513    | 56.4000    | 21.9544    | 25.3500   
3      | 58.3785    | 59.9750    | 18.8550    | 23.2750   
4      | 60.7537    | 63.1750    | 16.0379    | 21.2000   
5      | 62.9783    | 66.3250    | 13.9873    | 19.5250   
6      | 65.1470    | 69.7250    | 11.9815    | 17.7500   
7      | 67.0324    | 72.9000    | 10.2839    | 16.1500   
8      | 48.6635    | 48.7500    | 32.3820    | 31.9000   
9      | 46.3007    | 46.3750    | 36.7512    | 34.3250   

PSTEPS = 200, TSTEPS = 10000

TIME TAKEN = 263.55010 ms
Run 6

 GPU ACCELERATED IMPLEMENTATION
--------------------------------------------------------------

Index  | Call Model | Call Actual | Put Model  | Put Actual
--------------------------------------------------------------
0      | 51.3889    | 51.7000    | 28.5526    | 29.6500   
1      | 53.1445    | 53.6500    | 24.9002    | 27.3750   
2      | 55.5513    | 56.4000    | 21.9544    | 25.3500   
3      | 58.3785    | 59.9750    | 18.8550    | 23.2750   
4      | 60.7537    | 63.1750    | 16.0379    | 21.2000   
5      | 62.9783    | 66.3250    | 13.9873    | 19.5250   
6      | 65.1470    | 69.7250    | 11.9815    | 17.7500   
7      | 67.0324    | 72.9000    | 10.2839    | 16.1500   
8      | 48.6635    | 48.7500    | 32.3820    | 31.9000   
9      | 46.3007    | 46.3750    | 36.7512    | 34.3250   

PSTEPS = 200, TSTEPS = 10000

TIME TAKEN = 285.74465 ms
Run 7

 GPU ACCELERATED IMPLEMENTATION
--------------------------------------------------------------

Index  | Call Model | Call Actual | Put Model  | Put Actual
--------------------------------------------------------------
0      | 51.3889    | 51.7000    | 28.5526    | 29.6500   
1      | 53.1445    | 53.6500    | 24.9002    | 27.3750   
2      | 55.5513    | 56.4000    | 21.9544    | 25.3500   
3      | 58.3785    | 59.9750    | 18.8550    | 23.2750   
4      | 60.7537    | 63.1750    | 16.0379    | 21.2000   
5      | 62.9783    | 66.3250    | 13.9873    | 19.5250   
6      | 65.1470    | 69.7250    | 11.9815    | 17.7500   
7      | 67.0324    | 72.9000    | 10.2839    | 16.1500   
8      | 48.6635    | 48.7500    | 32.3820    | 31.9000   
9      | 46.3007    | 46.3750    | 36.7512    | 34.3250   

PSTEPS = 200, TSTEPS = 10000

TIME TAKEN = 264.73133 ms
Run 8

 GPU ACCELERATED IMPLEMENTATION
--------------------------------------------------------------

Index  | Call Model | Call Actual | Put Model  | Put Actual
--------------------------------------------------------------
0      | 51.3889    | 51.7000    | 28.5526    | 29.6500   
1      | 53.1445    | 53.6500    | 24.9002    | 27.3750   
2      | 55.5513    | 56.4000    | 21.9544    | 25.3500   
3      | 58.3785    | 59.9750    | 18.8550    | 23.2750   
4      | 60.7537    | 63.1750    | 16.0379    | 21.2000   
5      | 62.9783    | 66.3250    | 13.9873    | 19.5250   
6      | 65.1470    | 69.7250    | 11.9815    | 17.7500   
7      | 67.0324    | 72.9000    | 10.2839    | 16.1500   
8      | 48.6635    | 48.7500    | 32.3820    | 31.9000   
9      | 46.3007    | 46.3750    | 36.7512    | 34.3250   

PSTEPS = 200, TSTEPS = 10000

TIME TAKEN = 242.57748 ms
Run 9

 GPU ACCELERATED IMPLEMENTATION
--------------------------------------------------------------

Index  | Call Model | Call Actual | Put Model  | Put Actual
--------------------------------------------------------------
0      | 51.3889    | 51.7000    | 28.5526    | 29.6500   
1      | 53.1445    | 53.6500    | 24.9002    | 27.3750   
2      | 55.5513    | 56.4000    | 21.9544    | 25.3500   
3      | 58.3785    | 59.9750    | 18.8550    | 23.2750   
4      | 60.7537    | 63.1750    | 16.0379    | 21.2000   
5      | 62.9783    | 66.3250    | 13.9873    | 19.5250   
6      | 65.1470    | 69.7250    | 11.9815    | 17.7500   
7      | 67.0324    | 72.9000    | 10.2839    | 16.1500   
8      | 48.6635    | 48.7500    | 32.3820    | 31.9000   
9      | 46.3007    | 46.3750    | 36.7512    | 34.3250   

PSTEPS = 200, TSTEPS = 10000

TIME TAKEN = 272.39698 ms
Run 10

 GPU ACCELERATED IMPLEMENTATION
--------------------------------------------------------------

Index  | Call Model | Call Actual | Put Model  | Put Actual
--------------------------------------------------------------
0      | 51.3889    | 51.7000    | 28.5526    | 29.6500   
1      | 53.1445    | 53.6500    | 24.9002    | 27.3750   
2      | 55.5513    | 56.4000    | 21.9544    | 25.3500   
3      | 58.3785    | 59.9750    | 18.8550    | 23.2750   
4      | 60.7537    | 63.1750    | 16.0379    | 21.2000   
5      | 62.9783    | 66.3250    | 13.9873    | 19.5250   
6      | 65.1470    | 69.7250    | 11.9815    | 17.7500   
7      | 67.0324    | 72.9000    | 10.2839    | 16.1500   
8      | 48.6635    | 48.7500    | 32.3820    | 31.9000   
9      | 46.3007    | 46.3750    | 36.7512    | 34.3250   

PSTEPS = 200, TSTEPS = 10000

TIME TAKEN = 271.36119 ms
