Benchmarking: black_scholes_base with p=60, t=90000
Run 1

BASIC IMPLEMENTATION
--------------------------------------------------------------

Index  | Call Model | Call Actual | Put Model  | Put Actual
--------------------------------------------------------------
0      | 46.3911    | 51.7000    | 32.1872    | 29.6500   
1      | 46.9433    | 53.6500    | 28.8932    | 27.3750   
2      | 48.1458    | 56.4000    | 26.3406    | 25.3500   
3      | 49.6022    | 59.9750    | 23.4672    | 23.2750   
4      | 50.7087    | 63.1750    | 20.8184    | 21.2000   
5      | 51.6874    | 66.3250    | 18.8657    | 19.5250   
6      | 52.5652    | 69.7250    | 16.8434    | 17.7500   
7      | 53.2799    | 72.9000    | 15.1437    | 16.1500   
8      | 44.9046    | 48.7500    | 35.4341    | 31.9000   
9      | 43.6770    | 46.3750    | 39.1071    | 34.3250   

PSTEPS = 60, TSTEPS = 90000

TIME TAKEN = 2005.34904 ms
Run 2

BASIC IMPLEMENTATION
--------------------------------------------------------------

Index  | Call Model | Call Actual | Put Model  | Put Actual
--------------------------------------------------------------
0      | 46.3911    | 51.7000    | 32.1872    | 29.6500   
1      | 46.9433    | 53.6500    | 28.8932    | 27.3750   
2      | 48.1458    | 56.4000    | 26.3406    | 25.3500   
3      | 49.6022    | 59.9750    | 23.4672    | 23.2750   
4      | 50.7087    | 63.1750    | 20.8184    | 21.2000   
5      | 51.6874    | 66.3250    | 18.8657    | 19.5250   
6      | 52.5652    | 69.7250    | 16.8434    | 17.7500   
7      | 53.2799    | 72.9000    | 15.1437    | 16.1500   
8      | 44.9046    | 48.7500    | 35.4341    | 31.9000   
9      | 43.6770    | 46.3750    | 39.1071    | 34.3250   

PSTEPS = 60, TSTEPS = 90000

TIME TAKEN = 2004.42791 ms
Run 3

BASIC IMPLEMENTATION
--------------------------------------------------------------

Index  | Call Model | Call Actual | Put Model  | Put Actual
--------------------------------------------------------------
0      | 46.3911    | 51.7000    | 32.1872    | 29.6500   
1      | 46.9433    | 53.6500    | 28.8932    | 27.3750   
2      | 48.1458    | 56.4000    | 26.3406    | 25.3500   
3      | 49.6022    | 59.9750    | 23.4672    | 23.2750   
4      | 50.7087    | 63.1750    | 20.8184    | 21.2000   
5      | 51.6874    | 66.3250    | 18.8657    | 19.5250   
6      | 52.5652    | 69.7250    | 16.8434    | 17.7500   
7      | 53.2799    | 72.9000    | 15.1437    | 16.1500   
8      | 44.9046    | 48.7500    | 35.4341    | 31.9000   
9      | 43.6770    | 46.3750    | 39.1071    | 34.3250   

PSTEPS = 60, TSTEPS = 90000

TIME TAKEN = 2001.77129 ms
Run 4

BASIC IMPLEMENTATION
--------------------------------------------------------------

Index  | Call Model | Call Actual | Put Model  | Put Actual
--------------------------------------------------------------
0      | 46.3911    | 51.7000    | 32.1872    | 29.6500   
1      | 46.9433    | 53.6500    | 28.8932    | 27.3750   
2      | 48.1458    | 56.4000    | 26.3406    | 25.3500   
3      | 49.6022    | 59.9750    | 23.4672    | 23.2750   
4      | 50.7087    | 63.1750    | 20.8184    | 21.2000   
5      | 51.6874    | 66.3250    | 18.8657    | 19.5250   
6      | 52.5652    | 69.7250    | 16.8434    | 17.7500   
7      | 53.2799    | 72.9000    | 15.1437    | 16.1500   
8      | 44.9046    | 48.7500    | 35.4341    | 31.9000   
9      | 43.6770    | 46.3750    | 39.1071    | 34.3250   

PSTEPS = 60, TSTEPS = 90000

TIME TAKEN = 1997.14387 ms
Run 5

BASIC IMPLEMENTATION
--------------------------------------------------------------

Index  | Call Model | Call Actual | Put Model  | Put Actual
--------------------------------------------------------------
0      | 46.3911    | 51.7000    | 32.1872    | 29.6500   
1      | 46.9433    | 53.6500    | 28.8932    | 27.3750   
2      | 48.1458    | 56.4000    | 26.3406    | 25.3500   
3      | 49.6022    | 59.9750    | 23.4672    | 23.2750   
4      | 50.7087    | 63.1750    | 20.8184    | 21.2000   
5      | 51.6874    | 66.3250    | 18.8657    | 19.5250   
6      | 52.5652    | 69.7250    | 16.8434    | 17.7500   
7      | 53.2799    | 72.9000    | 15.1437    | 16.1500   
8      | 44.9046    | 48.7500    | 35.4341    | 31.9000   
9      | 43.6770    | 46.3750    | 39.1071    | 34.3250   

PSTEPS = 60, TSTEPS = 90000

TIME TAKEN = 2007.83662 ms
Run 6

BASIC IMPLEMENTATION
--------------------------------------------------------------

Index  | Call Model | Call Actual | Put Model  | Put Actual
--------------------------------------------------------------
0      | 46.3911    | 51.7000    | 32.1872    | 29.6500   
1      | 46.9433    | 53.6500    | 28.8932    | 27.3750   
2      | 48.1458    | 56.4000    | 26.3406    | 25.3500   
3      | 49.6022    | 59.9750    | 23.4672    | 23.2750   
4      | 50.7087    | 63.1750    | 20.8184    | 21.2000   
5      | 51.6874    | 66.3250    | 18.8657    | 19.5250   
6      | 52.5652    | 69.7250    | 16.8434    | 17.7500   
7      | 53.2799    | 72.9000    | 15.1437    | 16.1500   
8      | 44.9046    | 48.7500    | 35.4341    | 31.9000   
9      | 43.6770    | 46.3750    | 39.1071    | 34.3250   

PSTEPS = 60, TSTEPS = 90000

TIME TAKEN = 2008.56083 ms
Run 7

BASIC IMPLEMENTATION
--------------------------------------------------------------

Index  | Call Model | Call Actual | Put Model  | Put Actual
--------------------------------------------------------------
0      | 46.3911    | 51.7000    | 32.1872    | 29.6500   
1      | 46.9433    | 53.6500    | 28.8932    | 27.3750   
2      | 48.1458    | 56.4000    | 26.3406    | 25.3500   
3      | 49.6022    | 59.9750    | 23.4672    | 23.2750   
4      | 50.7087    | 63.1750    | 20.8184    | 21.2000   
5      | 51.6874    | 66.3250    | 18.8657    | 19.5250   
6      | 52.5652    | 69.7250    | 16.8434    | 17.7500   
7      | 53.2799    | 72.9000    | 15.1437    | 16.1500   
8      | 44.9046    | 48.7500    | 35.4341    | 31.9000   
9      | 43.6770    | 46.3750    | 39.1071    | 34.3250   

PSTEPS = 60, TSTEPS = 90000

TIME TAKEN = 1995.30840 ms
Run 8

BASIC IMPLEMENTATION
--------------------------------------------------------------

Index  | Call Model | Call Actual | Put Model  | Put Actual
--------------------------------------------------------------
0      | 46.3911    | 51.7000    | 32.1872    | 29.6500   
1      | 46.9433    | 53.6500    | 28.8932    | 27.3750   
2      | 48.1458    | 56.4000    | 26.3406    | 25.3500   
3      | 49.6022    | 59.9750    | 23.4672    | 23.2750   
4      | 50.7087    | 63.1750    | 20.8184    | 21.2000   
5      | 51.6874    | 66.3250    | 18.8657    | 19.5250   
6      | 52.5652    | 69.7250    | 16.8434    | 17.7500   
7      | 53.2799    | 72.9000    | 15.1437    | 16.1500   
8      | 44.9046    | 48.7500    | 35.4341    | 31.9000   
9      | 43.6770    | 46.3750    | 39.1071    | 34.3250   

PSTEPS = 60, TSTEPS = 90000

TIME TAKEN = 2004.81969 ms
Run 9

BASIC IMPLEMENTATION
--------------------------------------------------------------

Index  | Call Model | Call Actual | Put Model  | Put Actual
--------------------------------------------------------------
0      | 46.3911    | 51.7000    | 32.1872    | 29.6500   
1      | 46.9433    | 53.6500    | 28.8932    | 27.3750   
2      | 48.1458    | 56.4000    | 26.3406    | 25.3500   
3      | 49.6022    | 59.9750    | 23.4672    | 23.2750   
4      | 50.7087    | 63.1750    | 20.8184    | 21.2000   
5      | 51.6874    | 66.3250    | 18.8657    | 19.5250   
6      | 52.5652    | 69.7250    | 16.8434    | 17.7500   
7      | 53.2799    | 72.9000    | 15.1437    | 16.1500   
8      | 44.9046    | 48.7500    | 35.4341    | 31.9000   
9      | 43.6770    | 46.3750    | 39.1071    | 34.3250   

PSTEPS = 60, TSTEPS = 90000

TIME TAKEN = 2002.42883 ms
Run 10

BASIC IMPLEMENTATION
--------------------------------------------------------------

Index  | Call Model | Call Actual | Put Model  | Put Actual
--------------------------------------------------------------
0      | 46.3911    | 51.7000    | 32.1872    | 29.6500   
1      | 46.9433    | 53.6500    | 28.8932    | 27.3750   
2      | 48.1458    | 56.4000    | 26.3406    | 25.3500   
3      | 49.6022    | 59.9750    | 23.4672    | 23.2750   
4      | 50.7087    | 63.1750    | 20.8184    | 21.2000   
5      | 51.6874    | 66.3250    | 18.8657    | 19.5250   
6      | 52.5652    | 69.7250    | 16.8434    | 17.7500   
7      | 53.2799    | 72.9000    | 15.1437    | 16.1500   
8      | 44.9046    | 48.7500    | 35.4341    | 31.9000   
9      | 43.6770    | 46.3750    | 39.1071    | 34.3250   

PSTEPS = 60, TSTEPS = 90000

TIME TAKEN = 2005.51472 ms
