Benchmarking: black_scholes_base with p=200, t=50000
Run 1

BASIC IMPLEMENTATION
--------------------------------------------------------------

Index  | Call Model | Call Actual | Put Model  | Put Actual
--------------------------------------------------------------
0      | 51.3883    | 51.7000    | 28.5523    | 29.6500   
1      | 53.1440    | 53.6500    | 24.8999    | 27.3750   
2      | 55.5507    | 56.4000    | 21.9540    | 25.3500   
3      | 58.3780    | 59.9750    | 18.8546    | 23.2750   
4      | 60.7532    | 63.1750    | 16.0375    | 21.2000   
5      | 62.9778    | 66.3250    | 13.9869    | 19.5250   
6      | 65.1465    | 69.7250    | 11.9811    | 17.7500   
7      | 67.0319    | 72.9000    | 10.2835    | 16.1500   
8      | 48.6630    | 48.7500    | 32.3818    | 31.9000   
9      | 46.3003    | 46.3750    | 36.7510    | 34.3250   

PSTEPS = 200, TSTEPS = 50000

TIME TAKEN = 3745.25603 ms
Run 2

BASIC IMPLEMENTATION
--------------------------------------------------------------

Index  | Call Model | Call Actual | Put Model  | Put Actual
--------------------------------------------------------------
0      | 51.3883    | 51.7000    | 28.5523    | 29.6500   
1      | 53.1440    | 53.6500    | 24.8999    | 27.3750   
2      | 55.5507    | 56.4000    | 21.9540    | 25.3500   
3      | 58.3780    | 59.9750    | 18.8546    | 23.2750   
4      | 60.7532    | 63.1750    | 16.0375    | 21.2000   
5      | 62.9778    | 66.3250    | 13.9869    | 19.5250   
6      | 65.1465    | 69.7250    | 11.9811    | 17.7500   
7      | 67.0319    | 72.9000    | 10.2835    | 16.1500   
8      | 48.6630    | 48.7500    | 32.3818    | 31.9000   
9      | 46.3003    | 46.3750    | 36.7510    | 34.3250   

PSTEPS = 200, TSTEPS = 50000

TIME TAKEN = 3752.00385 ms
Run 3

BASIC IMPLEMENTATION
--------------------------------------------------------------

Index  | Call Model | Call Actual | Put Model  | Put Actual
--------------------------------------------------------------
0      | 51.3883    | 51.7000    | 28.5523    | 29.6500   
1      | 53.1440    | 53.6500    | 24.8999    | 27.3750   
2      | 55.5507    | 56.4000    | 21.9540    | 25.3500   
3      | 58.3780    | 59.9750    | 18.8546    | 23.2750   
4      | 60.7532    | 63.1750    | 16.0375    | 21.2000   
5      | 62.9778    | 66.3250    | 13.9869    | 19.5250   
6      | 65.1465    | 69.7250    | 11.9811    | 17.7500   
7      | 67.0319    | 72.9000    | 10.2835    | 16.1500   
8      | 48.6630    | 48.7500    | 32.3818    | 31.9000   
9      | 46.3003    | 46.3750    | 36.7510    | 34.3250   

PSTEPS = 200, TSTEPS = 50000

TIME TAKEN = 3742.26011 ms
Run 4

BASIC IMPLEMENTATION
--------------------------------------------------------------

Index  | Call Model | Call Actual | Put Model  | Put Actual
--------------------------------------------------------------
0      | 51.3883    | 51.7000    | 28.5523    | 29.6500   
1      | 53.1440    | 53.6500    | 24.8999    | 27.3750   
2      | 55.5507    | 56.4000    | 21.9540    | 25.3500   
3      | 58.3780    | 59.9750    | 18.8546    | 23.2750   
4      | 60.7532    | 63.1750    | 16.0375    | 21.2000   
5      | 62.9778    | 66.3250    | 13.9869    | 19.5250   
6      | 65.1465    | 69.7250    | 11.9811    | 17.7500   
7      | 67.0319    | 72.9000    | 10.2835    | 16.1500   
8      | 48.6630    | 48.7500    | 32.3818    | 31.9000   
9      | 46.3003    | 46.3750    | 36.7510    | 34.3250   

PSTEPS = 200, TSTEPS = 50000

TIME TAKEN = 3651.86998 ms
Run 5

BASIC IMPLEMENTATION
--------------------------------------------------------------

Index  | Call Model | Call Actual | Put Model  | Put Actual
--------------------------------------------------------------
0      | 51.3883    | 51.7000    | 28.5523    | 29.6500   
1      | 53.1440    | 53.6500    | 24.8999    | 27.3750   
2      | 55.5507    | 56.4000    | 21.9540    | 25.3500   
3      | 58.3780    | 59.9750    | 18.8546    | 23.2750   
4      | 60.7532    | 63.1750    | 16.0375    | 21.2000   
5      | 62.9778    | 66.3250    | 13.9869    | 19.5250   
6      | 65.1465    | 69.7250    | 11.9811    | 17.7500   
7      | 67.0319    | 72.9000    | 10.2835    | 16.1500   
8      | 48.6630    | 48.7500    | 32.3818    | 31.9000   
9      | 46.3003    | 46.3750    | 36.7510    | 34.3250   

PSTEPS = 200, TSTEPS = 50000

TIME TAKEN = 3656.63756 ms
Run 6

BASIC IMPLEMENTATION
--------------------------------------------------------------

Index  | Call Model | Call Actual | Put Model  | Put Actual
--------------------------------------------------------------
0      | 51.3883    | 51.7000    | 28.5523    | 29.6500   
1      | 53.1440    | 53.6500    | 24.8999    | 27.3750   
2      | 55.5507    | 56.4000    | 21.9540    | 25.3500   
3      | 58.3780    | 59.9750    | 18.8546    | 23.2750   
4      | 60.7532    | 63.1750    | 16.0375    | 21.2000   
5      | 62.9778    | 66.3250    | 13.9869    | 19.5250   
6      | 65.1465    | 69.7250    | 11.9811    | 17.7500   
7      | 67.0319    | 72.9000    | 10.2835    | 16.1500   
8      | 48.6630    | 48.7500    | 32.3818    | 31.9000   
9      | 46.3003    | 46.3750    | 36.7510    | 34.3250   

PSTEPS = 200, TSTEPS = 50000

TIME TAKEN = 3714.88851 ms
Run 7

BASIC IMPLEMENTATION
--------------------------------------------------------------

Index  | Call Model | Call Actual | Put Model  | Put Actual
--------------------------------------------------------------
0      | 51.3883    | 51.7000    | 28.5523    | 29.6500   
1      | 53.1440    | 53.6500    | 24.8999    | 27.3750   
2      | 55.5507    | 56.4000    | 21.9540    | 25.3500   
3      | 58.3780    | 59.9750    | 18.8546    | 23.2750   
4      | 60.7532    | 63.1750    | 16.0375    | 21.2000   
5      | 62.9778    | 66.3250    | 13.9869    | 19.5250   
6      | 65.1465    | 69.7250    | 11.9811    | 17.7500   
7      | 67.0319    | 72.9000    | 10.2835    | 16.1500   
8      | 48.6630    | 48.7500    | 32.3818    | 31.9000   
9      | 46.3003    | 46.3750    | 36.7510    | 34.3250   

PSTEPS = 200, TSTEPS = 50000

TIME TAKEN = 3743.31036 ms
Run 8

BASIC IMPLEMENTATION
--------------------------------------------------------------

Index  | Call Model | Call Actual | Put Model  | Put Actual
--------------------------------------------------------------
0      | 51.3883    | 51.7000    | 28.5523    | 29.6500   
1      | 53.1440    | 53.6500    | 24.8999    | 27.3750   
2      | 55.5507    | 56.4000    | 21.9540    | 25.3500   
3      | 58.3780    | 59.9750    | 18.8546    | 23.2750   
4      | 60.7532    | 63.1750    | 16.0375    | 21.2000   
5      | 62.9778    | 66.3250    | 13.9869    | 19.5250   
6      | 65.1465    | 69.7250    | 11.9811    | 17.7500   
7      | 67.0319    | 72.9000    | 10.2835    | 16.1500   
8      | 48.6630    | 48.7500    | 32.3818    | 31.9000   
9      | 46.3003    | 46.3750    | 36.7510    | 34.3250   

PSTEPS = 200, TSTEPS = 50000

TIME TAKEN = 3732.56226 ms
Run 9

BASIC IMPLEMENTATION
--------------------------------------------------------------

Index  | Call Model | Call Actual | Put Model  | Put Actual
--------------------------------------------------------------
0      | 51.3883    | 51.7000    | 28.5523    | 29.6500   
1      | 53.1440    | 53.6500    | 24.8999    | 27.3750   
2      | 55.5507    | 56.4000    | 21.9540    | 25.3500   
3      | 58.3780    | 59.9750    | 18.8546    | 23.2750   
4      | 60.7532    | 63.1750    | 16.0375    | 21.2000   
5      | 62.9778    | 66.3250    | 13.9869    | 19.5250   
6      | 65.1465    | 69.7250    | 11.9811    | 17.7500   
7      | 67.0319    | 72.9000    | 10.2835    | 16.1500   
8      | 48.6630    | 48.7500    | 32.3818    | 31.9000   
9      | 46.3003    | 46.3750    | 36.7510    | 34.3250   

PSTEPS = 200, TSTEPS = 50000

TIME TAKEN = 3731.74794 ms
Run 10

BASIC IMPLEMENTATION
--------------------------------------------------------------

Index  | Call Model | Call Actual | Put Model  | Put Actual
--------------------------------------------------------------
0      | 51.3883    | 51.7000    | 28.5523    | 29.6500   
1      | 53.1440    | 53.6500    | 24.8999    | 27.3750   
2      | 55.5507    | 56.4000    | 21.9540    | 25.3500   
3      | 58.3780    | 59.9750    | 18.8546    | 23.2750   
4      | 60.7532    | 63.1750    | 16.0375    | 21.2000   
5      | 62.9778    | 66.3250    | 13.9869    | 19.5250   
6      | 65.1465    | 69.7250    | 11.9811    | 17.7500   
7      | 67.0319    | 72.9000    | 10.2835    | 16.1500   
8      | 48.6630    | 48.7500    | 32.3818    | 31.9000   
9      | 46.3003    | 46.3750    | 36.7510    | 34.3250   

PSTEPS = 200, TSTEPS = 50000

TIME TAKEN = 3711.16210 ms
