Benchmarking: black_scholes_hybrid1 with p=160, t=70000
Run 1

 HYBRID IMPLEMENTATION 1
--------------------------------------------------------------

Index  | Call Model | Call Actual | Put Model  | Put Actual
--------------------------------------------------------------
0      | 49.9266    | 51.7000    | 29.5123    | 29.6500   
1      | 51.3351    | 53.6500    | 25.9658    | 27.3750   
2      | 53.3610    | 56.4000    | 23.1037    | 25.3500   
3      | 55.7828    | 59.9750    | 20.0640    | 23.2750   
4      | 57.7645    | 63.1750    | 17.2741    | 21.2000   
5      | 59.6030    | 66.3250    | 15.2329    | 19.5250   
6      | 56.6730    | 69.7250    | 13.2148    | 17.7500   
7      | 55.3511    | 72.9000    | 11.4926    | 16.1500   
8      | 40.0222    | 48.7500    | 33.1846    | 31.9000   
9      | 42.7506    | 46.3750    | 37.3739    | 34.3250   

PSTEPS = 160, TSTEPS = 70000

TIME TAKEN = 573.54568 ms
Run 2

 HYBRID IMPLEMENTATION 1
--------------------------------------------------------------

Index  | Call Model | Call Actual | Put Model  | Put Actual
--------------------------------------------------------------
0      | 49.9266    | 51.7000    | 29.5123    | 29.6500   
1      | 51.3351    | 53.6500    | 25.9658    | 27.3750   
2      | 53.3610    | 56.4000    | 23.1037    | 25.3500   
3      | 55.7828    | 59.9750    | 20.0640    | 23.2750   
4      | 57.7645    | 63.1750    | 17.2741    | 21.2000   
5      | 59.6030    | 66.3250    | 15.2329    | 19.5250   
6      | 56.6729    | 69.7250    | 13.2148    | 17.7500   
7      | 55.3511    | 72.9000    | 11.4926    | 16.1500   
8      | 40.0229    | 48.7500    | 33.1846    | 31.9000   
9      | 45.5559    | 46.3750    | 37.3741    | 34.3250   

PSTEPS = 160, TSTEPS = 70000

TIME TAKEN = 542.49180 ms
Run 3

 HYBRID IMPLEMENTATION 1
--------------------------------------------------------------

Index  | Call Model | Call Actual | Put Model  | Put Actual
--------------------------------------------------------------
0      | 49.9266    | 51.7000    | 29.5123    | 29.6500   
1      | 51.3351    | 53.6500    | 25.9658    | 27.3750   
2      | 53.3610    | 56.4000    | 23.1037    | 25.3500   
3      | 55.7828    | 59.9750    | 20.0640    | 23.2750   
4      | 57.7645    | 63.1750    | 17.2741    | 21.2000   
5      | 59.6030    | 66.3250    | 15.2329    | 19.5250   
6      | 56.6732    | 69.7250    | 13.2148    | 17.7500   
7      | 55.3510    | 72.9000    | 11.4926    | 16.1500   
8      | 40.0222    | 48.7500    | 33.1846    | 31.9000   
9      | 42.7506    | 46.3750    | 37.3739    | 34.3250   

PSTEPS = 160, TSTEPS = 70000

TIME TAKEN = 552.99283 ms
Run 4

 HYBRID IMPLEMENTATION 1
--------------------------------------------------------------

Index  | Call Model | Call Actual | Put Model  | Put Actual
--------------------------------------------------------------
0      | 49.9266    | 51.7000    | 29.5123    | 29.6500   
1      | 51.3351    | 53.6500    | 25.9658    | 27.3750   
2      | 53.3610    | 56.4000    | 23.1037    | 25.3500   
3      | 55.7828    | 59.9750    | 20.0640    | 23.2750   
4      | 57.7645    | 63.1750    | 17.2741    | 21.2000   
5      | 59.6030    | 66.3250    | 15.2329    | 19.5250   
6      | 56.6732    | 69.7250    | 13.2148    | 17.7500   
7      | 55.3512    | 72.9000    | 11.4926    | 16.1500   
8      | 40.0223    | 48.7500    | 33.1846    | 31.9000   
9      | 42.7506    | 46.3750    | 37.3739    | 34.3250   

PSTEPS = 160, TSTEPS = 70000

TIME TAKEN = 558.46817 ms
Run 5

 HYBRID IMPLEMENTATION 1
--------------------------------------------------------------

Index  | Call Model | Call Actual | Put Model  | Put Actual
--------------------------------------------------------------
0      | 49.9266    | 51.7000    | 29.5123    | 29.6500   
1      | 51.3351    | 53.6500    | 25.9658    | 27.3750   
2      | 53.3610    | 56.4000    | 23.1037    | 25.3500   
3      | 55.7828    | 59.9750    | 20.0640    | 23.2750   
4      | 57.7645    | 63.1750    | 17.2741    | 21.2000   
5      | 59.6030    | 66.3250    | 15.2329    | 19.5250   
6      | 56.6732    | 69.7250    | 13.2148    | 17.7500   
7      | 55.3511    | 72.9000    | 11.4926    | 16.1500   
8      | 40.0222    | 48.7500    | 33.1846    | 31.9000   
9      | 42.7506    | 46.3750    | 37.3739    | 34.3250   

PSTEPS = 160, TSTEPS = 70000

TIME TAKEN = 591.70412 ms
Run 6

 HYBRID IMPLEMENTATION 1
--------------------------------------------------------------

Index  | Call Model | Call Actual | Put Model  | Put Actual
--------------------------------------------------------------
0      | 49.9266    | 51.7000    | 29.5123    | 29.6500   
1      | 51.3351    | 53.6500    | 25.9658    | 27.3750   
2      | 53.3610    | 56.4000    | 23.1037    | 25.3500   
3      | 55.7828    | 59.9750    | 20.0640    | 23.2750   
4      | 57.7645    | 63.1750    | 17.2741    | 21.2000   
5      | 59.6030    | 66.3250    | 15.2329    | 19.5250   
6      | 56.6733    | 69.7250    | 13.2148    | 17.7500   
7      | 47.7144    | 72.9000    | 11.4739    | 16.1500   
8      | 40.0227    | 48.7500    | 33.1846    | 31.9000   
9      | 42.7506    | 46.3750    | 37.3739    | 34.3250   

PSTEPS = 160, TSTEPS = 70000

TIME TAKEN = 538.83336 ms
Run 7

 HYBRID IMPLEMENTATION 1
--------------------------------------------------------------

Index  | Call Model | Call Actual | Put Model  | Put Actual
--------------------------------------------------------------
0      | 49.9266    | 51.7000    | 29.5123    | 29.6500   
1      | 51.3351    | 53.6500    | 25.9658    | 27.3750   
2      | 53.1704    | 56.4000    | 23.1037    | 25.3500   
3      | 55.7828    | 59.9750    | 20.0640    | 23.2750   
4      | 57.7645    | 63.1750    | 17.2741    | 21.2000   
5      | 59.6030    | 66.3250    | 15.2329    | 19.5250   
6      | 56.6305    | 69.7250    | 13.2148    | 17.7500   
7      | 55.3512    | 72.9000    | 11.4926    | 16.1500   
8      | 40.0223    | 48.7500    | 33.1846    | 31.9000   
9      | 45.5559    | 46.3750    | 37.3741    | 34.3250   

PSTEPS = 160, TSTEPS = 70000

TIME TAKEN = 575.25990 ms
Run 8

 HYBRID IMPLEMENTATION 1
--------------------------------------------------------------

Index  | Call Model | Call Actual | Put Model  | Put Actual
--------------------------------------------------------------
0      | 49.9266    | 51.7000    | 29.5123    | 29.6500   
1      | 51.3351    | 53.6500    | 25.9658    | 27.3750   
2      | 53.3610    | 56.4000    | 23.1037    | 25.3500   
3      | 55.7828    | 59.9750    | 20.0640    | 23.2750   
4      | 57.7645    | 63.1750    | 17.2741    | 21.2000   
5      | 59.6030    | 66.3250    | 15.2329    | 19.5250   
6      | 56.6729    | 69.7250    | 13.2148    | 17.7500   
7      | 55.3511    | 72.9000    | 11.4926    | 16.1500   
8      | 40.0221    | 48.7500    | 33.1846    | 31.9000   
9      | 42.7506    | 46.3750    | 37.3739    | 34.3250   

PSTEPS = 160, TSTEPS = 70000

TIME TAKEN = 552.62544 ms
Run 9

 HYBRID IMPLEMENTATION 1
--------------------------------------------------------------

Index  | Call Model | Call Actual | Put Model  | Put Actual
--------------------------------------------------------------
0      | 49.9266    | 51.7000    | 29.5123    | 29.6500   
1      | 51.3351    | 53.6500    | 25.9658    | 27.3750   
2      | 53.1709    | 56.4000    | 23.1037    | 25.3500   
3      | 55.7828    | 59.9750    | 20.0640    | 23.2750   
4      | 57.7645    | 63.1750    | 17.2741    | 21.2000   
5      | 59.6030    | 66.3250    | 15.2329    | 19.5250   
6      | 56.6734    | 69.7250    | 13.2148    | 17.7500   
7      | 55.3512    | 72.9000    | 11.4926    | 16.1500   
8      | 40.0224    | 48.7500    | 33.1846    | 31.9000   
9      | 45.5559    | 46.3750    | 37.3741    | 34.3250   

PSTEPS = 160, TSTEPS = 70000

TIME TAKEN = 567.94365 ms
Run 10

 HYBRID IMPLEMENTATION 1
--------------------------------------------------------------

Index  | Call Model | Call Actual | Put Model  | Put Actual
--------------------------------------------------------------
0      | 49.9266    | 51.7000    | 29.5123    | 29.6500   
1      | 51.3322    | 53.6500    | 25.9658    | 27.3750   
2      | 53.3610    | 56.4000    | 23.1037    | 25.3500   
3      | 55.7828    | 59.9750    | 20.0640    | 23.2750   
4      | 57.7645    | 63.1750    | 17.2741    | 21.2000   
5      | 59.6030    | 66.3250    | 15.2329    | 19.5250   
6      | 56.6732    | 69.7250    | 13.2148    | 17.7500   
7      | 55.3510    | 72.9000    | 11.4926    | 16.1500   
8      | 40.0226    | 48.7500    | 33.1846    | 31.9000   
9      | 42.7506    | 46.3750    | 37.3739    | 34.3250   

PSTEPS = 160, TSTEPS = 70000

TIME TAKEN = 562.67643 ms
