Benchmarking: black_scholes_hybrid1 with p=40, t=20000
Run 1

 HYBRID IMPLEMENTATION 1
--------------------------------------------------------------

Index  | Call Model | Call Actual | Put Model  | Put Actual
--------------------------------------------------------------
0      | 45.6395    | 51.7000    | 32.9395    | 29.6500   
1      | 46.1554    | 53.6500    | 29.8190    | 27.3750   
2      | 47.1412    | 56.4000    | 27.2629    | 25.3500   
3      | 48.2386    | 59.9750    | 24.3801    | 23.2750   
4      | 49.3425    | 63.1750    | 21.7801    | 21.2000   
5      | 50.2134    | 66.3250    | 19.8950    | 19.5250   
6      | 50.9421    | 69.7250    | 17.8882    | 17.7500   
7      | 51.3781    | 72.9000    | 16.0579    | 16.1500   
8      | 43.8241    | 48.7500    | 36.1074    | 31.9000   
9      | 43.3610    | 46.3750    | 39.8025    | 34.3250   

PSTEPS = 40, TSTEPS = 20000

TIME TAKEN = 270.68771 ms
Run 2

 HYBRID IMPLEMENTATION 1
--------------------------------------------------------------

Index  | Call Model | Call Actual | Put Model  | Put Actual
--------------------------------------------------------------
0      | 45.6395    | 51.7000    | 32.9395    | 29.6500   
1      | 46.1554    | 53.6500    | 29.8190    | 27.3750   
2      | 47.1412    | 56.4000    | 27.2629    | 25.3500   
3      | 48.3762    | 59.9750    | 24.3801    | 23.2750   
4      | 49.3425    | 63.1750    | 21.7801    | 21.2000   
5      | 50.2134    | 66.3250    | 19.8950    | 19.5250   
6      | 50.9421    | 69.7250    | 17.8882    | 17.7500   
7      | 51.3781    | 72.9000    | 16.0579    | 16.1500   
8      | 44.3194    | 48.7500    | 36.1074    | 31.9000   
9      | 43.3610    | 46.3750    | 39.8025    | 34.3250   

PSTEPS = 40, TSTEPS = 20000

TIME TAKEN = 257.97483 ms
Run 3

 HYBRID IMPLEMENTATION 1
--------------------------------------------------------------

Index  | Call Model | Call Actual | Put Model  | Put Actual
--------------------------------------------------------------
0      | 45.6395    | 51.7000    | 32.9395    | 29.6500   
1      | 45.2322    | 53.6500    | 29.8190    | 27.3750   
2      | 47.1412    | 56.4000    | 27.2629    | 25.3500   
3      | 48.3762    | 59.9750    | 24.3801    | 23.2750   
4      | 49.3425    | 63.1750    | 21.7801    | 21.2000   
5      | 50.2134    | 66.3250    | 19.8950    | 19.5250   
6      | 50.9421    | 69.7250    | 17.8882    | 17.7500   
7      | 51.3781    | 72.9000    | 16.0579    | 16.1500   
8      | 43.6914    | 48.7500    | 36.1074    | 31.9000   
9      | 43.3610    | 46.3750    | 39.8025    | 34.3250   

PSTEPS = 40, TSTEPS = 20000

TIME TAKEN = 257.08893 ms
Run 4

 HYBRID IMPLEMENTATION 1
--------------------------------------------------------------

Index  | Call Model | Call Actual | Put Model  | Put Actual
--------------------------------------------------------------
0      | 45.6395    | 51.7000    | 32.9395    | 29.6500   
1      | 46.1554    | 53.6500    | 29.8190    | 27.3750   
2      | 47.1412    | 56.4000    | 27.2629    | 25.3500   
3      | 48.3762    | 59.9750    | 24.3801    | 23.2750   
4      | 49.3425    | 63.1750    | 21.7801    | 21.2000   
5      | 50.2134    | 66.3250    | 19.8950    | 19.5250   
6      | 50.9421    | 69.7250    | 17.8882    | 17.7500   
7      | 51.3781    | 72.9000    | 16.0579    | 16.1500   
8      | 44.3101    | 48.7500    | 36.1074    | 31.9000   
9      | 43.3610    | 46.3750    | 39.8025    | 34.3250   

PSTEPS = 40, TSTEPS = 20000

TIME TAKEN = 262.60835 ms
Run 5

 HYBRID IMPLEMENTATION 1
--------------------------------------------------------------

Index  | Call Model | Call Actual | Put Model  | Put Actual
--------------------------------------------------------------
0      | 45.6395    | 51.7000    | 32.9395    | 29.6500   
1      | 46.1554    | 53.6500    | 29.8190    | 27.3750   
2      | 47.1412    | 56.4000    | 27.2629    | 25.3500   
3      | 48.3762    | 59.9750    | 24.3801    | 23.2750   
4      | 49.3425    | 63.1750    | 21.7801    | 21.2000   
5      | 50.2134    | 66.3250    | 19.8950    | 19.5250   
6      | 50.9421    | 69.7250    | 17.8882    | 17.7500   
7      | 51.3781    | 72.9000    | 16.0579    | 16.1500   
8      | 44.3194    | 48.7500    | 36.1074    | 31.9000   
9      | 43.3610    | 46.3750    | 39.8025    | 34.3250   

PSTEPS = 40, TSTEPS = 20000

TIME TAKEN = 268.00738 ms
Run 6

 HYBRID IMPLEMENTATION 1
--------------------------------------------------------------

Index  | Call Model | Call Actual | Put Model  | Put Actual
--------------------------------------------------------------
0      | 45.1665    | 51.7000    | 32.9395    | 29.6500   
1      | 46.1554    | 53.6500    | 29.8190    | 27.3750   
2      | 47.1412    | 56.4000    | 27.2629    | 25.3500   
3      | 48.3762    | 59.9750    | 24.3801    | 23.2750   
4      | 49.3425    | 63.1750    | 21.7801    | 21.2000   
5      | 50.2134    | 66.3250    | 19.8950    | 19.5250   
6      | 50.9421    | 69.7250    | 17.8882    | 17.7500   
7      | 51.3781    | 72.9000    | 16.0579    | 16.1500   
8      | 43.0068    | 48.7500    | 36.1074    | 31.9000   
9      | 43.3610    | 46.3750    | 39.8025    | 34.3250   

PSTEPS = 40, TSTEPS = 20000

TIME TAKEN = 262.90268 ms
Run 7

 HYBRID IMPLEMENTATION 1
--------------------------------------------------------------

Index  | Call Model | Call Actual | Put Model  | Put Actual
--------------------------------------------------------------
0      | 45.6395    | 51.7000    | 32.9395    | 29.6500   
1      | 46.1554    | 53.6500    | 29.8190    | 27.3750   
2      | 47.1412    | 56.4000    | 27.2629    | 25.3500   
3      | 48.2945    | 59.9750    | 24.3801    | 23.2750   
4      | 49.3425    | 63.1750    | 21.7801    | 21.2000   
5      | 50.2134    | 66.3250    | 19.8950    | 19.5250   
6      | 50.9421    | 69.7250    | 17.8882    | 17.7500   
7      | 51.3781    | 72.9000    | 16.0579    | 16.1500   
8      | 44.3194    | 48.7500    | 36.1074    | 31.9000   
9      | 43.3610    | 46.3750    | 39.8025    | 34.3250   

PSTEPS = 40, TSTEPS = 20000

TIME TAKEN = 251.18030 ms
Run 8

 HYBRID IMPLEMENTATION 1
--------------------------------------------------------------

Index  | Call Model | Call Actual | Put Model  | Put Actual
--------------------------------------------------------------
0      | 45.6395    | 51.7000    | 32.9395    | 29.6500   
1      | 46.1554    | 53.6500    | 29.8190    | 27.3750   
2      | 47.1412    | 56.4000    | 27.2629    | 25.3500   
3      | 48.3762    | 59.9750    | 24.3801    | 23.2750   
4      | 49.3425    | 63.1750    | 21.7801    | 21.2000   
5      | 50.2134    | 66.3250    | 19.8950    | 19.5250   
6      | 50.5474    | 69.7250    | 17.8882    | 17.7500   
7      | 51.3781    | 72.9000    | 16.0579    | 16.1500   
8      | 44.3194    | 48.7500    | 36.1074    | 31.9000   
9      | 43.3610    | 46.3750    | 39.8025    | 34.3250   

PSTEPS = 40, TSTEPS = 20000

TIME TAKEN = 254.99038 ms
Run 9

 HYBRID IMPLEMENTATION 1
--------------------------------------------------------------

Index  | Call Model | Call Actual | Put Model  | Put Actual
--------------------------------------------------------------
0      | 45.6395    | 51.7000    | 32.9395    | 29.6500   
1      | 46.1554    | 53.6500    | 29.8190    | 27.3750   
2      | 47.1412    | 56.4000    | 27.2629    | 25.3500   
3      | 48.3762    | 59.9750    | 24.3801    | 23.2750   
4      | 49.3425    | 63.1750    | 21.7801    | 21.2000   
5      | 50.2134    | 66.3250    | 19.8950    | 19.5250   
6      | 50.9421    | 69.7250    | 17.8882    | 17.7500   
7      | 51.3781    | 72.9000    | 16.0579    | 16.1500   
8      | 44.1417    | 48.7500    | 36.1074    | 31.9000   
9      | 43.3610    | 46.3750    | 39.8025    | 34.3250   

PSTEPS = 40, TSTEPS = 20000

TIME TAKEN = 256.63372 ms
Run 10

 HYBRID IMPLEMENTATION 1
--------------------------------------------------------------

Index  | Call Model | Call Actual | Put Model  | Put Actual
--------------------------------------------------------------
0      | 45.5575    | 51.7000    | 32.9395    | 29.6500   
1      | 46.1554    | 53.6500    | 29.8190    | 27.3750   
2      | 47.1412    | 56.4000    | 27.2629    | 25.3500   
3      | 48.3762    | 59.9750    | 24.3801    | 23.2750   
4      | 49.3425    | 63.1750    | 21.7801    | 21.2000   
5      | 50.2134    | 66.3250    | 19.8950    | 19.5250   
6      | 50.9421    | 69.7250    | 17.8882    | 17.7500   
7      | 51.3779    | 72.9000    | 16.0579    | 16.1500   
8      | 43.0873    | 48.7500    | 36.1074    | 31.9000   
9      | 43.3610    | 46.3750    | 39.8025    | 34.3250   

PSTEPS = 40, TSTEPS = 20000

TIME TAKEN = 257.16831 ms
