Benchmarking: black_scholes_hybrid1 with p=60, t=30000
Run 1

 HYBRID IMPLEMENTATION 1
--------------------------------------------------------------

Index  | Call Model | Call Actual | Put Model  | Put Actual
--------------------------------------------------------------
0      | 46.3913    | 51.7000    | 32.1873    | 29.6500   
1      | 46.9435    | 53.6500    | 28.8933    | 27.3750   
2      | 48.1459    | 56.4000    | 26.3407    | 25.3500   
3      | 49.6023    | 59.9750    | 23.4673    | 23.2750   
4      | 50.7089    | 63.1750    | 20.8186    | 21.2000   
5      | 51.6875    | 66.3250    | 18.8658    | 19.5250   
6      | 52.5653    | 69.7250    | 16.8435    | 17.7500   
7      | 53.2799    | 72.9000    | 15.1438    | 16.1500   
8      | 44.9048    | 48.7500    | 35.4341    | 31.9000   
9      | 43.6771    | 46.3750    | 39.1071    | 34.3250   

PSTEPS = 60, TSTEPS = 30000

TIME TAKEN = 303.46372 ms
Run 2

 HYBRID IMPLEMENTATION 1
--------------------------------------------------------------

Index  | Call Model | Call Actual | Put Model  | Put Actual
--------------------------------------------------------------
0      | 46.3913    | 51.7000    | 32.1873    | 29.6500   
1      | 46.9435    | 53.6500    | 28.8933    | 27.3750   
2      | 48.1459    | 56.4000    | 26.3407    | 25.3500   
3      | 49.6023    | 59.9750    | 23.4673    | 23.2750   
4      | 50.7089    | 63.1750    | 20.8186    | 21.2000   
5      | 51.6875    | 66.3250    | 18.8658    | 19.5250   
6      | 52.5653    | 69.7250    | 16.8435    | 17.7500   
7      | 53.2799    | 72.9000    | 15.1438    | 16.1500   
8      | 44.9048    | 48.7500    | 35.4341    | 31.9000   
9      | 43.6771    | 46.3750    | 39.1071    | 34.3250   

PSTEPS = 60, TSTEPS = 30000

TIME TAKEN = 295.67215 ms
Run 3

 HYBRID IMPLEMENTATION 1
--------------------------------------------------------------

Index  | Call Model | Call Actual | Put Model  | Put Actual
--------------------------------------------------------------
0      | 46.3913    | 51.7000    | 32.1873    | 29.6500   
1      | 46.9435    | 53.6500    | 28.8933    | 27.3750   
2      | 48.1459    | 56.4000    | 26.3407    | 25.3500   
3      | 49.6023    | 59.9750    | 23.4673    | 23.2750   
4      | 50.7089    | 63.1750    | 20.8186    | 21.2000   
5      | 51.6875    | 66.3250    | 18.8658    | 19.5250   
6      | 52.5653    | 69.7250    | 16.8435    | 17.7500   
7      | 53.2799    | 72.9000    | 15.1438    | 16.1500   
8      | 44.9048    | 48.7500    | 35.4341    | 31.9000   
9      | 43.6771    | 46.3750    | 39.1071    | 34.3250   

PSTEPS = 60, TSTEPS = 30000

TIME TAKEN = 308.80745 ms
Run 4

 HYBRID IMPLEMENTATION 1
--------------------------------------------------------------

Index  | Call Model | Call Actual | Put Model  | Put Actual
--------------------------------------------------------------
0      | 46.3913    | 51.7000    | 32.1873    | 29.6500   
1      | 46.9435    | 53.6500    | 28.8933    | 27.3750   
2      | 48.1459    | 56.4000    | 26.3407    | 25.3500   
3      | 49.6023    | 59.9750    | 23.4673    | 23.2750   
4      | 50.7089    | 63.1750    | 20.8186    | 21.2000   
5      | 51.6875    | 66.3250    | 18.8658    | 19.5250   
6      | 52.5653    | 69.7250    | 16.8435    | 17.7500   
7      | 53.2799    | 72.9000    | 15.1438    | 16.1500   
8      | 44.9048    | 48.7500    | 35.4341    | 31.9000   
9      | 43.6771    | 46.3750    | 39.1071    | 34.3250   

PSTEPS = 60, TSTEPS = 30000

TIME TAKEN = 289.43587 ms
Run 5

 HYBRID IMPLEMENTATION 1
--------------------------------------------------------------

Index  | Call Model | Call Actual | Put Model  | Put Actual
--------------------------------------------------------------
0      | 46.3913    | 51.7000    | 32.1873    | 29.6500   
1      | 46.9435    | 53.6500    | 28.8933    | 27.3750   
2      | 48.1459    | 56.4000    | 26.3407    | 25.3500   
3      | 49.6023    | 59.9750    | 23.4673    | 23.2750   
4      | 50.7089    | 63.1750    | 20.8186    | 21.2000   
5      | 51.6875    | 66.3250    | 18.8658    | 19.5250   
6      | 52.5653    | 69.7250    | 16.8435    | 17.7500   
7      | 53.2799    | 72.9000    | 15.1438    | 16.1500   
8      | 44.9048    | 48.7500    | 35.4341    | 31.9000   
9      | 43.6771    | 46.3750    | 39.1071    | 34.3250   

PSTEPS = 60, TSTEPS = 30000

TIME TAKEN = 306.07201 ms
Run 6

 HYBRID IMPLEMENTATION 1
--------------------------------------------------------------

Index  | Call Model | Call Actual | Put Model  | Put Actual
--------------------------------------------------------------
0      | 46.3913    | 51.7000    | 32.1873    | 29.6500   
1      | 46.9435    | 53.6500    | 28.8933    | 27.3750   
2      | 48.1459    | 56.4000    | 26.3407    | 25.3500   
3      | 49.6023    | 59.9750    | 23.4673    | 23.2750   
4      | 50.7089    | 63.1750    | 20.8186    | 21.2000   
5      | 51.6875    | 66.3250    | 18.8658    | 19.5250   
6      | 52.5653    | 69.7250    | 16.8435    | 17.7500   
7      | 53.2799    | 72.9000    | 15.1438    | 16.1500   
8      | 44.9048    | 48.7500    | 35.4341    | 31.9000   
9      | 43.6771    | 46.3750    | 39.1071    | 34.3250   

PSTEPS = 60, TSTEPS = 30000

TIME TAKEN = 287.85818 ms
Run 7

 HYBRID IMPLEMENTATION 1
--------------------------------------------------------------

Index  | Call Model | Call Actual | Put Model  | Put Actual
--------------------------------------------------------------
0      | 46.3913    | 51.7000    | 32.1873    | 29.6500   
1      | 46.9435    | 53.6500    | 28.8933    | 27.3750   
2      | 48.1459    | 56.4000    | 26.3407    | 25.3500   
3      | 49.6023    | 59.9750    | 23.4673    | 23.2750   
4      | 50.7089    | 63.1750    | 20.8186    | 21.2000   
5      | 51.6875    | 66.3250    | 18.8658    | 19.5250   
6      | 52.5653    | 69.7250    | 16.8435    | 17.7500   
7      | 53.2799    | 72.9000    | 15.1438    | 16.1500   
8      | 44.9048    | 48.7500    | 35.4341    | 31.9000   
9      | 43.6771    | 46.3750    | 39.1071    | 34.3250   

PSTEPS = 60, TSTEPS = 30000

TIME TAKEN = 332.11667 ms
Run 8

 HYBRID IMPLEMENTATION 1
--------------------------------------------------------------

Index  | Call Model | Call Actual | Put Model  | Put Actual
--------------------------------------------------------------
0      | 46.3913    | 51.7000    | 32.1873    | 29.6500   
1      | 46.9435    | 53.6500    | 28.8933    | 27.3750   
2      | 48.1459    | 56.4000    | 26.3407    | 25.3500   
3      | 49.6023    | 59.9750    | 23.4673    | 23.2750   
4      | 50.7089    | 63.1750    | 20.8186    | 21.2000   
5      | 51.6875    | 66.3250    | 18.8658    | 19.5250   
6      | 52.5653    | 69.7250    | 16.8435    | 17.7500   
7      | 53.2799    | 72.9000    | 15.1438    | 16.1500   
8      | 44.9048    | 48.7500    | 35.4341    | 31.9000   
9      | 43.6771    | 46.3750    | 39.1071    | 34.3250   

PSTEPS = 60, TSTEPS = 30000

TIME TAKEN = 319.58144 ms
Run 9

 HYBRID IMPLEMENTATION 1
--------------------------------------------------------------

Index  | Call Model | Call Actual | Put Model  | Put Actual
--------------------------------------------------------------
0      | 46.3913    | 51.7000    | 32.1873    | 29.6500   
1      | 46.9435    | 53.6500    | 28.8933    | 27.3750   
2      | 48.1459    | 56.4000    | 26.3407    | 25.3500   
3      | 49.6023    | 59.9750    | 23.4673    | 23.2750   
4      | 50.7089    | 63.1750    | 20.8186    | 21.2000   
5      | 51.6875    | 66.3250    | 18.8658    | 19.5250   
6      | 52.5653    | 69.7250    | 16.8435    | 17.7500   
7      | 53.2799    | 72.9000    | 15.1438    | 16.1500   
8      | 44.9048    | 48.7500    | 35.4341    | 31.9000   
9      | 43.6771    | 46.3750    | 39.1071    | 34.3250   

PSTEPS = 60, TSTEPS = 30000

TIME TAKEN = 309.50985 ms
Run 10

 HYBRID IMPLEMENTATION 1
--------------------------------------------------------------

Index  | Call Model | Call Actual | Put Model  | Put Actual
--------------------------------------------------------------
0      | 46.3913    | 51.7000    | 32.1873    | 29.6500   
1      | 46.9435    | 53.6500    | 28.8933    | 27.3750   
2      | 48.1459    | 56.4000    | 26.3407    | 25.3500   
3      | 49.6023    | 59.9750    | 23.4673    | 23.2750   
4      | 50.7089    | 63.1750    | 20.8186    | 21.2000   
5      | 51.6875    | 66.3250    | 18.8658    | 19.5250   
6      | 52.5653    | 69.7250    | 16.8435    | 17.7500   
7      | 53.2799    | 72.9000    | 15.1438    | 16.1500   
8      | 44.9048    | 48.7500    | 35.4341    | 31.9000   
9      | 43.6771    | 46.3750    | 39.1071    | 34.3250   

PSTEPS = 60, TSTEPS = 30000

TIME TAKEN = 304.55807 ms
