Benchmarking: black_scholes_hybrid2 with p=160, t=20000
Run 1

 HYBRID IMPLEMENTATION 2
--------------------------------------------------------------

Index  | Call Model | Call Actual | Put Model  | Put Actual
--------------------------------------------------------------
0      | 49.9268    | 51.7000    | 29.5124    | 29.6500   
1      | 51.3354    | 53.6500    | 25.9659    | 27.3750   
2      | 53.3612    | 56.4000    | 23.1039    | 25.3500   
3      | 55.7830    | 59.9750    | 20.0642    | 23.2750   
4      | 57.7647    | 63.1750    | 17.2743    | 21.2000   
5      | 59.6032    | 66.3250    | 15.2331    | 19.5250   
6      | 61.3826    | 69.7250    | 13.2150    | 17.7500   
7      | 62.8954    | 72.9000    | 11.4928    | 16.1500   
8      | 47.5708    | 48.7500    | 33.1848    | 31.9000   
9      | 45.5561    | 46.3750    | 37.3742    | 34.3250   

PSTEPS = 160, TSTEPS = 20000

TIME TAKEN = 476.30205 ms
Run 2

 HYBRID IMPLEMENTATION 2
--------------------------------------------------------------

Index  | Call Model | Call Actual | Put Model  | Put Actual
--------------------------------------------------------------
0      | 49.9268    | 51.7000    | 29.5124    | 29.6500   
1      | 51.3354    | 53.6500    | 25.9659    | 27.3750   
2      | 53.3612    | 56.4000    | 23.1039    | 25.3500   
3      | 55.7830    | 59.9750    | 20.0642    | 23.2750   
4      | 57.7647    | 63.1750    | 17.2743    | 21.2000   
5      | 59.6032    | 66.3250    | 15.2331    | 19.5250   
6      | 61.3826    | 69.7250    | 13.2150    | 17.7500   
7      | 62.8954    | 72.9000    | 11.4928    | 16.1500   
8      | 47.5708    | 48.7500    | 33.1848    | 31.9000   
9      | 45.5561    | 46.3750    | 37.3742    | 34.3250   

PSTEPS = 160, TSTEPS = 20000

TIME TAKEN = 484.80558 ms
Run 3

 HYBRID IMPLEMENTATION 2
--------------------------------------------------------------

Index  | Call Model | Call Actual | Put Model  | Put Actual
--------------------------------------------------------------
0      | 49.9268    | 51.7000    | 29.5124    | 29.6500   
1      | 51.3354    | 53.6500    | 25.9659    | 27.3750   
2      | 53.3612    | 56.4000    | 23.1039    | 25.3500   
3      | 55.7830    | 59.9750    | 20.0642    | 23.2750   
4      | 57.7647    | 63.1750    | 17.2743    | 21.2000   
5      | 59.6032    | 66.3250    | 15.2331    | 19.5250   
6      | 61.3826    | 69.7250    | 13.2150    | 17.7500   
7      | 62.8954    | 72.9000    | 11.4928    | 16.1500   
8      | 47.5708    | 48.7500    | 33.1848    | 31.9000   
9      | 45.5561    | 46.3750    | 37.3742    | 34.3250   

PSTEPS = 160, TSTEPS = 20000

TIME TAKEN = 454.23585 ms
Run 4

 HYBRID IMPLEMENTATION 2
--------------------------------------------------------------

Index  | Call Model | Call Actual | Put Model  | Put Actual
--------------------------------------------------------------
0      | 49.9268    | 51.7000    | 29.5124    | 29.6500   
1      | 51.3354    | 53.6500    | 25.9659    | 27.3750   
2      | 53.3612    | 56.4000    | 23.1039    | 25.3500   
3      | 55.7830    | 59.9750    | 20.0642    | 23.2750   
4      | 57.7647    | 63.1750    | 17.2743    | 21.2000   
5      | 59.6032    | 66.3250    | 15.2331    | 19.5250   
6      | 61.3826    | 69.7250    | 13.2150    | 17.7500   
7      | 62.8954    | 72.9000    | 11.4928    | 16.1500   
8      | 47.5708    | 48.7500    | 33.1848    | 31.9000   
9      | 45.5561    | 46.3750    | 37.3742    | 34.3250   

PSTEPS = 160, TSTEPS = 20000

TIME TAKEN = 459.60924 ms
Run 5

 HYBRID IMPLEMENTATION 2
--------------------------------------------------------------

Index  | Call Model | Call Actual | Put Model  | Put Actual
--------------------------------------------------------------
0      | 49.9268    | 51.7000    | 29.5124    | 29.6500   
1      | 51.3354    | 53.6500    | 25.9659    | 27.3750   
2      | 53.3612    | 56.4000    | 23.1039    | 25.3500   
3      | 55.7830    | 59.9750    | 20.0642    | 23.2750   
4      | 57.7647    | 63.1750    | 17.2743    | 21.2000   
5      | 59.6032    | 66.3250    | 15.2331    | 19.5250   
6      | 61.3826    | 69.7250    | 13.2150    | 17.7500   
7      | 62.8954    | 72.9000    | 11.4928    | 16.1500   
8      | 47.5708    | 48.7500    | 33.1848    | 31.9000   
9      | 45.5561    | 46.3750    | 37.3742    | 34.3250   

PSTEPS = 160, TSTEPS = 20000

TIME TAKEN = 481.56476 ms
Run 6

 HYBRID IMPLEMENTATION 2
--------------------------------------------------------------

Index  | Call Model | Call Actual | Put Model  | Put Actual
--------------------------------------------------------------
0      | 49.9268    | 51.7000    | 29.5124    | 29.6500   
1      | 51.3354    | 53.6500    | 25.9659    | 27.3750   
2      | 53.3612    | 56.4000    | 23.1039    | 25.3500   
3      | 55.7830    | 59.9750    | 20.0642    | 23.2750   
4      | 57.7647    | 63.1750    | 17.2743    | 21.2000   
5      | 59.6032    | 66.3250    | 15.2331    | 19.5250   
6      | 61.3826    | 69.7250    | 13.2150    | 17.7500   
7      | 62.8954    | 72.9000    | 11.4928    | 16.1500   
8      | 47.5708    | 48.7500    | 33.1848    | 31.9000   
9      | 45.5561    | 46.3750    | 37.3742    | 34.3250   

PSTEPS = 160, TSTEPS = 20000

TIME TAKEN = 466.45746 ms
Run 7

 HYBRID IMPLEMENTATION 2
--------------------------------------------------------------

Index  | Call Model | Call Actual | Put Model  | Put Actual
--------------------------------------------------------------
0      | 49.9268    | 51.7000    | 29.5124    | 29.6500   
1      | 51.3354    | 53.6500    | 25.9659    | 27.3750   
2      | 53.3612    | 56.4000    | 23.1039    | 25.3500   
3      | 55.7830    | 59.9750    | 20.0642    | 23.2750   
4      | 57.7647    | 63.1750    | 17.2743    | 21.2000   
5      | 59.6032    | 66.3250    | 15.2331    | 19.5250   
6      | 61.3826    | 69.7250    | 13.2150    | 17.7500   
7      | 62.8954    | 72.9000    | 11.4928    | 16.1500   
8      | 47.5708    | 48.7500    | 33.1848    | 31.9000   
9      | 45.5561    | 46.3750    | 37.3742    | 34.3250   

PSTEPS = 160, TSTEPS = 20000

TIME TAKEN = 487.29846 ms
Run 8

 HYBRID IMPLEMENTATION 2
--------------------------------------------------------------

Index  | Call Model | Call Actual | Put Model  | Put Actual
--------------------------------------------------------------
0      | 49.9268    | 51.7000    | 29.5124    | 29.6500   
1      | 51.3354    | 53.6500    | 25.9659    | 27.3750   
2      | 53.3612    | 56.4000    | 23.1039    | 25.3500   
3      | 55.7830    | 59.9750    | 20.0642    | 23.2750   
4      | 57.7647    | 63.1750    | 17.2743    | 21.2000   
5      | 59.6032    | 66.3250    | 15.2331    | 19.5250   
6      | 61.3826    | 69.7250    | 13.2150    | 17.7500   
7      | 62.8954    | 72.9000    | 11.4928    | 16.1500   
8      | 47.5708    | 48.7500    | 33.1848    | 31.9000   
9      | 45.5561    | 46.3750    | 37.3742    | 34.3250   

PSTEPS = 160, TSTEPS = 20000

TIME TAKEN = 449.40303 ms
Run 9

 HYBRID IMPLEMENTATION 2
--------------------------------------------------------------

Index  | Call Model | Call Actual | Put Model  | Put Actual
--------------------------------------------------------------
0      | 49.9268    | 51.7000    | 29.5124    | 29.6500   
1      | 51.3354    | 53.6500    | 25.9659    | 27.3750   
2      | 53.3612    | 56.4000    | 23.1039    | 25.3500   
3      | 55.7830    | 59.9750    | 20.0642    | 23.2750   
4      | 57.7647    | 63.1750    | 17.2743    | 21.2000   
5      | 59.6032    | 66.3250    | 15.2331    | 19.5250   
6      | 61.3826    | 69.7250    | 13.2150    | 17.7500   
7      | 62.8954    | 72.9000    | 11.4928    | 16.1500   
8      | 47.5708    | 48.7500    | 33.1848    | 31.9000   
9      | 45.5561    | 46.3750    | 37.3742    | 34.3250   

PSTEPS = 160, TSTEPS = 20000

TIME TAKEN = 443.97040 ms
Run 10

 HYBRID IMPLEMENTATION 2
--------------------------------------------------------------

Index  | Call Model | Call Actual | Put Model  | Put Actual
--------------------------------------------------------------
0      | 49.9268    | 51.7000    | 29.5124    | 29.6500   
1      | 51.3354    | 53.6500    | 25.9659    | 27.3750   
2      | 53.3612    | 56.4000    | 23.1039    | 25.3500   
3      | 55.7830    | 59.9750    | 20.0642    | 23.2750   
4      | 57.7647    | 63.1750    | 17.2743    | 21.2000   
5      | 59.6032    | 66.3250    | 15.2331    | 19.5250   
6      | 61.3826    | 69.7250    | 13.2150    | 17.7500   
7      | 62.8954    | 72.9000    | 11.4928    | 16.1500   
8      | 47.5708    | 48.7500    | 33.1848    | 31.9000   
9      | 45.5561    | 46.3750    | 37.3742    | 34.3250   

PSTEPS = 160, TSTEPS = 20000

TIME TAKEN = 468.49590 ms
