Benchmarking: black_scholes_hybrid2 with p=200, t=10000
Run 1

 HYBRID IMPLEMENTATION 2
--------------------------------------------------------------

Index  | Call Model | Call Actual | Put Model  | Put Actual
--------------------------------------------------------------
0      | 51.3889    | 51.7000    | 28.5526    | 29.6500   
1      | 53.1445    | 53.6500    | 24.9002    | 27.3750   
2      | 55.5513    | 56.4000    | 21.9544    | 25.3500   
3      | 58.3785    | 59.9750    | 18.8550    | 23.2750   
4      | 60.7537    | 63.1750    | 16.0379    | 21.2000   
5      | 62.9783    | 66.3250    | 13.9873    | 19.5250   
6      | 65.1470    | 69.7250    | 11.9815    | 17.7500   
7      | 67.0324    | 72.9000    | 10.2839    | 16.1500   
8      | 48.6635    | 48.7500    | 32.3820    | 31.9000   
9      | 46.3007    | 46.3750    | 36.7512    | 34.3250   

PSTEPS = 200, TSTEPS = 10000

TIME TAKEN = 358.32584 ms
Run 2

 HYBRID IMPLEMENTATION 2
--------------------------------------------------------------

Index  | Call Model | Call Actual | Put Model  | Put Actual
--------------------------------------------------------------
0      | 51.3889    | 51.7000    | 28.5526    | 29.6500   
1      | 53.1445    | 53.6500    | 24.9002    | 27.3750   
2      | 55.5513    | 56.4000    | 21.9544    | 25.3500   
3      | 58.3785    | 59.9750    | 18.8550    | 23.2750   
4      | 60.7537    | 63.1750    | 16.0379    | 21.2000   
5      | 62.9783    | 66.3250    | 13.9873    | 19.5250   
6      | 65.1470    | 69.7250    | 11.9815    | 17.7500   
7      | 67.0324    | 72.9000    | 10.2839    | 16.1500   
8      | 48.6635    | 48.7500    | 32.3820    | 31.9000   
9      | 46.3007    | 46.3750    | 36.7512    | 34.3250   

PSTEPS = 200, TSTEPS = 10000

TIME TAKEN = 372.84329 ms
Run 3

 HYBRID IMPLEMENTATION 2
--------------------------------------------------------------

Index  | Call Model | Call Actual | Put Model  | Put Actual
--------------------------------------------------------------
0      | 51.3889    | 51.7000    | 28.5526    | 29.6500   
1      | 53.1445    | 53.6500    | 24.9002    | 27.3750   
2      | 55.5513    | 56.4000    | 21.9544    | 25.3500   
3      | 58.3785    | 59.9750    | 18.8550    | 23.2750   
4      | 60.7537    | 63.1750    | 16.0379    | 21.2000   
5      | 62.9783    | 66.3250    | 13.9873    | 19.5250   
6      | 65.1470    | 69.7250    | 11.9815    | 17.7500   
7      | 67.0324    | 72.9000    | 10.2839    | 16.1500   
8      | 48.6635    | 48.7500    | 32.3820    | 31.9000   
9      | 46.3007    | 46.3750    | 36.7512    | 34.3250   

PSTEPS = 200, TSTEPS = 10000

TIME TAKEN = 366.27839 ms
Run 4

 HYBRID IMPLEMENTATION 2
--------------------------------------------------------------

Index  | Call Model | Call Actual | Put Model  | Put Actual
--------------------------------------------------------------
0      | 51.3889    | 51.7000    | 28.5526    | 29.6500   
1      | 53.1445    | 53.6500    | 24.9002    | 27.3750   
2      | 55.5513    | 56.4000    | 21.9544    | 25.3500   
3      | 58.3785    | 59.9750    | 18.8550    | 23.2750   
4      | 60.7537    | 63.1750    | 16.0379    | 21.2000   
5      | 62.9783    | 66.3250    | 13.9873    | 19.5250   
6      | 65.1470    | 69.7250    | 11.9815    | 17.7500   
7      | 67.0324    | 72.9000    | 10.2839    | 16.1500   
8      | 48.6635    | 48.7500    | 32.3820    | 31.9000   
9      | 46.3007    | 46.3750    | 36.7512    | 34.3250   

PSTEPS = 200, TSTEPS = 10000

TIME TAKEN = 374.11548 ms
Run 5

 HYBRID IMPLEMENTATION 2
--------------------------------------------------------------

Index  | Call Model | Call Actual | Put Model  | Put Actual
--------------------------------------------------------------
0      | 51.3889    | 51.7000    | 28.5526    | 29.6500   
1      | 53.1445    | 53.6500    | 24.9002    | 27.3750   
2      | 55.5513    | 56.4000    | 21.9544    | 25.3500   
3      | 58.3785    | 59.9750    | 18.8550    | 23.2750   
4      | 60.7537    | 63.1750    | 16.0379    | 21.2000   
5      | 62.9783    | 66.3250    | 13.9873    | 19.5250   
6      | 65.1470    | 69.7250    | 11.9815    | 17.7500   
7      | 67.0324    | 72.9000    | 10.2839    | 16.1500   
8      | 48.6635    | 48.7500    | 32.3820    | 31.9000   
9      | 46.3007    | 46.3750    | 36.7512    | 34.3250   

PSTEPS = 200, TSTEPS = 10000

TIME TAKEN = 408.94553 ms
Run 6

 HYBRID IMPLEMENTATION 2
--------------------------------------------------------------

Index  | Call Model | Call Actual | Put Model  | Put Actual
--------------------------------------------------------------
0      | 51.3889    | 51.7000    | 28.5526    | 29.6500   
1      | 53.1445    | 53.6500    | 24.9002    | 27.3750   
2      | 55.5513    | 56.4000    | 21.9544    | 25.3500   
3      | 58.3785    | 59.9750    | 18.8550    | 23.2750   
4      | 60.7537    | 63.1750    | 16.0379    | 21.2000   
5      | 62.9783    | 66.3250    | 13.9873    | 19.5250   
6      | 65.1470    | 69.7250    | 11.9815    | 17.7500   
7      | 67.0324    | 72.9000    | 10.2839    | 16.1500   
8      | 48.6635    | 48.7500    | 32.3820    | 31.9000   
9      | 46.3007    | 46.3750    | 36.7512    | 34.3250   

PSTEPS = 200, TSTEPS = 10000

TIME TAKEN = 369.93221 ms
Run 7

 HYBRID IMPLEMENTATION 2
--------------------------------------------------------------

Index  | Call Model | Call Actual | Put Model  | Put Actual
--------------------------------------------------------------
0      | 51.3889    | 51.7000    | 28.5526    | 29.6500   
1      | 53.1445    | 53.6500    | 24.9002    | 27.3750   
2      | 55.5513    | 56.4000    | 21.9544    | 25.3500   
3      | 58.3785    | 59.9750    | 18.8550    | 23.2750   
4      | 60.7537    | 63.1750    | 16.0379    | 21.2000   
5      | 62.9783    | 66.3250    | 13.9873    | 19.5250   
6      | 65.1470    | 69.7250    | 11.9815    | 17.7500   
7      | 67.0324    | 72.9000    | 10.2839    | 16.1500   
8      | 48.6635    | 48.7500    | 32.3820    | 31.9000   
9      | 46.3007    | 46.3750    | 36.7512    | 34.3250   

PSTEPS = 200, TSTEPS = 10000

TIME TAKEN = 361.90958 ms
Run 8

 HYBRID IMPLEMENTATION 2
--------------------------------------------------------------

Index  | Call Model | Call Actual | Put Model  | Put Actual
--------------------------------------------------------------
0      | 51.3889    | 51.7000    | 28.5526    | 29.6500   
1      | 53.1445    | 53.6500    | 24.9002    | 27.3750   
2      | 55.5513    | 56.4000    | 21.9544    | 25.3500   
3      | 58.3785    | 59.9750    | 18.8550    | 23.2750   
4      | 60.7537    | 63.1750    | 16.0379    | 21.2000   
5      | 62.9783    | 66.3250    | 13.9873    | 19.5250   
6      | 65.1470    | 69.7250    | 11.9815    | 17.7500   
7      | 67.0324    | 72.9000    | 10.2839    | 16.1500   
8      | 48.6635    | 48.7500    | 32.3820    | 31.9000   
9      | 46.3007    | 46.3750    | 36.7512    | 34.3250   

PSTEPS = 200, TSTEPS = 10000

TIME TAKEN = 375.53957 ms
Run 9

 HYBRID IMPLEMENTATION 2
--------------------------------------------------------------

Index  | Call Model | Call Actual | Put Model  | Put Actual
--------------------------------------------------------------
0      | 51.3889    | 51.7000    | 28.5526    | 29.6500   
1      | 53.1445    | 53.6500    | 24.9002    | 27.3750   
2      | 55.5513    | 56.4000    | 21.9544    | 25.3500   
3      | 58.3785    | 59.9750    | 18.8550    | 23.2750   
4      | 60.7537    | 63.1750    | 16.0379    | 21.2000   
5      | 62.9783    | 66.3250    | 13.9873    | 19.5250   
6      | 65.1470    | 69.7250    | 11.9815    | 17.7500   
7      | 67.0324    | 72.9000    | 10.2839    | 16.1500   
8      | 48.6635    | 48.7500    | 32.3820    | 31.9000   
9      | 46.3007    | 46.3750    | 36.7512    | 34.3250   

PSTEPS = 200, TSTEPS = 10000

TIME TAKEN = 368.97015 ms
Run 10

 HYBRID IMPLEMENTATION 2
--------------------------------------------------------------

Index  | Call Model | Call Actual | Put Model  | Put Actual
--------------------------------------------------------------
0      | 51.3889    | 51.7000    | 28.5526    | 29.6500   
1      | 53.1445    | 53.6500    | 24.9002    | 27.3750   
2      | 55.5513    | 56.4000    | 21.9544    | 25.3500   
3      | 58.3785    | 59.9750    | 18.8550    | 23.2750   
4      | 60.7537    | 63.1750    | 16.0379    | 21.2000   
5      | 62.9783    | 66.3250    | 13.9873    | 19.5250   
6      | 65.1470    | 69.7250    | 11.9815    | 17.7500   
7      | 67.0324    | 72.9000    | 10.2839    | 16.1500   
8      | 48.6635    | 48.7500    | 32.3820    | 31.9000   
9      | 46.3007    | 46.3750    | 36.7512    | 34.3250   

PSTEPS = 200, TSTEPS = 10000

TIME TAKEN = 407.27163 ms
