Benchmarking: black_scholes_hybrid1 with p=140, t=40000
Run 1

 HYBRID IMPLEMENTATION 1
--------------------------------------------------------------

Index  | Call Model | Call Actual | Put Model  | Put Actual
--------------------------------------------------------------
0      | 49.0580    | 51.7000    | 29.9947    | 29.6500   
1      | 50.4167    | 53.6500    | 26.5055    | 27.3750   
2      | 52.2840    | 56.4000    | 23.6946    | 25.3500   
3      | 54.5135    | 59.9750    | 20.6928    | 23.2750   
4      | 56.3067    | 63.1750    | 17.9220    | 21.2000   
5      | 57.9638    | 66.3250    | 15.8939    | 19.5250   
6      | 59.5591    | 69.7250    | 13.8766    | 17.7500   
7      | 60.8941    | 72.9000    | 12.1464    | 16.1500   
8      | 43.9805    | 48.7500    | 33.5832    | 31.9000   
9      | 45.1757    | 46.3750    | 37.6817    | 34.3250   

PSTEPS = 140, TSTEPS = 40000

TIME TAKEN = 393.68980 ms
Run 2

 HYBRID IMPLEMENTATION 1
--------------------------------------------------------------

Index  | Call Model | Call Actual | Put Model  | Put Actual
--------------------------------------------------------------
0      | 48.4368    | 51.7000    | 29.9947    | 29.6500   
1      | 50.4347    | 53.6500    | 26.5055    | 27.3750   
2      | 52.2840    | 56.4000    | 23.6946    | 25.3500   
3      | 54.3309    | 59.9750    | 20.6928    | 23.2750   
4      | 56.3067    | 63.1750    | 17.9220    | 21.2000   
5      | 57.9638    | 66.3250    | 15.8939    | 19.5250   
6      | 59.5591    | 69.7250    | 13.8766    | 17.7500   
7      | 60.8941    | 72.9000    | 12.1464    | 16.1500   
8      | 43.3156    | 48.7500    | 33.5832    | 31.9000   
9      | 45.1757    | 46.3750    | 37.6817    | 34.3250   

PSTEPS = 140, TSTEPS = 40000

TIME TAKEN = 373.83855 ms
Run 3

 HYBRID IMPLEMENTATION 1
--------------------------------------------------------------

Index  | Call Model | Call Actual | Put Model  | Put Actual
--------------------------------------------------------------
0      | 49.1964    | 51.7000    | 29.9947    | 29.6500   
1      | 50.4340    | 53.6500    | 26.5055    | 27.3750   
2      | 51.9609    | 56.4000    | 23.6946    | 25.3500   
3      | 54.5100    | 59.9750    | 20.6928    | 23.2750   
4      | 56.3067    | 63.1750    | 17.9220    | 21.2000   
5      | 57.9638    | 66.3250    | 15.8939    | 19.5250   
6      | 59.5591    | 69.7250    | 13.8766    | 17.7500   
7      | 60.8941    | 72.9000    | 12.1464    | 16.1500   
8      | 47.0183    | 48.7500    | 33.5832    | 31.9000   
9      | 45.1438    | 46.3750    | 37.6817    | 34.3250   

PSTEPS = 140, TSTEPS = 40000

TIME TAKEN = 382.82186 ms
Run 4

 HYBRID IMPLEMENTATION 1
--------------------------------------------------------------

Index  | Call Model | Call Actual | Put Model  | Put Actual
--------------------------------------------------------------
0      | 48.2315    | 51.7000    | 29.9947    | 29.6500   
1      | 50.4373    | 53.6500    | 26.5055    | 27.3750   
2      | 52.2840    | 56.4000    | 23.6946    | 25.3500   
3      | 54.5067    | 59.9750    | 20.6928    | 23.2750   
4      | 56.3067    | 63.1750    | 17.9220    | 21.2000   
5      | 57.9638    | 66.3250    | 15.8939    | 19.5250   
6      | 59.5591    | 69.7250    | 13.8766    | 17.7500   
7      | 60.8941    | 72.9000    | 12.1464    | 16.1500   
8      | 43.3155    | 48.7500    | 33.5832    | 31.9000   
9      | 45.1757    | 46.3750    | 37.6817    | 34.3250   

PSTEPS = 140, TSTEPS = 40000

TIME TAKEN = 386.40296 ms
Run 5

 HYBRID IMPLEMENTATION 1
--------------------------------------------------------------

Index  | Call Model | Call Actual | Put Model  | Put Actual
--------------------------------------------------------------
0      | 49.1964    | 51.7000    | 29.9947    | 29.6500   
1      | 49.9707    | 53.6500    | 26.5055    | 27.3750   
2      | 52.2831    | 56.4000    | 23.6946    | 25.3500   
3      | 54.5111    | 59.9750    | 20.6928    | 23.2750   
4      | 56.3067    | 63.1750    | 17.9220    | 21.2000   
5      | 57.9638    | 66.3250    | 15.8939    | 19.5250   
6      | 59.5591    | 69.7250    | 13.8766    | 17.7500   
7      | 60.8941    | 72.9000    | 12.1464    | 16.1500   
8      | 43.3156    | 48.7500    | 33.5832    | 31.9000   
9      | 45.1757    | 46.3750    | 37.6817    | 34.3250   

PSTEPS = 140, TSTEPS = 40000

TIME TAKEN = 380.60343 ms
Run 6

 HYBRID IMPLEMENTATION 1
--------------------------------------------------------------

Index  | Call Model | Call Actual | Put Model  | Put Actual
--------------------------------------------------------------
0      | 48.8887    | 51.7000    | 29.9947    | 29.6500   
1      | 50.4373    | 53.6500    | 26.5055    | 27.3750   
2      | 52.2840    | 56.4000    | 23.6946    | 25.3500   
3      | 54.4568    | 59.9750    | 20.6928    | 23.2750   
4      | 56.3067    | 63.1750    | 17.9220    | 21.2000   
5      | 57.9638    | 66.3250    | 15.8939    | 19.5250   
6      | 59.5591    | 69.7250    | 13.8766    | 17.7500   
7      | 60.8941    | 72.9000    | 12.1464    | 16.1500   
8      | 47.0183    | 48.7500    | 33.5832    | 31.9000   
9      | 44.4129    | 46.3750    | 37.6817    | 34.3250   

PSTEPS = 140, TSTEPS = 40000

TIME TAKEN = 375.57785 ms
Run 7

 HYBRID IMPLEMENTATION 1
--------------------------------------------------------------

Index  | Call Model | Call Actual | Put Model  | Put Actual
--------------------------------------------------------------
0      | 49.1964    | 51.7000    | 29.9947    | 29.6500   
1      | 50.4373    | 53.6500    | 26.5055    | 27.3750   
2      | 51.3739    | 56.4000    | 23.6946    | 25.3500   
3      | 54.4607    | 59.9750    | 20.6928    | 23.2750   
4      | 56.3067    | 63.1750    | 17.9220    | 21.2000   
5      | 57.9638    | 66.3250    | 15.8939    | 19.5250   
6      | 59.5591    | 69.7250    | 13.8766    | 17.7500   
7      | 60.8941    | 72.9000    | 12.1464    | 16.1500   
8      | 43.3150    | 48.7500    | 33.5832    | 31.9000   
9      | 45.1757    | 46.3750    | 37.6817    | 34.3250   

PSTEPS = 140, TSTEPS = 40000

TIME TAKEN = 373.29240 ms
Run 8

 HYBRID IMPLEMENTATION 1
--------------------------------------------------------------

Index  | Call Model | Call Actual | Put Model  | Put Actual
--------------------------------------------------------------
0      | 49.1964    | 51.7000    | 29.9947    | 29.6500   
1      | 50.4373    | 53.6500    | 26.5055    | 27.3750   
2      | 51.5044    | 56.4000    | 23.6946    | 25.3500   
3      | 54.3698    | 59.9750    | 20.6928    | 23.2750   
4      | 56.3067    | 63.1750    | 17.9220    | 21.2000   
5      | 57.9638    | 66.3250    | 15.8939    | 19.5250   
6      | 59.5591    | 69.7250    | 13.8766    | 17.7500   
7      | 60.8941    | 72.9000    | 12.1464    | 16.1500   
8      | 43.3153    | 48.7500    | 33.5832    | 31.9000   
9      | 45.1757    | 46.3750    | 37.6817    | 34.3250   

PSTEPS = 140, TSTEPS = 40000

TIME TAKEN = 369.40094 ms
Run 9

 HYBRID IMPLEMENTATION 1
--------------------------------------------------------------

Index  | Call Model | Call Actual | Put Model  | Put Actual
--------------------------------------------------------------
0      | 49.1964    | 51.7000    | 29.9947    | 29.6500   
1      | 50.4373    | 53.6500    | 26.5055    | 27.3750   
2      | 52.2840    | 56.4000    | 23.6946    | 25.3500   
3      | 53.6046    | 59.9750    | 20.6928    | 23.2750   
4      | 56.3067    | 63.1750    | 17.9220    | 21.2000   
5      | 57.9638    | 66.3250    | 15.8939    | 19.5250   
6      | 59.5591    | 69.7250    | 13.8766    | 17.7500   
7      | 60.8941    | 72.9000    | 12.1464    | 16.1500   
8      | 43.3150    | 48.7500    | 33.5832    | 31.9000   
9      | 42.9095    | 46.3750    | 37.6817    | 34.3250   

PSTEPS = 140, TSTEPS = 40000

TIME TAKEN = 386.18404 ms
Run 10

 HYBRID IMPLEMENTATION 1
--------------------------------------------------------------

Index  | Call Model | Call Actual | Put Model  | Put Actual
--------------------------------------------------------------
0      | 49.1668    | 51.7000    | 29.9947    | 29.6500   
1      | 50.1045    | 53.6500    | 26.5055    | 27.3750   
2      | 52.1995    | 56.4000    | 23.6946    | 25.3500   
3      | 53.9684    | 59.9750    | 20.6928    | 23.2750   
4      | 56.3067    | 63.1750    | 17.9220    | 21.2000   
5      | 57.9638    | 66.3250    | 15.8939    | 19.5250   
6      | 59.5591    | 69.7250    | 13.8766    | 17.7500   
7      | 60.8941    | 72.9000    | 12.1464    | 16.1500   
8      | 43.2882    | 48.7500    | 33.5832    | 31.9000   
9      | 45.1757    | 46.3750    | 37.6817    | 34.3250   

PSTEPS = 140, TSTEPS = 40000

TIME TAKEN = 381.38731 ms
