Benchmarking: black_scholes_hybrid1 with p=140, t=10000
Run 1

 HYBRID IMPLEMENTATION 1
--------------------------------------------------------------

Index  | Call Model | Call Actual | Put Model  | Put Actual
--------------------------------------------------------------
0      | 49.1968    | 51.7000    | 29.9950    | 29.6500   
1      | 50.4377    | 53.6500    | 26.5058    | 27.3750   
2      | 52.2845    | 56.4000    | 23.6950    | 25.3500   
3      | 54.1847    | 59.9750    | 20.6932    | 23.2750   
4      | 56.3072    | 63.1750    | 17.9224    | 21.2000   
5      | 57.9642    | 66.3250    | 15.8943    | 19.5250   
6      | 59.5595    | 69.7250    | 13.8770    | 17.7500   
7      | 60.8944    | 72.9000    | 12.1468    | 16.1500   
8      | 47.0187    | 48.7500    | 33.5834    | 31.9000   
9      | 45.1761    | 46.3750    | 37.6818    | 34.3250   

PSTEPS = 140, TSTEPS = 10000

TIME TAKEN = 290.37460 ms
Run 2

 HYBRID IMPLEMENTATION 1
--------------------------------------------------------------

Index  | Call Model | Call Actual | Put Model  | Put Actual
--------------------------------------------------------------
0      | 49.1968    | 51.7000    | 29.9950    | 29.6500   
1      | 50.4377    | 53.6500    | 26.5058    | 27.3750   
2      | 52.2845    | 56.4000    | 23.6950    | 25.3500   
3      | 54.5140    | 59.9750    | 20.6932    | 23.2750   
4      | 56.3072    | 63.1750    | 17.9224    | 21.2000   
5      | 57.9642    | 66.3250    | 15.8943    | 19.5250   
6      | 59.5595    | 69.7250    | 13.8770    | 17.7500   
7      | 60.8944    | 72.9000    | 12.1468    | 16.1500   
8      | 47.0187    | 48.7500    | 33.5834    | 31.9000   
9      | 45.1761    | 46.3750    | 37.6818    | 34.3250   

PSTEPS = 140, TSTEPS = 10000

TIME TAKEN = 269.65435 ms
Run 3

 HYBRID IMPLEMENTATION 1
--------------------------------------------------------------

Index  | Call Model | Call Actual | Put Model  | Put Actual
--------------------------------------------------------------
0      | 49.1968    | 51.7000    | 29.9950    | 29.6500   
1      | 50.4377    | 53.6500    | 26.5058    | 27.3750   
2      | 52.2845    | 56.4000    | 23.6950    | 25.3500   
3      | 54.5137    | 59.9750    | 20.6932    | 23.2750   
4      | 56.3072    | 63.1750    | 17.9224    | 21.2000   
5      | 57.9642    | 66.3250    | 15.8943    | 19.5250   
6      | 59.5595    | 69.7250    | 13.8770    | 17.7500   
7      | 60.8944    | 72.9000    | 12.1468    | 16.1500   
8      | 47.0187    | 48.7500    | 33.5834    | 31.9000   
9      | 45.1761    | 46.3750    | 37.6818    | 34.3250   

PSTEPS = 140, TSTEPS = 10000

TIME TAKEN = 262.92069 ms
Run 4

 HYBRID IMPLEMENTATION 1
--------------------------------------------------------------

Index  | Call Model | Call Actual | Put Model  | Put Actual
--------------------------------------------------------------
0      | 49.1968    | 51.7000    | 29.9950    | 29.6500   
1      | 50.4377    | 53.6500    | 26.5058    | 27.3750   
2      | 52.2845    | 56.4000    | 23.6950    | 25.3500   
3      | 54.5140    | 59.9750    | 20.6932    | 23.2750   
4      | 56.3072    | 63.1750    | 17.9224    | 21.2000   
5      | 57.9642    | 66.3250    | 15.8943    | 19.5250   
6      | 59.5595    | 69.7250    | 13.8770    | 17.7500   
7      | 60.8944    | 72.9000    | 12.1468    | 16.1500   
8      | 47.0187    | 48.7500    | 33.5834    | 31.9000   
9      | 45.1761    | 46.3750    | 37.6818    | 34.3250   

PSTEPS = 140, TSTEPS = 10000

TIME TAKEN = 255.45359 ms
Run 5

 HYBRID IMPLEMENTATION 1
--------------------------------------------------------------

Index  | Call Model | Call Actual | Put Model  | Put Actual
--------------------------------------------------------------
0      | 49.1968    | 51.7000    | 29.9950    | 29.6500   
1      | 50.4377    | 53.6500    | 26.5058    | 27.3750   
2      | 52.2845    | 56.4000    | 23.6950    | 25.3500   
3      | 54.5140    | 59.9750    | 20.6932    | 23.2750   
4      | 56.3072    | 63.1750    | 17.9224    | 21.2000   
5      | 57.9642    | 66.3250    | 15.8943    | 19.5250   
6      | 59.5595    | 69.7250    | 13.8770    | 17.7500   
7      | 60.8944    | 72.9000    | 12.1468    | 16.1500   
8      | 47.0187    | 48.7500    | 33.5834    | 31.9000   
9      | 45.1761    | 46.3750    | 37.6818    | 34.3250   

PSTEPS = 140, TSTEPS = 10000

TIME TAKEN = 270.63493 ms
Run 6

 HYBRID IMPLEMENTATION 1
--------------------------------------------------------------

Index  | Call Model | Call Actual | Put Model  | Put Actual
--------------------------------------------------------------
0      | 49.1968    | 51.7000    | 29.9950    | 29.6500   
1      | 50.4377    | 53.6500    | 26.5058    | 27.3750   
2      | 52.2844    | 56.4000    | 23.6950    | 25.3500   
3      | 54.5140    | 59.9750    | 20.6932    | 23.2750   
4      | 56.3072    | 63.1750    | 17.9224    | 21.2000   
5      | 57.9642    | 66.3250    | 15.8943    | 19.5250   
6      | 59.5595    | 69.7250    | 13.8770    | 17.7500   
7      | 60.8944    | 72.9000    | 12.1468    | 16.1500   
8      | 47.0187    | 48.7500    | 33.5834    | 31.9000   
9      | 45.1761    | 46.3750    | 37.6818    | 34.3250   

PSTEPS = 140, TSTEPS = 10000

TIME TAKEN = 300.44091 ms
Run 7

 HYBRID IMPLEMENTATION 1
--------------------------------------------------------------

Index  | Call Model | Call Actual | Put Model  | Put Actual
--------------------------------------------------------------
0      | 49.1968    | 51.7000    | 29.9950    | 29.6500   
1      | 50.4377    | 53.6500    | 26.5058    | 27.3750   
2      | 52.2834    | 56.4000    | 23.6950    | 25.3500   
3      | 54.2060    | 59.9750    | 20.6932    | 23.2750   
4      | 56.3072    | 63.1750    | 17.9224    | 21.2000   
5      | 57.9642    | 66.3250    | 15.8943    | 19.5250   
6      | 59.5595    | 69.7250    | 13.8770    | 17.7500   
7      | 60.8944    | 72.9000    | 12.1468    | 16.1500   
8      | 47.0187    | 48.7500    | 33.5834    | 31.9000   
9      | 45.1761    | 46.3750    | 37.6818    | 34.3250   

PSTEPS = 140, TSTEPS = 10000

TIME TAKEN = 268.71721 ms
Run 8

 HYBRID IMPLEMENTATION 1
--------------------------------------------------------------

Index  | Call Model | Call Actual | Put Model  | Put Actual
--------------------------------------------------------------
0      | 49.1922    | 51.7000    | 29.9950    | 29.6500   
1      | 50.4377    | 53.6500    | 26.5058    | 27.3750   
2      | 52.2845    | 56.4000    | 23.6950    | 25.3500   
3      | 54.5140    | 59.9750    | 20.6932    | 23.2750   
4      | 56.3072    | 63.1750    | 17.9224    | 21.2000   
5      | 57.9642    | 66.3250    | 15.8943    | 19.5250   
6      | 59.5595    | 69.7250    | 13.8770    | 17.7500   
7      | 60.8944    | 72.9000    | 12.1468    | 16.1500   
8      | 47.0187    | 48.7500    | 33.5834    | 31.9000   
9      | 45.1761    | 46.3750    | 37.6818    | 34.3250   

PSTEPS = 140, TSTEPS = 10000

TIME TAKEN = 268.88345 ms
Run 9

 HYBRID IMPLEMENTATION 1
--------------------------------------------------------------

Index  | Call Model | Call Actual | Put Model  | Put Actual
--------------------------------------------------------------
0      | 49.1968    | 51.7000    | 29.9950    | 29.6500   
1      | 50.4377    | 53.6500    | 26.5058    | 27.3750   
2      | 52.2845    | 56.4000    | 23.6950    | 25.3500   
3      | 54.5140    | 59.9750    | 20.6932    | 23.2750   
4      | 56.3072    | 63.1750    | 17.9224    | 21.2000   
5      | 57.9642    | 66.3250    | 15.8943    | 19.5250   
6      | 59.5595    | 69.7250    | 13.8770    | 17.7500   
7      | 60.8944    | 72.9000    | 12.1468    | 16.1500   
8      | 47.0187    | 48.7500    | 33.5834    | 31.9000   
9      | 45.1761    | 46.3750    | 37.6818    | 34.3250   

PSTEPS = 140, TSTEPS = 10000

TIME TAKEN = 260.92273 ms
Run 10

 HYBRID IMPLEMENTATION 1
--------------------------------------------------------------

Index  | Call Model | Call Actual | Put Model  | Put Actual
--------------------------------------------------------------
0      | 49.1968    | 51.7000    | 29.9950    | 29.6500   
1      | 50.4377    | 53.6500    | 26.5058    | 27.3750   
2      | 52.2845    | 56.4000    | 23.6950    | 25.3500   
3      | 54.1544    | 59.9750    | 20.6932    | 23.2750   
4      | 56.3072    | 63.1750    | 17.9224    | 21.2000   
5      | 57.9642    | 66.3250    | 15.8943    | 19.5250   
6      | 59.5595    | 69.7250    | 13.8770    | 17.7500   
7      | 60.8944    | 72.9000    | 12.1468    | 16.1500   
8      | 47.0187    | 48.7500    | 33.5834    | 31.9000   
9      | 45.1761    | 46.3750    | 37.6818    | 34.3250   

PSTEPS = 140, TSTEPS = 10000

TIME TAKEN = 271.62574 ms
