Benchmarking: black_scholes_hybrid1 with p=20, t=10000
Run 1

 HYBRID IMPLEMENTATION 1
--------------------------------------------------------------

Index  | Call Model | Call Actual | Put Model  | Put Actual
--------------------------------------------------------------
0      | 45.0880    | 51.7000    | 35.1067    | 29.6500   
1      | 45.2915    | 53.6500    | 31.8386    | 27.3750   
2      | 45.9657    | 56.4000    | 29.1416    | 25.3500   
3      | 46.8979    | 59.9750    | 26.1174    | 23.2750   
4      | 47.7941    | 63.1750    | 23.5901    | 21.2000   
5      | 48.6775    | 66.3250    | 21.8516    | 19.5250   
6      | 49.4045    | 69.7250    | 19.9655    | 17.7500   
7      | 49.8332    | 72.9000    | 18.2353    | 16.1500   
8      | 43.9261    | 48.7500    | 38.2337    | 31.9000   
9      | 42.9445    | 46.3750    | 41.7019    | 34.3250   

PSTEPS = 20, TSTEPS = 10000

TIME TAKEN = 265.50727 ms
Run 2

 HYBRID IMPLEMENTATION 1
--------------------------------------------------------------

Index  | Call Model | Call Actual | Put Model  | Put Actual
--------------------------------------------------------------
0      | 45.0880    | 51.7000    | 35.1067    | 29.6500   
1      | 45.2915    | 53.6500    | 31.8386    | 27.3750   
2      | 45.9657    | 56.4000    | 29.1416    | 25.3500   
3      | 46.8979    | 59.9750    | 26.1174    | 23.2750   
4      | 47.7941    | 63.1750    | 23.5901    | 21.2000   
5      | 48.6775    | 66.3250    | 21.8516    | 19.5250   
6      | 49.4045    | 69.7250    | 19.9655    | 17.7500   
7      | 49.8332    | 72.9000    | 18.2353    | 16.1500   
8      | 43.9261    | 48.7500    | 38.2337    | 31.9000   
9      | 42.9445    | 46.3750    | 41.7019    | 34.3250   

PSTEPS = 20, TSTEPS = 10000

TIME TAKEN = 245.44498 ms
Run 3

 HYBRID IMPLEMENTATION 1
--------------------------------------------------------------

Index  | Call Model | Call Actual | Put Model  | Put Actual
--------------------------------------------------------------
0      | 45.0880    | 51.7000    | 35.1067    | 29.6500   
1      | 45.2915    | 53.6500    | 31.8386    | 27.3750   
2      | 45.9657    | 56.4000    | 29.1416    | 25.3500   
3      | 46.8979    | 59.9750    | 26.1174    | 23.2750   
4      | 47.7941    | 63.1750    | 23.5901    | 21.2000   
5      | 48.6775    | 66.3250    | 21.8516    | 19.5250   
6      | 49.4045    | 69.7250    | 19.9655    | 17.7500   
7      | 49.8332    | 72.9000    | 18.2353    | 16.1500   
8      | 43.9261    | 48.7500    | 38.2337    | 31.9000   
9      | 42.9445    | 46.3750    | 41.7019    | 34.3250   

PSTEPS = 20, TSTEPS = 10000

TIME TAKEN = 219.09708 ms
Run 4

 HYBRID IMPLEMENTATION 1
--------------------------------------------------------------

Index  | Call Model | Call Actual | Put Model  | Put Actual
--------------------------------------------------------------
0      | 45.0880    | 51.7000    | 35.1067    | 29.6500   
1      | 45.2915    | 53.6500    | 31.8386    | 27.3750   
2      | 45.9657    | 56.4000    | 29.1416    | 25.3500   
3      | 46.8979    | 59.9750    | 26.1174    | 23.2750   
4      | 47.7941    | 63.1750    | 23.5901    | 21.2000   
5      | 48.6775    | 66.3250    | 21.8516    | 19.5250   
6      | 49.4045    | 69.7250    | 19.9655    | 17.7500   
7      | 49.8332    | 72.9000    | 18.2353    | 16.1500   
8      | 43.9261    | 48.7500    | 38.2337    | 31.9000   
9      | 42.9445    | 46.3750    | 41.7019    | 34.3250   

PSTEPS = 20, TSTEPS = 10000

TIME TAKEN = 229.27652 ms
Run 5

 HYBRID IMPLEMENTATION 1
--------------------------------------------------------------

Index  | Call Model | Call Actual | Put Model  | Put Actual
--------------------------------------------------------------
0      | 45.0880    | 51.7000    | 35.1067    | 29.6500   
1      | 45.2915    | 53.6500    | 31.8386    | 27.3750   
2      | 45.9657    | 56.4000    | 29.1416    | 25.3500   
3      | 46.8979    | 59.9750    | 26.1174    | 23.2750   
4      | 47.7941    | 63.1750    | 23.5901    | 21.2000   
5      | 48.6775    | 66.3250    | 21.8516    | 19.5250   
6      | 49.4045    | 69.7250    | 19.9655    | 17.7500   
7      | 49.8332    | 72.9000    | 18.2353    | 16.1500   
8      | 43.9261    | 48.7500    | 38.2337    | 31.9000   
9      | 42.9445    | 46.3750    | 41.7019    | 34.3250   

PSTEPS = 20, TSTEPS = 10000

TIME TAKEN = 230.95983 ms
Run 6

 HYBRID IMPLEMENTATION 1
--------------------------------------------------------------

Index  | Call Model | Call Actual | Put Model  | Put Actual
--------------------------------------------------------------
0      | 45.0880    | 51.7000    | 35.1067    | 29.6500   
1      | 45.2915    | 53.6500    | 31.8386    | 27.3750   
2      | 45.9657    | 56.4000    | 29.1416    | 25.3500   
3      | 46.8979    | 59.9750    | 26.1174    | 23.2750   
4      | 47.7941    | 63.1750    | 23.5901    | 21.2000   
5      | 48.6775    | 66.3250    | 21.8516    | 19.5250   
6      | 49.4045    | 69.7250    | 19.9655    | 17.7500   
7      | 49.8332    | 72.9000    | 18.2353    | 16.1500   
8      | 43.9261    | 48.7500    | 38.2337    | 31.9000   
9      | 42.9445    | 46.3750    | 41.7019    | 34.3250   

PSTEPS = 20, TSTEPS = 10000

TIME TAKEN = 231.70405 ms
Run 7

 HYBRID IMPLEMENTATION 1
--------------------------------------------------------------

Index  | Call Model | Call Actual | Put Model  | Put Actual
--------------------------------------------------------------
0      | 45.0880    | 51.7000    | 35.1067    | 29.6500   
1      | 45.2915    | 53.6500    | 31.8386    | 27.3750   
2      | 45.9657    | 56.4000    | 29.1416    | 25.3500   
3      | 46.8979    | 59.9750    | 26.1174    | 23.2750   
4      | 47.7941    | 63.1750    | 23.5901    | 21.2000   
5      | 48.6775    | 66.3250    | 21.8516    | 19.5250   
6      | 49.4045    | 69.7250    | 19.9655    | 17.7500   
7      | 49.8332    | 72.9000    | 18.2353    | 16.1500   
8      | 43.9261    | 48.7500    | 38.2337    | 31.9000   
9      | 42.9445    | 46.3750    | 41.7019    | 34.3250   

PSTEPS = 20, TSTEPS = 10000

TIME TAKEN = 242.34665 ms
Run 8

 HYBRID IMPLEMENTATION 1
--------------------------------------------------------------

Index  | Call Model | Call Actual | Put Model  | Put Actual
--------------------------------------------------------------
0      | 45.0880    | 51.7000    | 35.1067    | 29.6500   
1      | 45.2915    | 53.6500    | 31.8386    | 27.3750   
2      | 45.9657    | 56.4000    | 29.1416    | 25.3500   
3      | 46.8979    | 59.9750    | 26.1174    | 23.2750   
4      | 47.7941    | 63.1750    | 23.5901    | 21.2000   
5      | 48.6775    | 66.3250    | 21.8516    | 19.5250   
6      | 49.4045    | 69.7250    | 19.9655    | 17.7500   
7      | 49.8332    | 72.9000    | 18.2353    | 16.1500   
8      | 43.9261    | 48.7500    | 38.2337    | 31.9000   
9      | 42.9445    | 46.3750    | 41.7019    | 34.3250   

PSTEPS = 20, TSTEPS = 10000

TIME TAKEN = 244.98018 ms
Run 9

 HYBRID IMPLEMENTATION 1
--------------------------------------------------------------

Index  | Call Model | Call Actual | Put Model  | Put Actual
--------------------------------------------------------------
0      | 45.0880    | 51.7000    | 35.1067    | 29.6500   
1      | 45.2915    | 53.6500    | 31.8386    | 27.3750   
2      | 45.9657    | 56.4000    | 29.1416    | 25.3500   
3      | 46.8979    | 59.9750    | 26.1174    | 23.2750   
4      | 47.7941    | 63.1750    | 23.5901    | 21.2000   
5      | 48.6775    | 66.3250    | 21.8516    | 19.5250   
6      | 49.4045    | 69.7250    | 19.9655    | 17.7500   
7      | 49.8332    | 72.9000    | 18.2353    | 16.1500   
8      | 43.9261    | 48.7500    | 38.2337    | 31.9000   
9      | 42.9445    | 46.3750    | 41.7019    | 34.3250   

PSTEPS = 20, TSTEPS = 10000

TIME TAKEN = 230.94473 ms
Run 10

 HYBRID IMPLEMENTATION 1
--------------------------------------------------------------

Index  | Call Model | Call Actual | Put Model  | Put Actual
--------------------------------------------------------------
0      | 45.0880    | 51.7000    | 35.1067    | 29.6500   
1      | 45.2915    | 53.6500    | 31.8386    | 27.3750   
2      | 45.9657    | 56.4000    | 29.1416    | 25.3500   
3      | 46.8979    | 59.9750    | 26.1174    | 23.2750   
4      | 47.7941    | 63.1750    | 23.5901    | 21.2000   
5      | 48.6775    | 66.3250    | 21.8516    | 19.5250   
6      | 49.4045    | 69.7250    | 19.9655    | 17.7500   
7      | 49.8332    | 72.9000    | 18.2353    | 16.1500   
8      | 43.9261    | 48.7500    | 38.2337    | 31.9000   
9      | 42.9445    | 46.3750    | 41.7019    | 34.3250   

PSTEPS = 20, TSTEPS = 10000

TIME TAKEN = 237.19515 ms
