Benchmarking: black_scholes_gpu with p=140, t=100000
Run 1

 GPU ACCELERATED IMPLEMENTATION
--------------------------------------------------------------

Index  | Call Model | Call Actual | Put Model  | Put Actual
--------------------------------------------------------------
0      | 49.1963    | 51.7000    | 29.9946    | 29.6500   
1      | 50.4372    | 53.6500    | 26.5054    | 27.3750   
2      | 52.2839    | 56.4000    | 23.6946    | 25.3500   
3      | 54.5134    | 59.9750    | 20.6928    | 23.2750   
4      | 56.3066    | 63.1750    | 17.9220    | 21.2000   
5      | 57.9637    | 66.3250    | 15.8938    | 19.5250   
6      | 59.5591    | 69.7250    | 13.8765    | 17.7500   
7      | 60.8940    | 72.9000    | 12.1464    | 16.1500   
8      | 47.0182    | 48.7500    | 33.5832    | 31.9000   
9      | 45.1756    | 46.3750    | 37.6816    | 34.3250   

PSTEPS = 140, TSTEPS = 100000

TIME TAKEN = 336.80018 ms
Run 2

 GPU ACCELERATED IMPLEMENTATION
--------------------------------------------------------------

Index  | Call Model | Call Actual | Put Model  | Put Actual
--------------------------------------------------------------
0      | 49.1963    | 51.7000    | 29.9946    | 29.6500   
1      | 50.4372    | 53.6500    | 26.5054    | 27.3750   
2      | 52.2839    | 56.4000    | 23.6946    | 25.3500   
3      | 54.5134    | 59.9750    | 20.6928    | 23.2750   
4      | 56.3066    | 63.1750    | 17.9220    | 21.2000   
5      | 57.9637    | 66.3250    | 15.8938    | 19.5250   
6      | 59.5591    | 69.7250    | 13.8765    | 17.7500   
7      | 60.8940    | 72.9000    | 12.1464    | 16.1500   
8      | 47.0182    | 48.7500    | 33.5832    | 31.9000   
9      | 45.1756    | 46.3750    | 37.6816    | 34.3250   

PSTEPS = 140, TSTEPS = 100000

TIME TAKEN = 317.46479 ms
Run 3

 GPU ACCELERATED IMPLEMENTATION
--------------------------------------------------------------

Index  | Call Model | Call Actual | Put Model  | Put Actual
--------------------------------------------------------------
0      | 49.1963    | 51.7000    | 29.9946    | 29.6500   
1      | 50.4372    | 53.6500    | 26.5054    | 27.3750   
2      | 52.2839    | 56.4000    | 23.6946    | 25.3500   
3      | 54.5134    | 59.9750    | 20.6928    | 23.2750   
4      | 56.3066    | 63.1750    | 17.9220    | 21.2000   
5      | 57.9637    | 66.3250    | 15.8938    | 19.5250   
6      | 59.5591    | 69.7250    | 13.8765    | 17.7500   
7      | 60.8940    | 72.9000    | 12.1464    | 16.1500   
8      | 47.0182    | 48.7500    | 33.5832    | 31.9000   
9      | 45.1756    | 46.3750    | 37.6816    | 34.3250   

PSTEPS = 140, TSTEPS = 100000

TIME TAKEN = 340.91928 ms
Run 4

 GPU ACCELERATED IMPLEMENTATION
--------------------------------------------------------------

Index  | Call Model | Call Actual | Put Model  | Put Actual
--------------------------------------------------------------
0      | 49.1963    | 51.7000    | 29.9946    | 29.6500   
1      | 50.4372    | 53.6500    | 26.5054    | 27.3750   
2      | 52.2839    | 56.4000    | 23.6946    | 25.3500   
3      | 54.5134    | 59.9750    | 20.6928    | 23.2750   
4      | 56.3066    | 63.1750    | 17.9220    | 21.2000   
5      | 57.9637    | 66.3250    | 15.8938    | 19.5250   
6      | 59.5591    | 69.7250    | 13.8765    | 17.7500   
7      | 60.8940    | 72.9000    | 12.1464    | 16.1500   
8      | 47.0182    | 48.7500    | 33.5832    | 31.9000   
9      | 45.1756    | 46.3750    | 37.6816    | 34.3250   

PSTEPS = 140, TSTEPS = 100000

TIME TAKEN = 320.96553 ms
Run 5

 GPU ACCELERATED IMPLEMENTATION
--------------------------------------------------------------

Index  | Call Model | Call Actual | Put Model  | Put Actual
--------------------------------------------------------------
0      | 49.1963    | 51.7000    | 29.9946    | 29.6500   
1      | 50.4372    | 53.6500    | 26.5054    | 27.3750   
2      | 52.2839    | 56.4000    | 23.6946    | 25.3500   
3      | 54.5134    | 59.9750    | 20.6928    | 23.2750   
4      | 56.3066    | 63.1750    | 17.9220    | 21.2000   
5      | 57.9637    | 66.3250    | 15.8938    | 19.5250   
6      | 59.5591    | 69.7250    | 13.8765    | 17.7500   
7      | 60.8940    | 72.9000    | 12.1464    | 16.1500   
8      | 47.0182    | 48.7500    | 33.5832    | 31.9000   
9      | 45.1756    | 46.3750    | 37.6816    | 34.3250   

PSTEPS = 140, TSTEPS = 100000

TIME TAKEN = 305.66921 ms
Run 6

 GPU ACCELERATED IMPLEMENTATION
--------------------------------------------------------------

Index  | Call Model | Call Actual | Put Model  | Put Actual
--------------------------------------------------------------
0      | 49.1963    | 51.7000    | 29.9946    | 29.6500   
1      | 50.4372    | 53.6500    | 26.5054    | 27.3750   
2      | 52.2839    | 56.4000    | 23.6946    | 25.3500   
3      | 54.5134    | 59.9750    | 20.6928    | 23.2750   
4      | 56.3066    | 63.1750    | 17.9220    | 21.2000   
5      | 57.9637    | 66.3250    | 15.8938    | 19.5250   
6      | 59.5591    | 69.7250    | 13.8765    | 17.7500   
7      | 60.8940    | 72.9000    | 12.1464    | 16.1500   
8      | 47.0182    | 48.7500    | 33.5832    | 31.9000   
9      | 45.1756    | 46.3750    | 37.6816    | 34.3250   

PSTEPS = 140, TSTEPS = 100000

TIME TAKEN = 321.60369 ms
Run 7

 GPU ACCELERATED IMPLEMENTATION
--------------------------------------------------------------

Index  | Call Model | Call Actual | Put Model  | Put Actual
--------------------------------------------------------------
0      | 49.1963    | 51.7000    | 29.9946    | 29.6500   
1      | 50.4372    | 53.6500    | 26.5054    | 27.3750   
2      | 52.2839    | 56.4000    | 23.6946    | 25.3500   
3      | 54.5134    | 59.9750    | 20.6928    | 23.2750   
4      | 56.3066    | 63.1750    | 17.9220    | 21.2000   
5      | 57.9637    | 66.3250    | 15.8938    | 19.5250   
6      | 59.5591    | 69.7250    | 13.8765    | 17.7500   
7      | 60.8940    | 72.9000    | 12.1464    | 16.1500   
8      | 47.0182    | 48.7500    | 33.5832    | 31.9000   
9      | 45.1756    | 46.3750    | 37.6816    | 34.3250   

PSTEPS = 140, TSTEPS = 100000

TIME TAKEN = 324.11915 ms
Run 8

 GPU ACCELERATED IMPLEMENTATION
--------------------------------------------------------------

Index  | Call Model | Call Actual | Put Model  | Put Actual
--------------------------------------------------------------
0      | 49.1963    | 51.7000    | 29.9946    | 29.6500   
1      | 50.4372    | 53.6500    | 26.5054    | 27.3750   
2      | 52.2839    | 56.4000    | 23.6946    | 25.3500   
3      | 54.5134    | 59.9750    | 20.6928    | 23.2750   
4      | 56.3066    | 63.1750    | 17.9220    | 21.2000   
5      | 57.9637    | 66.3250    | 15.8938    | 19.5250   
6      | 59.5591    | 69.7250    | 13.8765    | 17.7500   
7      | 60.8940    | 72.9000    | 12.1464    | 16.1500   
8      | 47.0182    | 48.7500    | 33.5832    | 31.9000   
9      | 45.1756    | 46.3750    | 37.6816    | 34.3250   

PSTEPS = 140, TSTEPS = 100000

TIME TAKEN = 326.28836 ms
Run 9

 GPU ACCELERATED IMPLEMENTATION
--------------------------------------------------------------

Index  | Call Model | Call Actual | Put Model  | Put Actual
--------------------------------------------------------------
0      | 49.1963    | 51.7000    | 29.9946    | 29.6500   
1      | 50.4372    | 53.6500    | 26.5054    | 27.3750   
2      | 52.2839    | 56.4000    | 23.6946    | 25.3500   
3      | 54.5134    | 59.9750    | 20.6928    | 23.2750   
4      | 56.3066    | 63.1750    | 17.9220    | 21.2000   
5      | 57.9637    | 66.3250    | 15.8938    | 19.5250   
6      | 59.5591    | 69.7250    | 13.8765    | 17.7500   
7      | 60.8940    | 72.9000    | 12.1464    | 16.1500   
8      | 47.0182    | 48.7500    | 33.5832    | 31.9000   
9      | 45.1756    | 46.3750    | 37.6816    | 34.3250   

PSTEPS = 140, TSTEPS = 100000

TIME TAKEN = 316.94898 ms
Run 10

 GPU ACCELERATED IMPLEMENTATION
--------------------------------------------------------------

Index  | Call Model | Call Actual | Put Model  | Put Actual
--------------------------------------------------------------
0      | 49.1963    | 51.7000    | 29.9946    | 29.6500   
1      | 50.4372    | 53.6500    | 26.5054    | 27.3750   
2      | 52.2839    | 56.4000    | 23.6946    | 25.3500   
3      | 54.5134    | 59.9750    | 20.6928    | 23.2750   
4      | 56.3066    | 63.1750    | 17.9220    | 21.2000   
5      | 57.9637    | 66.3250    | 15.8938    | 19.5250   
6      | 59.5591    | 69.7250    | 13.8765    | 17.7500   
7      | 60.8940    | 72.9000    | 12.1464    | 16.1500   
8      | 47.0182    | 48.7500    | 33.5832    | 31.9000   
9      | 45.1756    | 46.3750    | 37.6816    | 34.3250   

PSTEPS = 140, TSTEPS = 100000

TIME TAKEN = 330.10750 ms
