Benchmarking: black_scholes_cpu_acc with p=200, t=30000
Run 1

 CPU ACCELERATED IMPLEMENTATION
--------------------------------------------------------------

Index  | Call Model | Call Actual | Put Model  | Put Actual
--------------------------------------------------------------
0      | 51.3884    | 51.7000    | 28.5524    | 29.6500   
1      | 53.1441    | 53.6500    | 24.9000    | 27.3750   
2      | 55.5508    | 56.4000    | 21.9541    | 25.3500   
3      | 58.3781    | 59.9750    | 18.8547    | 23.2750   
4      | 60.7533    | 63.1750    | 16.0376    | 21.2000   
5      | 62.9778    | 66.3250    | 13.9870    | 19.5250   
6      | 65.1466    | 69.7250    | 11.9812    | 17.7500   
7      | 67.0320    | 72.9000    | 10.2836    | 16.1500   
8      | 48.6631    | 48.7500    | 32.3818    | 31.9000   
9      | 46.3003    | 46.3750    | 36.7511    | 34.3250   

PSTEPS = 200, TSTEPS = 30000

TIME TAKEN = 154.89388 ms
Run 2

 CPU ACCELERATED IMPLEMENTATION
--------------------------------------------------------------

Index  | Call Model | Call Actual | Put Model  | Put Actual
--------------------------------------------------------------
0      | 51.3884    | 51.7000    | 28.5524    | 29.6500   
1      | 53.1441    | 53.6500    | 24.9000    | 27.3750   
2      | 55.5508    | 56.4000    | 21.9541    | 25.3500   
3      | 58.3781    | 59.9750    | 18.8547    | 23.2750   
4      | 60.7533    | 63.1750    | 16.0376    | 21.2000   
5      | 62.9778    | 66.3250    | 13.9870    | 19.5250   
6      | 65.1466    | 69.7250    | 11.9812    | 17.7500   
7      | 67.0320    | 72.9000    | 10.2836    | 16.1500   
8      | 48.6631    | 48.7500    | 32.3818    | 31.9000   
9      | 46.3003    | 46.3750    | 36.7511    | 34.3250   

PSTEPS = 200, TSTEPS = 30000

TIME TAKEN = 154.81749 ms
Run 3

 CPU ACCELERATED IMPLEMENTATION
--------------------------------------------------------------

Index  | Call Model | Call Actual | Put Model  | Put Actual
--------------------------------------------------------------
0      | 51.3884    | 51.7000    | 28.5524    | 29.6500   
1      | 53.1441    | 53.6500    | 24.9000    | 27.3750   
2      | 55.5508    | 56.4000    | 21.9541    | 25.3500   
3      | 58.3781    | 59.9750    | 18.8547    | 23.2750   
4      | 60.7533    | 63.1750    | 16.0376    | 21.2000   
5      | 62.9778    | 66.3250    | 13.9870    | 19.5250   
6      | 65.1466    | 69.7250    | 11.9812    | 17.7500   
7      | 67.0320    | 72.9000    | 10.2836    | 16.1500   
8      | 48.6631    | 48.7500    | 32.3818    | 31.9000   
9      | 46.3003    | 46.3750    | 36.7511    | 34.3250   

PSTEPS = 200, TSTEPS = 30000

TIME TAKEN = 154.79043 ms
Run 4

 CPU ACCELERATED IMPLEMENTATION
--------------------------------------------------------------

Index  | Call Model | Call Actual | Put Model  | Put Actual
--------------------------------------------------------------
0      | 51.3884    | 51.7000    | 28.5524    | 29.6500   
1      | 53.1441    | 53.6500    | 24.9000    | 27.3750   
2      | 55.5508    | 56.4000    | 21.9541    | 25.3500   
3      | 58.3781    | 59.9750    | 18.8547    | 23.2750   
4      | 60.7533    | 63.1750    | 16.0376    | 21.2000   
5      | 62.9778    | 66.3250    | 13.9870    | 19.5250   
6      | 65.1466    | 69.7250    | 11.9812    | 17.7500   
7      | 67.0320    | 72.9000    | 10.2836    | 16.1500   
8      | 48.6631    | 48.7500    | 32.3818    | 31.9000   
9      | 46.3003    | 46.3750    | 36.7511    | 34.3250   

PSTEPS = 200, TSTEPS = 30000

TIME TAKEN = 154.79012 ms
Run 5

 CPU ACCELERATED IMPLEMENTATION
--------------------------------------------------------------

Index  | Call Model | Call Actual | Put Model  | Put Actual
--------------------------------------------------------------
0      | 51.3884    | 51.7000    | 28.5524    | 29.6500   
1      | 53.1441    | 53.6500    | 24.9000    | 27.3750   
2      | 55.5508    | 56.4000    | 21.9541    | 25.3500   
3      | 58.3781    | 59.9750    | 18.8547    | 23.2750   
4      | 60.7533    | 63.1750    | 16.0376    | 21.2000   
5      | 62.9778    | 66.3250    | 13.9870    | 19.5250   
6      | 65.1466    | 69.7250    | 11.9812    | 17.7500   
7      | 67.0320    | 72.9000    | 10.2836    | 16.1500   
8      | 48.6631    | 48.7500    | 32.3818    | 31.9000   
9      | 46.3003    | 46.3750    | 36.7511    | 34.3250   

PSTEPS = 200, TSTEPS = 30000

TIME TAKEN = 154.73061 ms
Run 6

 CPU ACCELERATED IMPLEMENTATION
--------------------------------------------------------------

Index  | Call Model | Call Actual | Put Model  | Put Actual
--------------------------------------------------------------
0      | 51.3884    | 51.7000    | 28.5524    | 29.6500   
1      | 53.1441    | 53.6500    | 24.9000    | 27.3750   
2      | 55.5508    | 56.4000    | 21.9541    | 25.3500   
3      | 58.3781    | 59.9750    | 18.8547    | 23.2750   
4      | 60.7533    | 63.1750    | 16.0376    | 21.2000   
5      | 62.9778    | 66.3250    | 13.9870    | 19.5250   
6      | 65.1466    | 69.7250    | 11.9812    | 17.7500   
7      | 67.0320    | 72.9000    | 10.2836    | 16.1500   
8      | 48.6631    | 48.7500    | 32.3818    | 31.9000   
9      | 46.3003    | 46.3750    | 36.7511    | 34.3250   

PSTEPS = 200, TSTEPS = 30000

TIME TAKEN = 154.73321 ms
Run 7

 CPU ACCELERATED IMPLEMENTATION
--------------------------------------------------------------

Index  | Call Model | Call Actual | Put Model  | Put Actual
--------------------------------------------------------------
0      | 51.3884    | 51.7000    | 28.5524    | 29.6500   
1      | 53.1441    | 53.6500    | 24.9000    | 27.3750   
2      | 55.5508    | 56.4000    | 21.9541    | 25.3500   
3      | 58.3781    | 59.9750    | 18.8547    | 23.2750   
4      | 60.7533    | 63.1750    | 16.0376    | 21.2000   
5      | 62.9778    | 66.3250    | 13.9870    | 19.5250   
6      | 65.1466    | 69.7250    | 11.9812    | 17.7500   
7      | 67.0320    | 72.9000    | 10.2836    | 16.1500   
8      | 48.6631    | 48.7500    | 32.3818    | 31.9000   
9      | 46.3003    | 46.3750    | 36.7511    | 34.3250   

PSTEPS = 200, TSTEPS = 30000

TIME TAKEN = 154.83482 ms
Run 8

 CPU ACCELERATED IMPLEMENTATION
--------------------------------------------------------------

Index  | Call Model | Call Actual | Put Model  | Put Actual
--------------------------------------------------------------
0      | 51.3884    | 51.7000    | 28.5524    | 29.6500   
1      | 53.1441    | 53.6500    | 24.9000    | 27.3750   
2      | 55.5508    | 56.4000    | 21.9541    | 25.3500   
3      | 58.3781    | 59.9750    | 18.8547    | 23.2750   
4      | 60.7533    | 63.1750    | 16.0376    | 21.2000   
5      | 62.9778    | 66.3250    | 13.9870    | 19.5250   
6      | 65.1466    | 69.7250    | 11.9812    | 17.7500   
7      | 67.0320    | 72.9000    | 10.2836    | 16.1500   
8      | 48.6631    | 48.7500    | 32.3818    | 31.9000   
9      | 46.3003    | 46.3750    | 36.7511    | 34.3250   

PSTEPS = 200, TSTEPS = 30000

TIME TAKEN = 154.80642 ms
Run 9

 CPU ACCELERATED IMPLEMENTATION
--------------------------------------------------------------

Index  | Call Model | Call Actual | Put Model  | Put Actual
--------------------------------------------------------------
0      | 51.3884    | 51.7000    | 28.5524    | 29.6500   
1      | 53.1441    | 53.6500    | 24.9000    | 27.3750   
2      | 55.5508    | 56.4000    | 21.9541    | 25.3500   
3      | 58.3781    | 59.9750    | 18.8547    | 23.2750   
4      | 60.7533    | 63.1750    | 16.0376    | 21.2000   
5      | 62.9778    | 66.3250    | 13.9870    | 19.5250   
6      | 65.1466    | 69.7250    | 11.9812    | 17.7500   
7      | 67.0320    | 72.9000    | 10.2836    | 16.1500   
8      | 48.6631    | 48.7500    | 32.3818    | 31.9000   
9      | 46.3003    | 46.3750    | 36.7511    | 34.3250   

PSTEPS = 200, TSTEPS = 30000

TIME TAKEN = 154.91205 ms
Run 10

 CPU ACCELERATED IMPLEMENTATION
--------------------------------------------------------------

Index  | Call Model | Call Actual | Put Model  | Put Actual
--------------------------------------------------------------
0      | 51.3884    | 51.7000    | 28.5524    | 29.6500   
1      | 53.1441    | 53.6500    | 24.9000    | 27.3750   
2      | 55.5508    | 56.4000    | 21.9541    | 25.3500   
3      | 58.3781    | 59.9750    | 18.8547    | 23.2750   
4      | 60.7533    | 63.1750    | 16.0376    | 21.2000   
5      | 62.9778    | 66.3250    | 13.9870    | 19.5250   
6      | 65.1466    | 69.7250    | 11.9812    | 17.7500   
7      | 67.0320    | 72.9000    | 10.2836    | 16.1500   
8      | 48.6631    | 48.7500    | 32.3818    | 31.9000   
9      | 46.3003    | 46.3750    | 36.7511    | 34.3250   

PSTEPS = 200, TSTEPS = 30000

TIME TAKEN = 154.90555 ms
