Benchmarking: black_scholes_hybrid1 with p=140, t=60000
Run 1

 HYBRID IMPLEMENTATION 1
--------------------------------------------------------------

Index  | Call Model | Call Actual | Put Model  | Put Actual
--------------------------------------------------------------
0      | 48.9882    | 51.7000    | 29.9947    | 29.6500   
1      | 50.4372    | 53.6500    | 26.5055    | 27.3750   
2      | 52.2840    | 56.4000    | 23.6946    | 25.3500   
3      | 54.4397    | 59.9750    | 20.6928    | 23.2750   
4      | 56.3067    | 63.1750    | 17.9220    | 21.2000   
5      | 57.9637    | 66.3250    | 15.8939    | 19.5250   
6      | 59.5591    | 69.7250    | 13.8765    | 17.7500   
7      | 60.8941    | 72.9000    | 12.1464    | 16.1500   
8      | 43.3139    | 48.7500    | 33.5832    | 31.9000   
9      | 45.1756    | 46.3750    | 37.6817    | 34.3250   

PSTEPS = 140, TSTEPS = 60000

TIME TAKEN = 489.02598 ms
Run 2

 HYBRID IMPLEMENTATION 1
--------------------------------------------------------------

Index  | Call Model | Call Actual | Put Model  | Put Actual
--------------------------------------------------------------
0      | 48.3716    | 51.7000    | 29.9947    | 29.6500   
1      | 50.4330    | 53.6500    | 26.5055    | 27.3750   
2      | 52.2840    | 56.4000    | 23.6946    | 25.3500   
3      | 54.5134    | 59.9750    | 20.6928    | 23.2750   
4      | 56.3067    | 63.1750    | 17.9220    | 21.2000   
5      | 57.9637    | 66.3250    | 15.8939    | 19.5250   
6      | 59.5591    | 69.7250    | 13.8765    | 17.7500   
7      | 60.8941    | 72.9000    | 12.1464    | 16.1500   
8      | 43.2262    | 48.7500    | 33.5832    | 31.9000   
9      | 45.1756    | 46.3750    | 37.6817    | 34.3250   

PSTEPS = 140, TSTEPS = 60000

TIME TAKEN = 490.06694 ms
Run 3

 HYBRID IMPLEMENTATION 1
--------------------------------------------------------------

Index  | Call Model | Call Actual | Put Model  | Put Actual
--------------------------------------------------------------
0      | 48.8684    | 51.7000    | 29.9947    | 29.6500   
1      | 50.4372    | 53.6500    | 26.5055    | 27.3750   
2      | 52.2840    | 56.4000    | 23.6946    | 25.3500   
3      | 54.5134    | 59.9750    | 20.6928    | 23.2750   
4      | 56.3067    | 63.1750    | 17.9220    | 21.2000   
5      | 57.9637    | 66.3250    | 15.8939    | 19.5250   
6      | 59.5591    | 69.7250    | 13.8765    | 17.7500   
7      | 59.4890    | 72.9000    | 12.1464    | 16.1500   
8      | 43.3141    | 48.7500    | 33.5832    | 31.9000   
9      | 45.1756    | 46.3750    | 37.6817    | 34.3250   

PSTEPS = 140, TSTEPS = 60000

TIME TAKEN = 490.84175 ms
Run 4

 HYBRID IMPLEMENTATION 1
--------------------------------------------------------------

Index  | Call Model | Call Actual | Put Model  | Put Actual
--------------------------------------------------------------
0      | 49.1963    | 51.7000    | 29.9947    | 29.6500   
1      | 50.4364    | 53.6500    | 26.5055    | 27.3750   
2      | 52.2840    | 56.4000    | 23.6946    | 25.3500   
3      | 54.1841    | 59.9750    | 20.6928    | 23.2750   
4      | 56.3067    | 63.1750    | 17.9220    | 21.2000   
5      | 57.9637    | 66.3250    | 15.8939    | 19.5250   
6      | 59.5591    | 69.7250    | 13.8765    | 17.7500   
7      | 60.8941    | 72.9000    | 12.1464    | 16.1500   
8      | 47.0182    | 48.7500    | 33.5832    | 31.9000   
9      | 45.0571    | 46.3750    | 37.6817    | 34.3250   

PSTEPS = 140, TSTEPS = 60000

TIME TAKEN = 489.48234 ms
Run 5

 HYBRID IMPLEMENTATION 1
--------------------------------------------------------------

Index  | Call Model | Call Actual | Put Model  | Put Actual
--------------------------------------------------------------
0      | 49.1963    | 51.7000    | 29.9947    | 29.6500   
1      | 50.2298    | 53.6500    | 26.5055    | 27.3750   
2      | 52.2840    | 56.4000    | 23.6946    | 25.3500   
3      | 54.5134    | 59.9750    | 20.6928    | 23.2750   
4      | 56.3067    | 63.1750    | 17.9220    | 21.2000   
5      | 57.9637    | 66.3250    | 15.8939    | 19.5250   
6      | 59.5591    | 69.7250    | 13.8765    | 17.7500   
7      | 60.8941    | 72.9000    | 12.1464    | 16.1500   
8      | 43.3141    | 48.7500    | 33.5832    | 31.9000   
9      | 45.1756    | 46.3750    | 37.6817    | 34.3250   

PSTEPS = 140, TSTEPS = 60000

TIME TAKEN = 505.21763 ms
Run 6

 HYBRID IMPLEMENTATION 1
--------------------------------------------------------------

Index  | Call Model | Call Actual | Put Model  | Put Actual
--------------------------------------------------------------
0      | 49.1963    | 51.7000    | 29.9947    | 29.6500   
1      | 50.4372    | 53.6500    | 26.5055    | 27.3750   
2      | 52.2840    | 56.4000    | 23.6946    | 25.3500   
3      | 54.5134    | 59.9750    | 20.6928    | 23.2750   
4      | 56.3067    | 63.1750    | 17.9220    | 21.2000   
5      | 57.9637    | 66.3250    | 15.8939    | 19.5250   
6      | 59.5591    | 69.7250    | 13.8765    | 17.7500   
7      | 60.8941    | 72.9000    | 12.1464    | 16.1500   
8      | 43.3143    | 48.7500    | 33.5832    | 31.9000   
9      | 45.1756    | 46.3750    | 37.6817    | 34.3250   

PSTEPS = 140, TSTEPS = 60000

TIME TAKEN = 491.56636 ms
Run 7

 HYBRID IMPLEMENTATION 1
--------------------------------------------------------------

Index  | Call Model | Call Actual | Put Model  | Put Actual
--------------------------------------------------------------
0      | 48.2472    | 51.7000    | 29.9947    | 29.6500   
1      | 50.4372    | 53.6500    | 26.5055    | 27.3750   
2      | 52.2840    | 56.4000    | 23.6946    | 25.3500   
3      | 53.4092    | 59.9750    | 20.6928    | 23.2750   
4      | 56.3067    | 63.1750    | 17.9220    | 21.2000   
5      | 57.9637    | 66.3250    | 15.8939    | 19.5250   
6      | 59.5591    | 69.7250    | 13.8765    | 17.7500   
7      | 60.8941    | 72.9000    | 12.1464    | 16.1500   
8      | 43.3141    | 48.7500    | 33.5832    | 31.9000   
9      | 45.0609    | 46.3750    | 37.6817    | 34.3250   

PSTEPS = 140, TSTEPS = 60000

TIME TAKEN = 485.03582 ms
Run 8

 HYBRID IMPLEMENTATION 1
--------------------------------------------------------------

Index  | Call Model | Call Actual | Put Model  | Put Actual
--------------------------------------------------------------
0      | 49.1962    | 51.7000    | 29.9947    | 29.6500   
1      | 50.4372    | 53.6500    | 26.5055    | 27.3750   
2      | 52.2840    | 56.4000    | 23.6946    | 25.3500   
3      | 54.5134    | 59.9750    | 20.6928    | 23.2750   
4      | 56.3067    | 63.1750    | 17.9220    | 21.2000   
5      | 57.9637    | 66.3250    | 15.8939    | 19.5250   
6      | 59.5591    | 69.7250    | 13.8765    | 17.7500   
7      | 55.3908    | 72.9000    | 12.1464    | 16.1500   
8      | 43.3142    | 48.7500    | 33.5832    | 31.9000   
9      | 45.1756    | 46.3750    | 37.6817    | 34.3250   

PSTEPS = 140, TSTEPS = 60000

TIME TAKEN = 481.22106 ms
Run 9

 HYBRID IMPLEMENTATION 1
--------------------------------------------------------------

Index  | Call Model | Call Actual | Put Model  | Put Actual
--------------------------------------------------------------
0      | 49.1963    | 51.7000    | 29.9947    | 29.6500   
1      | 50.4368    | 53.6500    | 26.5055    | 27.3750   
2      | 52.2840    | 56.4000    | 23.6946    | 25.3500   
3      | 54.4704    | 59.9750    | 20.6928    | 23.2750   
4      | 56.3067    | 63.1750    | 17.9220    | 21.2000   
5      | 57.9637    | 66.3250    | 15.8939    | 19.5250   
6      | 59.4028    | 69.7250    | 13.8765    | 17.7500   
7      | 60.8941    | 72.9000    | 12.1464    | 16.1500   
8      | 47.0150    | 48.7500    | 33.5832    | 31.9000   
9      | 45.1756    | 46.3750    | 37.6817    | 34.3250   

PSTEPS = 140, TSTEPS = 60000

TIME TAKEN = 461.98811 ms
Run 10

 HYBRID IMPLEMENTATION 1
--------------------------------------------------------------

Index  | Call Model | Call Actual | Put Model  | Put Actual
--------------------------------------------------------------
0      | 49.1707    | 51.7000    | 29.9947    | 29.6500   
1      | 50.4319    | 53.6500    | 26.5055    | 27.3750   
2      | 52.2273    | 56.4000    | 23.6946    | 25.3500   
3      | 54.3218    | 59.9750    | 20.6928    | 23.2750   
4      | 56.3067    | 63.1750    | 17.9220    | 21.2000   
5      | 57.9637    | 66.3250    | 15.8939    | 19.5250   
6      | 54.4000    | 69.7250    | 13.8765    | 17.7500   
7      | 60.8243    | 72.9000    | 12.1464    | 16.1500   
8      | 47.0182    | 48.7500    | 33.5832    | 31.9000   
9      | 45.1756    | 46.3750    | 37.6817    | 34.3250   

PSTEPS = 140, TSTEPS = 60000

TIME TAKEN = 476.09211 ms
