Benchmarking: black_scholes_hybrid2 with p=160, t=40000
Run 1

 HYBRID IMPLEMENTATION 2
--------------------------------------------------------------

Index  | Call Model | Call Actual | Put Model  | Put Actual
--------------------------------------------------------------
0      | 49.9266    | 51.7000    | 29.5123    | 29.6500   
1      | 51.3352    | 53.6500    | 25.9658    | 27.3750   
2      | 53.3610    | 56.4000    | 23.1037    | 25.3500   
3      | 55.7828    | 59.9750    | 20.0641    | 23.2750   
4      | 57.7646    | 63.1750    | 17.2742    | 21.2000   
5      | 59.6031    | 66.3250    | 15.2330    | 19.5250   
6      | 61.3824    | 69.7250    | 13.2148    | 17.7500   
7      | 62.8952    | 72.9000    | 11.4927    | 16.1500   
8      | 47.5706    | 48.7500    | 33.1848    | 31.9000   
9      | 45.5560    | 46.3750    | 37.3741    | 34.3250   

PSTEPS = 160, TSTEPS = 40000

TIME TAKEN = 644.98995 ms
Run 2

 HYBRID IMPLEMENTATION 2
--------------------------------------------------------------

Index  | Call Model | Call Actual | Put Model  | Put Actual
--------------------------------------------------------------
0      | 49.9266    | 51.7000    | 29.5123    | 29.6500   
1      | 51.3352    | 53.6500    | 25.9658    | 27.3750   
2      | 53.3610    | 56.4000    | 23.1037    | 25.3500   
3      | 55.7828    | 59.9750    | 20.0641    | 23.2750   
4      | 57.7646    | 63.1750    | 17.2742    | 21.2000   
5      | 59.6031    | 66.3250    | 15.2330    | 19.5250   
6      | 61.3824    | 69.7250    | 13.2148    | 17.7500   
7      | 62.8952    | 72.9000    | 11.4927    | 16.1500   
8      | 47.5706    | 48.7500    | 33.1848    | 31.9000   
9      | 45.5560    | 46.3750    | 37.3741    | 34.3250   

PSTEPS = 160, TSTEPS = 40000

TIME TAKEN = 665.92409 ms
Run 3

 HYBRID IMPLEMENTATION 2
--------------------------------------------------------------

Index  | Call Model | Call Actual | Put Model  | Put Actual
--------------------------------------------------------------
0      | 49.9266    | 51.7000    | 29.5123    | 29.6500   
1      | 51.3352    | 53.6500    | 25.9658    | 27.3750   
2      | 53.3610    | 56.4000    | 23.1037    | 25.3500   
3      | 55.7828    | 59.9750    | 20.0641    | 23.2750   
4      | 57.7646    | 63.1750    | 17.2742    | 21.2000   
5      | 59.6031    | 66.3250    | 15.2330    | 19.5250   
6      | 61.3824    | 69.7250    | 13.2148    | 17.7500   
7      | 62.8952    | 72.9000    | 11.4927    | 16.1500   
8      | 47.5706    | 48.7500    | 33.1848    | 31.9000   
9      | 45.5560    | 46.3750    | 37.3741    | 34.3250   

PSTEPS = 160, TSTEPS = 40000

TIME TAKEN = 661.97721 ms
Run 4

 HYBRID IMPLEMENTATION 2
--------------------------------------------------------------

Index  | Call Model | Call Actual | Put Model  | Put Actual
--------------------------------------------------------------
0      | 49.9266    | 51.7000    | 29.5123    | 29.6500   
1      | 51.3352    | 53.6500    | 25.9658    | 27.3750   
2      | 53.3610    | 56.4000    | 23.1037    | 25.3500   
3      | 55.7828    | 59.9750    | 20.0641    | 23.2750   
4      | 57.7646    | 63.1750    | 17.2742    | 21.2000   
5      | 59.6031    | 66.3250    | 15.2330    | 19.5250   
6      | 61.3824    | 69.7250    | 13.2148    | 17.7500   
7      | 62.8952    | 72.9000    | 11.4927    | 16.1500   
8      | 47.5706    | 48.7500    | 33.1848    | 31.9000   
9      | 45.5560    | 46.3750    | 37.3741    | 34.3250   

PSTEPS = 160, TSTEPS = 40000

TIME TAKEN = 666.23580 ms
Run 5

 HYBRID IMPLEMENTATION 2
--------------------------------------------------------------

Index  | Call Model | Call Actual | Put Model  | Put Actual
--------------------------------------------------------------
0      | 49.9266    | 51.7000    | 29.5123    | 29.6500   
1      | 51.3352    | 53.6500    | 25.9658    | 27.3750   
2      | 53.3610    | 56.4000    | 23.1037    | 25.3500   
3      | 55.7828    | 59.9750    | 20.0641    | 23.2750   
4      | 57.7646    | 63.1750    | 17.2742    | 21.2000   
5      | 59.6031    | 66.3250    | 15.2330    | 19.5250   
6      | 61.3824    | 69.7250    | 13.2148    | 17.7500   
7      | 62.8952    | 72.9000    | 11.4927    | 16.1500   
8      | 47.5706    | 48.7500    | 33.1848    | 31.9000   
9      | 45.5560    | 46.3750    | 37.3741    | 34.3250   

PSTEPS = 160, TSTEPS = 40000

TIME TAKEN = 664.92725 ms
Run 6

 HYBRID IMPLEMENTATION 2
--------------------------------------------------------------

Index  | Call Model | Call Actual | Put Model  | Put Actual
--------------------------------------------------------------
0      | 49.9266    | 51.7000    | 29.5123    | 29.6500   
1      | 51.3352    | 53.6500    | 25.9658    | 27.3750   
2      | 53.3610    | 56.4000    | 23.1037    | 25.3500   
3      | 55.7828    | 59.9750    | 20.0641    | 23.2750   
4      | 57.7646    | 63.1750    | 17.2742    | 21.2000   
5      | 59.6031    | 66.3250    | 15.2330    | 19.5250   
6      | 61.3824    | 69.7250    | 13.2148    | 17.7500   
7      | 62.8952    | 72.9000    | 11.4927    | 16.1500   
8      | 47.5706    | 48.7500    | 33.1848    | 31.9000   
9      | 45.5560    | 46.3750    | 37.3741    | 34.3250   

PSTEPS = 160, TSTEPS = 40000

TIME TAKEN = 665.46753 ms
Run 7

 HYBRID IMPLEMENTATION 2
--------------------------------------------------------------

Index  | Call Model | Call Actual | Put Model  | Put Actual
--------------------------------------------------------------
0      | 49.9266    | 51.7000    | 29.5123    | 29.6500   
1      | 51.3352    | 53.6500    | 25.9658    | 27.3750   
2      | 53.3610    | 56.4000    | 23.1037    | 25.3500   
3      | 55.7828    | 59.9750    | 20.0641    | 23.2750   
4      | 57.7646    | 63.1750    | 17.2742    | 21.2000   
5      | 59.6031    | 66.3250    | 15.2330    | 19.5250   
6      | 61.3824    | 69.7250    | 13.2148    | 17.7500   
7      | 62.8952    | 72.9000    | 11.4927    | 16.1500   
8      | 47.5706    | 48.7500    | 33.1848    | 31.9000   
9      | 45.5560    | 46.3750    | 37.3741    | 34.3250   

PSTEPS = 160, TSTEPS = 40000

TIME TAKEN = 664.88382 ms
Run 8

 HYBRID IMPLEMENTATION 2
--------------------------------------------------------------

Index  | Call Model | Call Actual | Put Model  | Put Actual
--------------------------------------------------------------
0      | 49.9266    | 51.7000    | 29.5123    | 29.6500   
1      | 51.3352    | 53.6500    | 25.9658    | 27.3750   
2      | 53.3610    | 56.4000    | 23.1037    | 25.3500   
3      | 55.7828    | 59.9750    | 20.0641    | 23.2750   
4      | 57.7646    | 63.1750    | 17.2742    | 21.2000   
5      | 59.6031    | 66.3250    | 15.2330    | 19.5250   
6      | 61.3824    | 69.7250    | 13.2148    | 17.7500   
7      | 62.8952    | 72.9000    | 11.4927    | 16.1500   
8      | 47.5706    | 48.7500    | 33.1848    | 31.9000   
9      | 45.5560    | 46.3750    | 37.3741    | 34.3250   

PSTEPS = 160, TSTEPS = 40000

TIME TAKEN = 661.72266 ms
Run 9

 HYBRID IMPLEMENTATION 2
--------------------------------------------------------------

Index  | Call Model | Call Actual | Put Model  | Put Actual
--------------------------------------------------------------
0      | 49.9266    | 51.7000    | 29.5123    | 29.6500   
1      | 51.3352    | 53.6500    | 25.9658    | 27.3750   
2      | 53.3610    | 56.4000    | 23.1037    | 25.3500   
3      | 55.7828    | 59.9750    | 20.0641    | 23.2750   
4      | 57.7646    | 63.1750    | 17.2742    | 21.2000   
5      | 59.6031    | 66.3250    | 15.2330    | 19.5250   
6      | 61.3824    | 69.7250    | 13.2148    | 17.7500   
7      | 62.8952    | 72.9000    | 11.4927    | 16.1500   
8      | 47.5706    | 48.7500    | 33.1848    | 31.9000   
9      | 45.5560    | 46.3750    | 37.3741    | 34.3250   

PSTEPS = 160, TSTEPS = 40000

TIME TAKEN = 662.96148 ms
Run 10

 HYBRID IMPLEMENTATION 2
--------------------------------------------------------------

Index  | Call Model | Call Actual | Put Model  | Put Actual
--------------------------------------------------------------
0      | 49.9266    | 51.7000    | 29.5123    | 29.6500   
1      | 51.3352    | 53.6500    | 25.9658    | 27.3750   
2      | 53.3610    | 56.4000    | 23.1037    | 25.3500   
3      | 55.7828    | 59.9750    | 20.0641    | 23.2750   
4      | 57.7646    | 63.1750    | 17.2742    | 21.2000   
5      | 59.6031    | 66.3250    | 15.2330    | 19.5250   
6      | 61.3824    | 69.7250    | 13.2148    | 17.7500   
7      | 62.8952    | 72.9000    | 11.4927    | 16.1500   
8      | 47.5706    | 48.7500    | 33.1848    | 31.9000   
9      | 45.5560    | 46.3750    | 37.3741    | 34.3250   

PSTEPS = 160, TSTEPS = 40000

TIME TAKEN = 653.96029 ms
