Benchmarking: black_scholes_base with p=20, t=30000
Run 1

BASIC IMPLEMENTATION
--------------------------------------------------------------

Index  | Call Model | Call Actual | Put Model  | Put Actual
--------------------------------------------------------------
0      | 45.0876    | 51.7000    | 35.1063    | 29.6500   
1      | 45.2911    | 53.6500    | 31.8382    | 27.3750   
2      | 45.9653    | 56.4000    | 29.1411    | 25.3500   
3      | 46.8976    | 59.9750    | 26.1169    | 23.2750   
4      | 47.7938    | 63.1750    | 23.5895    | 21.2000   
5      | 48.6773    | 66.3250    | 21.8510    | 19.5250   
6      | 49.4043    | 69.7250    | 19.9649    | 17.7500   
7      | 49.8330    | 72.9000    | 18.2347    | 16.1500   
8      | 43.9257    | 48.7500    | 38.2334    | 31.9000   
9      | 42.9441    | 46.3750    | 41.7016    | 34.3250   

PSTEPS = 20, TSTEPS = 30000

TIME TAKEN = 123.92700 ms
Run 2

BASIC IMPLEMENTATION
--------------------------------------------------------------

Index  | Call Model | Call Actual | Put Model  | Put Actual
--------------------------------------------------------------
0      | 45.0876    | 51.7000    | 35.1063    | 29.6500   
1      | 45.2911    | 53.6500    | 31.8382    | 27.3750   
2      | 45.9653    | 56.4000    | 29.1411    | 25.3500   
3      | 46.8976    | 59.9750    | 26.1169    | 23.2750   
4      | 47.7938    | 63.1750    | 23.5895    | 21.2000   
5      | 48.6773    | 66.3250    | 21.8510    | 19.5250   
6      | 49.4043    | 69.7250    | 19.9649    | 17.7500   
7      | 49.8330    | 72.9000    | 18.2347    | 16.1500   
8      | 43.9257    | 48.7500    | 38.2334    | 31.9000   
9      | 42.9441    | 46.3750    | 41.7016    | 34.3250   

PSTEPS = 20, TSTEPS = 30000

TIME TAKEN = 134.73891 ms
Run 3

BASIC IMPLEMENTATION
--------------------------------------------------------------

Index  | Call Model | Call Actual | Put Model  | Put Actual
--------------------------------------------------------------
0      | 45.0876    | 51.7000    | 35.1063    | 29.6500   
1      | 45.2911    | 53.6500    | 31.8382    | 27.3750   
2      | 45.9653    | 56.4000    | 29.1411    | 25.3500   
3      | 46.8976    | 59.9750    | 26.1169    | 23.2750   
4      | 47.7938    | 63.1750    | 23.5895    | 21.2000   
5      | 48.6773    | 66.3250    | 21.8510    | 19.5250   
6      | 49.4043    | 69.7250    | 19.9649    | 17.7500   
7      | 49.8330    | 72.9000    | 18.2347    | 16.1500   
8      | 43.9257    | 48.7500    | 38.2334    | 31.9000   
9      | 42.9441    | 46.3750    | 41.7016    | 34.3250   

PSTEPS = 20, TSTEPS = 30000

TIME TAKEN = 148.95114 ms
Run 4

BASIC IMPLEMENTATION
--------------------------------------------------------------

Index  | Call Model | Call Actual | Put Model  | Put Actual
--------------------------------------------------------------
0      | 45.0876    | 51.7000    | 35.1063    | 29.6500   
1      | 45.2911    | 53.6500    | 31.8382    | 27.3750   
2      | 45.9653    | 56.4000    | 29.1411    | 25.3500   
3      | 46.8976    | 59.9750    | 26.1169    | 23.2750   
4      | 47.7938    | 63.1750    | 23.5895    | 21.2000   
5      | 48.6773    | 66.3250    | 21.8510    | 19.5250   
6      | 49.4043    | 69.7250    | 19.9649    | 17.7500   
7      | 49.8330    | 72.9000    | 18.2347    | 16.1500   
8      | 43.9257    | 48.7500    | 38.2334    | 31.9000   
9      | 42.9441    | 46.3750    | 41.7016    | 34.3250   

PSTEPS = 20, TSTEPS = 30000

TIME TAKEN = 130.75010 ms
Run 5

BASIC IMPLEMENTATION
--------------------------------------------------------------

Index  | Call Model | Call Actual | Put Model  | Put Actual
--------------------------------------------------------------
0      | 45.0876    | 51.7000    | 35.1063    | 29.6500   
1      | 45.2911    | 53.6500    | 31.8382    | 27.3750   
2      | 45.9653    | 56.4000    | 29.1411    | 25.3500   
3      | 46.8976    | 59.9750    | 26.1169    | 23.2750   
4      | 47.7938    | 63.1750    | 23.5895    | 21.2000   
5      | 48.6773    | 66.3250    | 21.8510    | 19.5250   
6      | 49.4043    | 69.7250    | 19.9649    | 17.7500   
7      | 49.8330    | 72.9000    | 18.2347    | 16.1500   
8      | 43.9257    | 48.7500    | 38.2334    | 31.9000   
9      | 42.9441    | 46.3750    | 41.7016    | 34.3250   

PSTEPS = 20, TSTEPS = 30000

TIME TAKEN = 137.51938 ms
Run 6

BASIC IMPLEMENTATION
--------------------------------------------------------------

Index  | Call Model | Call Actual | Put Model  | Put Actual
--------------------------------------------------------------
0      | 45.0876    | 51.7000    | 35.1063    | 29.6500   
1      | 45.2911    | 53.6500    | 31.8382    | 27.3750   
2      | 45.9653    | 56.4000    | 29.1411    | 25.3500   
3      | 46.8976    | 59.9750    | 26.1169    | 23.2750   
4      | 47.7938    | 63.1750    | 23.5895    | 21.2000   
5      | 48.6773    | 66.3250    | 21.8510    | 19.5250   
6      | 49.4043    | 69.7250    | 19.9649    | 17.7500   
7      | 49.8330    | 72.9000    | 18.2347    | 16.1500   
8      | 43.9257    | 48.7500    | 38.2334    | 31.9000   
9      | 42.9441    | 46.3750    | 41.7016    | 34.3250   

PSTEPS = 20, TSTEPS = 30000

TIME TAKEN = 120.31125 ms
Run 7

BASIC IMPLEMENTATION
--------------------------------------------------------------

Index  | Call Model | Call Actual | Put Model  | Put Actual
--------------------------------------------------------------
0      | 45.0876    | 51.7000    | 35.1063    | 29.6500   
1      | 45.2911    | 53.6500    | 31.8382    | 27.3750   
2      | 45.9653    | 56.4000    | 29.1411    | 25.3500   
3      | 46.8976    | 59.9750    | 26.1169    | 23.2750   
4      | 47.7938    | 63.1750    | 23.5895    | 21.2000   
5      | 48.6773    | 66.3250    | 21.8510    | 19.5250   
6      | 49.4043    | 69.7250    | 19.9649    | 17.7500   
7      | 49.8330    | 72.9000    | 18.2347    | 16.1500   
8      | 43.9257    | 48.7500    | 38.2334    | 31.9000   
9      | 42.9441    | 46.3750    | 41.7016    | 34.3250   

PSTEPS = 20, TSTEPS = 30000

TIME TAKEN = 128.99898 ms
Run 8

BASIC IMPLEMENTATION
--------------------------------------------------------------

Index  | Call Model | Call Actual | Put Model  | Put Actual
--------------------------------------------------------------
0      | 45.0876    | 51.7000    | 35.1063    | 29.6500   
1      | 45.2911    | 53.6500    | 31.8382    | 27.3750   
2      | 45.9653    | 56.4000    | 29.1411    | 25.3500   
3      | 46.8976    | 59.9750    | 26.1169    | 23.2750   
4      | 47.7938    | 63.1750    | 23.5895    | 21.2000   
5      | 48.6773    | 66.3250    | 21.8510    | 19.5250   
6      | 49.4043    | 69.7250    | 19.9649    | 17.7500   
7      | 49.8330    | 72.9000    | 18.2347    | 16.1500   
8      | 43.9257    | 48.7500    | 38.2334    | 31.9000   
9      | 42.9441    | 46.3750    | 41.7016    | 34.3250   

PSTEPS = 20, TSTEPS = 30000

TIME TAKEN = 120.87543 ms
Run 9

BASIC IMPLEMENTATION
--------------------------------------------------------------

Index  | Call Model | Call Actual | Put Model  | Put Actual
--------------------------------------------------------------
0      | 45.0876    | 51.7000    | 35.1063    | 29.6500   
1      | 45.2911    | 53.6500    | 31.8382    | 27.3750   
2      | 45.9653    | 56.4000    | 29.1411    | 25.3500   
3      | 46.8976    | 59.9750    | 26.1169    | 23.2750   
4      | 47.7938    | 63.1750    | 23.5895    | 21.2000   
5      | 48.6773    | 66.3250    | 21.8510    | 19.5250   
6      | 49.4043    | 69.7250    | 19.9649    | 17.7500   
7      | 49.8330    | 72.9000    | 18.2347    | 16.1500   
8      | 43.9257    | 48.7500    | 38.2334    | 31.9000   
9      | 42.9441    | 46.3750    | 41.7016    | 34.3250   

PSTEPS = 20, TSTEPS = 30000

TIME TAKEN = 121.60631 ms
Run 10

BASIC IMPLEMENTATION
--------------------------------------------------------------

Index  | Call Model | Call Actual | Put Model  | Put Actual
--------------------------------------------------------------
0      | 45.0876    | 51.7000    | 35.1063    | 29.6500   
1      | 45.2911    | 53.6500    | 31.8382    | 27.3750   
2      | 45.9653    | 56.4000    | 29.1411    | 25.3500   
3      | 46.8976    | 59.9750    | 26.1169    | 23.2750   
4      | 47.7938    | 63.1750    | 23.5895    | 21.2000   
5      | 48.6773    | 66.3250    | 21.8510    | 19.5250   
6      | 49.4043    | 69.7250    | 19.9649    | 17.7500   
7      | 49.8330    | 72.9000    | 18.2347    | 16.1500   
8      | 43.9257    | 48.7500    | 38.2334    | 31.9000   
9      | 42.9441    | 46.3750    | 41.7016    | 34.3250   

PSTEPS = 20, TSTEPS = 30000

TIME TAKEN = 126.73378 ms
