Benchmarking: black_scholes_hybrid1 with p=200, t=10000
Run 1

 HYBRID IMPLEMENTATION 1
--------------------------------------------------------------

Index  | Call Model | Call Actual | Put Model  | Put Actual
--------------------------------------------------------------
0      | 51.3889    | 51.7000    | 28.5526    | 29.6500   
1      | 53.1445    | 53.6500    | 24.9002    | 27.3750   
2      | 55.5513    | 56.4000    | 21.9544    | 25.3500   
3      | 58.3785    | 59.9750    | 18.8550    | 23.2750   
4      | 60.7537    | 63.1750    | 16.0379    | 21.2000   
5      | 62.9783    | 66.3250    | 13.9873    | 19.5250   
6      | 65.1470    | 69.7250    | 11.9815    | 17.7500   
7      | 67.0324    | 72.9000    | 10.2839    | 16.1500   
8      | 48.6635    | 48.7500    | 32.3820    | 31.9000   
9      | 46.3007    | 46.3750    | 36.7512    | 34.3250   

PSTEPS = 200, TSTEPS = 10000

TIME TAKEN = 301.09977 ms
Run 2

 HYBRID IMPLEMENTATION 1
--------------------------------------------------------------

Index  | Call Model | Call Actual | Put Model  | Put Actual
--------------------------------------------------------------
0      | 51.3889    | 51.7000    | 28.5526    | 29.6500   
1      | 53.1445    | 53.6500    | 24.9002    | 27.3750   
2      | 55.5513    | 56.4000    | 21.9544    | 25.3500   
3      | 58.3785    | 59.9750    | 18.8550    | 23.2750   
4      | 60.7537    | 63.1750    | 16.0379    | 21.2000   
5      | 62.9783    | 66.3250    | 13.9873    | 19.5250   
6      | 65.1470    | 69.7250    | 11.9815    | 17.7500   
7      | 67.0324    | 72.9000    | 10.2839    | 16.1500   
8      | 48.6635    | 48.7500    | 32.3820    | 31.9000   
9      | 46.3007    | 46.3750    | 36.7512    | 34.3250   

PSTEPS = 200, TSTEPS = 10000

TIME TAKEN = 304.10003 ms
Run 3

 HYBRID IMPLEMENTATION 1
--------------------------------------------------------------

Index  | Call Model | Call Actual | Put Model  | Put Actual
--------------------------------------------------------------
0      | 51.3889    | 51.7000    | 28.5526    | 29.6500   
1      | 53.1445    | 53.6500    | 24.9002    | 27.3750   
2      | 55.5513    | 56.4000    | 21.9544    | 25.3500   
3      | 58.3785    | 59.9750    | 18.8550    | 23.2750   
4      | 60.7537    | 63.1750    | 16.0379    | 21.2000   
5      | 62.9783    | 66.3250    | 13.9873    | 19.5250   
6      | 65.1470    | 69.7250    | 11.9815    | 17.7500   
7      | 67.0324    | 72.9000    | 10.2839    | 16.1500   
8      | 48.6635    | 48.7500    | 32.3820    | 31.9000   
9      | 46.3007    | 46.3750    | 36.7512    | 34.3250   

PSTEPS = 200, TSTEPS = 10000

TIME TAKEN = 285.25508 ms
Run 4

 HYBRID IMPLEMENTATION 1
--------------------------------------------------------------

Index  | Call Model | Call Actual | Put Model  | Put Actual
--------------------------------------------------------------
0      | 51.3889    | 51.7000    | 28.5526    | 29.6500   
1      | 53.1445    | 53.6500    | 24.9002    | 27.3750   
2      | 55.5513    | 56.4000    | 21.9544    | 25.3500   
3      | 58.3785    | 59.9750    | 18.8550    | 23.2750   
4      | 60.7537    | 63.1750    | 16.0379    | 21.2000   
5      | 62.9783    | 66.3250    | 13.9873    | 19.5250   
6      | 65.1470    | 69.7250    | 11.9815    | 17.7500   
7      | 67.0324    | 72.9000    | 10.2839    | 16.1500   
8      | 48.6635    | 48.7500    | 32.3820    | 31.9000   
9      | 46.3007    | 46.3750    | 36.7512    | 34.3250   

PSTEPS = 200, TSTEPS = 10000

TIME TAKEN = 305.84743 ms
Run 5

 HYBRID IMPLEMENTATION 1
--------------------------------------------------------------

Index  | Call Model | Call Actual | Put Model  | Put Actual
--------------------------------------------------------------
0      | 51.3889    | 51.7000    | 28.5526    | 29.6500   
1      | 53.1445    | 53.6500    | 24.9002    | 27.3750   
2      | 55.5513    | 56.4000    | 21.9544    | 25.3500   
3      | 58.3785    | 59.9750    | 18.8550    | 23.2750   
4      | 60.7537    | 63.1750    | 16.0379    | 21.2000   
5      | 62.9783    | 66.3250    | 13.9873    | 19.5250   
6      | 65.1470    | 69.7250    | 11.9815    | 17.7500   
7      | 67.0324    | 72.9000    | 10.2839    | 16.1500   
8      | 48.6635    | 48.7500    | 32.3820    | 31.9000   
9      | 46.3007    | 46.3750    | 36.7512    | 34.3250   

PSTEPS = 200, TSTEPS = 10000

TIME TAKEN = 292.59777 ms
Run 6

 HYBRID IMPLEMENTATION 1
--------------------------------------------------------------

Index  | Call Model | Call Actual | Put Model  | Put Actual
--------------------------------------------------------------
0      | 51.3889    | 51.7000    | 28.5526    | 29.6500   
1      | 53.1445    | 53.6500    | 24.9002    | 27.3750   
2      | 55.5513    | 56.4000    | 21.9544    | 25.3500   
3      | 58.3785    | 59.9750    | 18.8550    | 23.2750   
4      | 60.7537    | 63.1750    | 16.0379    | 21.2000   
5      | 62.9783    | 66.3250    | 13.9873    | 19.5250   
6      | 65.1470    | 69.7250    | 11.9815    | 17.7500   
7      | 67.0324    | 72.9000    | 10.2839    | 16.1500   
8      | 48.6635    | 48.7500    | 32.3820    | 31.9000   
9      | 46.3007    | 46.3750    | 36.7512    | 34.3250   

PSTEPS = 200, TSTEPS = 10000

TIME TAKEN = 288.89698 ms
Run 7

 HYBRID IMPLEMENTATION 1
--------------------------------------------------------------

Index  | Call Model | Call Actual | Put Model  | Put Actual
--------------------------------------------------------------
0      | 51.3889    | 51.7000    | 28.5526    | 29.6500   
1      | 53.1445    | 53.6500    | 24.9002    | 27.3750   
2      | 55.5513    | 56.4000    | 21.9544    | 25.3500   
3      | 58.3785    | 59.9750    | 18.8550    | 23.2750   
4      | 60.7537    | 63.1750    | 16.0379    | 21.2000   
5      | 62.9783    | 66.3250    | 13.9873    | 19.5250   
6      | 65.1470    | 69.7250    | 11.9815    | 17.7500   
7      | 67.0324    | 72.9000    | 10.2839    | 16.1500   
8      | 48.6635    | 48.7500    | 32.3820    | 31.9000   
9      | 46.3007    | 46.3750    | 36.7512    | 34.3250   

PSTEPS = 200, TSTEPS = 10000

TIME TAKEN = 278.06650 ms
Run 8

 HYBRID IMPLEMENTATION 1
--------------------------------------------------------------

Index  | Call Model | Call Actual | Put Model  | Put Actual
--------------------------------------------------------------
0      | 51.3889    | 51.7000    | 28.5526    | 29.6500   
1      | 53.1445    | 53.6500    | 24.9002    | 27.3750   
2      | 55.5513    | 56.4000    | 21.9544    | 25.3500   
3      | 58.3785    | 59.9750    | 18.8550    | 23.2750   
4      | 60.7537    | 63.1750    | 16.0379    | 21.2000   
5      | 62.9783    | 66.3250    | 13.9873    | 19.5250   
6      | 65.1470    | 69.7250    | 11.9815    | 17.7500   
7      | 67.0324    | 72.9000    | 10.2839    | 16.1500   
8      | 48.6635    | 48.7500    | 32.3820    | 31.9000   
9      | 46.3007    | 46.3750    | 36.7512    | 34.3250   

PSTEPS = 200, TSTEPS = 10000

TIME TAKEN = 297.22087 ms
Run 9

 HYBRID IMPLEMENTATION 1
--------------------------------------------------------------

Index  | Call Model | Call Actual | Put Model  | Put Actual
--------------------------------------------------------------
0      | 51.3889    | 51.7000    | 28.5526    | 29.6500   
1      | 53.1445    | 53.6500    | 24.9002    | 27.3750   
2      | 55.5513    | 56.4000    | 21.9544    | 25.3500   
3      | 58.3785    | 59.9750    | 18.8550    | 23.2750   
4      | 60.7537    | 63.1750    | 16.0379    | 21.2000   
5      | 62.9783    | 66.3250    | 13.9873    | 19.5250   
6      | 65.1470    | 69.7250    | 11.9815    | 17.7500   
7      | 67.0324    | 72.9000    | 10.2839    | 16.1500   
8      | 48.6635    | 48.7500    | 32.3820    | 31.9000   
9      | 46.3007    | 46.3750    | 36.7512    | 34.3250   

PSTEPS = 200, TSTEPS = 10000

TIME TAKEN = 284.61458 ms
Run 10

 HYBRID IMPLEMENTATION 1
--------------------------------------------------------------

Index  | Call Model | Call Actual | Put Model  | Put Actual
--------------------------------------------------------------
0      | 51.3889    | 51.7000    | 28.5526    | 29.6500   
1      | 53.1445    | 53.6500    | 24.9002    | 27.3750   
2      | 55.5513    | 56.4000    | 21.9544    | 25.3500   
3      | 58.3785    | 59.9750    | 18.8550    | 23.2750   
4      | 60.7537    | 63.1750    | 16.0379    | 21.2000   
5      | 62.9783    | 66.3250    | 13.9873    | 19.5250   
6      | 65.1470    | 69.7250    | 11.9815    | 17.7500   
7      | 67.0324    | 72.9000    | 10.2839    | 16.1500   
8      | 48.6635    | 48.7500    | 32.3820    | 31.9000   
9      | 46.3007    | 46.3750    | 36.7512    | 34.3250   

PSTEPS = 200, TSTEPS = 10000

TIME TAKEN = 281.51584 ms
