Benchmarking: black_scholes_hybrid2 with p=180, t=30000
Run 1

 HYBRID IMPLEMENTATION 2
--------------------------------------------------------------

Index  | Call Model | Call Actual | Put Model  | Put Actual
--------------------------------------------------------------
0      | 50.6486    | 51.7000    | 29.0231    | 29.6500   
1      | 52.2355    | 53.6500    | 25.4291    | 27.3750   
2      | 54.4495    | 56.4000    | 22.5235    | 25.3500   
3      | 57.0710    | 59.9750    | 19.4518    | 23.2750   
4      | 59.2468    | 63.1750    | 16.6465    | 21.2000   
5      | 61.2729    | 66.3250    | 14.5963    | 19.5250   
6      | 63.2478    | 69.7250    | 12.5864    | 17.7500   
7      | 64.9475    | 72.9000    | 10.8786    | 16.1500   
8      | 48.1107    | 48.7500    | 32.7765    | 31.9000   
9      | 45.9293    | 46.3750    | 37.0628    | 34.3250   

PSTEPS = 180, TSTEPS = 30000

TIME TAKEN = 567.69901 ms
Run 2

 HYBRID IMPLEMENTATION 2
--------------------------------------------------------------

Index  | Call Model | Call Actual | Put Model  | Put Actual
--------------------------------------------------------------
0      | 50.6486    | 51.7000    | 29.0231    | 29.6500   
1      | 52.2355    | 53.6500    | 25.4291    | 27.3750   
2      | 54.4495    | 56.4000    | 22.5235    | 25.3500   
3      | 57.0710    | 59.9750    | 19.4518    | 23.2750   
4      | 59.2468    | 63.1750    | 16.6465    | 21.2000   
5      | 61.2729    | 66.3250    | 14.5963    | 19.5250   
6      | 63.2478    | 69.7250    | 12.5864    | 17.7500   
7      | 64.9475    | 72.9000    | 10.8786    | 16.1500   
8      | 48.1107    | 48.7500    | 32.7765    | 31.9000   
9      | 45.9293    | 46.3750    | 37.0628    | 34.3250   

PSTEPS = 180, TSTEPS = 30000

TIME TAKEN = 582.10445 ms
Run 3

 HYBRID IMPLEMENTATION 2
--------------------------------------------------------------

Index  | Call Model | Call Actual | Put Model  | Put Actual
--------------------------------------------------------------
0      | 50.6486    | 51.7000    | 29.0231    | 29.6500   
1      | 52.2355    | 53.6500    | 25.4291    | 27.3750   
2      | 54.4495    | 56.4000    | 22.5235    | 25.3500   
3      | 57.0710    | 59.9750    | 19.4518    | 23.2750   
4      | 59.2468    | 63.1750    | 16.6465    | 21.2000   
5      | 61.2729    | 66.3250    | 14.5963    | 19.5250   
6      | 63.2478    | 69.7250    | 12.5864    | 17.7500   
7      | 64.9475    | 72.9000    | 10.8786    | 16.1500   
8      | 48.1107    | 48.7500    | 32.7765    | 31.9000   
9      | 45.9293    | 46.3750    | 37.0628    | 34.3250   

PSTEPS = 180, TSTEPS = 30000

TIME TAKEN = 582.77186 ms
Run 4

 HYBRID IMPLEMENTATION 2
--------------------------------------------------------------

Index  | Call Model | Call Actual | Put Model  | Put Actual
--------------------------------------------------------------
0      | 50.6486    | 51.7000    | 29.0231    | 29.6500   
1      | 52.2355    | 53.6500    | 25.4291    | 27.3750   
2      | 54.4495    | 56.4000    | 22.5235    | 25.3500   
3      | 57.0710    | 59.9750    | 19.4518    | 23.2750   
4      | 59.2468    | 63.1750    | 16.6465    | 21.2000   
5      | 61.2729    | 66.3250    | 14.5963    | 19.5250   
6      | 63.2478    | 69.7250    | 12.5864    | 17.7500   
7      | 64.9475    | 72.9000    | 10.8786    | 16.1500   
8      | 48.1107    | 48.7500    | 32.7765    | 31.9000   
9      | 45.9293    | 46.3750    | 37.0628    | 34.3250   

PSTEPS = 180, TSTEPS = 30000

TIME TAKEN = 590.50522 ms
Run 5

 HYBRID IMPLEMENTATION 2
--------------------------------------------------------------

Index  | Call Model | Call Actual | Put Model  | Put Actual
--------------------------------------------------------------
0      | 50.6486    | 51.7000    | 29.0231    | 29.6500   
1      | 52.2355    | 53.6500    | 25.4291    | 27.3750   
2      | 54.4495    | 56.4000    | 22.5235    | 25.3500   
3      | 57.0710    | 59.9750    | 19.4518    | 23.2750   
4      | 59.2468    | 63.1750    | 16.6465    | 21.2000   
5      | 61.2729    | 66.3250    | 14.5963    | 19.5250   
6      | 63.2478    | 69.7250    | 12.5864    | 17.7500   
7      | 64.9475    | 72.9000    | 10.8786    | 16.1500   
8      | 48.1107    | 48.7500    | 32.7765    | 31.9000   
9      | 45.9293    | 46.3750    | 37.0628    | 34.3250   

PSTEPS = 180, TSTEPS = 30000

TIME TAKEN = 579.90702 ms
Run 6

 HYBRID IMPLEMENTATION 2
--------------------------------------------------------------

Index  | Call Model | Call Actual | Put Model  | Put Actual
--------------------------------------------------------------
0      | 50.6486    | 51.7000    | 29.0231    | 29.6500   
1      | 52.2355    | 53.6500    | 25.4291    | 27.3750   
2      | 54.4495    | 56.4000    | 22.5235    | 25.3500   
3      | 57.0710    | 59.9750    | 19.4518    | 23.2750   
4      | 59.2468    | 63.1750    | 16.6465    | 21.2000   
5      | 61.2729    | 66.3250    | 14.5963    | 19.5250   
6      | 63.2478    | 69.7250    | 12.5864    | 17.7500   
7      | 64.9475    | 72.9000    | 10.8786    | 16.1500   
8      | 48.1107    | 48.7500    | 32.7765    | 31.9000   
9      | 45.9293    | 46.3750    | 37.0628    | 34.3250   

PSTEPS = 180, TSTEPS = 30000

TIME TAKEN = 585.86935 ms
Run 7

 HYBRID IMPLEMENTATION 2
--------------------------------------------------------------

Index  | Call Model | Call Actual | Put Model  | Put Actual
--------------------------------------------------------------
0      | 50.6486    | 51.7000    | 29.0231    | 29.6500   
1      | 52.2355    | 53.6500    | 25.4291    | 27.3750   
2      | 54.4495    | 56.4000    | 22.5235    | 25.3500   
3      | 57.0710    | 59.9750    | 19.4518    | 23.2750   
4      | 59.2468    | 63.1750    | 16.6465    | 21.2000   
5      | 61.2729    | 66.3250    | 14.5963    | 19.5250   
6      | 63.2478    | 69.7250    | 12.5864    | 17.7500   
7      | 64.9475    | 72.9000    | 10.8786    | 16.1500   
8      | 48.1107    | 48.7500    | 32.7765    | 31.9000   
9      | 45.9293    | 46.3750    | 37.0628    | 34.3250   

PSTEPS = 180, TSTEPS = 30000

TIME TAKEN = 587.15416 ms
Run 8

 HYBRID IMPLEMENTATION 2
--------------------------------------------------------------

Index  | Call Model | Call Actual | Put Model  | Put Actual
--------------------------------------------------------------
0      | 50.6486    | 51.7000    | 29.0231    | 29.6500   
1      | 52.2355    | 53.6500    | 25.4291    | 27.3750   
2      | 54.4495    | 56.4000    | 22.5235    | 25.3500   
3      | 57.0710    | 59.9750    | 19.4518    | 23.2750   
4      | 59.2468    | 63.1750    | 16.6465    | 21.2000   
5      | 61.2729    | 66.3250    | 14.5963    | 19.5250   
6      | 63.2478    | 69.7250    | 12.5864    | 17.7500   
7      | 64.9475    | 72.9000    | 10.8786    | 16.1500   
8      | 48.1107    | 48.7500    | 32.7765    | 31.9000   
9      | 45.9293    | 46.3750    | 37.0628    | 34.3250   

PSTEPS = 180, TSTEPS = 30000

TIME TAKEN = 586.55528 ms
Run 9

 HYBRID IMPLEMENTATION 2
--------------------------------------------------------------

Index  | Call Model | Call Actual | Put Model  | Put Actual
--------------------------------------------------------------
0      | 50.6486    | 51.7000    | 29.0231    | 29.6500   
1      | 52.2355    | 53.6500    | 25.4291    | 27.3750   
2      | 54.4495    | 56.4000    | 22.5235    | 25.3500   
3      | 57.0710    | 59.9750    | 19.4518    | 23.2750   
4      | 59.2468    | 63.1750    | 16.6465    | 21.2000   
5      | 61.2729    | 66.3250    | 14.5963    | 19.5250   
6      | 63.2478    | 69.7250    | 12.5864    | 17.7500   
7      | 64.9475    | 72.9000    | 10.8786    | 16.1500   
8      | 48.1107    | 48.7500    | 32.7765    | 31.9000   
9      | 45.9293    | 46.3750    | 37.0628    | 34.3250   

PSTEPS = 180, TSTEPS = 30000

TIME TAKEN = 576.30341 ms
Run 10

 HYBRID IMPLEMENTATION 2
--------------------------------------------------------------

Index  | Call Model | Call Actual | Put Model  | Put Actual
--------------------------------------------------------------
0      | 50.6486    | 51.7000    | 29.0231    | 29.6500   
1      | 52.2355    | 53.6500    | 25.4291    | 27.3750   
2      | 54.4495    | 56.4000    | 22.5235    | 25.3500   
3      | 57.0710    | 59.9750    | 19.4518    | 23.2750   
4      | 59.2468    | 63.1750    | 16.6465    | 21.2000   
5      | 61.2729    | 66.3250    | 14.5963    | 19.5250   
6      | 63.2478    | 69.7250    | 12.5864    | 17.7500   
7      | 64.9475    | 72.9000    | 10.8786    | 16.1500   
8      | 48.1107    | 48.7500    | 32.7765    | 31.9000   
9      | 45.9293    | 46.3750    | 37.0628    | 34.3250   

PSTEPS = 180, TSTEPS = 30000

TIME TAKEN = 583.49224 ms
