Benchmarking: black_scholes_base with p=120, t=10000
Run 1

BASIC IMPLEMENTATION
--------------------------------------------------------------

Index  | Call Model | Call Actual | Put Model  | Put Actual
--------------------------------------------------------------
0      | 48.4931    | 51.7000    | 30.5083    | 29.6500   
1      | 49.5573    | 53.6500    | 27.0660    | 27.3750   
2      | 51.2154    | 56.4000    | 24.2955    | 25.3500   
3      | 53.2629    | 59.9750    | 21.3403    | 23.2750   
4      | 54.8735    | 63.1750    | 18.5926    | 21.2000   
5      | 56.3509    | 66.3250    | 16.5772    | 19.5250   
6      | 57.7609    | 69.7250    | 14.5570    | 17.7500   
7      | 58.9182    | 72.9000    | 12.8164    | 16.1500   
8      | 46.4949    | 48.7500    | 34.0158    | 31.9000   
9      | 44.8098    | 46.3750    | 38.0094    | 34.3250   

PSTEPS = 120, TSTEPS = 10000

TIME TAKEN = 187.76060 ms
Run 2

BASIC IMPLEMENTATION
--------------------------------------------------------------

Index  | Call Model | Call Actual | Put Model  | Put Actual
--------------------------------------------------------------
0      | 48.4931    | 51.7000    | 30.5083    | 29.6500   
1      | 49.5573    | 53.6500    | 27.0660    | 27.3750   
2      | 51.2154    | 56.4000    | 24.2955    | 25.3500   
3      | 53.2629    | 59.9750    | 21.3403    | 23.2750   
4      | 54.8735    | 63.1750    | 18.5926    | 21.2000   
5      | 56.3509    | 66.3250    | 16.5772    | 19.5250   
6      | 57.7609    | 69.7250    | 14.5570    | 17.7500   
7      | 58.9182    | 72.9000    | 12.8164    | 16.1500   
8      | 46.4949    | 48.7500    | 34.0158    | 31.9000   
9      | 44.8098    | 46.3750    | 38.0094    | 34.3250   

PSTEPS = 120, TSTEPS = 10000

TIME TAKEN = 187.31829 ms
Run 3

BASIC IMPLEMENTATION
--------------------------------------------------------------

Index  | Call Model | Call Actual | Put Model  | Put Actual
--------------------------------------------------------------
0      | 48.4931    | 51.7000    | 30.5083    | 29.6500   
1      | 49.5573    | 53.6500    | 27.0660    | 27.3750   
2      | 51.2154    | 56.4000    | 24.2955    | 25.3500   
3      | 53.2629    | 59.9750    | 21.3403    | 23.2750   
4      | 54.8735    | 63.1750    | 18.5926    | 21.2000   
5      | 56.3509    | 66.3250    | 16.5772    | 19.5250   
6      | 57.7609    | 69.7250    | 14.5570    | 17.7500   
7      | 58.9182    | 72.9000    | 12.8164    | 16.1500   
8      | 46.4949    | 48.7500    | 34.0158    | 31.9000   
9      | 44.8098    | 46.3750    | 38.0094    | 34.3250   

PSTEPS = 120, TSTEPS = 10000

TIME TAKEN = 187.97506 ms
Run 4

BASIC IMPLEMENTATION
--------------------------------------------------------------

Index  | Call Model | Call Actual | Put Model  | Put Actual
--------------------------------------------------------------
0      | 48.4931    | 51.7000    | 30.5083    | 29.6500   
1      | 49.5573    | 53.6500    | 27.0660    | 27.3750   
2      | 51.2154    | 56.4000    | 24.2955    | 25.3500   
3      | 53.2629    | 59.9750    | 21.3403    | 23.2750   
4      | 54.8735    | 63.1750    | 18.5926    | 21.2000   
5      | 56.3509    | 66.3250    | 16.5772    | 19.5250   
6      | 57.7609    | 69.7250    | 14.5570    | 17.7500   
7      | 58.9182    | 72.9000    | 12.8164    | 16.1500   
8      | 46.4949    | 48.7500    | 34.0158    | 31.9000   
9      | 44.8098    | 46.3750    | 38.0094    | 34.3250   

PSTEPS = 120, TSTEPS = 10000

TIME TAKEN = 203.91367 ms
Run 5

BASIC IMPLEMENTATION
--------------------------------------------------------------

Index  | Call Model | Call Actual | Put Model  | Put Actual
--------------------------------------------------------------
0      | 48.4931    | 51.7000    | 30.5083    | 29.6500   
1      | 49.5573    | 53.6500    | 27.0660    | 27.3750   
2      | 51.2154    | 56.4000    | 24.2955    | 25.3500   
3      | 53.2629    | 59.9750    | 21.3403    | 23.2750   
4      | 54.8735    | 63.1750    | 18.5926    | 21.2000   
5      | 56.3509    | 66.3250    | 16.5772    | 19.5250   
6      | 57.7609    | 69.7250    | 14.5570    | 17.7500   
7      | 58.9182    | 72.9000    | 12.8164    | 16.1500   
8      | 46.4949    | 48.7500    | 34.0158    | 31.9000   
9      | 44.8098    | 46.3750    | 38.0094    | 34.3250   

PSTEPS = 120, TSTEPS = 10000

TIME TAKEN = 187.82687 ms
Run 6

BASIC IMPLEMENTATION
--------------------------------------------------------------

Index  | Call Model | Call Actual | Put Model  | Put Actual
--------------------------------------------------------------
0      | 48.4931    | 51.7000    | 30.5083    | 29.6500   
1      | 49.5573    | 53.6500    | 27.0660    | 27.3750   
2      | 51.2154    | 56.4000    | 24.2955    | 25.3500   
3      | 53.2629    | 59.9750    | 21.3403    | 23.2750   
4      | 54.8735    | 63.1750    | 18.5926    | 21.2000   
5      | 56.3509    | 66.3250    | 16.5772    | 19.5250   
6      | 57.7609    | 69.7250    | 14.5570    | 17.7500   
7      | 58.9182    | 72.9000    | 12.8164    | 16.1500   
8      | 46.4949    | 48.7500    | 34.0158    | 31.9000   
9      | 44.8098    | 46.3750    | 38.0094    | 34.3250   

PSTEPS = 120, TSTEPS = 10000

TIME TAKEN = 187.88290 ms
Run 7

BASIC IMPLEMENTATION
--------------------------------------------------------------

Index  | Call Model | Call Actual | Put Model  | Put Actual
--------------------------------------------------------------
0      | 48.4931    | 51.7000    | 30.5083    | 29.6500   
1      | 49.5573    | 53.6500    | 27.0660    | 27.3750   
2      | 51.2154    | 56.4000    | 24.2955    | 25.3500   
3      | 53.2629    | 59.9750    | 21.3403    | 23.2750   
4      | 54.8735    | 63.1750    | 18.5926    | 21.2000   
5      | 56.3509    | 66.3250    | 16.5772    | 19.5250   
6      | 57.7609    | 69.7250    | 14.5570    | 17.7500   
7      | 58.9182    | 72.9000    | 12.8164    | 16.1500   
8      | 46.4949    | 48.7500    | 34.0158    | 31.9000   
9      | 44.8098    | 46.3750    | 38.0094    | 34.3250   

PSTEPS = 120, TSTEPS = 10000

TIME TAKEN = 187.74416 ms
Run 8

BASIC IMPLEMENTATION
--------------------------------------------------------------

Index  | Call Model | Call Actual | Put Model  | Put Actual
--------------------------------------------------------------
0      | 48.4931    | 51.7000    | 30.5083    | 29.6500   
1      | 49.5573    | 53.6500    | 27.0660    | 27.3750   
2      | 51.2154    | 56.4000    | 24.2955    | 25.3500   
3      | 53.2629    | 59.9750    | 21.3403    | 23.2750   
4      | 54.8735    | 63.1750    | 18.5926    | 21.2000   
5      | 56.3509    | 66.3250    | 16.5772    | 19.5250   
6      | 57.7609    | 69.7250    | 14.5570    | 17.7500   
7      | 58.9182    | 72.9000    | 12.8164    | 16.1500   
8      | 46.4949    | 48.7500    | 34.0158    | 31.9000   
9      | 44.8098    | 46.3750    | 38.0094    | 34.3250   

PSTEPS = 120, TSTEPS = 10000

TIME TAKEN = 187.83532 ms
Run 9

BASIC IMPLEMENTATION
--------------------------------------------------------------

Index  | Call Model | Call Actual | Put Model  | Put Actual
--------------------------------------------------------------
0      | 48.4931    | 51.7000    | 30.5083    | 29.6500   
1      | 49.5573    | 53.6500    | 27.0660    | 27.3750   
2      | 51.2154    | 56.4000    | 24.2955    | 25.3500   
3      | 53.2629    | 59.9750    | 21.3403    | 23.2750   
4      | 54.8735    | 63.1750    | 18.5926    | 21.2000   
5      | 56.3509    | 66.3250    | 16.5772    | 19.5250   
6      | 57.7609    | 69.7250    | 14.5570    | 17.7500   
7      | 58.9182    | 72.9000    | 12.8164    | 16.1500   
8      | 46.4949    | 48.7500    | 34.0158    | 31.9000   
9      | 44.8098    | 46.3750    | 38.0094    | 34.3250   

PSTEPS = 120, TSTEPS = 10000

TIME TAKEN = 187.68231 ms
Run 10

BASIC IMPLEMENTATION
--------------------------------------------------------------

Index  | Call Model | Call Actual | Put Model  | Put Actual
--------------------------------------------------------------
0      | 48.4931    | 51.7000    | 30.5083    | 29.6500   
1      | 49.5573    | 53.6500    | 27.0660    | 27.3750   
2      | 51.2154    | 56.4000    | 24.2955    | 25.3500   
3      | 53.2629    | 59.9750    | 21.3403    | 23.2750   
4      | 54.8735    | 63.1750    | 18.5926    | 21.2000   
5      | 56.3509    | 66.3250    | 16.5772    | 19.5250   
6      | 57.7609    | 69.7250    | 14.5570    | 17.7500   
7      | 58.9182    | 72.9000    | 12.8164    | 16.1500   
8      | 46.4949    | 48.7500    | 34.0158    | 31.9000   
9      | 44.8098    | 46.3750    | 38.0094    | 34.3250   

PSTEPS = 120, TSTEPS = 10000

TIME TAKEN = 188.20392 ms
