Benchmarking: black_scholes_cpu_acc with p=160, t=10000
Run 1

 CPU ACCELERATED IMPLEMENTATION
--------------------------------------------------------------

Index  | Call Model | Call Actual | Put Model  | Put Actual
--------------------------------------------------------------
0      | 49.9271    | 51.7000    | 29.5126    | 29.6500   
1      | 51.3357    | 53.6500    | 25.9661    | 27.3750   
2      | 53.3615    | 56.4000    | 23.1041    | 25.3500   
3      | 55.7833    | 59.9750    | 20.0644    | 23.2750   
4      | 57.7650    | 63.1750    | 17.2746    | 21.2000   
5      | 59.6035    | 66.3250    | 15.2334    | 19.5250   
6      | 61.3829    | 69.7250    | 13.2152    | 17.7500   
7      | 62.8956    | 72.9000    | 11.4931    | 16.1500   
8      | 47.5711    | 48.7500    | 33.1850    | 31.9000   
9      | 45.5564    | 46.3750    | 37.3743    | 34.3250   

PSTEPS = 160, TSTEPS = 10000

TIME TAKEN = 42.87146 ms
Run 2

 CPU ACCELERATED IMPLEMENTATION
--------------------------------------------------------------

Index  | Call Model | Call Actual | Put Model  | Put Actual
--------------------------------------------------------------
0      | 49.9271    | 51.7000    | 29.5126    | 29.6500   
1      | 51.3357    | 53.6500    | 25.9661    | 27.3750   
2      | 53.3615    | 56.4000    | 23.1041    | 25.3500   
3      | 55.7833    | 59.9750    | 20.0644    | 23.2750   
4      | 57.7650    | 63.1750    | 17.2746    | 21.2000   
5      | 59.6035    | 66.3250    | 15.2334    | 19.5250   
6      | 61.3829    | 69.7250    | 13.2152    | 17.7500   
7      | 62.8956    | 72.9000    | 11.4931    | 16.1500   
8      | 47.5711    | 48.7500    | 33.1850    | 31.9000   
9      | 45.5564    | 46.3750    | 37.3743    | 34.3250   

PSTEPS = 160, TSTEPS = 10000

TIME TAKEN = 42.83584 ms
Run 3

 CPU ACCELERATED IMPLEMENTATION
--------------------------------------------------------------

Index  | Call Model | Call Actual | Put Model  | Put Actual
--------------------------------------------------------------
0      | 49.9271    | 51.7000    | 29.5126    | 29.6500   
1      | 51.3357    | 53.6500    | 25.9661    | 27.3750   
2      | 53.3615    | 56.4000    | 23.1041    | 25.3500   
3      | 55.7833    | 59.9750    | 20.0644    | 23.2750   
4      | 57.7650    | 63.1750    | 17.2746    | 21.2000   
5      | 59.6035    | 66.3250    | 15.2334    | 19.5250   
6      | 61.3829    | 69.7250    | 13.2152    | 17.7500   
7      | 62.8956    | 72.9000    | 11.4931    | 16.1500   
8      | 47.5711    | 48.7500    | 33.1850    | 31.9000   
9      | 45.5564    | 46.3750    | 37.3743    | 34.3250   

PSTEPS = 160, TSTEPS = 10000

TIME TAKEN = 42.89120 ms
Run 4

 CPU ACCELERATED IMPLEMENTATION
--------------------------------------------------------------

Index  | Call Model | Call Actual | Put Model  | Put Actual
--------------------------------------------------------------
0      | 49.9271    | 51.7000    | 29.5126    | 29.6500   
1      | 51.3357    | 53.6500    | 25.9661    | 27.3750   
2      | 53.3615    | 56.4000    | 23.1041    | 25.3500   
3      | 55.7833    | 59.9750    | 20.0644    | 23.2750   
4      | 57.7650    | 63.1750    | 17.2746    | 21.2000   
5      | 59.6035    | 66.3250    | 15.2334    | 19.5250   
6      | 61.3829    | 69.7250    | 13.2152    | 17.7500   
7      | 62.8956    | 72.9000    | 11.4931    | 16.1500   
8      | 47.5711    | 48.7500    | 33.1850    | 31.9000   
9      | 45.5564    | 46.3750    | 37.3743    | 34.3250   

PSTEPS = 160, TSTEPS = 10000

TIME TAKEN = 43.20069 ms
Run 5

 CPU ACCELERATED IMPLEMENTATION
--------------------------------------------------------------

Index  | Call Model | Call Actual | Put Model  | Put Actual
--------------------------------------------------------------
0      | 49.9271    | 51.7000    | 29.5126    | 29.6500   
1      | 51.3357    | 53.6500    | 25.9661    | 27.3750   
2      | 53.3615    | 56.4000    | 23.1041    | 25.3500   
3      | 55.7833    | 59.9750    | 20.0644    | 23.2750   
4      | 57.7650    | 63.1750    | 17.2746    | 21.2000   
5      | 59.6035    | 66.3250    | 15.2334    | 19.5250   
6      | 61.3829    | 69.7250    | 13.2152    | 17.7500   
7      | 62.8956    | 72.9000    | 11.4931    | 16.1500   
8      | 47.5711    | 48.7500    | 33.1850    | 31.9000   
9      | 45.5564    | 46.3750    | 37.3743    | 34.3250   

PSTEPS = 160, TSTEPS = 10000

TIME TAKEN = 42.84982 ms
Run 6

 CPU ACCELERATED IMPLEMENTATION
--------------------------------------------------------------

Index  | Call Model | Call Actual | Put Model  | Put Actual
--------------------------------------------------------------
0      | 49.9271    | 51.7000    | 29.5126    | 29.6500   
1      | 51.3357    | 53.6500    | 25.9661    | 27.3750   
2      | 53.3615    | 56.4000    | 23.1041    | 25.3500   
3      | 55.7833    | 59.9750    | 20.0644    | 23.2750   
4      | 57.7650    | 63.1750    | 17.2746    | 21.2000   
5      | 59.6035    | 66.3250    | 15.2334    | 19.5250   
6      | 61.3829    | 69.7250    | 13.2152    | 17.7500   
7      | 62.8956    | 72.9000    | 11.4931    | 16.1500   
8      | 47.5711    | 48.7500    | 33.1850    | 31.9000   
9      | 45.5564    | 46.3750    | 37.3743    | 34.3250   

PSTEPS = 160, TSTEPS = 10000

TIME TAKEN = 42.71757 ms
Run 7

 CPU ACCELERATED IMPLEMENTATION
--------------------------------------------------------------

Index  | Call Model | Call Actual | Put Model  | Put Actual
--------------------------------------------------------------
0      | 49.9271    | 51.7000    | 29.5126    | 29.6500   
1      | 51.3357    | 53.6500    | 25.9661    | 27.3750   
2      | 53.3615    | 56.4000    | 23.1041    | 25.3500   
3      | 55.7833    | 59.9750    | 20.0644    | 23.2750   
4      | 57.7650    | 63.1750    | 17.2746    | 21.2000   
5      | 59.6035    | 66.3250    | 15.2334    | 19.5250   
6      | 61.3829    | 69.7250    | 13.2152    | 17.7500   
7      | 62.8956    | 72.9000    | 11.4931    | 16.1500   
8      | 47.5711    | 48.7500    | 33.1850    | 31.9000   
9      | 45.5564    | 46.3750    | 37.3743    | 34.3250   

PSTEPS = 160, TSTEPS = 10000

TIME TAKEN = 42.90235 ms
Run 8

 CPU ACCELERATED IMPLEMENTATION
--------------------------------------------------------------

Index  | Call Model | Call Actual | Put Model  | Put Actual
--------------------------------------------------------------
0      | 49.9271    | 51.7000    | 29.5126    | 29.6500   
1      | 51.3357    | 53.6500    | 25.9661    | 27.3750   
2      | 53.3615    | 56.4000    | 23.1041    | 25.3500   
3      | 55.7833    | 59.9750    | 20.0644    | 23.2750   
4      | 57.7650    | 63.1750    | 17.2746    | 21.2000   
5      | 59.6035    | 66.3250    | 15.2334    | 19.5250   
6      | 61.3829    | 69.7250    | 13.2152    | 17.7500   
7      | 62.8956    | 72.9000    | 11.4931    | 16.1500   
8      | 47.5711    | 48.7500    | 33.1850    | 31.9000   
9      | 45.5564    | 46.3750    | 37.3743    | 34.3250   

PSTEPS = 160, TSTEPS = 10000

TIME TAKEN = 42.78773 ms
Run 9

 CPU ACCELERATED IMPLEMENTATION
--------------------------------------------------------------

Index  | Call Model | Call Actual | Put Model  | Put Actual
--------------------------------------------------------------
0      | 49.9271    | 51.7000    | 29.5126    | 29.6500   
1      | 51.3357    | 53.6500    | 25.9661    | 27.3750   
2      | 53.3615    | 56.4000    | 23.1041    | 25.3500   
3      | 55.7833    | 59.9750    | 20.0644    | 23.2750   
4      | 57.7650    | 63.1750    | 17.2746    | 21.2000   
5      | 59.6035    | 66.3250    | 15.2334    | 19.5250   
6      | 61.3829    | 69.7250    | 13.2152    | 17.7500   
7      | 62.8956    | 72.9000    | 11.4931    | 16.1500   
8      | 47.5711    | 48.7500    | 33.1850    | 31.9000   
9      | 45.5564    | 46.3750    | 37.3743    | 34.3250   

PSTEPS = 160, TSTEPS = 10000

TIME TAKEN = 42.79145 ms
Run 10

 CPU ACCELERATED IMPLEMENTATION
--------------------------------------------------------------

Index  | Call Model | Call Actual | Put Model  | Put Actual
--------------------------------------------------------------
0      | 49.9271    | 51.7000    | 29.5126    | 29.6500   
1      | 51.3357    | 53.6500    | 25.9661    | 27.3750   
2      | 53.3615    | 56.4000    | 23.1041    | 25.3500   
3      | 55.7833    | 59.9750    | 20.0644    | 23.2750   
4      | 57.7650    | 63.1750    | 17.2746    | 21.2000   
5      | 59.6035    | 66.3250    | 15.2334    | 19.5250   
6      | 61.3829    | 69.7250    | 13.2152    | 17.7500   
7      | 62.8956    | 72.9000    | 11.4931    | 16.1500   
8      | 47.5711    | 48.7500    | 33.1850    | 31.9000   
9      | 45.5564    | 46.3750    | 37.3743    | 34.3250   

PSTEPS = 160, TSTEPS = 10000

TIME TAKEN = 42.85996 ms
