Benchmarking: black_scholes_cpu_acc with p=60, t=40000
Run 1

 CPU ACCELERATED IMPLEMENTATION
--------------------------------------------------------------

Index  | Call Model | Call Actual | Put Model  | Put Actual
--------------------------------------------------------------
0      | 46.3912    | 51.7000    | 32.1872    | 29.6500   
1      | 46.9434    | 53.6500    | 28.8933    | 27.3750   
2      | 48.1458    | 56.4000    | 26.3407    | 25.3500   
3      | 49.6022    | 59.9750    | 23.4673    | 23.2750   
4      | 50.7088    | 63.1750    | 20.8185    | 21.2000   
5      | 51.6874    | 66.3250    | 18.8658    | 19.5250   
6      | 52.5653    | 69.7250    | 16.8435    | 17.7500   
7      | 53.2799    | 72.9000    | 15.1438    | 16.1500   
8      | 44.9047    | 48.7500    | 35.4341    | 31.9000   
9      | 43.6771    | 46.3750    | 39.1071    | 34.3250   

PSTEPS = 60, TSTEPS = 40000

TIME TAKEN = 65.02948 ms
Run 2

 CPU ACCELERATED IMPLEMENTATION
--------------------------------------------------------------

Index  | Call Model | Call Actual | Put Model  | Put Actual
--------------------------------------------------------------
0      | 46.3912    | 51.7000    | 32.1872    | 29.6500   
1      | 46.9434    | 53.6500    | 28.8933    | 27.3750   
2      | 48.1458    | 56.4000    | 26.3407    | 25.3500   
3      | 49.6022    | 59.9750    | 23.4673    | 23.2750   
4      | 50.7088    | 63.1750    | 20.8185    | 21.2000   
5      | 51.6874    | 66.3250    | 18.8658    | 19.5250   
6      | 52.5653    | 69.7250    | 16.8435    | 17.7500   
7      | 53.2799    | 72.9000    | 15.1438    | 16.1500   
8      | 44.9047    | 48.7500    | 35.4341    | 31.9000   
9      | 43.6771    | 46.3750    | 39.1071    | 34.3250   

PSTEPS = 60, TSTEPS = 40000

TIME TAKEN = 65.16429 ms
Run 3

 CPU ACCELERATED IMPLEMENTATION
--------------------------------------------------------------

Index  | Call Model | Call Actual | Put Model  | Put Actual
--------------------------------------------------------------
0      | 46.3912    | 51.7000    | 32.1872    | 29.6500   
1      | 46.9434    | 53.6500    | 28.8933    | 27.3750   
2      | 48.1458    | 56.4000    | 26.3407    | 25.3500   
3      | 49.6022    | 59.9750    | 23.4673    | 23.2750   
4      | 50.7088    | 63.1750    | 20.8185    | 21.2000   
5      | 51.6874    | 66.3250    | 18.8658    | 19.5250   
6      | 52.5653    | 69.7250    | 16.8435    | 17.7500   
7      | 53.2799    | 72.9000    | 15.1438    | 16.1500   
8      | 44.9047    | 48.7500    | 35.4341    | 31.9000   
9      | 43.6771    | 46.3750    | 39.1071    | 34.3250   

PSTEPS = 60, TSTEPS = 40000

TIME TAKEN = 65.04530 ms
Run 4

 CPU ACCELERATED IMPLEMENTATION
--------------------------------------------------------------

Index  | Call Model | Call Actual | Put Model  | Put Actual
--------------------------------------------------------------
0      | 46.3912    | 51.7000    | 32.1872    | 29.6500   
1      | 46.9434    | 53.6500    | 28.8933    | 27.3750   
2      | 48.1458    | 56.4000    | 26.3407    | 25.3500   
3      | 49.6022    | 59.9750    | 23.4673    | 23.2750   
4      | 50.7088    | 63.1750    | 20.8185    | 21.2000   
5      | 51.6874    | 66.3250    | 18.8658    | 19.5250   
6      | 52.5653    | 69.7250    | 16.8435    | 17.7500   
7      | 53.2799    | 72.9000    | 15.1438    | 16.1500   
8      | 44.9047    | 48.7500    | 35.4341    | 31.9000   
9      | 43.6771    | 46.3750    | 39.1071    | 34.3250   

PSTEPS = 60, TSTEPS = 40000

TIME TAKEN = 65.17200 ms
Run 5

 CPU ACCELERATED IMPLEMENTATION
--------------------------------------------------------------

Index  | Call Model | Call Actual | Put Model  | Put Actual
--------------------------------------------------------------
0      | 46.3912    | 51.7000    | 32.1872    | 29.6500   
1      | 46.9434    | 53.6500    | 28.8933    | 27.3750   
2      | 48.1458    | 56.4000    | 26.3407    | 25.3500   
3      | 49.6022    | 59.9750    | 23.4673    | 23.2750   
4      | 50.7088    | 63.1750    | 20.8185    | 21.2000   
5      | 51.6874    | 66.3250    | 18.8658    | 19.5250   
6      | 52.5653    | 69.7250    | 16.8435    | 17.7500   
7      | 53.2799    | 72.9000    | 15.1438    | 16.1500   
8      | 44.9047    | 48.7500    | 35.4341    | 31.9000   
9      | 43.6771    | 46.3750    | 39.1071    | 34.3250   

PSTEPS = 60, TSTEPS = 40000

TIME TAKEN = 65.64186 ms
Run 6

 CPU ACCELERATED IMPLEMENTATION
--------------------------------------------------------------

Index  | Call Model | Call Actual | Put Model  | Put Actual
--------------------------------------------------------------
0      | 46.3912    | 51.7000    | 32.1872    | 29.6500   
1      | 46.9434    | 53.6500    | 28.8933    | 27.3750   
2      | 48.1458    | 56.4000    | 26.3407    | 25.3500   
3      | 49.6022    | 59.9750    | 23.4673    | 23.2750   
4      | 50.7088    | 63.1750    | 20.8185    | 21.2000   
5      | 51.6874    | 66.3250    | 18.8658    | 19.5250   
6      | 52.5653    | 69.7250    | 16.8435    | 17.7500   
7      | 53.2799    | 72.9000    | 15.1438    | 16.1500   
8      | 44.9047    | 48.7500    | 35.4341    | 31.9000   
9      | 43.6771    | 46.3750    | 39.1071    | 34.3250   

PSTEPS = 60, TSTEPS = 40000

TIME TAKEN = 65.02165 ms
Run 7

 CPU ACCELERATED IMPLEMENTATION
--------------------------------------------------------------

Index  | Call Model | Call Actual | Put Model  | Put Actual
--------------------------------------------------------------
0      | 46.3912    | 51.7000    | 32.1872    | 29.6500   
1      | 46.9434    | 53.6500    | 28.8933    | 27.3750   
2      | 48.1458    | 56.4000    | 26.3407    | 25.3500   
3      | 49.6022    | 59.9750    | 23.4673    | 23.2750   
4      | 50.7088    | 63.1750    | 20.8185    | 21.2000   
5      | 51.6874    | 66.3250    | 18.8658    | 19.5250   
6      | 52.5653    | 69.7250    | 16.8435    | 17.7500   
7      | 53.2799    | 72.9000    | 15.1438    | 16.1500   
8      | 44.9047    | 48.7500    | 35.4341    | 31.9000   
9      | 43.6771    | 46.3750    | 39.1071    | 34.3250   

PSTEPS = 60, TSTEPS = 40000

TIME TAKEN = 65.07436 ms
Run 8

 CPU ACCELERATED IMPLEMENTATION
--------------------------------------------------------------

Index  | Call Model | Call Actual | Put Model  | Put Actual
--------------------------------------------------------------
0      | 46.3912    | 51.7000    | 32.1872    | 29.6500   
1      | 46.9434    | 53.6500    | 28.8933    | 27.3750   
2      | 48.1458    | 56.4000    | 26.3407    | 25.3500   
3      | 49.6022    | 59.9750    | 23.4673    | 23.2750   
4      | 50.7088    | 63.1750    | 20.8185    | 21.2000   
5      | 51.6874    | 66.3250    | 18.8658    | 19.5250   
6      | 52.5653    | 69.7250    | 16.8435    | 17.7500   
7      | 53.2799    | 72.9000    | 15.1438    | 16.1500   
8      | 44.9047    | 48.7500    | 35.4341    | 31.9000   
9      | 43.6771    | 46.3750    | 39.1071    | 34.3250   

PSTEPS = 60, TSTEPS = 40000

TIME TAKEN = 65.29560 ms
Run 9

 CPU ACCELERATED IMPLEMENTATION
--------------------------------------------------------------

Index  | Call Model | Call Actual | Put Model  | Put Actual
--------------------------------------------------------------
0      | 46.3912    | 51.7000    | 32.1872    | 29.6500   
1      | 46.9434    | 53.6500    | 28.8933    | 27.3750   
2      | 48.1458    | 56.4000    | 26.3407    | 25.3500   
3      | 49.6022    | 59.9750    | 23.4673    | 23.2750   
4      | 50.7088    | 63.1750    | 20.8185    | 21.2000   
5      | 51.6874    | 66.3250    | 18.8658    | 19.5250   
6      | 52.5653    | 69.7250    | 16.8435    | 17.7500   
7      | 53.2799    | 72.9000    | 15.1438    | 16.1500   
8      | 44.9047    | 48.7500    | 35.4341    | 31.9000   
9      | 43.6771    | 46.3750    | 39.1071    | 34.3250   

PSTEPS = 60, TSTEPS = 40000

TIME TAKEN = 64.93718 ms
Run 10

 CPU ACCELERATED IMPLEMENTATION
--------------------------------------------------------------

Index  | Call Model | Call Actual | Put Model  | Put Actual
--------------------------------------------------------------
0      | 46.3912    | 51.7000    | 32.1872    | 29.6500   
1      | 46.9434    | 53.6500    | 28.8933    | 27.3750   
2      | 48.1458    | 56.4000    | 26.3407    | 25.3500   
3      | 49.6022    | 59.9750    | 23.4673    | 23.2750   
4      | 50.7088    | 63.1750    | 20.8185    | 21.2000   
5      | 51.6874    | 66.3250    | 18.8658    | 19.5250   
6      | 52.5653    | 69.7250    | 16.8435    | 17.7500   
7      | 53.2799    | 72.9000    | 15.1438    | 16.1500   
8      | 44.9047    | 48.7500    | 35.4341    | 31.9000   
9      | 43.6771    | 46.3750    | 39.1071    | 34.3250   

PSTEPS = 60, TSTEPS = 40000

TIME TAKEN = 64.97208 ms
