Benchmarking: black_scholes_hybrid1 with p=180, t=100000
Run 1

 HYBRID IMPLEMENTATION 1
--------------------------------------------------------------

Index  | Call Model | Call Actual | Put Model  | Put Actual
--------------------------------------------------------------
0      | 50.6484    | 51.7000    | 29.0230    | 29.6500   
1      | 52.2353    | 53.6500    | 25.4290    | 27.3750   
2      | 54.4493    | 56.4000    | 22.5234    | 25.3500   
3      | 57.0709    | 59.9750    | 19.4516    | 23.2750   
4      | 59.2466    | 63.1750    | 16.6464    | 21.2000   
5      | 61.2727    | 66.3250    | 14.5962    | 19.5250   
6      | 63.2476    | 69.7250    | 12.5863    | 17.7500   
7      | 64.9474    | 72.9000    | 10.8785    | 16.1500   
8      | 48.1106    | 48.7500    | 32.7764    | 31.9000   
9      | 45.9292    | 46.3750    | 37.0628    | 34.3250   

PSTEPS = 180, TSTEPS = 100000

TIME TAKEN = 779.60256 ms
Run 2

 HYBRID IMPLEMENTATION 1
--------------------------------------------------------------

Index  | Call Model | Call Actual | Put Model  | Put Actual
--------------------------------------------------------------
0      | 50.6484    | 51.7000    | 29.0230    | 29.6500   
1      | 52.2353    | 53.6500    | 25.4290    | 27.3750   
2      | 54.4493    | 56.4000    | 22.5234    | 25.3500   
3      | 57.0709    | 59.9750    | 19.4516    | 23.2750   
4      | 59.2466    | 63.1750    | 16.6464    | 21.2000   
5      | 61.2727    | 66.3250    | 14.5962    | 19.5250   
6      | 63.2476    | 69.7250    | 12.5863    | 17.7500   
7      | 64.9474    | 72.9000    | 10.8785    | 16.1500   
8      | 48.1106    | 48.7500    | 32.7764    | 31.9000   
9      | 45.9292    | 46.3750    | 37.0628    | 34.3250   

PSTEPS = 180, TSTEPS = 100000

TIME TAKEN = 737.46649 ms
Run 3

 HYBRID IMPLEMENTATION 1
--------------------------------------------------------------

Index  | Call Model | Call Actual | Put Model  | Put Actual
--------------------------------------------------------------
0      | 50.6484    | 51.7000    | 29.0230    | 29.6500   
1      | 52.2353    | 53.6500    | 25.4290    | 27.3750   
2      | 45.4115    | 56.4000    | 22.5219    | 25.3500   
3      | 57.0709    | 59.9750    | 19.4516    | 23.2750   
4      | 59.2466    | 63.1750    | 16.6464    | 21.2000   
5      | 61.2727    | 66.3250    | 14.5962    | 19.5250   
6      | 63.2476    | 69.7250    | 12.5863    | 17.7500   
7      | 64.9474    | 72.9000    | 10.8785    | 16.1500   
8      | 48.1106    | 48.7500    | 32.7764    | 31.9000   
9      | 45.9292    | 46.3750    | 37.0628    | 34.3250   

PSTEPS = 180, TSTEPS = 100000

TIME TAKEN = 716.88824 ms
Run 4

 HYBRID IMPLEMENTATION 1
--------------------------------------------------------------

Index  | Call Model | Call Actual | Put Model  | Put Actual
--------------------------------------------------------------
0      | 50.6484    | 51.7000    | 29.0230    | 29.6500   
1      | 52.2353    | 53.6500    | 25.4290    | 27.3750   
2      | 54.4493    | 56.4000    | 22.5234    | 25.3500   
3      | 57.0709    | 59.9750    | 19.4516    | 23.2750   
4      | 59.2466    | 63.1750    | 16.6464    | 21.2000   
5      | 61.2727    | 66.3250    | 14.5962    | 19.5250   
6      | 63.2476    | 69.7250    | 12.5863    | 17.7500   
7      | 64.9474    | 72.9000    | 10.8785    | 16.1500   
8      | 48.1106    | 48.7500    | 32.7764    | 31.9000   
9      | 45.9292    | 46.3750    | 37.0628    | 34.3250   

PSTEPS = 180, TSTEPS = 100000

TIME TAKEN = 758.26538 ms
Run 5

 HYBRID IMPLEMENTATION 1
--------------------------------------------------------------

Index  | Call Model | Call Actual | Put Model  | Put Actual
--------------------------------------------------------------
0      | 50.6484    | 51.7000    | 29.0230    | 29.6500   
1      | 52.2353    | 53.6500    | 25.4290    | 27.3750   
2      | 54.4493    | 56.4000    | 22.5234    | 25.3500   
3      | 57.0709    | 59.9750    | 19.4516    | 23.2750   
4      | 59.2466    | 63.1750    | 16.6464    | 21.2000   
5      | 61.2727    | 66.3250    | 14.5962    | 19.5250   
6      | 63.2476    | 69.7250    | 12.5863    | 17.7500   
7      | 64.9474    | 72.9000    | 10.8785    | 16.1500   
8      | 48.1106    | 48.7500    | 32.7764    | 31.9000   
9      | 45.9292    | 46.3750    | 37.0628    | 34.3250   

PSTEPS = 180, TSTEPS = 100000

TIME TAKEN = 756.77327 ms
Run 6

 HYBRID IMPLEMENTATION 1
--------------------------------------------------------------

Index  | Call Model | Call Actual | Put Model  | Put Actual
--------------------------------------------------------------
0      | 50.6484    | 51.7000    | 29.0230    | 29.6500   
1      | 52.2353    | 53.6500    | 25.4290    | 27.3750   
2      | 43.1673    | 56.4000    | 22.5218    | 25.3500   
3      | 57.0709    | 59.9750    | 19.4516    | 23.2750   
4      | 59.2466    | 63.1750    | 16.6464    | 21.2000   
5      | 61.2727    | 66.3250    | 14.5962    | 19.5250   
6      | 63.2476    | 69.7250    | 12.5863    | 17.7500   
7      | 64.9474    | 72.9000    | 10.8785    | 16.1500   
8      | 48.1106    | 48.7500    | 32.7764    | 31.9000   
9      | 45.9292    | 46.3750    | 37.0628    | 34.3250   

PSTEPS = 180, TSTEPS = 100000

TIME TAKEN = 727.81675 ms
Run 7

 HYBRID IMPLEMENTATION 1
--------------------------------------------------------------

Index  | Call Model | Call Actual | Put Model  | Put Actual
--------------------------------------------------------------
0      | 50.6484    | 51.7000    | 29.0230    | 29.6500   
1      | 52.2353    | 53.6500    | 25.4290    | 27.3750   
2      | 54.4493    | 56.4000    | 22.5234    | 25.3500   
3      | 57.0709    | 59.9750    | 19.4516    | 23.2750   
4      | 59.2466    | 63.1750    | 16.6464    | 21.2000   
5      | 61.2727    | 66.3250    | 14.5962    | 19.5250   
6      | 63.2476    | 69.7250    | 12.5863    | 17.7500   
7      | 64.9474    | 72.9000    | 10.8785    | 16.1500   
8      | 48.1106    | 48.7500    | 32.7764    | 31.9000   
9      | 45.9292    | 46.3750    | 37.0628    | 34.3250   

PSTEPS = 180, TSTEPS = 100000

TIME TAKEN = 742.63491 ms
Run 8

 HYBRID IMPLEMENTATION 1
--------------------------------------------------------------

Index  | Call Model | Call Actual | Put Model  | Put Actual
--------------------------------------------------------------
0      | 50.6484    | 51.7000    | 29.0230    | 29.6500   
1      | 52.2353    | 53.6500    | 25.4290    | 27.3750   
2      | 54.4493    | 56.4000    | 22.5234    | 25.3500   
3      | 57.0709    | 59.9750    | 19.4516    | 23.2750   
4      | 59.2466    | 63.1750    | 16.6464    | 21.2000   
5      | 61.2727    | 66.3250    | 14.5962    | 19.5250   
6      | 63.2476    | 69.7250    | 12.5863    | 17.7500   
7      | 64.9474    | 72.9000    | 10.8785    | 16.1500   
8      | 48.1106    | 48.7500    | 32.7764    | 31.9000   
9      | 45.9292    | 46.3750    | 37.0628    | 34.3250   

PSTEPS = 180, TSTEPS = 100000

TIME TAKEN = 747.34022 ms
Run 9

 HYBRID IMPLEMENTATION 1
--------------------------------------------------------------

Index  | Call Model | Call Actual | Put Model  | Put Actual
--------------------------------------------------------------
0      | 50.6484    | 51.7000    | 29.0230    | 29.6500   
1      | 52.2353    | 53.6500    | 25.4290    | 27.3750   
2      | 54.4493    | 56.4000    | 22.5234    | 25.3500   
3      | 57.0709    | 59.9750    | 19.4516    | 23.2750   
4      | 59.2466    | 63.1750    | 16.6464    | 21.2000   
5      | 61.2727    | 66.3250    | 14.5962    | 19.5250   
6      | 63.2476    | 69.7250    | 12.5863    | 17.7500   
7      | 64.9474    | 72.9000    | 10.8785    | 16.1500   
8      | 48.1106    | 48.7500    | 32.7764    | 31.9000   
9      | 45.9292    | 46.3750    | 37.0628    | 34.3250   

PSTEPS = 180, TSTEPS = 100000

TIME TAKEN = 769.76051 ms
Run 10

 HYBRID IMPLEMENTATION 1
--------------------------------------------------------------

Index  | Call Model | Call Actual | Put Model  | Put Actual
--------------------------------------------------------------
0      | 50.6484    | 51.7000    | 29.0230    | 29.6500   
1      | 52.2353    | 53.6500    | 25.4290    | 27.3750   
2      | 54.4493    | 56.4000    | 22.5234    | 25.3500   
3      | 57.0709    | 59.9750    | 19.4516    | 23.2750   
4      | 59.2466    | 63.1750    | 16.6464    | 21.2000   
5      | 61.2727    | 66.3250    | 14.5962    | 19.5250   
6      | 63.2476    | 69.7250    | 12.5863    | 17.7500   
7      | 64.9474    | 72.9000    | 10.8785    | 16.1500   
8      | 48.1106    | 48.7500    | 32.7764    | 31.9000   
9      | 45.9292    | 46.3750    | 37.0628    | 34.3250   

PSTEPS = 180, TSTEPS = 100000

TIME TAKEN = 762.09791 ms
