Benchmarking: black_scholes_cpu_acc with p=20, t=10000
Run 1

 CPU ACCELERATED IMPLEMENTATION
--------------------------------------------------------------

Index  | Call Model | Call Actual | Put Model  | Put Actual
--------------------------------------------------------------
0      | 45.0880    | 51.7000    | 35.1067    | 29.6500   
1      | 45.2915    | 53.6500    | 31.8386    | 27.3750   
2      | 45.9657    | 56.4000    | 29.1416    | 25.3500   
3      | 46.8979    | 59.9750    | 26.1174    | 23.2750   
4      | 47.7941    | 63.1750    | 23.5901    | 21.2000   
5      | 48.6775    | 66.3250    | 21.8516    | 19.5250   
6      | 49.4045    | 69.7250    | 19.9655    | 17.7500   
7      | 49.8332    | 72.9000    | 18.2353    | 16.1500   
8      | 43.9261    | 48.7500    | 38.2337    | 31.9000   
9      | 42.9445    | 46.3750    | 41.7019    | 34.3250   

PSTEPS = 20, TSTEPS = 10000

TIME TAKEN = 6.53435 ms
Run 2

 CPU ACCELERATED IMPLEMENTATION
--------------------------------------------------------------

Index  | Call Model | Call Actual | Put Model  | Put Actual
--------------------------------------------------------------
0      | 45.0880    | 51.7000    | 35.1067    | 29.6500   
1      | 45.2915    | 53.6500    | 31.8386    | 27.3750   
2      | 45.9657    | 56.4000    | 29.1416    | 25.3500   
3      | 46.8979    | 59.9750    | 26.1174    | 23.2750   
4      | 47.7941    | 63.1750    | 23.5901    | 21.2000   
5      | 48.6775    | 66.3250    | 21.8516    | 19.5250   
6      | 49.4045    | 69.7250    | 19.9655    | 17.7500   
7      | 49.8332    | 72.9000    | 18.2353    | 16.1500   
8      | 43.9261    | 48.7500    | 38.2337    | 31.9000   
9      | 42.9445    | 46.3750    | 41.7019    | 34.3250   

PSTEPS = 20, TSTEPS = 10000

TIME TAKEN = 6.52187 ms
Run 3

 CPU ACCELERATED IMPLEMENTATION
--------------------------------------------------------------

Index  | Call Model | Call Actual | Put Model  | Put Actual
--------------------------------------------------------------
0      | 45.0880    | 51.7000    | 35.1067    | 29.6500   
1      | 45.2915    | 53.6500    | 31.8386    | 27.3750   
2      | 45.9657    | 56.4000    | 29.1416    | 25.3500   
3      | 46.8979    | 59.9750    | 26.1174    | 23.2750   
4      | 47.7941    | 63.1750    | 23.5901    | 21.2000   
5      | 48.6775    | 66.3250    | 21.8516    | 19.5250   
6      | 49.4045    | 69.7250    | 19.9655    | 17.7500   
7      | 49.8332    | 72.9000    | 18.2353    | 16.1500   
8      | 43.9261    | 48.7500    | 38.2337    | 31.9000   
9      | 42.9445    | 46.3750    | 41.7019    | 34.3250   

PSTEPS = 20, TSTEPS = 10000

TIME TAKEN = 6.47991 ms
Run 4

 CPU ACCELERATED IMPLEMENTATION
--------------------------------------------------------------

Index  | Call Model | Call Actual | Put Model  | Put Actual
--------------------------------------------------------------
0      | 45.0880    | 51.7000    | 35.1067    | 29.6500   
1      | 45.2915    | 53.6500    | 31.8386    | 27.3750   
2      | 45.9657    | 56.4000    | 29.1416    | 25.3500   
3      | 46.8979    | 59.9750    | 26.1174    | 23.2750   
4      | 47.7941    | 63.1750    | 23.5901    | 21.2000   
5      | 48.6775    | 66.3250    | 21.8516    | 19.5250   
6      | 49.4045    | 69.7250    | 19.9655    | 17.7500   
7      | 49.8332    | 72.9000    | 18.2353    | 16.1500   
8      | 43.9261    | 48.7500    | 38.2337    | 31.9000   
9      | 42.9445    | 46.3750    | 41.7019    | 34.3250   

PSTEPS = 20, TSTEPS = 10000

TIME TAKEN = 6.49087 ms
Run 5

 CPU ACCELERATED IMPLEMENTATION
--------------------------------------------------------------

Index  | Call Model | Call Actual | Put Model  | Put Actual
--------------------------------------------------------------
0      | 45.0880    | 51.7000    | 35.1067    | 29.6500   
1      | 45.2915    | 53.6500    | 31.8386    | 27.3750   
2      | 45.9657    | 56.4000    | 29.1416    | 25.3500   
3      | 46.8979    | 59.9750    | 26.1174    | 23.2750   
4      | 47.7941    | 63.1750    | 23.5901    | 21.2000   
5      | 48.6775    | 66.3250    | 21.8516    | 19.5250   
6      | 49.4045    | 69.7250    | 19.9655    | 17.7500   
7      | 49.8332    | 72.9000    | 18.2353    | 16.1500   
8      | 43.9261    | 48.7500    | 38.2337    | 31.9000   
9      | 42.9445    | 46.3750    | 41.7019    | 34.3250   

PSTEPS = 20, TSTEPS = 10000

TIME TAKEN = 6.51920 ms
Run 6

 CPU ACCELERATED IMPLEMENTATION
--------------------------------------------------------------

Index  | Call Model | Call Actual | Put Model  | Put Actual
--------------------------------------------------------------
0      | 45.0880    | 51.7000    | 35.1067    | 29.6500   
1      | 45.2915    | 53.6500    | 31.8386    | 27.3750   
2      | 45.9657    | 56.4000    | 29.1416    | 25.3500   
3      | 46.8979    | 59.9750    | 26.1174    | 23.2750   
4      | 47.7941    | 63.1750    | 23.5901    | 21.2000   
5      | 48.6775    | 66.3250    | 21.8516    | 19.5250   
6      | 49.4045    | 69.7250    | 19.9655    | 17.7500   
7      | 49.8332    | 72.9000    | 18.2353    | 16.1500   
8      | 43.9261    | 48.7500    | 38.2337    | 31.9000   
9      | 42.9445    | 46.3750    | 41.7019    | 34.3250   

PSTEPS = 20, TSTEPS = 10000

TIME TAKEN = 6.54114 ms
Run 7

 CPU ACCELERATED IMPLEMENTATION
--------------------------------------------------------------

Index  | Call Model | Call Actual | Put Model  | Put Actual
--------------------------------------------------------------
0      | 45.0880    | 51.7000    | 35.1067    | 29.6500   
1      | 45.2915    | 53.6500    | 31.8386    | 27.3750   
2      | 45.9657    | 56.4000    | 29.1416    | 25.3500   
3      | 46.8979    | 59.9750    | 26.1174    | 23.2750   
4      | 47.7941    | 63.1750    | 23.5901    | 21.2000   
5      | 48.6775    | 66.3250    | 21.8516    | 19.5250   
6      | 49.4045    | 69.7250    | 19.9655    | 17.7500   
7      | 49.8332    | 72.9000    | 18.2353    | 16.1500   
8      | 43.9261    | 48.7500    | 38.2337    | 31.9000   
9      | 42.9445    | 46.3750    | 41.7019    | 34.3250   

PSTEPS = 20, TSTEPS = 10000

TIME TAKEN = 6.53882 ms
Run 8

 CPU ACCELERATED IMPLEMENTATION
--------------------------------------------------------------

Index  | Call Model | Call Actual | Put Model  | Put Actual
--------------------------------------------------------------
0      | 45.0880    | 51.7000    | 35.1067    | 29.6500   
1      | 45.2915    | 53.6500    | 31.8386    | 27.3750   
2      | 45.9657    | 56.4000    | 29.1416    | 25.3500   
3      | 46.8979    | 59.9750    | 26.1174    | 23.2750   
4      | 47.7941    | 63.1750    | 23.5901    | 21.2000   
5      | 48.6775    | 66.3250    | 21.8516    | 19.5250   
6      | 49.4045    | 69.7250    | 19.9655    | 17.7500   
7      | 49.8332    | 72.9000    | 18.2353    | 16.1500   
8      | 43.9261    | 48.7500    | 38.2337    | 31.9000   
9      | 42.9445    | 46.3750    | 41.7019    | 34.3250   

PSTEPS = 20, TSTEPS = 10000

TIME TAKEN = 6.56647 ms
Run 9

 CPU ACCELERATED IMPLEMENTATION
--------------------------------------------------------------

Index  | Call Model | Call Actual | Put Model  | Put Actual
--------------------------------------------------------------
0      | 45.0880    | 51.7000    | 35.1067    | 29.6500   
1      | 45.2915    | 53.6500    | 31.8386    | 27.3750   
2      | 45.9657    | 56.4000    | 29.1416    | 25.3500   
3      | 46.8979    | 59.9750    | 26.1174    | 23.2750   
4      | 47.7941    | 63.1750    | 23.5901    | 21.2000   
5      | 48.6775    | 66.3250    | 21.8516    | 19.5250   
6      | 49.4045    | 69.7250    | 19.9655    | 17.7500   
7      | 49.8332    | 72.9000    | 18.2353    | 16.1500   
8      | 43.9261    | 48.7500    | 38.2337    | 31.9000   
9      | 42.9445    | 46.3750    | 41.7019    | 34.3250   

PSTEPS = 20, TSTEPS = 10000

TIME TAKEN = 6.60243 ms
Run 10

 CPU ACCELERATED IMPLEMENTATION
--------------------------------------------------------------

Index  | Call Model | Call Actual | Put Model  | Put Actual
--------------------------------------------------------------
0      | 45.0880    | 51.7000    | 35.1067    | 29.6500   
1      | 45.2915    | 53.6500    | 31.8386    | 27.3750   
2      | 45.9657    | 56.4000    | 29.1416    | 25.3500   
3      | 46.8979    | 59.9750    | 26.1174    | 23.2750   
4      | 47.7941    | 63.1750    | 23.5901    | 21.2000   
5      | 48.6775    | 66.3250    | 21.8516    | 19.5250   
6      | 49.4045    | 69.7250    | 19.9655    | 17.7500   
7      | 49.8332    | 72.9000    | 18.2353    | 16.1500   
8      | 43.9261    | 48.7500    | 38.2337    | 31.9000   
9      | 42.9445    | 46.3750    | 41.7019    | 34.3250   

PSTEPS = 20, TSTEPS = 10000

TIME TAKEN = 6.57725 ms
