Benchmarking: black_scholes_cpu_acc with p=200, t=100000
Run 1

 CPU ACCELERATED IMPLEMENTATION
--------------------------------------------------------------

Index  | Call Model | Call Actual | Put Model  | Put Actual
--------------------------------------------------------------
0      | 51.3883    | 51.7000    | 28.5523    | 29.6500   
1      | 53.1439    | 53.6500    | 24.8999    | 27.3750   
2      | 55.5507    | 56.4000    | 21.9540    | 25.3500   
3      | 58.3779    | 59.9750    | 18.8546    | 23.2750   
4      | 60.7531    | 63.1750    | 16.0375    | 21.2000   
5      | 62.9777    | 66.3250    | 13.9869    | 19.5250   
6      | 65.1464    | 69.7250    | 11.9810    | 17.7500   
7      | 67.0319    | 72.9000    | 10.2835    | 16.1500   
8      | 48.6629    | 48.7500    | 32.3818    | 31.9000   
9      | 46.3002    | 46.3750    | 36.7510    | 34.3250   

PSTEPS = 200, TSTEPS = 100000

TIME TAKEN = 515.56094 ms
Run 2

 CPU ACCELERATED IMPLEMENTATION
--------------------------------------------------------------

Index  | Call Model | Call Actual | Put Model  | Put Actual
--------------------------------------------------------------
0      | 51.3883    | 51.7000    | 28.5523    | 29.6500   
1      | 53.1439    | 53.6500    | 24.8999    | 27.3750   
2      | 55.5507    | 56.4000    | 21.9540    | 25.3500   
3      | 58.3779    | 59.9750    | 18.8546    | 23.2750   
4      | 60.7531    | 63.1750    | 16.0375    | 21.2000   
5      | 62.9777    | 66.3250    | 13.9869    | 19.5250   
6      | 65.1464    | 69.7250    | 11.9810    | 17.7500   
7      | 67.0319    | 72.9000    | 10.2835    | 16.1500   
8      | 48.6629    | 48.7500    | 32.3818    | 31.9000   
9      | 46.3002    | 46.3750    | 36.7510    | 34.3250   

PSTEPS = 200, TSTEPS = 100000

TIME TAKEN = 516.06920 ms
Run 3

 CPU ACCELERATED IMPLEMENTATION
--------------------------------------------------------------

Index  | Call Model | Call Actual | Put Model  | Put Actual
--------------------------------------------------------------
0      | 51.3883    | 51.7000    | 28.5523    | 29.6500   
1      | 53.1439    | 53.6500    | 24.8999    | 27.3750   
2      | 55.5507    | 56.4000    | 21.9540    | 25.3500   
3      | 58.3779    | 59.9750    | 18.8546    | 23.2750   
4      | 60.7531    | 63.1750    | 16.0375    | 21.2000   
5      | 62.9777    | 66.3250    | 13.9869    | 19.5250   
6      | 65.1464    | 69.7250    | 11.9810    | 17.7500   
7      | 67.0319    | 72.9000    | 10.2835    | 16.1500   
8      | 48.6629    | 48.7500    | 32.3818    | 31.9000   
9      | 46.3002    | 46.3750    | 36.7510    | 34.3250   

PSTEPS = 200, TSTEPS = 100000

TIME TAKEN = 515.81130 ms
Run 4

 CPU ACCELERATED IMPLEMENTATION
--------------------------------------------------------------

Index  | Call Model | Call Actual | Put Model  | Put Actual
--------------------------------------------------------------
0      | 51.3883    | 51.7000    | 28.5523    | 29.6500   
1      | 53.1439    | 53.6500    | 24.8999    | 27.3750   
2      | 55.5507    | 56.4000    | 21.9540    | 25.3500   
3      | 58.3779    | 59.9750    | 18.8546    | 23.2750   
4      | 60.7531    | 63.1750    | 16.0375    | 21.2000   
5      | 62.9777    | 66.3250    | 13.9869    | 19.5250   
6      | 65.1464    | 69.7250    | 11.9810    | 17.7500   
7      | 67.0319    | 72.9000    | 10.2835    | 16.1500   
8      | 48.6629    | 48.7500    | 32.3818    | 31.9000   
9      | 46.3002    | 46.3750    | 36.7510    | 34.3250   

PSTEPS = 200, TSTEPS = 100000

TIME TAKEN = 515.93674 ms
Run 5

 CPU ACCELERATED IMPLEMENTATION
--------------------------------------------------------------

Index  | Call Model | Call Actual | Put Model  | Put Actual
--------------------------------------------------------------
0      | 51.3883    | 51.7000    | 28.5523    | 29.6500   
1      | 53.1439    | 53.6500    | 24.8999    | 27.3750   
2      | 55.5507    | 56.4000    | 21.9540    | 25.3500   
3      | 58.3779    | 59.9750    | 18.8546    | 23.2750   
4      | 60.7531    | 63.1750    | 16.0375    | 21.2000   
5      | 62.9777    | 66.3250    | 13.9869    | 19.5250   
6      | 65.1464    | 69.7250    | 11.9810    | 17.7500   
7      | 67.0319    | 72.9000    | 10.2835    | 16.1500   
8      | 48.6629    | 48.7500    | 32.3818    | 31.9000   
9      | 46.3002    | 46.3750    | 36.7510    | 34.3250   

PSTEPS = 200, TSTEPS = 100000

TIME TAKEN = 515.83311 ms
Run 6

 CPU ACCELERATED IMPLEMENTATION
--------------------------------------------------------------

Index  | Call Model | Call Actual | Put Model  | Put Actual
--------------------------------------------------------------
0      | 51.3883    | 51.7000    | 28.5523    | 29.6500   
1      | 53.1439    | 53.6500    | 24.8999    | 27.3750   
2      | 55.5507    | 56.4000    | 21.9540    | 25.3500   
3      | 58.3779    | 59.9750    | 18.8546    | 23.2750   
4      | 60.7531    | 63.1750    | 16.0375    | 21.2000   
5      | 62.9777    | 66.3250    | 13.9869    | 19.5250   
6      | 65.1464    | 69.7250    | 11.9810    | 17.7500   
7      | 67.0319    | 72.9000    | 10.2835    | 16.1500   
8      | 48.6629    | 48.7500    | 32.3818    | 31.9000   
9      | 46.3002    | 46.3750    | 36.7510    | 34.3250   

PSTEPS = 200, TSTEPS = 100000

TIME TAKEN = 515.72430 ms
Run 7

 CPU ACCELERATED IMPLEMENTATION
--------------------------------------------------------------

Index  | Call Model | Call Actual | Put Model  | Put Actual
--------------------------------------------------------------
0      | 51.3883    | 51.7000    | 28.5523    | 29.6500   
1      | 53.1439    | 53.6500    | 24.8999    | 27.3750   
2      | 55.5507    | 56.4000    | 21.9540    | 25.3500   
3      | 58.3779    | 59.9750    | 18.8546    | 23.2750   
4      | 60.7531    | 63.1750    | 16.0375    | 21.2000   
5      | 62.9777    | 66.3250    | 13.9869    | 19.5250   
6      | 65.1464    | 69.7250    | 11.9810    | 17.7500   
7      | 67.0319    | 72.9000    | 10.2835    | 16.1500   
8      | 48.6629    | 48.7500    | 32.3818    | 31.9000   
9      | 46.3002    | 46.3750    | 36.7510    | 34.3250   

PSTEPS = 200, TSTEPS = 100000

TIME TAKEN = 515.64374 ms
Run 8

 CPU ACCELERATED IMPLEMENTATION
--------------------------------------------------------------

Index  | Call Model | Call Actual | Put Model  | Put Actual
--------------------------------------------------------------
0      | 51.3883    | 51.7000    | 28.5523    | 29.6500   
1      | 53.1439    | 53.6500    | 24.8999    | 27.3750   
2      | 55.5507    | 56.4000    | 21.9540    | 25.3500   
3      | 58.3779    | 59.9750    | 18.8546    | 23.2750   
4      | 60.7531    | 63.1750    | 16.0375    | 21.2000   
5      | 62.9777    | 66.3250    | 13.9869    | 19.5250   
6      | 65.1464    | 69.7250    | 11.9810    | 17.7500   
7      | 67.0319    | 72.9000    | 10.2835    | 16.1500   
8      | 48.6629    | 48.7500    | 32.3818    | 31.9000   
9      | 46.3002    | 46.3750    | 36.7510    | 34.3250   

PSTEPS = 200, TSTEPS = 100000

TIME TAKEN = 515.36146 ms
Run 9

 CPU ACCELERATED IMPLEMENTATION
--------------------------------------------------------------

Index  | Call Model | Call Actual | Put Model  | Put Actual
--------------------------------------------------------------
0      | 51.3883    | 51.7000    | 28.5523    | 29.6500   
1      | 53.1439    | 53.6500    | 24.8999    | 27.3750   
2      | 55.5507    | 56.4000    | 21.9540    | 25.3500   
3      | 58.3779    | 59.9750    | 18.8546    | 23.2750   
4      | 60.7531    | 63.1750    | 16.0375    | 21.2000   
5      | 62.9777    | 66.3250    | 13.9869    | 19.5250   
6      | 65.1464    | 69.7250    | 11.9810    | 17.7500   
7      | 67.0319    | 72.9000    | 10.2835    | 16.1500   
8      | 48.6629    | 48.7500    | 32.3818    | 31.9000   
9      | 46.3002    | 46.3750    | 36.7510    | 34.3250   

PSTEPS = 200, TSTEPS = 100000

TIME TAKEN = 515.93510 ms
Run 10

 CPU ACCELERATED IMPLEMENTATION
--------------------------------------------------------------

Index  | Call Model | Call Actual | Put Model  | Put Actual
--------------------------------------------------------------
0      | 51.3883    | 51.7000    | 28.5523    | 29.6500   
1      | 53.1439    | 53.6500    | 24.8999    | 27.3750   
2      | 55.5507    | 56.4000    | 21.9540    | 25.3500   
3      | 58.3779    | 59.9750    | 18.8546    | 23.2750   
4      | 60.7531    | 63.1750    | 16.0375    | 21.2000   
5      | 62.9777    | 66.3250    | 13.9869    | 19.5250   
6      | 65.1464    | 69.7250    | 11.9810    | 17.7500   
7      | 67.0319    | 72.9000    | 10.2835    | 16.1500   
8      | 48.6629    | 48.7500    | 32.3818    | 31.9000   
9      | 46.3002    | 46.3750    | 36.7510    | 34.3250   

PSTEPS = 200, TSTEPS = 100000

TIME TAKEN = 515.70253 ms
