Benchmarking: black_scholes_hybrid1 with p=80, t=70000
Run 1

 HYBRID IMPLEMENTATION 1
--------------------------------------------------------------

Index  | Call Model | Call Actual | Put Model  | Put Actual
--------------------------------------------------------------
0      | 47.0811    | 51.7000    | 31.5711    | 29.6500   
1      | 47.8232    | 53.6500    | 28.2495    | 27.3750   
2      | 49.1526    | 56.4000    | 25.6025    | 25.3500   
3      | 50.8109    | 59.9750    | 22.7098    | 23.2750   
4      | 52.0763    | 63.1750    | 20.0221    | 21.2000   
5      | 53.1748    | 66.3250    | 18.0245    | 19.5250   
6      | 54.2875    | 69.7250    | 16.0450    | 17.7500   
7      | 55.0939    | 72.9000    | 14.2794    | 16.1500   
8      | 45.4292    | 48.7500    | 34.9074    | 31.9000   
9      | 44.0685    | 46.3750    | 38.7045    | 34.3250   

PSTEPS = 80, TSTEPS = 70000

TIME TAKEN = 465.41301 ms
Run 2

 HYBRID IMPLEMENTATION 1
--------------------------------------------------------------

Index  | Call Model | Call Actual | Put Model  | Put Actual
--------------------------------------------------------------
0      | 47.0811    | 51.7000    | 31.5711    | 29.6500   
1      | 47.8232    | 53.6500    | 28.2495    | 27.3750   
2      | 49.1526    | 56.4000    | 25.6025    | 25.3500   
3      | 50.8109    | 59.9750    | 22.7098    | 23.2750   
4      | 51.8555    | 63.1750    | 20.0221    | 21.2000   
5      | 52.7651    | 66.3250    | 18.0245    | 19.5250   
6      | 54.2875    | 69.7250    | 16.0450    | 17.7500   
7      | 55.0939    | 72.9000    | 14.2794    | 16.1500   
8      | 45.4292    | 48.7500    | 34.9074    | 31.9000   
9      | 44.0685    | 46.3750    | 38.7045    | 34.3250   

PSTEPS = 80, TSTEPS = 70000

TIME TAKEN = 455.71746 ms
Run 3

 HYBRID IMPLEMENTATION 1
--------------------------------------------------------------

Index  | Call Model | Call Actual | Put Model  | Put Actual
--------------------------------------------------------------
0      | 47.0811    | 51.7000    | 31.5711    | 29.6500   
1      | 47.8232    | 53.6500    | 28.2495    | 27.3750   
2      | 49.1526    | 56.4000    | 25.6025    | 25.3500   
3      | 50.8109    | 59.9750    | 22.7098    | 23.2750   
4      | 52.0754    | 63.1750    | 20.0221    | 21.2000   
5      | 52.9308    | 66.3250    | 18.0245    | 19.5250   
6      | 54.2875    | 69.7250    | 16.0450    | 17.7500   
7      | 55.0939    | 72.9000    | 14.2794    | 16.1500   
8      | 45.4292    | 48.7500    | 34.9074    | 31.9000   
9      | 44.0685    | 46.3750    | 38.7045    | 34.3250   

PSTEPS = 80, TSTEPS = 70000

TIME TAKEN = 528.55634 ms
Run 4

 HYBRID IMPLEMENTATION 1
--------------------------------------------------------------

Index  | Call Model | Call Actual | Put Model  | Put Actual
--------------------------------------------------------------
0      | 47.0811    | 51.7000    | 31.5711    | 29.6500   
1      | 47.8232    | 53.6500    | 28.2495    | 27.3750   
2      | 49.1526    | 56.4000    | 25.6025    | 25.3500   
3      | 50.8109    | 59.9750    | 22.7098    | 23.2750   
4      | 52.0764    | 63.1750    | 20.0221    | 21.2000   
5      | 52.4569    | 66.3250    | 18.0245    | 19.5250   
6      | 54.2875    | 69.7250    | 16.0450    | 17.7500   
7      | 55.0939    | 72.9000    | 14.2794    | 16.1500   
8      | 45.4292    | 48.7500    | 34.9074    | 31.9000   
9      | 44.0685    | 46.3750    | 38.7045    | 34.3250   

PSTEPS = 80, TSTEPS = 70000

TIME TAKEN = 511.65291 ms
Run 5

 HYBRID IMPLEMENTATION 1
--------------------------------------------------------------

Index  | Call Model | Call Actual | Put Model  | Put Actual
--------------------------------------------------------------
0      | 47.0811    | 51.7000    | 31.5711    | 29.6500   
1      | 47.8232    | 53.6500    | 28.2495    | 27.3750   
2      | 49.1526    | 56.4000    | 25.6025    | 25.3500   
3      | 50.8109    | 59.9750    | 22.7098    | 23.2750   
4      | 52.0764    | 63.1750    | 20.0221    | 21.2000   
5      | 52.4043    | 66.3250    | 18.0245    | 19.5250   
6      | 54.2875    | 69.7250    | 16.0450    | 17.7500   
7      | 55.0939    | 72.9000    | 14.2794    | 16.1500   
8      | 45.4292    | 48.7500    | 34.9074    | 31.9000   
9      | 44.0685    | 46.3750    | 38.7045    | 34.3250   

PSTEPS = 80, TSTEPS = 70000

TIME TAKEN = 492.14739 ms
Run 6

 HYBRID IMPLEMENTATION 1
--------------------------------------------------------------

Index  | Call Model | Call Actual | Put Model  | Put Actual
--------------------------------------------------------------
0      | 47.0811    | 51.7000    | 31.5711    | 29.6500   
1      | 47.8232    | 53.6500    | 28.2495    | 27.3750   
2      | 49.1526    | 56.4000    | 25.6025    | 25.3500   
3      | 50.8109    | 59.9750    | 22.7098    | 23.2750   
4      | 52.0764    | 63.1750    | 20.0221    | 21.2000   
5      | 53.1939    | 66.3250    | 18.0245    | 19.5250   
6      | 54.2875    | 69.7250    | 16.0450    | 17.7500   
7      | 55.0939    | 72.9000    | 14.2794    | 16.1500   
8      | 45.4292    | 48.7500    | 34.9074    | 31.9000   
9      | 44.0685    | 46.3750    | 38.7045    | 34.3250   

PSTEPS = 80, TSTEPS = 70000

TIME TAKEN = 513.52139 ms
Run 7

 HYBRID IMPLEMENTATION 1
--------------------------------------------------------------

Index  | Call Model | Call Actual | Put Model  | Put Actual
--------------------------------------------------------------
0      | 47.0811    | 51.7000    | 31.5711    | 29.6500   
1      | 47.8232    | 53.6500    | 28.2495    | 27.3750   
2      | 49.1526    | 56.4000    | 25.6025    | 25.3500   
3      | 50.8109    | 59.9750    | 22.7098    | 23.2750   
4      | 51.3504    | 63.1750    | 20.0221    | 21.2000   
5      | 53.1939    | 66.3250    | 18.0245    | 19.5250   
6      | 54.2875    | 69.7250    | 16.0450    | 17.7500   
7      | 55.0939    | 72.9000    | 14.2794    | 16.1500   
8      | 45.4292    | 48.7500    | 34.9074    | 31.9000   
9      | 44.0685    | 46.3750    | 38.7045    | 34.3250   

PSTEPS = 80, TSTEPS = 70000

TIME TAKEN = 544.02002 ms
Run 8

 HYBRID IMPLEMENTATION 1
--------------------------------------------------------------

Index  | Call Model | Call Actual | Put Model  | Put Actual
--------------------------------------------------------------
0      | 47.0811    | 51.7000    | 31.5711    | 29.6500   
1      | 47.8232    | 53.6500    | 28.2495    | 27.3750   
2      | 49.1526    | 56.4000    | 25.6025    | 25.3500   
3      | 50.8109    | 59.9750    | 22.7098    | 23.2750   
4      | 52.0764    | 63.1750    | 20.0221    | 21.2000   
5      | 52.7737    | 66.3250    | 18.0245    | 19.5250   
6      | 54.2875    | 69.7250    | 16.0450    | 17.7500   
7      | 55.0939    | 72.9000    | 14.2794    | 16.1500   
8      | 45.4292    | 48.7500    | 34.9074    | 31.9000   
9      | 44.0685    | 46.3750    | 38.7045    | 34.3250   

PSTEPS = 80, TSTEPS = 70000

TIME TAKEN = 505.42464 ms
Run 9

 HYBRID IMPLEMENTATION 1
--------------------------------------------------------------

Index  | Call Model | Call Actual | Put Model  | Put Actual
--------------------------------------------------------------
0      | 47.0811    | 51.7000    | 31.5711    | 29.6500   
1      | 47.8232    | 53.6500    | 28.2495    | 27.3750   
2      | 49.1526    | 56.4000    | 25.6025    | 25.3500   
3      | 50.8109    | 59.9750    | 22.7098    | 23.2750   
4      | 51.8954    | 63.1750    | 20.0221    | 21.2000   
5      | 53.0222    | 66.3250    | 18.0245    | 19.5250   
6      | 54.2875    | 69.7250    | 16.0450    | 17.7500   
7      | 55.0939    | 72.9000    | 14.2794    | 16.1500   
8      | 45.4292    | 48.7500    | 34.9074    | 31.9000   
9      | 44.0685    | 46.3750    | 38.7045    | 34.3250   

PSTEPS = 80, TSTEPS = 70000

TIME TAKEN = 522.55406 ms
Run 10

 HYBRID IMPLEMENTATION 1
--------------------------------------------------------------

Index  | Call Model | Call Actual | Put Model  | Put Actual
--------------------------------------------------------------
0      | 47.0811    | 51.7000    | 31.5711    | 29.6500   
1      | 47.8232    | 53.6500    | 28.2495    | 27.3750   
2      | 49.1526    | 56.4000    | 25.6025    | 25.3500   
3      | 50.8109    | 59.9750    | 22.7098    | 23.2750   
4      | 51.9419    | 63.1750    | 20.0221    | 21.2000   
5      | 53.1766    | 66.3250    | 18.0245    | 19.5250   
6      | 54.2875    | 69.7250    | 16.0450    | 17.7500   
7      | 55.0939    | 72.9000    | 14.2794    | 16.1500   
8      | 45.4292    | 48.7500    | 34.9074    | 31.9000   
9      | 44.0685    | 46.3750    | 38.7045    | 34.3250   

PSTEPS = 80, TSTEPS = 70000

TIME TAKEN = 535.77748 ms
