Benchmarking: black_scholes_gpu with p=140, t=60000
Run 1

 GPU ACCELERATED IMPLEMENTATION
--------------------------------------------------------------

Index  | Call Model | Call Actual | Put Model  | Put Actual
--------------------------------------------------------------
0      | 49.1963    | 51.7000    | 29.9947    | 29.6500   
1      | 50.4372    | 53.6500    | 26.5055    | 27.3750   
2      | 52.2840    | 56.4000    | 23.6946    | 25.3500   
3      | 54.5134    | 59.9750    | 20.6928    | 23.2750   
4      | 56.3067    | 63.1750    | 17.9220    | 21.2000   
5      | 57.9637    | 66.3250    | 15.8939    | 19.5250   
6      | 59.5591    | 69.7250    | 13.8765    | 17.7500   
7      | 60.8941    | 72.9000    | 12.1464    | 16.1500   
8      | 47.0182    | 48.7500    | 33.5832    | 31.9000   
9      | 45.1756    | 46.3750    | 37.6817    | 34.3250   

PSTEPS = 140, TSTEPS = 60000

TIME TAKEN = 320.39762 ms
Run 2

 GPU ACCELERATED IMPLEMENTATION
--------------------------------------------------------------

Index  | Call Model | Call Actual | Put Model  | Put Actual
--------------------------------------------------------------
0      | 49.1963    | 51.7000    | 29.9947    | 29.6500   
1      | 50.4372    | 53.6500    | 26.5055    | 27.3750   
2      | 52.2840    | 56.4000    | 23.6946    | 25.3500   
3      | 54.5134    | 59.9750    | 20.6928    | 23.2750   
4      | 56.3067    | 63.1750    | 17.9220    | 21.2000   
5      | 57.9637    | 66.3250    | 15.8939    | 19.5250   
6      | 59.5591    | 69.7250    | 13.8765    | 17.7500   
7      | 60.8941    | 72.9000    | 12.1464    | 16.1500   
8      | 47.0182    | 48.7500    | 33.5832    | 31.9000   
9      | 45.1756    | 46.3750    | 37.6817    | 34.3250   

PSTEPS = 140, TSTEPS = 60000

TIME TAKEN = 300.03177 ms
Run 3

 GPU ACCELERATED IMPLEMENTATION
--------------------------------------------------------------

Index  | Call Model | Call Actual | Put Model  | Put Actual
--------------------------------------------------------------
0      | 49.1963    | 51.7000    | 29.9947    | 29.6500   
1      | 50.4372    | 53.6500    | 26.5055    | 27.3750   
2      | 52.2840    | 56.4000    | 23.6946    | 25.3500   
3      | 54.5134    | 59.9750    | 20.6928    | 23.2750   
4      | 56.3067    | 63.1750    | 17.9220    | 21.2000   
5      | 57.9637    | 66.3250    | 15.8939    | 19.5250   
6      | 59.5591    | 69.7250    | 13.8765    | 17.7500   
7      | 60.8941    | 72.9000    | 12.1464    | 16.1500   
8      | 47.0182    | 48.7500    | 33.5832    | 31.9000   
9      | 45.1756    | 46.3750    | 37.6817    | 34.3250   

PSTEPS = 140, TSTEPS = 60000

TIME TAKEN = 294.54500 ms
Run 4

 GPU ACCELERATED IMPLEMENTATION
--------------------------------------------------------------

Index  | Call Model | Call Actual | Put Model  | Put Actual
--------------------------------------------------------------
0      | 49.1963    | 51.7000    | 29.9947    | 29.6500   
1      | 50.4372    | 53.6500    | 26.5055    | 27.3750   
2      | 52.2840    | 56.4000    | 23.6946    | 25.3500   
3      | 54.5134    | 59.9750    | 20.6928    | 23.2750   
4      | 56.3067    | 63.1750    | 17.9220    | 21.2000   
5      | 57.9637    | 66.3250    | 15.8939    | 19.5250   
6      | 59.5591    | 69.7250    | 13.8765    | 17.7500   
7      | 60.8941    | 72.9000    | 12.1464    | 16.1500   
8      | 47.0182    | 48.7500    | 33.5832    | 31.9000   
9      | 45.1756    | 46.3750    | 37.6817    | 34.3250   

PSTEPS = 140, TSTEPS = 60000

TIME TAKEN = 299.01521 ms
Run 5

 GPU ACCELERATED IMPLEMENTATION
--------------------------------------------------------------

Index  | Call Model | Call Actual | Put Model  | Put Actual
--------------------------------------------------------------
0      | 49.1963    | 51.7000    | 29.9947    | 29.6500   
1      | 50.4372    | 53.6500    | 26.5055    | 27.3750   
2      | 52.2840    | 56.4000    | 23.6946    | 25.3500   
3      | 54.5134    | 59.9750    | 20.6928    | 23.2750   
4      | 56.3067    | 63.1750    | 17.9220    | 21.2000   
5      | 57.9637    | 66.3250    | 15.8939    | 19.5250   
6      | 59.5591    | 69.7250    | 13.8765    | 17.7500   
7      | 60.8941    | 72.9000    | 12.1464    | 16.1500   
8      | 47.0182    | 48.7500    | 33.5832    | 31.9000   
9      | 45.1756    | 46.3750    | 37.6817    | 34.3250   

PSTEPS = 140, TSTEPS = 60000

TIME TAKEN = 298.68009 ms
Run 6

 GPU ACCELERATED IMPLEMENTATION
--------------------------------------------------------------

Index  | Call Model | Call Actual | Put Model  | Put Actual
--------------------------------------------------------------
0      | 49.1963    | 51.7000    | 29.9947    | 29.6500   
1      | 50.4372    | 53.6500    | 26.5055    | 27.3750   
2      | 52.2840    | 56.4000    | 23.6946    | 25.3500   
3      | 54.5134    | 59.9750    | 20.6928    | 23.2750   
4      | 56.3067    | 63.1750    | 17.9220    | 21.2000   
5      | 57.9637    | 66.3250    | 15.8939    | 19.5250   
6      | 59.5591    | 69.7250    | 13.8765    | 17.7500   
7      | 60.8941    | 72.9000    | 12.1464    | 16.1500   
8      | 47.0182    | 48.7500    | 33.5832    | 31.9000   
9      | 45.1756    | 46.3750    | 37.6817    | 34.3250   

PSTEPS = 140, TSTEPS = 60000

TIME TAKEN = 288.70787 ms
Run 7

 GPU ACCELERATED IMPLEMENTATION
--------------------------------------------------------------

Index  | Call Model | Call Actual | Put Model  | Put Actual
--------------------------------------------------------------
0      | 49.1963    | 51.7000    | 29.9947    | 29.6500   
1      | 50.4372    | 53.6500    | 26.5055    | 27.3750   
2      | 52.2840    | 56.4000    | 23.6946    | 25.3500   
3      | 54.5134    | 59.9750    | 20.6928    | 23.2750   
4      | 56.3067    | 63.1750    | 17.9220    | 21.2000   
5      | 57.9637    | 66.3250    | 15.8939    | 19.5250   
6      | 59.5591    | 69.7250    | 13.8765    | 17.7500   
7      | 60.8941    | 72.9000    | 12.1464    | 16.1500   
8      | 47.0182    | 48.7500    | 33.5832    | 31.9000   
9      | 45.1756    | 46.3750    | 37.6817    | 34.3250   

PSTEPS = 140, TSTEPS = 60000

TIME TAKEN = 290.38650 ms
Run 8

 GPU ACCELERATED IMPLEMENTATION
--------------------------------------------------------------

Index  | Call Model | Call Actual | Put Model  | Put Actual
--------------------------------------------------------------
0      | 49.1963    | 51.7000    | 29.9947    | 29.6500   
1      | 50.4372    | 53.6500    | 26.5055    | 27.3750   
2      | 52.2840    | 56.4000    | 23.6946    | 25.3500   
3      | 54.5134    | 59.9750    | 20.6928    | 23.2750   
4      | 56.3067    | 63.1750    | 17.9220    | 21.2000   
5      | 57.9637    | 66.3250    | 15.8939    | 19.5250   
6      | 59.5591    | 69.7250    | 13.8765    | 17.7500   
7      | 60.8941    | 72.9000    | 12.1464    | 16.1500   
8      | 47.0182    | 48.7500    | 33.5832    | 31.9000   
9      | 45.1756    | 46.3750    | 37.6817    | 34.3250   

PSTEPS = 140, TSTEPS = 60000

TIME TAKEN = 289.50467 ms
Run 9

 GPU ACCELERATED IMPLEMENTATION
--------------------------------------------------------------

Index  | Call Model | Call Actual | Put Model  | Put Actual
--------------------------------------------------------------
0      | 49.1963    | 51.7000    | 29.9947    | 29.6500   
1      | 50.4372    | 53.6500    | 26.5055    | 27.3750   
2      | 52.2840    | 56.4000    | 23.6946    | 25.3500   
3      | 54.5134    | 59.9750    | 20.6928    | 23.2750   
4      | 56.3067    | 63.1750    | 17.9220    | 21.2000   
5      | 57.9637    | 66.3250    | 15.8939    | 19.5250   
6      | 59.5591    | 69.7250    | 13.8765    | 17.7500   
7      | 60.8941    | 72.9000    | 12.1464    | 16.1500   
8      | 47.0182    | 48.7500    | 33.5832    | 31.9000   
9      | 45.1756    | 46.3750    | 37.6817    | 34.3250   

PSTEPS = 140, TSTEPS = 60000

TIME TAKEN = 302.97380 ms
Run 10

 GPU ACCELERATED IMPLEMENTATION
--------------------------------------------------------------

Index  | Call Model | Call Actual | Put Model  | Put Actual
--------------------------------------------------------------
0      | 49.1963    | 51.7000    | 29.9947    | 29.6500   
1      | 50.4372    | 53.6500    | 26.5055    | 27.3750   
2      | 52.2840    | 56.4000    | 23.6946    | 25.3500   
3      | 54.5134    | 59.9750    | 20.6928    | 23.2750   
4      | 56.3067    | 63.1750    | 17.9220    | 21.2000   
5      | 57.9637    | 66.3250    | 15.8939    | 19.5250   
6      | 59.5591    | 69.7250    | 13.8765    | 17.7500   
7      | 60.8941    | 72.9000    | 12.1464    | 16.1500   
8      | 47.0182    | 48.7500    | 33.5832    | 31.9000   
9      | 45.1756    | 46.3750    | 37.6817    | 34.3250   

PSTEPS = 140, TSTEPS = 60000

TIME TAKEN = 312.78554 ms
