Benchmarking: black_scholes_hybrid1 with p=80, t=40000
Run 1

 HYBRID IMPLEMENTATION 1
--------------------------------------------------------------

Index  | Call Model | Call Actual | Put Model  | Put Actual
--------------------------------------------------------------
0      | 47.0811    | 51.7000    | 31.5712    | 29.6500   
1      | 47.8232    | 53.6500    | 28.2496    | 27.3750   
2      | 49.1527    | 56.4000    | 25.6026    | 25.3500   
3      | 50.8110    | 59.9750    | 22.7099    | 23.2750   
4      | 52.0158    | 63.1750    | 20.0222    | 21.2000   
5      | 50.9271    | 66.3250    | 18.0245    | 19.5250   
6      | 54.2875    | 69.7250    | 16.0451    | 17.7500   
7      | 55.0940    | 72.9000    | 14.2794    | 16.1500   
8      | 45.4292    | 48.7500    | 34.9074    | 31.9000   
9      | 44.0686    | 46.3750    | 38.7045    | 34.3250   

PSTEPS = 80, TSTEPS = 40000

TIME TAKEN = 367.60226 ms
Run 2

 HYBRID IMPLEMENTATION 1
--------------------------------------------------------------

Index  | Call Model | Call Actual | Put Model  | Put Actual
--------------------------------------------------------------
0      | 47.0811    | 51.7000    | 31.5712    | 29.6500   
1      | 47.8232    | 53.6500    | 28.2496    | 27.3750   
2      | 49.1527    | 56.4000    | 25.6026    | 25.3500   
3      | 50.8110    | 59.9750    | 22.7099    | 23.2750   
4      | 52.0764    | 63.1750    | 20.0222    | 21.2000   
5      | 53.1760    | 66.3250    | 18.0245    | 19.5250   
6      | 54.2875    | 69.7250    | 16.0451    | 17.7500   
7      | 55.0940    | 72.9000    | 14.2794    | 16.1500   
8      | 45.4292    | 48.7500    | 34.9074    | 31.9000   
9      | 44.0686    | 46.3750    | 38.7045    | 34.3250   

PSTEPS = 80, TSTEPS = 40000

TIME TAKEN = 341.87410 ms
Run 3

 HYBRID IMPLEMENTATION 1
--------------------------------------------------------------

Index  | Call Model | Call Actual | Put Model  | Put Actual
--------------------------------------------------------------
0      | 47.0811    | 51.7000    | 31.5712    | 29.6500   
1      | 47.8232    | 53.6500    | 28.2496    | 27.3750   
2      | 49.1527    | 56.4000    | 25.6026    | 25.3500   
3      | 50.8110    | 59.9750    | 22.7099    | 23.2750   
4      | 52.0764    | 63.1750    | 20.0222    | 21.2000   
5      | 52.8451    | 66.3250    | 18.0245    | 19.5250   
6      | 54.2875    | 69.7250    | 16.0451    | 17.7500   
7      | 55.0940    | 72.9000    | 14.2794    | 16.1500   
8      | 45.4292    | 48.7500    | 34.9074    | 31.9000   
9      | 44.0686    | 46.3750    | 38.7045    | 34.3250   

PSTEPS = 80, TSTEPS = 40000

TIME TAKEN = 332.55746 ms
Run 4

 HYBRID IMPLEMENTATION 1
--------------------------------------------------------------

Index  | Call Model | Call Actual | Put Model  | Put Actual
--------------------------------------------------------------
0      | 47.0811    | 51.7000    | 31.5712    | 29.6500   
1      | 47.8232    | 53.6500    | 28.2496    | 27.3750   
2      | 49.1527    | 56.4000    | 25.6026    | 25.3500   
3      | 50.8110    | 59.9750    | 22.7099    | 23.2750   
4      | 50.0219    | 63.1750    | 20.0222    | 21.2000   
5      | 53.1940    | 66.3250    | 18.0245    | 19.5250   
6      | 54.2875    | 69.7250    | 16.0451    | 17.7500   
7      | 55.0940    | 72.9000    | 14.2794    | 16.1500   
8      | 45.4292    | 48.7500    | 34.9074    | 31.9000   
9      | 44.0686    | 46.3750    | 38.7045    | 34.3250   

PSTEPS = 80, TSTEPS = 40000

TIME TAKEN = 320.24122 ms
Run 5

 HYBRID IMPLEMENTATION 1
--------------------------------------------------------------

Index  | Call Model | Call Actual | Put Model  | Put Actual
--------------------------------------------------------------
0      | 47.0811    | 51.7000    | 31.5712    | 29.6500   
1      | 47.8232    | 53.6500    | 28.2496    | 27.3750   
2      | 49.1527    | 56.4000    | 25.6026    | 25.3500   
3      | 50.8110    | 59.9750    | 22.7099    | 23.2750   
4      | 52.0403    | 63.1750    | 20.0222    | 21.2000   
5      | 53.1940    | 66.3250    | 18.0245    | 19.5250   
6      | 54.2875    | 69.7250    | 16.0451    | 17.7500   
7      | 55.0940    | 72.9000    | 14.2794    | 16.1500   
8      | 45.4292    | 48.7500    | 34.9074    | 31.9000   
9      | 44.0686    | 46.3750    | 38.7045    | 34.3250   

PSTEPS = 80, TSTEPS = 40000

TIME TAKEN = 318.86690 ms
Run 6

 HYBRID IMPLEMENTATION 1
--------------------------------------------------------------

Index  | Call Model | Call Actual | Put Model  | Put Actual
--------------------------------------------------------------
0      | 47.0811    | 51.7000    | 31.5712    | 29.6500   
1      | 47.8232    | 53.6500    | 28.2496    | 27.3750   
2      | 49.1527    | 56.4000    | 25.6026    | 25.3500   
3      | 50.8110    | 59.9750    | 22.7099    | 23.2750   
4      | 52.0764    | 63.1750    | 20.0222    | 21.2000   
5      | 53.1940    | 66.3250    | 18.0245    | 19.5250   
6      | 54.2875    | 69.7250    | 16.0451    | 17.7500   
7      | 55.0940    | 72.9000    | 14.2794    | 16.1500   
8      | 45.4292    | 48.7500    | 34.9074    | 31.9000   
9      | 44.0686    | 46.3750    | 38.7045    | 34.3250   

PSTEPS = 80, TSTEPS = 40000

TIME TAKEN = 321.19925 ms
Run 7

 HYBRID IMPLEMENTATION 1
--------------------------------------------------------------

Index  | Call Model | Call Actual | Put Model  | Put Actual
--------------------------------------------------------------
0      | 47.0811    | 51.7000    | 31.5712    | 29.6500   
1      | 47.8232    | 53.6500    | 28.2496    | 27.3750   
2      | 49.1527    | 56.4000    | 25.6026    | 25.3500   
3      | 50.8110    | 59.9750    | 22.7099    | 23.2750   
4      | 52.0764    | 63.1750    | 20.0222    | 21.2000   
5      | 51.6563    | 66.3250    | 18.0245    | 19.5250   
6      | 54.2875    | 69.7250    | 16.0451    | 17.7500   
7      | 55.0940    | 72.9000    | 14.2794    | 16.1500   
8      | 45.4292    | 48.7500    | 34.9074    | 31.9000   
9      | 44.0686    | 46.3750    | 38.7045    | 34.3250   

PSTEPS = 80, TSTEPS = 40000

TIME TAKEN = 323.29455 ms
Run 8

 HYBRID IMPLEMENTATION 1
--------------------------------------------------------------

Index  | Call Model | Call Actual | Put Model  | Put Actual
--------------------------------------------------------------
0      | 47.0811    | 51.7000    | 31.5712    | 29.6500   
1      | 47.8232    | 53.6500    | 28.2496    | 27.3750   
2      | 49.1527    | 56.4000    | 25.6026    | 25.3500   
3      | 50.8110    | 59.9750    | 22.7099    | 23.2750   
4      | 52.0750    | 63.1750    | 20.0222    | 21.2000   
5      | 53.1940    | 66.3250    | 18.0245    | 19.5250   
6      | 54.2875    | 69.7250    | 16.0451    | 17.7500   
7      | 55.0940    | 72.9000    | 14.2794    | 16.1500   
8      | 45.4292    | 48.7500    | 34.9074    | 31.9000   
9      | 44.0686    | 46.3750    | 38.7045    | 34.3250   

PSTEPS = 80, TSTEPS = 40000

TIME TAKEN = 330.03086 ms
Run 9

 HYBRID IMPLEMENTATION 1
--------------------------------------------------------------

Index  | Call Model | Call Actual | Put Model  | Put Actual
--------------------------------------------------------------
0      | 47.0811    | 51.7000    | 31.5712    | 29.6500   
1      | 47.8232    | 53.6500    | 28.2496    | 27.3750   
2      | 49.1527    | 56.4000    | 25.6026    | 25.3500   
3      | 50.8110    | 59.9750    | 22.7099    | 23.2750   
4      | 51.9498    | 63.1750    | 20.0222    | 21.2000   
5      | 53.0505    | 66.3250    | 18.0245    | 19.5250   
6      | 54.2875    | 69.7250    | 16.0451    | 17.7500   
7      | 55.0940    | 72.9000    | 14.2794    | 16.1500   
8      | 45.4292    | 48.7500    | 34.9074    | 31.9000   
9      | 44.0686    | 46.3750    | 38.7045    | 34.3250   

PSTEPS = 80, TSTEPS = 40000

TIME TAKEN = 386.30674 ms
Run 10

 HYBRID IMPLEMENTATION 1
--------------------------------------------------------------

Index  | Call Model | Call Actual | Put Model  | Put Actual
--------------------------------------------------------------
0      | 47.0811    | 51.7000    | 31.5712    | 29.6500   
1      | 47.8232    | 53.6500    | 28.2496    | 27.3750   
2      | 49.1527    | 56.4000    | 25.6026    | 25.3500   
3      | 50.8110    | 59.9750    | 22.7099    | 23.2750   
4      | 51.6061    | 63.1750    | 20.0222    | 21.2000   
5      | 53.1940    | 66.3250    | 18.0245    | 19.5250   
6      | 54.2875    | 69.7250    | 16.0451    | 17.7500   
7      | 55.0940    | 72.9000    | 14.2794    | 16.1500   
8      | 45.4292    | 48.7500    | 34.9074    | 31.9000   
9      | 44.0686    | 46.3750    | 38.7045    | 34.3250   

PSTEPS = 80, TSTEPS = 40000

TIME TAKEN = 330.44816 ms
