Benchmarking: black_scholes_hybrid1 with p=180, t=60000
Run 1

 HYBRID IMPLEMENTATION 1
--------------------------------------------------------------

Index  | Call Model | Call Actual | Put Model  | Put Actual
--------------------------------------------------------------
0      | 50.6485    | 51.7000    | 29.0231    | 29.6500   
1      | 52.2354    | 53.6500    | 25.4290    | 27.3750   
2      | 54.4494    | 56.4000    | 22.5234    | 25.3500   
3      | 18.8283    | 59.9750    | 19.2273    | 23.2750   
4      | 59.2467    | 63.1750    | 16.6464    | 21.2000   
5      | 61.2728    | 66.3250    | 14.5962    | 19.5250   
6      | 63.2477    | 69.7250    | 12.5863    | 17.7500   
7      | 64.9474    | 72.9000    | 10.8785    | 16.1500   
8      | 48.1106    | 48.7500    | 32.7764    | 31.9000   
9      | 45.9292    | 46.3750    | 37.0628    | 34.3250   

PSTEPS = 180, TSTEPS = 60000

TIME TAKEN = 641.93209 ms
Run 2

 HYBRID IMPLEMENTATION 1
--------------------------------------------------------------

Index  | Call Model | Call Actual | Put Model  | Put Actual
--------------------------------------------------------------
0      | 50.6485    | 51.7000    | 29.0231    | 29.6500   
1      | 52.2354    | 53.6500    | 25.4290    | 27.3750   
2      | 54.4494    | 56.4000    | 22.5234    | 25.3500   
3      | 57.0709    | 59.9750    | 19.4517    | 23.2750   
4      | 59.2467    | 63.1750    | 16.6464    | 21.2000   
5      | 61.2728    | 66.3250    | 14.5962    | 19.5250   
6      | 63.2477    | 69.7250    | 12.5863    | 17.7500   
7      | 64.9474    | 72.9000    | 10.8785    | 16.1500   
8      | 48.1106    | 48.7500    | 32.7764    | 31.9000   
9      | 45.9292    | 46.3750    | 37.0628    | 34.3250   

PSTEPS = 180, TSTEPS = 60000

TIME TAKEN = 564.31504 ms
Run 3

 HYBRID IMPLEMENTATION 1
--------------------------------------------------------------

Index  | Call Model | Call Actual | Put Model  | Put Actual
--------------------------------------------------------------
0      | 50.6485    | 51.7000    | 29.0231    | 29.6500   
1      | 52.2354    | 53.6500    | 25.4290    | 27.3750   
2      | 54.4494    | 56.4000    | 22.5234    | 25.3500   
3      | 57.0709    | 59.9750    | 19.4517    | 23.2750   
4      | 59.2467    | 63.1750    | 16.6464    | 21.2000   
5      | 61.2728    | 66.3250    | 14.5962    | 19.5250   
6      | 63.2477    | 69.7250    | 12.5863    | 17.7500   
7      | 64.9474    | 72.9000    | 10.8785    | 16.1500   
8      | 48.1106    | 48.7500    | 32.7764    | 31.9000   
9      | 45.9292    | 46.3750    | 37.0628    | 34.3250   

PSTEPS = 180, TSTEPS = 60000

TIME TAKEN = 523.64343 ms
Run 4

 HYBRID IMPLEMENTATION 1
--------------------------------------------------------------

Index  | Call Model | Call Actual | Put Model  | Put Actual
--------------------------------------------------------------
0      | 50.6485    | 51.7000    | 29.0231    | 29.6500   
1      | 52.2354    | 53.6500    | 25.4290    | 27.3750   
2      | 54.4494    | 56.4000    | 22.5234    | 25.3500   
3      | 57.0709    | 59.9750    | 19.4517    | 23.2750   
4      | 59.2467    | 63.1750    | 16.6464    | 21.2000   
5      | 61.2728    | 66.3250    | 14.5962    | 19.5250   
6      | 63.2477    | 69.7250    | 12.5863    | 17.7500   
7      | 64.9474    | 72.9000    | 10.8785    | 16.1500   
8      | 48.1106    | 48.7500    | 32.7764    | 31.9000   
9      | 45.9292    | 46.3750    | 37.0628    | 34.3250   

PSTEPS = 180, TSTEPS = 60000

TIME TAKEN = 517.01908 ms
Run 5

 HYBRID IMPLEMENTATION 1
--------------------------------------------------------------

Index  | Call Model | Call Actual | Put Model  | Put Actual
--------------------------------------------------------------
0      | 50.6485    | 51.7000    | 29.0231    | 29.6500   
1      | 52.2354    | 53.6500    | 25.4290    | 27.3750   
2      | 54.4494    | 56.4000    | 22.5234    | 25.3500   
3      | 57.0709    | 59.9750    | 19.4517    | 23.2750   
4      | 59.2467    | 63.1750    | 16.6464    | 21.2000   
5      | 61.2728    | 66.3250    | 14.5962    | 19.5250   
6      | 63.2477    | 69.7250    | 12.5863    | 17.7500   
7      | 64.9474    | 72.9000    | 10.8785    | 16.1500   
8      | 48.1106    | 48.7500    | 32.7764    | 31.9000   
9      | 45.9292    | 46.3750    | 37.0628    | 34.3250   

PSTEPS = 180, TSTEPS = 60000

TIME TAKEN = 532.56546 ms
Run 6

 HYBRID IMPLEMENTATION 1
--------------------------------------------------------------

Index  | Call Model | Call Actual | Put Model  | Put Actual
--------------------------------------------------------------
0      | 50.6485    | 51.7000    | 29.0231    | 29.6500   
1      | 52.2354    | 53.6500    | 25.4290    | 27.3750   
2      | 54.4494    | 56.4000    | 22.5234    | 25.3500   
3      | 57.0709    | 59.9750    | 19.4517    | 23.2750   
4      | 59.2467    | 63.1750    | 16.6464    | 21.2000   
5      | 61.2728    | 66.3250    | 14.5962    | 19.5250   
6      | 63.2477    | 69.7250    | 12.5863    | 17.7500   
7      | 64.9474    | 72.9000    | 10.8785    | 16.1500   
8      | 48.1106    | 48.7500    | 32.7764    | 31.9000   
9      | 45.9292    | 46.3750    | 37.0628    | 34.3250   

PSTEPS = 180, TSTEPS = 60000

TIME TAKEN = 515.26562 ms
Run 7

 HYBRID IMPLEMENTATION 1
--------------------------------------------------------------

Index  | Call Model | Call Actual | Put Model  | Put Actual
--------------------------------------------------------------
0      | 50.6485    | 51.7000    | 29.0231    | 29.6500   
1      | 52.2354    | 53.6500    | 25.4290    | 27.3750   
2      | 54.4494    | 56.4000    | 22.5234    | 25.3500   
3      | 57.0709    | 59.9750    | 19.4517    | 23.2750   
4      | 59.2467    | 63.1750    | 16.6464    | 21.2000   
5      | 20.4115    | 66.3250    | 0.0278     | 19.5250   
6      | 63.2477    | 69.7250    | 12.5863    | 17.7500   
7      | 64.9474    | 72.9000    | 10.8785    | 16.1500   
8      | 48.1106    | 48.7500    | 32.7764    | 31.9000   
9      | 45.9292    | 46.3750    | 37.0628    | 34.3250   

PSTEPS = 180, TSTEPS = 60000

TIME TAKEN = 536.65087 ms
Run 8

 HYBRID IMPLEMENTATION 1
--------------------------------------------------------------

Index  | Call Model | Call Actual | Put Model  | Put Actual
--------------------------------------------------------------
0      | 50.6485    | 51.7000    | 29.0231    | 29.6500   
1      | 52.2354    | 53.6500    | 25.4290    | 27.3750   
2      | 35.4804    | 56.4000    | 22.5153    | 25.3500   
3      | 57.0709    | 59.9750    | 19.4517    | 23.2750   
4      | 59.2467    | 63.1750    | 16.6464    | 21.2000   
5      | 61.2728    | 66.3250    | 14.5962    | 19.5250   
6      | 63.2477    | 69.7250    | 12.5863    | 17.7500   
7      | 64.9474    | 72.9000    | 10.8785    | 16.1500   
8      | 48.1106    | 48.7500    | 32.7764    | 31.9000   
9      | 45.9292    | 46.3750    | 37.0628    | 34.3250   

PSTEPS = 180, TSTEPS = 60000

TIME TAKEN = 518.46082 ms
Run 9

 HYBRID IMPLEMENTATION 1
--------------------------------------------------------------

Index  | Call Model | Call Actual | Put Model  | Put Actual
--------------------------------------------------------------
0      | 50.6485    | 51.7000    | 29.0231    | 29.6500   
1      | 52.2354    | 53.6500    | 25.4290    | 27.3750   
2      | 54.4494    | 56.4000    | 22.5234    | 25.3500   
3      | 57.0709    | 59.9750    | 19.4517    | 23.2750   
4      | 59.2467    | 63.1750    | 16.6464    | 21.2000   
5      | 22.3917    | 66.3250    | 0.4651     | 19.5250   
6      | 63.2477    | 69.7250    | 12.5863    | 17.7500   
7      | 64.9474    | 72.9000    | 10.8785    | 16.1500   
8      | 48.1106    | 48.7500    | 32.7764    | 31.9000   
9      | 45.9292    | 46.3750    | 37.0628    | 34.3250   

PSTEPS = 180, TSTEPS = 60000

TIME TAKEN = 518.68979 ms
Run 10

 HYBRID IMPLEMENTATION 1
--------------------------------------------------------------

Index  | Call Model | Call Actual | Put Model  | Put Actual
--------------------------------------------------------------
0      | 50.6485    | 51.7000    | 29.0231    | 29.6500   
1      | 52.2354    | 53.6500    | 25.4290    | 27.3750   
2      | 54.4494    | 56.4000    | 22.5234    | 25.3500   
3      | 57.0709    | 59.9750    | 19.4517    | 23.2750   
4      | 59.2467    | 63.1750    | 16.6464    | 21.2000   
5      | 61.2728    | 66.3250    | 14.5962    | 19.5250   
6      | 63.2477    | 69.7250    | 12.5863    | 17.7500   
7      | 64.9474    | 72.9000    | 10.8785    | 16.1500   
8      | 48.1106    | 48.7500    | 32.7764    | 31.9000   
9      | 45.9292    | 46.3750    | 37.0628    | 34.3250   

PSTEPS = 180, TSTEPS = 60000

TIME TAKEN = 520.66444 ms
