Benchmarking: black_scholes_hybrid1 with p=200, t=60000
Run 1

 HYBRID IMPLEMENTATION 1
--------------------------------------------------------------

Index  | Call Model | Call Actual | Put Model  | Put Actual
--------------------------------------------------------------
0      | 51.3883    | 51.7000    | 28.5523    | 29.6500   
1      | 53.1440    | 53.6500    | 24.8999    | 27.3750   
2      | 55.5507    | 56.4000    | 21.9540    | 25.3500   
3      | 53.3613    | 59.9750    | 18.8513    | 23.2750   
4      | 60.7532    | 63.1750    | 16.0375    | 21.2000   
5      | 62.6011    | 66.3250    | 13.9869    | 19.5250   
6      | 65.1465    | 69.7250    | 11.9811    | 17.7500   
7      | 67.0319    | 72.9000    | 10.2835    | 16.1500   
8      | 48.6630    | 48.7500    | 32.3818    | 31.9000   
9      | 46.3002    | 46.3750    | 36.7510    | 34.3250   

PSTEPS = 200, TSTEPS = 60000

TIME TAKEN = 579.28459 ms
Run 2

 HYBRID IMPLEMENTATION 1
--------------------------------------------------------------

Index  | Call Model | Call Actual | Put Model  | Put Actual
--------------------------------------------------------------
0      | 51.3883    | 51.7000    | 28.5523    | 29.6500   
1      | 53.1440    | 53.6500    | 24.8999    | 27.3750   
2      | 55.5507    | 56.4000    | 21.9540    | 25.3500   
3      | 53.3609    | 59.9750    | 18.8513    | 23.2750   
4      | 60.7532    | 63.1750    | 16.0375    | 21.2000   
5      | 62.1504    | 66.3250    | 13.9869    | 19.5250   
6      | 65.1465    | 69.7250    | 11.9811    | 17.7500   
7      | 66.9172    | 72.9000    | 10.2835    | 16.1500   
8      | 48.6630    | 48.7500    | 32.3818    | 31.9000   
9      | 46.3002    | 46.3750    | 36.7510    | 34.3250   

PSTEPS = 200, TSTEPS = 60000

TIME TAKEN = 563.23307 ms
Run 3

 HYBRID IMPLEMENTATION 1
--------------------------------------------------------------

Index  | Call Model | Call Actual | Put Model  | Put Actual
--------------------------------------------------------------
0      | 51.3883    | 51.7000    | 28.5523    | 29.6500   
1      | 53.1440    | 53.6500    | 24.8999    | 27.3750   
2      | 55.5507    | 56.4000    | 21.9540    | 25.3500   
3      | 53.3610    | 59.9750    | 18.8513    | 23.2750   
4      | 60.7532    | 63.1750    | 16.0375    | 21.2000   
5      | 62.2176    | 66.3250    | 13.9869    | 19.5250   
6      | 65.1465    | 69.7250    | 11.9811    | 17.7500   
7      | 67.0304    | 72.9000    | 10.2835    | 16.1500   
8      | 48.6630    | 48.7500    | 32.3818    | 31.9000   
9      | 46.3002    | 46.3750    | 36.7510    | 34.3250   

PSTEPS = 200, TSTEPS = 60000

TIME TAKEN = 566.53829 ms
Run 4

 HYBRID IMPLEMENTATION 1
--------------------------------------------------------------

Index  | Call Model | Call Actual | Put Model  | Put Actual
--------------------------------------------------------------
0      | 51.3883    | 51.7000    | 28.5523    | 29.6500   
1      | 53.1440    | 53.6500    | 24.8999    | 27.3750   
2      | 55.5507    | 56.4000    | 21.9540    | 25.3500   
3      | 53.3609    | 59.9750    | 18.8513    | 23.2750   
4      | 60.7532    | 63.1750    | 16.0375    | 21.2000   
5      | 62.9469    | 66.3250    | 13.9869    | 19.5250   
6      | 65.1465    | 69.7250    | 11.9811    | 17.7500   
7      | 67.0319    | 72.9000    | 10.2835    | 16.1500   
8      | 48.6630    | 48.7500    | 32.3818    | 31.9000   
9      | 46.1950    | 46.3750    | 36.7510    | 34.3250   

PSTEPS = 200, TSTEPS = 60000

TIME TAKEN = 582.24041 ms
Run 5

 HYBRID IMPLEMENTATION 1
--------------------------------------------------------------

Index  | Call Model | Call Actual | Put Model  | Put Actual
--------------------------------------------------------------
0      | 51.3883    | 51.7000    | 28.5523    | 29.6500   
1      | 53.1440    | 53.6500    | 24.8999    | 27.3750   
2      | 55.5507    | 56.4000    | 21.9540    | 25.3500   
3      | 45.9882    | 59.9750    | 18.8505    | 23.2750   
4      | 60.7532    | 63.1750    | 16.0375    | 21.2000   
5      | 62.1493    | 66.3250    | 13.9869    | 19.5250   
6      | 65.1465    | 69.7250    | 11.9811    | 17.7500   
7      | 67.0319    | 72.9000    | 10.2835    | 16.1500   
8      | 48.6630    | 48.7500    | 32.3818    | 31.9000   
9      | 46.3002    | 46.3750    | 36.7510    | 34.3250   

PSTEPS = 200, TSTEPS = 60000

TIME TAKEN = 561.81993 ms
Run 6

 HYBRID IMPLEMENTATION 1
--------------------------------------------------------------

Index  | Call Model | Call Actual | Put Model  | Put Actual
--------------------------------------------------------------
0      | 51.3883    | 51.7000    | 28.5523    | 29.6500   
1      | 53.1440    | 53.6500    | 24.8999    | 27.3750   
2      | 55.5507    | 56.4000    | 21.9540    | 25.3500   
3      | 58.3780    | 59.9750    | 18.8546    | 23.2750   
4      | 60.7532    | 63.1750    | 16.0375    | 21.2000   
5      | 62.9449    | 66.3250    | 13.9869    | 19.5250   
6      | 65.1465    | 69.7250    | 11.9811    | 17.7500   
7      | 67.0319    | 72.9000    | 10.2835    | 16.1500   
8      | 48.6630    | 48.7500    | 32.3818    | 31.9000   
9      | 46.3002    | 46.3750    | 36.7510    | 34.3250   

PSTEPS = 200, TSTEPS = 60000

TIME TAKEN = 558.16233 ms
Run 7

 HYBRID IMPLEMENTATION 1
--------------------------------------------------------------

Index  | Call Model | Call Actual | Put Model  | Put Actual
--------------------------------------------------------------
0      | 51.3883    | 51.7000    | 28.5523    | 29.6500   
1      | 53.1440    | 53.6500    | 24.8999    | 27.3750   
2      | 55.5507    | 56.4000    | 21.9540    | 25.3500   
3      | 53.3610    | 59.9750    | 18.8513    | 23.2750   
4      | 60.7532    | 63.1750    | 16.0375    | 21.2000   
5      | 62.1713    | 66.3250    | 13.9869    | 19.5250   
6      | 65.1465    | 69.7250    | 11.9811    | 17.7500   
7      | 67.0319    | 72.9000    | 10.2835    | 16.1500   
8      | 48.6630    | 48.7500    | 32.3818    | 31.9000   
9      | 46.3002    | 46.3750    | 36.7510    | 34.3250   

PSTEPS = 200, TSTEPS = 60000

TIME TAKEN = 556.77044 ms
Run 8

 HYBRID IMPLEMENTATION 1
--------------------------------------------------------------

Index  | Call Model | Call Actual | Put Model  | Put Actual
--------------------------------------------------------------
0      | 51.3883    | 51.7000    | 28.5523    | 29.6500   
1      | 53.1440    | 53.6500    | 24.8999    | 27.3750   
2      | 55.5507    | 56.4000    | 21.9540    | 25.3500   
3      | 40.7262    | 59.9750    | 18.8505    | 23.2750   
4      | 60.7532    | 63.1750    | 16.0375    | 21.2000   
5      | 62.9621    | 66.3250    | 13.9869    | 19.5250   
6      | 65.1465    | 69.7250    | 11.9811    | 17.7500   
7      | 66.9293    | 72.9000    | 10.2835    | 16.1500   
8      | 48.6630    | 48.7500    | 32.3818    | 31.9000   
9      | 46.3002    | 46.3750    | 36.7510    | 34.3250   

PSTEPS = 200, TSTEPS = 60000

TIME TAKEN = 552.16316 ms
Run 9

 HYBRID IMPLEMENTATION 1
--------------------------------------------------------------

Index  | Call Model | Call Actual | Put Model  | Put Actual
--------------------------------------------------------------
0      | 51.3883    | 51.7000    | 28.5523    | 29.6500   
1      | 53.1440    | 53.6500    | 24.8999    | 27.3750   
2      | 55.5507    | 56.4000    | 21.9540    | 25.3500   
3      | 53.3613    | 59.9750    | 18.8513    | 23.2750   
4      | 60.7532    | 63.1750    | 16.0375    | 21.2000   
5      | 62.3409    | 66.3250    | 13.9869    | 19.5250   
6      | 65.1465    | 69.7250    | 11.9811    | 17.7500   
7      | 67.0319    | 72.9000    | 10.2835    | 16.1500   
8      | 48.6630    | 48.7500    | 32.3818    | 31.9000   
9      | 46.3002    | 46.3750    | 36.7510    | 34.3250   

PSTEPS = 200, TSTEPS = 60000

TIME TAKEN = 566.67333 ms
Run 10

 HYBRID IMPLEMENTATION 1
--------------------------------------------------------------

Index  | Call Model | Call Actual | Put Model  | Put Actual
--------------------------------------------------------------
0      | 51.3883    | 51.7000    | 28.5523    | 29.6500   
1      | 51.0293    | 53.6500    | 24.8965    | 27.3750   
2      | 55.5507    | 56.4000    | 21.9540    | 25.3500   
3      | 40.7262    | 59.9750    | 18.8505    | 23.2750   
4      | 60.7532    | 63.1750    | 16.0375    | 21.2000   
5      | 62.1504    | 66.3250    | 13.9869    | 19.5250   
6      | 65.1465    | 69.7250    | 11.9811    | 17.7500   
7      | 67.0319    | 72.9000    | 10.2835    | 16.1500   
8      | 48.6630    | 48.7500    | 32.3818    | 31.9000   
9      | 46.3002    | 46.3750    | 36.7510    | 34.3250   

PSTEPS = 200, TSTEPS = 60000

TIME TAKEN = 557.65298 ms
