Benchmarking: black_scholes_hybrid1 with p=160, t=60000
Run 1

 HYBRID IMPLEMENTATION 1
--------------------------------------------------------------

Index  | Call Model | Call Actual | Put Model  | Put Actual
--------------------------------------------------------------
0      | 49.9266    | 51.7000    | 29.5123    | 29.6500   
1      | 51.3351    | 53.6500    | 25.9658    | 27.3750   
2      | 53.3610    | 56.4000    | 23.1037    | 25.3500   
3      | 55.7828    | 59.9750    | 20.0640    | 23.2750   
4      | 57.7645    | 63.1750    | 17.2741    | 21.2000   
5      | 59.6030    | 66.3250    | 15.2329    | 19.5250   
6      | 50.4347    | 69.7250    | 13.2148    | 17.7500   
7      | 55.3512    | 72.9000    | 11.4926    | 16.1500   
8      | 44.6284    | 48.7500    | 33.1846    | 31.9000   
9      | 37.0583    | 46.3750    | 37.3739    | 34.3250   

PSTEPS = 160, TSTEPS = 60000

TIME TAKEN = 498.77157 ms
Run 2

 HYBRID IMPLEMENTATION 1
--------------------------------------------------------------

Index  | Call Model | Call Actual | Put Model  | Put Actual
--------------------------------------------------------------
0      | 49.9266    | 51.7000    | 29.5123    | 29.6500   
1      | 51.2689    | 53.6500    | 25.9658    | 27.3750   
2      | 53.1698    | 56.4000    | 23.1037    | 25.3500   
3      | 55.7828    | 59.9750    | 20.0640    | 23.2750   
4      | 57.7645    | 63.1750    | 17.2741    | 21.2000   
5      | 59.6030    | 66.3250    | 15.2329    | 19.5250   
6      | 50.4346    | 69.7250    | 13.2148    | 17.7500   
7      | 55.3518    | 72.9000    | 11.4926    | 16.1500   
8      | 44.6284    | 48.7500    | 33.1846    | 31.9000   
9      | 37.0584    | 46.3750    | 37.3739    | 34.3250   

PSTEPS = 160, TSTEPS = 60000

TIME TAKEN = 514.88302 ms
Run 3

 HYBRID IMPLEMENTATION 1
--------------------------------------------------------------

Index  | Call Model | Call Actual | Put Model  | Put Actual
--------------------------------------------------------------
0      | 49.6070    | 51.7000    | 29.5123    | 29.6500   
1      | 51.3351    | 53.6500    | 25.9658    | 27.3750   
2      | 53.3610    | 56.4000    | 23.1037    | 25.3500   
3      | 55.7296    | 59.9750    | 20.0640    | 23.2750   
4      | 57.7645    | 63.1750    | 17.2741    | 21.2000   
5      | 59.6030    | 66.3250    | 15.2329    | 19.5250   
6      | 50.4346    | 69.7250    | 13.2148    | 17.7500   
7      | 55.3513    | 72.9000    | 11.4926    | 16.1500   
8      | 44.6287    | 48.7500    | 33.1846    | 31.9000   
9      | 37.0587    | 46.3750    | 37.3739    | 34.3250   

PSTEPS = 160, TSTEPS = 60000

TIME TAKEN = 502.94198 ms
Run 4

 HYBRID IMPLEMENTATION 1
--------------------------------------------------------------

Index  | Call Model | Call Actual | Put Model  | Put Actual
--------------------------------------------------------------
0      | 47.7989    | 51.7000    | 29.5123    | 29.6500   
1      | 51.3351    | 53.6500    | 25.9658    | 27.3750   
2      | 53.3610    | 56.4000    | 23.1037    | 25.3500   
3      | 55.7828    | 59.9750    | 20.0640    | 23.2750   
4      | 57.7645    | 63.1750    | 17.2741    | 21.2000   
5      | 59.6030    | 66.3250    | 15.2329    | 19.5250   
6      | 50.4346    | 69.7250    | 13.2148    | 17.7500   
7      | 55.3517    | 72.9000    | 11.4926    | 16.1500   
8      | 44.6284    | 48.7500    | 33.1846    | 31.9000   
9      | 37.0585    | 46.3750    | 37.3739    | 34.3250   

PSTEPS = 160, TSTEPS = 60000

TIME TAKEN = 512.23472 ms
Run 5

 HYBRID IMPLEMENTATION 1
--------------------------------------------------------------

Index  | Call Model | Call Actual | Put Model  | Put Actual
--------------------------------------------------------------
0      | 48.0779    | 51.7000    | 29.5123    | 29.6500   
1      | 51.3351    | 53.6500    | 25.9658    | 27.3750   
2      | 52.9168    | 56.4000    | 23.1037    | 25.3500   
3      | 55.7828    | 59.9750    | 20.0640    | 23.2750   
4      | 57.7645    | 63.1750    | 17.2741    | 21.2000   
5      | 59.6030    | 66.3250    | 15.2329    | 19.5250   
6      | 50.4347    | 69.7250    | 13.2148    | 17.7500   
7      | 55.3520    | 72.9000    | 11.4926    | 16.1500   
8      | 44.6287    | 48.7500    | 33.1846    | 31.9000   
9      | 37.0586    | 46.3750    | 37.3739    | 34.3250   

PSTEPS = 160, TSTEPS = 60000

TIME TAKEN = 501.80084 ms
Run 6

 HYBRID IMPLEMENTATION 1
--------------------------------------------------------------

Index  | Call Model | Call Actual | Put Model  | Put Actual
--------------------------------------------------------------
0      | 49.9266    | 51.7000    | 29.5123    | 29.6500   
1      | 51.3351    | 53.6500    | 25.9658    | 27.3750   
2      | 53.3610    | 56.4000    | 23.1037    | 25.3500   
3      | 55.3833    | 59.9750    | 20.0640    | 23.2750   
4      | 57.7645    | 63.1750    | 17.2741    | 21.2000   
5      | 59.6030    | 66.3250    | 15.2329    | 19.5250   
6      | 50.4345    | 69.7250    | 13.2148    | 17.7500   
7      | 55.3519    | 72.9000    | 11.4926    | 16.1500   
8      | 44.6284    | 48.7500    | 33.1846    | 31.9000   
9      | 37.0584    | 46.3750    | 37.3739    | 34.3250   

PSTEPS = 160, TSTEPS = 60000

TIME TAKEN = 497.93981 ms
Run 7

 HYBRID IMPLEMENTATION 1
--------------------------------------------------------------

Index  | Call Model | Call Actual | Put Model  | Put Actual
--------------------------------------------------------------
0      | 49.9266    | 51.7000    | 29.5123    | 29.6500   
1      | 51.3351    | 53.6500    | 25.9658    | 27.3750   
2      | 53.3610    | 56.4000    | 23.1037    | 25.3500   
3      | 55.7828    | 59.9750    | 20.0640    | 23.2750   
4      | 57.7645    | 63.1750    | 17.2741    | 21.2000   
5      | 59.6030    | 66.3250    | 15.2329    | 19.5250   
6      | 50.4345    | 69.7250    | 13.2148    | 17.7500   
7      | 55.3518    | 72.9000    | 11.4926    | 16.1500   
8      | 44.6287    | 48.7500    | 33.1846    | 31.9000   
9      | 37.0585    | 46.3750    | 37.3739    | 34.3250   

PSTEPS = 160, TSTEPS = 60000

TIME TAKEN = 493.69834 ms
Run 8

 HYBRID IMPLEMENTATION 1
--------------------------------------------------------------

Index  | Call Model | Call Actual | Put Model  | Put Actual
--------------------------------------------------------------
0      | 49.9266    | 51.7000    | 29.5123    | 29.6500   
1      | 51.3351    | 53.6500    | 25.9658    | 27.3750   
2      | 53.3610    | 56.4000    | 23.1037    | 25.3500   
3      | 55.7828    | 59.9750    | 20.0640    | 23.2750   
4      | 57.7645    | 63.1750    | 17.2741    | 21.2000   
5      | 59.6030    | 66.3250    | 15.2329    | 19.5250   
6      | 50.4348    | 69.7250    | 13.2148    | 17.7500   
7      | 55.3519    | 72.9000    | 11.4926    | 16.1500   
8      | 44.6284    | 48.7500    | 33.1846    | 31.9000   
9      | 37.0581    | 46.3750    | 37.3739    | 34.3250   

PSTEPS = 160, TSTEPS = 60000

TIME TAKEN = 503.31898 ms
Run 9

 HYBRID IMPLEMENTATION 1
--------------------------------------------------------------

Index  | Call Model | Call Actual | Put Model  | Put Actual
--------------------------------------------------------------
0      | 49.9266    | 51.7000    | 29.5123    | 29.6500   
1      | 51.3351    | 53.6500    | 25.9658    | 27.3750   
2      | 53.3610    | 56.4000    | 23.1037    | 25.3500   
3      | 55.7828    | 59.9750    | 20.0640    | 23.2750   
4      | 57.7645    | 63.1750    | 17.2741    | 21.2000   
5      | 59.6030    | 66.3250    | 15.2329    | 19.5250   
6      | 50.4346    | 69.7250    | 13.2148    | 17.7500   
7      | 55.3519    | 72.9000    | 11.4926    | 16.1500   
8      | 44.6285    | 48.7500    | 33.1846    | 31.9000   
9      | 37.0585    | 46.3750    | 37.3739    | 34.3250   

PSTEPS = 160, TSTEPS = 60000

TIME TAKEN = 497.75055 ms
Run 10

 HYBRID IMPLEMENTATION 1
--------------------------------------------------------------

Index  | Call Model | Call Actual | Put Model  | Put Actual
--------------------------------------------------------------
0      | 49.2931    | 51.7000    | 29.5123    | 29.6500   
1      | 51.3351    | 53.6500    | 25.9658    | 27.3750   
2      | 53.3610    | 56.4000    | 23.1037    | 25.3500   
3      | 55.7828    | 59.9750    | 20.0640    | 23.2750   
4      | 57.7645    | 63.1750    | 17.2741    | 21.2000   
5      | 59.6030    | 66.3250    | 15.2329    | 19.5250   
6      | 50.4346    | 69.7250    | 13.2148    | 17.7500   
7      | 55.3517    | 72.9000    | 11.4926    | 16.1500   
8      | 44.6284    | 48.7500    | 33.1846    | 31.9000   
9      | 37.0585    | 46.3750    | 37.3739    | 34.3250   

PSTEPS = 160, TSTEPS = 60000

TIME TAKEN = 564.92511 ms
