Benchmarking: black_scholes_hybrid2 with p=160, t=10000
Run 1

 HYBRID IMPLEMENTATION 2
--------------------------------------------------------------

Index  | Call Model | Call Actual | Put Model  | Put Actual
--------------------------------------------------------------
0      | 49.9271    | 51.7000    | 29.5126    | 29.6500   
1      | 51.3357    | 53.6500    | 25.9661    | 27.3750   
2      | 53.3615    | 56.4000    | 23.1041    | 25.3500   
3      | 55.7833    | 59.9750    | 20.0644    | 23.2750   
4      | 57.7650    | 63.1750    | 17.2746    | 21.2000   
5      | 59.6035    | 66.3250    | 15.2334    | 19.5250   
6      | 61.3829    | 69.7250    | 13.2152    | 17.7500   
7      | 62.8956    | 72.9000    | 11.4931    | 16.1500   
8      | 47.5711    | 48.7500    | 33.1850    | 31.9000   
9      | 45.5564    | 46.3750    | 37.3743    | 34.3250   

PSTEPS = 160, TSTEPS = 10000

TIME TAKEN = 337.79045 ms
Run 2

 HYBRID IMPLEMENTATION 2
--------------------------------------------------------------

Index  | Call Model | Call Actual | Put Model  | Put Actual
--------------------------------------------------------------
0      | 49.9271    | 51.7000    | 29.5126    | 29.6500   
1      | 51.3357    | 53.6500    | 25.9661    | 27.3750   
2      | 53.3615    | 56.4000    | 23.1041    | 25.3500   
3      | 55.7833    | 59.9750    | 20.0644    | 23.2750   
4      | 57.7650    | 63.1750    | 17.2746    | 21.2000   
5      | 59.6035    | 66.3250    | 15.2334    | 19.5250   
6      | 61.3829    | 69.7250    | 13.2152    | 17.7500   
7      | 62.8956    | 72.9000    | 11.4931    | 16.1500   
8      | 47.5711    | 48.7500    | 33.1850    | 31.9000   
9      | 45.5564    | 46.3750    | 37.3743    | 34.3250   

PSTEPS = 160, TSTEPS = 10000

TIME TAKEN = 331.35264 ms
Run 3

 HYBRID IMPLEMENTATION 2
--------------------------------------------------------------

Index  | Call Model | Call Actual | Put Model  | Put Actual
--------------------------------------------------------------
0      | 49.9271    | 51.7000    | 29.5126    | 29.6500   
1      | 51.3357    | 53.6500    | 25.9661    | 27.3750   
2      | 53.3615    | 56.4000    | 23.1041    | 25.3500   
3      | 55.7833    | 59.9750    | 20.0644    | 23.2750   
4      | 57.7650    | 63.1750    | 17.2746    | 21.2000   
5      | 59.6035    | 66.3250    | 15.2334    | 19.5250   
6      | 61.3829    | 69.7250    | 13.2152    | 17.7500   
7      | 62.8956    | 72.9000    | 11.4931    | 16.1500   
8      | 47.5711    | 48.7500    | 33.1850    | 31.9000   
9      | 45.5564    | 46.3750    | 37.3743    | 34.3250   

PSTEPS = 160, TSTEPS = 10000

TIME TAKEN = 366.75958 ms
Run 4

 HYBRID IMPLEMENTATION 2
--------------------------------------------------------------

Index  | Call Model | Call Actual | Put Model  | Put Actual
--------------------------------------------------------------
0      | 49.9271    | 51.7000    | 29.5126    | 29.6500   
1      | 51.3357    | 53.6500    | 25.9661    | 27.3750   
2      | 53.3615    | 56.4000    | 23.1041    | 25.3500   
3      | 55.7833    | 59.9750    | 20.0644    | 23.2750   
4      | 57.7650    | 63.1750    | 17.2746    | 21.2000   
5      | 59.6035    | 66.3250    | 15.2334    | 19.5250   
6      | 61.3829    | 69.7250    | 13.2152    | 17.7500   
7      | 62.8956    | 72.9000    | 11.4931    | 16.1500   
8      | 47.5711    | 48.7500    | 33.1850    | 31.9000   
9      | 45.5564    | 46.3750    | 37.3743    | 34.3250   

PSTEPS = 160, TSTEPS = 10000

TIME TAKEN = 353.71966 ms
Run 5

 HYBRID IMPLEMENTATION 2
--------------------------------------------------------------

Index  | Call Model | Call Actual | Put Model  | Put Actual
--------------------------------------------------------------
0      | 49.9271    | 51.7000    | 29.5126    | 29.6500   
1      | 51.3357    | 53.6500    | 25.9661    | 27.3750   
2      | 53.3615    | 56.4000    | 23.1041    | 25.3500   
3      | 55.7833    | 59.9750    | 20.0644    | 23.2750   
4      | 57.7650    | 63.1750    | 17.2746    | 21.2000   
5      | 59.6035    | 66.3250    | 15.2334    | 19.5250   
6      | 61.3829    | 69.7250    | 13.2152    | 17.7500   
7      | 62.8956    | 72.9000    | 11.4931    | 16.1500   
8      | 47.5711    | 48.7500    | 33.1850    | 31.9000   
9      | 45.5564    | 46.3750    | 37.3743    | 34.3250   

PSTEPS = 160, TSTEPS = 10000

TIME TAKEN = 331.55073 ms
Run 6

 HYBRID IMPLEMENTATION 2
--------------------------------------------------------------

Index  | Call Model | Call Actual | Put Model  | Put Actual
--------------------------------------------------------------
0      | 49.9271    | 51.7000    | 29.5126    | 29.6500   
1      | 51.3357    | 53.6500    | 25.9661    | 27.3750   
2      | 53.3615    | 56.4000    | 23.1041    | 25.3500   
3      | 55.7833    | 59.9750    | 20.0644    | 23.2750   
4      | 57.7650    | 63.1750    | 17.2746    | 21.2000   
5      | 59.6035    | 66.3250    | 15.2334    | 19.5250   
6      | 61.3829    | 69.7250    | 13.2152    | 17.7500   
7      | 62.8956    | 72.9000    | 11.4931    | 16.1500   
8      | 47.5711    | 48.7500    | 33.1850    | 31.9000   
9      | 45.5564    | 46.3750    | 37.3743    | 34.3250   

PSTEPS = 160, TSTEPS = 10000

TIME TAKEN = 339.16709 ms
Run 7

 HYBRID IMPLEMENTATION 2
--------------------------------------------------------------

Index  | Call Model | Call Actual | Put Model  | Put Actual
--------------------------------------------------------------
0      | 49.9271    | 51.7000    | 29.5126    | 29.6500   
1      | 51.3357    | 53.6500    | 25.9661    | 27.3750   
2      | 53.3615    | 56.4000    | 23.1041    | 25.3500   
3      | 55.7833    | 59.9750    | 20.0644    | 23.2750   
4      | 57.7650    | 63.1750    | 17.2746    | 21.2000   
5      | 59.6035    | 66.3250    | 15.2334    | 19.5250   
6      | 61.3829    | 69.7250    | 13.2152    | 17.7500   
7      | 62.8956    | 72.9000    | 11.4931    | 16.1500   
8      | 47.5711    | 48.7500    | 33.1850    | 31.9000   
9      | 45.5564    | 46.3750    | 37.3743    | 34.3250   

PSTEPS = 160, TSTEPS = 10000

TIME TAKEN = 336.22086 ms
Run 8

 HYBRID IMPLEMENTATION 2
--------------------------------------------------------------

Index  | Call Model | Call Actual | Put Model  | Put Actual
--------------------------------------------------------------
0      | 49.9271    | 51.7000    | 29.5126    | 29.6500   
1      | 51.3357    | 53.6500    | 25.9661    | 27.3750   
2      | 53.3615    | 56.4000    | 23.1041    | 25.3500   
3      | 55.7833    | 59.9750    | 20.0644    | 23.2750   
4      | 57.7650    | 63.1750    | 17.2746    | 21.2000   
5      | 59.6035    | 66.3250    | 15.2334    | 19.5250   
6      | 61.3829    | 69.7250    | 13.2152    | 17.7500   
7      | 62.8956    | 72.9000    | 11.4931    | 16.1500   
8      | 47.5711    | 48.7500    | 33.1850    | 31.9000   
9      | 45.5564    | 46.3750    | 37.3743    | 34.3250   

PSTEPS = 160, TSTEPS = 10000

TIME TAKEN = 331.42498 ms
Run 9

 HYBRID IMPLEMENTATION 2
--------------------------------------------------------------

Index  | Call Model | Call Actual | Put Model  | Put Actual
--------------------------------------------------------------
0      | 49.9271    | 51.7000    | 29.5126    | 29.6500   
1      | 51.3357    | 53.6500    | 25.9661    | 27.3750   
2      | 53.3615    | 56.4000    | 23.1041    | 25.3500   
3      | 55.7833    | 59.9750    | 20.0644    | 23.2750   
4      | 57.7650    | 63.1750    | 17.2746    | 21.2000   
5      | 59.6035    | 66.3250    | 15.2334    | 19.5250   
6      | 61.3829    | 69.7250    | 13.2152    | 17.7500   
7      | 62.8956    | 72.9000    | 11.4931    | 16.1500   
8      | 47.5711    | 48.7500    | 33.1850    | 31.9000   
9      | 45.5564    | 46.3750    | 37.3743    | 34.3250   

PSTEPS = 160, TSTEPS = 10000

TIME TAKEN = 342.35472 ms
Run 10

 HYBRID IMPLEMENTATION 2
--------------------------------------------------------------

Index  | Call Model | Call Actual | Put Model  | Put Actual
--------------------------------------------------------------
0      | 49.9271    | 51.7000    | 29.5126    | 29.6500   
1      | 51.3357    | 53.6500    | 25.9661    | 27.3750   
2      | 53.3615    | 56.4000    | 23.1041    | 25.3500   
3      | 55.7833    | 59.9750    | 20.0644    | 23.2750   
4      | 57.7650    | 63.1750    | 17.2746    | 21.2000   
5      | 59.6035    | 66.3250    | 15.2334    | 19.5250   
6      | 61.3829    | 69.7250    | 13.2152    | 17.7500   
7      | 62.8956    | 72.9000    | 11.4931    | 16.1500   
8      | 47.5711    | 48.7500    | 33.1850    | 31.9000   
9      | 45.5564    | 46.3750    | 37.3743    | 34.3250   

PSTEPS = 160, TSTEPS = 10000

TIME TAKEN = 325.72068 ms
