Benchmarking: black_scholes_hybrid1 with p=40, t=100000
Run 1

 HYBRID IMPLEMENTATION 1
--------------------------------------------------------------

Index  | Call Model | Call Actual | Put Model  | Put Actual
--------------------------------------------------------------
0      | 45.6393    | 51.7000    | 32.9393    | 29.6500   
1      | 46.1552    | 53.6500    | 29.8188    | 27.3750   
2      | 47.1409    | 56.4000    | 27.2627    | 25.3500   
3      | 48.3760    | 59.9750    | 24.3799    | 23.2750   
4      | 49.3423    | 63.1750    | 21.7799    | 21.2000   
5      | 50.2132    | 66.3250    | 19.8947    | 19.5250   
6      | 50.9420    | 69.7250    | 17.8879    | 17.7500   
7      | 51.3780    | 72.9000    | 16.0576    | 16.1500   
8      | 44.3192    | 48.7500    | 36.1073    | 31.9000   
9      | 43.3608    | 46.3750    | 39.8024    | 34.3250   

PSTEPS = 40, TSTEPS = 100000

TIME TAKEN = 428.74607 ms
Run 2

 HYBRID IMPLEMENTATION 1
--------------------------------------------------------------

Index  | Call Model | Call Actual | Put Model  | Put Actual
--------------------------------------------------------------
0      | 45.6393    | 51.7000    | 32.9393    | 29.6500   
1      | 46.1552    | 53.6500    | 29.8188    | 27.3750   
2      | 46.7495    | 56.4000    | 27.2627    | 25.3500   
3      | 47.2167    | 59.9750    | 24.3799    | 23.2750   
4      | 49.3423    | 63.1750    | 21.7799    | 21.2000   
5      | 50.2132    | 66.3250    | 19.8947    | 19.5250   
6      | 50.9420    | 69.7250    | 17.8879    | 17.7500   
7      | 51.3780    | 72.9000    | 16.0576    | 16.1500   
8      | 44.3192    | 48.7500    | 36.1073    | 31.9000   
9      | 43.3608    | 46.3750    | 39.8024    | 34.3250   

PSTEPS = 40, TSTEPS = 100000

TIME TAKEN = 422.50891 ms
Run 3

 HYBRID IMPLEMENTATION 1
--------------------------------------------------------------

Index  | Call Model | Call Actual | Put Model  | Put Actual
--------------------------------------------------------------
0      | 45.6393    | 51.7000    | 32.9393    | 29.6500   
1      | 46.1552    | 53.6500    | 29.8188    | 27.3750   
2      | 47.1409    | 56.4000    | 27.2627    | 25.3500   
3      | 48.3760    | 59.9750    | 24.3799    | 23.2750   
4      | 49.3423    | 63.1750    | 21.7799    | 21.2000   
5      | 50.2132    | 66.3250    | 19.8947    | 19.5250   
6      | 50.9420    | 69.7250    | 17.8879    | 17.7500   
7      | 51.3780    | 72.9000    | 16.0576    | 16.1500   
8      | 43.9026    | 48.7500    | 36.1073    | 31.9000   
9      | 43.3608    | 46.3750    | 39.8024    | 34.3250   

PSTEPS = 40, TSTEPS = 100000

TIME TAKEN = 451.27024 ms
Run 4

 HYBRID IMPLEMENTATION 1
--------------------------------------------------------------

Index  | Call Model | Call Actual | Put Model  | Put Actual
--------------------------------------------------------------
0      | 45.6393    | 51.7000    | 32.9393    | 29.6500   
1      | 46.1552    | 53.6500    | 29.8188    | 27.3750   
2      | 46.2317    | 56.4000    | 27.2627    | 25.3500   
3      | 48.3760    | 59.9750    | 24.3799    | 23.2750   
4      | 49.3423    | 63.1750    | 21.7799    | 21.2000   
5      | 50.2132    | 66.3250    | 19.8947    | 19.5250   
6      | 50.9420    | 69.7250    | 17.8879    | 17.7500   
7      | 51.3780    | 72.9000    | 16.0576    | 16.1500   
8      | 44.3192    | 48.7500    | 36.1073    | 31.9000   
9      | 43.3608    | 46.3750    | 39.8024    | 34.3250   

PSTEPS = 40, TSTEPS = 100000

TIME TAKEN = 417.82034 ms
Run 5

 HYBRID IMPLEMENTATION 1
--------------------------------------------------------------

Index  | Call Model | Call Actual | Put Model  | Put Actual
--------------------------------------------------------------
0      | 45.6393    | 51.7000    | 32.9393    | 29.6500   
1      | 46.1552    | 53.6500    | 29.8188    | 27.3750   
2      | 47.1409    | 56.4000    | 27.2627    | 25.3500   
3      | 48.3749    | 59.9750    | 24.3799    | 23.2750   
4      | 48.2810    | 63.1750    | 21.7799    | 21.2000   
5      | 50.2132    | 66.3250    | 19.8947    | 19.5250   
6      | 50.7655    | 69.7250    | 17.8879    | 17.7500   
7      | 51.3780    | 72.9000    | 16.0576    | 16.1500   
8      | 44.3192    | 48.7500    | 36.1073    | 31.9000   
9      | 43.3608    | 46.3750    | 39.8024    | 34.3250   

PSTEPS = 40, TSTEPS = 100000

TIME TAKEN = 421.65116 ms
Run 6

 HYBRID IMPLEMENTATION 1
--------------------------------------------------------------

Index  | Call Model | Call Actual | Put Model  | Put Actual
--------------------------------------------------------------
0      | 44.7596    | 51.7000    | 32.9393    | 29.6500   
1      | 46.1552    | 53.6500    | 29.8188    | 27.3750   
2      | 47.1409    | 56.4000    | 27.2627    | 25.3500   
3      | 48.3760    | 59.9750    | 24.3799    | 23.2750   
4      | 49.3423    | 63.1750    | 21.7799    | 21.2000   
5      | 50.2132    | 66.3250    | 19.8947    | 19.5250   
6      | 50.9420    | 69.7250    | 17.8879    | 17.7500   
7      | 51.3780    | 72.9000    | 16.0576    | 16.1500   
8      | 44.3192    | 48.7500    | 36.1073    | 31.9000   
9      | 43.3608    | 46.3750    | 39.8024    | 34.3250   

PSTEPS = 40, TSTEPS = 100000

TIME TAKEN = 414.01726 ms
Run 7

 HYBRID IMPLEMENTATION 1
--------------------------------------------------------------

Index  | Call Model | Call Actual | Put Model  | Put Actual
--------------------------------------------------------------
0      | 45.6393    | 51.7000    | 32.9393    | 29.6500   
1      | 46.1552    | 53.6500    | 29.8188    | 27.3750   
2      | 46.1178    | 56.4000    | 27.2627    | 25.3500   
3      | 48.3760    | 59.9750    | 24.3799    | 23.2750   
4      | 49.3423    | 63.1750    | 21.7799    | 21.2000   
5      | 49.1642    | 66.3250    | 19.8947    | 19.5250   
6      | 50.9420    | 69.7250    | 17.8879    | 17.7500   
7      | 51.3780    | 72.9000    | 16.0576    | 16.1500   
8      | 44.3192    | 48.7500    | 36.1073    | 31.9000   
9      | 43.3608    | 46.3750    | 39.8024    | 34.3250   

PSTEPS = 40, TSTEPS = 100000

TIME TAKEN = 418.08695 ms
Run 8

 HYBRID IMPLEMENTATION 1
--------------------------------------------------------------

Index  | Call Model | Call Actual | Put Model  | Put Actual
--------------------------------------------------------------
0      | 45.6393    | 51.7000    | 32.9393    | 29.6500   
1      | 46.1552    | 53.6500    | 29.8188    | 27.3750   
2      | 47.1409    | 56.4000    | 27.2627    | 25.3500   
3      | 48.3760    | 59.9750    | 24.3799    | 23.2750   
4      | 48.0122    | 63.1750    | 21.7799    | 21.2000   
5      | 49.2546    | 66.3250    | 19.8947    | 19.5250   
6      | 50.9420    | 69.7250    | 17.8879    | 17.7500   
7      | 50.5407    | 72.9000    | 16.0576    | 16.1500   
8      | 44.2269    | 48.7500    | 36.1073    | 31.9000   
9      | 43.3608    | 46.3750    | 39.8024    | 34.3250   

PSTEPS = 40, TSTEPS = 100000

TIME TAKEN = 412.76092 ms
Run 9

 HYBRID IMPLEMENTATION 1
--------------------------------------------------------------

Index  | Call Model | Call Actual | Put Model  | Put Actual
--------------------------------------------------------------
0      | 45.6393    | 51.7000    | 32.9393    | 29.6500   
1      | 46.1552    | 53.6500    | 29.8188    | 27.3750   
2      | 47.1409    | 56.4000    | 27.2627    | 25.3500   
3      | 47.9955    | 59.9750    | 24.3799    | 23.2750   
4      | 49.1536    | 63.1750    | 21.7799    | 21.2000   
5      | 50.2132    | 66.3250    | 19.8947    | 19.5250   
6      | 49.7825    | 69.7250    | 17.8879    | 17.7500   
7      | 51.3780    | 72.9000    | 16.0576    | 16.1500   
8      | 42.9901    | 48.7500    | 36.1073    | 31.9000   
9      | 43.3608    | 46.3750    | 39.8024    | 34.3250   

PSTEPS = 40, TSTEPS = 100000

TIME TAKEN = 431.96272 ms
Run 10

 HYBRID IMPLEMENTATION 1
--------------------------------------------------------------

Index  | Call Model | Call Actual | Put Model  | Put Actual
--------------------------------------------------------------
0      | 44.8301    | 51.7000    | 32.9393    | 29.6500   
1      | 46.1552    | 53.6500    | 29.8188    | 27.3750   
2      | 47.1409    | 56.4000    | 27.2627    | 25.3500   
3      | 48.3760    | 59.9750    | 24.3799    | 23.2750   
4      | 49.2401    | 63.1750    | 21.7799    | 21.2000   
5      | 49.3451    | 66.3250    | 19.8947    | 19.5250   
6      | 50.9420    | 69.7250    | 17.8879    | 17.7500   
7      | 51.3780    | 72.9000    | 16.0576    | 16.1500   
8      | 44.3192    | 48.7500    | 36.1073    | 31.9000   
9      | 43.3608    | 46.3750    | 39.8024    | 34.3250   

PSTEPS = 40, TSTEPS = 100000

TIME TAKEN = 428.85033 ms
