Benchmarking: black_scholes_hybrid1 with p=80, t=90000
Run 1

 HYBRID IMPLEMENTATION 1
--------------------------------------------------------------

Index  | Call Model | Call Actual | Put Model  | Put Actual
--------------------------------------------------------------
0      | 47.0810    | 51.7000    | 31.5711    | 29.6500   
1      | 47.8232    | 53.6500    | 28.2495    | 27.3750   
2      | 49.1526    | 56.4000    | 25.6025    | 25.3500   
3      | 50.8109    | 59.9750    | 22.7098    | 23.2750   
4      | 51.9625    | 63.1750    | 20.0221    | 21.2000   
5      | 52.8250    | 66.3250    | 18.0244    | 19.5250   
6      | 54.2875    | 69.7250    | 16.0450    | 17.7500   
7      | 55.0939    | 72.9000    | 14.2794    | 16.1500   
8      | 45.4292    | 48.7500    | 34.9074    | 31.9000   
9      | 44.0685    | 46.3750    | 38.7045    | 34.3250   

PSTEPS = 80, TSTEPS = 90000

TIME TAKEN = 495.83565 ms
Run 2

 HYBRID IMPLEMENTATION 1
--------------------------------------------------------------

Index  | Call Model | Call Actual | Put Model  | Put Actual
--------------------------------------------------------------
0      | 47.0810    | 51.7000    | 31.5711    | 29.6500   
1      | 47.8232    | 53.6500    | 28.2495    | 27.3750   
2      | 49.1526    | 56.4000    | 25.6025    | 25.3500   
3      | 50.8109    | 59.9750    | 22.7098    | 23.2750   
4      | 52.0763    | 63.1750    | 20.0221    | 21.2000   
5      | 52.0159    | 66.3250    | 18.0244    | 19.5250   
6      | 54.2875    | 69.7250    | 16.0450    | 17.7500   
7      | 55.0939    | 72.9000    | 14.2794    | 16.1500   
8      | 45.4292    | 48.7500    | 34.9074    | 31.9000   
9      | 44.0685    | 46.3750    | 38.7045    | 34.3250   

PSTEPS = 80, TSTEPS = 90000

TIME TAKEN = 492.02651 ms
Run 3

 HYBRID IMPLEMENTATION 1
--------------------------------------------------------------

Index  | Call Model | Call Actual | Put Model  | Put Actual
--------------------------------------------------------------
0      | 47.0810    | 51.7000    | 31.5711    | 29.6500   
1      | 47.8232    | 53.6500    | 28.2495    | 27.3750   
2      | 49.1526    | 56.4000    | 25.6025    | 25.3500   
3      | 50.8109    | 59.9750    | 22.7098    | 23.2750   
4      | 52.0763    | 63.1750    | 20.0221    | 21.2000   
5      | 53.1939    | 66.3250    | 18.0244    | 19.5250   
6      | 54.2875    | 69.7250    | 16.0450    | 17.7500   
7      | 55.0939    | 72.9000    | 14.2794    | 16.1500   
8      | 45.4292    | 48.7500    | 34.9074    | 31.9000   
9      | 44.0685    | 46.3750    | 38.7045    | 34.3250   

PSTEPS = 80, TSTEPS = 90000

TIME TAKEN = 486.96916 ms
Run 4

 HYBRID IMPLEMENTATION 1
--------------------------------------------------------------

Index  | Call Model | Call Actual | Put Model  | Put Actual
--------------------------------------------------------------
0      | 47.0810    | 51.7000    | 31.5711    | 29.6500   
1      | 47.8232    | 53.6500    | 28.2495    | 27.3750   
2      | 49.1526    | 56.4000    | 25.6025    | 25.3500   
3      | 50.8109    | 59.9750    | 22.7098    | 23.2750   
4      | 52.0763    | 63.1750    | 20.0221    | 21.2000   
5      | 53.1927    | 66.3250    | 18.0244    | 19.5250   
6      | 54.2875    | 69.7250    | 16.0450    | 17.7500   
7      | 55.0939    | 72.9000    | 14.2794    | 16.1500   
8      | 45.4292    | 48.7500    | 34.9074    | 31.9000   
9      | 44.0685    | 46.3750    | 38.7045    | 34.3250   

PSTEPS = 80, TSTEPS = 90000

TIME TAKEN = 482.64617 ms
Run 5

 HYBRID IMPLEMENTATION 1
--------------------------------------------------------------

Index  | Call Model | Call Actual | Put Model  | Put Actual
--------------------------------------------------------------
0      | 47.0810    | 51.7000    | 31.5711    | 29.6500   
1      | 47.8232    | 53.6500    | 28.2495    | 27.3750   
2      | 49.1526    | 56.4000    | 25.6025    | 25.3500   
3      | 50.8109    | 59.9750    | 22.7098    | 23.2750   
4      | 52.0763    | 63.1750    | 20.0221    | 21.2000   
5      | 52.2837    | 66.3250    | 18.0244    | 19.5250   
6      | 54.2875    | 69.7250    | 16.0450    | 17.7500   
7      | 55.0939    | 72.9000    | 14.2794    | 16.1500   
8      | 45.4292    | 48.7500    | 34.9074    | 31.9000   
9      | 44.0685    | 46.3750    | 38.7045    | 34.3250   

PSTEPS = 80, TSTEPS = 90000

TIME TAKEN = 474.35963 ms
Run 6

 HYBRID IMPLEMENTATION 1
--------------------------------------------------------------

Index  | Call Model | Call Actual | Put Model  | Put Actual
--------------------------------------------------------------
0      | 47.0810    | 51.7000    | 31.5711    | 29.6500   
1      | 47.8232    | 53.6500    | 28.2495    | 27.3750   
2      | 49.1526    | 56.4000    | 25.6025    | 25.3500   
3      | 50.8109    | 59.9750    | 22.7098    | 23.2750   
4      | 52.0492    | 63.1750    | 20.0221    | 21.2000   
5      | 52.4866    | 66.3250    | 18.0244    | 19.5250   
6      | 54.2875    | 69.7250    | 16.0450    | 17.7500   
7      | 55.0939    | 72.9000    | 14.2794    | 16.1500   
8      | 45.4292    | 48.7500    | 34.9074    | 31.9000   
9      | 44.0685    | 46.3750    | 38.7045    | 34.3250   

PSTEPS = 80, TSTEPS = 90000

TIME TAKEN = 487.18900 ms
Run 7

 HYBRID IMPLEMENTATION 1
--------------------------------------------------------------

Index  | Call Model | Call Actual | Put Model  | Put Actual
--------------------------------------------------------------
0      | 47.0810    | 51.7000    | 31.5711    | 29.6500   
1      | 47.8232    | 53.6500    | 28.2495    | 27.3750   
2      | 49.1526    | 56.4000    | 25.6025    | 25.3500   
3      | 50.8109    | 59.9750    | 22.7098    | 23.2750   
4      | 52.0763    | 63.1750    | 20.0221    | 21.2000   
5      | 52.6075    | 66.3250    | 18.0244    | 19.5250   
6      | 54.2875    | 69.7250    | 16.0450    | 17.7500   
7      | 55.0939    | 72.9000    | 14.2794    | 16.1500   
8      | 45.4292    | 48.7500    | 34.9074    | 31.9000   
9      | 44.0685    | 46.3750    | 38.7045    | 34.3250   

PSTEPS = 80, TSTEPS = 90000

TIME TAKEN = 485.42056 ms
Run 8

 HYBRID IMPLEMENTATION 1
--------------------------------------------------------------

Index  | Call Model | Call Actual | Put Model  | Put Actual
--------------------------------------------------------------
0      | 47.0810    | 51.7000    | 31.5711    | 29.6500   
1      | 47.8232    | 53.6500    | 28.2495    | 27.3750   
2      | 49.1526    | 56.4000    | 25.6025    | 25.3500   
3      | 50.8109    | 59.9750    | 22.7098    | 23.2750   
4      | 52.0763    | 63.1750    | 20.0221    | 21.2000   
5      | 53.1331    | 66.3250    | 18.0244    | 19.5250   
6      | 54.2875    | 69.7250    | 16.0450    | 17.7500   
7      | 55.0939    | 72.9000    | 14.2794    | 16.1500   
8      | 45.4292    | 48.7500    | 34.9074    | 31.9000   
9      | 44.0685    | 46.3750    | 38.7045    | 34.3250   

PSTEPS = 80, TSTEPS = 90000

TIME TAKEN = 469.29459 ms
Run 9

 HYBRID IMPLEMENTATION 1
--------------------------------------------------------------

Index  | Call Model | Call Actual | Put Model  | Put Actual
--------------------------------------------------------------
0      | 47.0810    | 51.7000    | 31.5711    | 29.6500   
1      | 47.8232    | 53.6500    | 28.2495    | 27.3750   
2      | 49.1526    | 56.4000    | 25.6025    | 25.3500   
3      | 50.8109    | 59.9750    | 22.7098    | 23.2750   
4      | 52.0761    | 63.1750    | 20.0221    | 21.2000   
5      | 51.5178    | 66.3250    | 18.0244    | 19.5250   
6      | 54.2875    | 69.7250    | 16.0450    | 17.7500   
7      | 55.0939    | 72.9000    | 14.2794    | 16.1500   
8      | 45.4292    | 48.7500    | 34.9074    | 31.9000   
9      | 44.0685    | 46.3750    | 38.7045    | 34.3250   

PSTEPS = 80, TSTEPS = 90000

TIME TAKEN = 485.90711 ms
Run 10

 HYBRID IMPLEMENTATION 1
--------------------------------------------------------------

Index  | Call Model | Call Actual | Put Model  | Put Actual
--------------------------------------------------------------
0      | 47.0810    | 51.7000    | 31.5711    | 29.6500   
1      | 47.8232    | 53.6500    | 28.2495    | 27.3750   
2      | 49.1526    | 56.4000    | 25.6025    | 25.3500   
3      | 50.8109    | 59.9750    | 22.7098    | 23.2750   
4      | 51.5339    | 63.1750    | 20.0221    | 21.2000   
5      | 53.1929    | 66.3250    | 18.0244    | 19.5250   
6      | 54.2875    | 69.7250    | 16.0450    | 17.7500   
7      | 55.0939    | 72.9000    | 14.2794    | 16.1500   
8      | 45.4292    | 48.7500    | 34.9074    | 31.9000   
9      | 44.0685    | 46.3750    | 38.7045    | 34.3250   

PSTEPS = 80, TSTEPS = 90000

TIME TAKEN = 484.93041 ms
