Benchmarking: black_scholes_cpu_acc with p=120, t=40000
Run 1

 CPU ACCELERATED IMPLEMENTATION
--------------------------------------------------------------

Index  | Call Model | Call Actual | Put Model  | Put Actual
--------------------------------------------------------------
0      | 48.4926    | 51.7000    | 30.5080    | 29.6500   
1      | 49.5569    | 53.6500    | 27.0657    | 27.3750   
2      | 51.2149    | 56.4000    | 24.2952    | 25.3500   
3      | 53.2625    | 59.9750    | 21.3400    | 23.2750   
4      | 54.8731    | 63.1750    | 18.5922    | 21.2000   
5      | 56.3505    | 66.3250    | 16.5768    | 19.5250   
6      | 57.7606    | 69.7250    | 14.5566    | 17.7500   
7      | 58.9179    | 72.9000    | 12.8160    | 16.1500   
8      | 46.4944    | 48.7500    | 34.0156    | 31.9000   
9      | 44.8094    | 46.3750    | 38.0093    | 34.3250   

PSTEPS = 120, TSTEPS = 40000

TIME TAKEN = 138.47376 ms
Run 2

 CPU ACCELERATED IMPLEMENTATION
--------------------------------------------------------------

Index  | Call Model | Call Actual | Put Model  | Put Actual
--------------------------------------------------------------
0      | 48.4926    | 51.7000    | 30.5080    | 29.6500   
1      | 49.5569    | 53.6500    | 27.0657    | 27.3750   
2      | 51.2149    | 56.4000    | 24.2952    | 25.3500   
3      | 53.2625    | 59.9750    | 21.3400    | 23.2750   
4      | 54.8731    | 63.1750    | 18.5922    | 21.2000   
5      | 56.3505    | 66.3250    | 16.5768    | 19.5250   
6      | 57.7606    | 69.7250    | 14.5566    | 17.7500   
7      | 58.9179    | 72.9000    | 12.8160    | 16.1500   
8      | 46.4944    | 48.7500    | 34.0156    | 31.9000   
9      | 44.8094    | 46.3750    | 38.0093    | 34.3250   

PSTEPS = 120, TSTEPS = 40000

TIME TAKEN = 125.46424 ms
Run 3

 CPU ACCELERATED IMPLEMENTATION
--------------------------------------------------------------

Index  | Call Model | Call Actual | Put Model  | Put Actual
--------------------------------------------------------------
0      | 48.4926    | 51.7000    | 30.5080    | 29.6500   
1      | 49.5569    | 53.6500    | 27.0657    | 27.3750   
2      | 51.2149    | 56.4000    | 24.2952    | 25.3500   
3      | 53.2625    | 59.9750    | 21.3400    | 23.2750   
4      | 54.8731    | 63.1750    | 18.5922    | 21.2000   
5      | 56.3505    | 66.3250    | 16.5768    | 19.5250   
6      | 57.7606    | 69.7250    | 14.5566    | 17.7500   
7      | 58.9179    | 72.9000    | 12.8160    | 16.1500   
8      | 46.4944    | 48.7500    | 34.0156    | 31.9000   
9      | 44.8094    | 46.3750    | 38.0093    | 34.3250   

PSTEPS = 120, TSTEPS = 40000

TIME TAKEN = 125.59202 ms
Run 4

 CPU ACCELERATED IMPLEMENTATION
--------------------------------------------------------------

Index  | Call Model | Call Actual | Put Model  | Put Actual
--------------------------------------------------------------
0      | 48.4926    | 51.7000    | 30.5080    | 29.6500   
1      | 49.5569    | 53.6500    | 27.0657    | 27.3750   
2      | 51.2149    | 56.4000    | 24.2952    | 25.3500   
3      | 53.2625    | 59.9750    | 21.3400    | 23.2750   
4      | 54.8731    | 63.1750    | 18.5922    | 21.2000   
5      | 56.3505    | 66.3250    | 16.5768    | 19.5250   
6      | 57.7606    | 69.7250    | 14.5566    | 17.7500   
7      | 58.9179    | 72.9000    | 12.8160    | 16.1500   
8      | 46.4944    | 48.7500    | 34.0156    | 31.9000   
9      | 44.8094    | 46.3750    | 38.0093    | 34.3250   

PSTEPS = 120, TSTEPS = 40000

TIME TAKEN = 125.43039 ms
Run 5

 CPU ACCELERATED IMPLEMENTATION
--------------------------------------------------------------

Index  | Call Model | Call Actual | Put Model  | Put Actual
--------------------------------------------------------------
0      | 48.4926    | 51.7000    | 30.5080    | 29.6500   
1      | 49.5569    | 53.6500    | 27.0657    | 27.3750   
2      | 51.2149    | 56.4000    | 24.2952    | 25.3500   
3      | 53.2625    | 59.9750    | 21.3400    | 23.2750   
4      | 54.8731    | 63.1750    | 18.5922    | 21.2000   
5      | 56.3505    | 66.3250    | 16.5768    | 19.5250   
6      | 57.7606    | 69.7250    | 14.5566    | 17.7500   
7      | 58.9179    | 72.9000    | 12.8160    | 16.1500   
8      | 46.4944    | 48.7500    | 34.0156    | 31.9000   
9      | 44.8094    | 46.3750    | 38.0093    | 34.3250   

PSTEPS = 120, TSTEPS = 40000

TIME TAKEN = 125.37651 ms
Run 6

 CPU ACCELERATED IMPLEMENTATION
--------------------------------------------------------------

Index  | Call Model | Call Actual | Put Model  | Put Actual
--------------------------------------------------------------
0      | 48.4926    | 51.7000    | 30.5080    | 29.6500   
1      | 49.5569    | 53.6500    | 27.0657    | 27.3750   
2      | 51.2149    | 56.4000    | 24.2952    | 25.3500   
3      | 53.2625    | 59.9750    | 21.3400    | 23.2750   
4      | 54.8731    | 63.1750    | 18.5922    | 21.2000   
5      | 56.3505    | 66.3250    | 16.5768    | 19.5250   
6      | 57.7606    | 69.7250    | 14.5566    | 17.7500   
7      | 58.9179    | 72.9000    | 12.8160    | 16.1500   
8      | 46.4944    | 48.7500    | 34.0156    | 31.9000   
9      | 44.8094    | 46.3750    | 38.0093    | 34.3250   

PSTEPS = 120, TSTEPS = 40000

TIME TAKEN = 125.11537 ms
Run 7

 CPU ACCELERATED IMPLEMENTATION
--------------------------------------------------------------

Index  | Call Model | Call Actual | Put Model  | Put Actual
--------------------------------------------------------------
0      | 48.4926    | 51.7000    | 30.5080    | 29.6500   
1      | 49.5569    | 53.6500    | 27.0657    | 27.3750   
2      | 51.2149    | 56.4000    | 24.2952    | 25.3500   
3      | 53.2625    | 59.9750    | 21.3400    | 23.2750   
4      | 54.8731    | 63.1750    | 18.5922    | 21.2000   
5      | 56.3505    | 66.3250    | 16.5768    | 19.5250   
6      | 57.7606    | 69.7250    | 14.5566    | 17.7500   
7      | 58.9179    | 72.9000    | 12.8160    | 16.1500   
8      | 46.4944    | 48.7500    | 34.0156    | 31.9000   
9      | 44.8094    | 46.3750    | 38.0093    | 34.3250   

PSTEPS = 120, TSTEPS = 40000

TIME TAKEN = 125.57044 ms
Run 8

 CPU ACCELERATED IMPLEMENTATION
--------------------------------------------------------------

Index  | Call Model | Call Actual | Put Model  | Put Actual
--------------------------------------------------------------
0      | 48.4926    | 51.7000    | 30.5080    | 29.6500   
1      | 49.5569    | 53.6500    | 27.0657    | 27.3750   
2      | 51.2149    | 56.4000    | 24.2952    | 25.3500   
3      | 53.2625    | 59.9750    | 21.3400    | 23.2750   
4      | 54.8731    | 63.1750    | 18.5922    | 21.2000   
5      | 56.3505    | 66.3250    | 16.5768    | 19.5250   
6      | 57.7606    | 69.7250    | 14.5566    | 17.7500   
7      | 58.9179    | 72.9000    | 12.8160    | 16.1500   
8      | 46.4944    | 48.7500    | 34.0156    | 31.9000   
9      | 44.8094    | 46.3750    | 38.0093    | 34.3250   

PSTEPS = 120, TSTEPS = 40000

TIME TAKEN = 125.59701 ms
Run 9

 CPU ACCELERATED IMPLEMENTATION
--------------------------------------------------------------

Index  | Call Model | Call Actual | Put Model  | Put Actual
--------------------------------------------------------------
0      | 48.4926    | 51.7000    | 30.5080    | 29.6500   
1      | 49.5569    | 53.6500    | 27.0657    | 27.3750   
2      | 51.2149    | 56.4000    | 24.2952    | 25.3500   
3      | 53.2625    | 59.9750    | 21.3400    | 23.2750   
4      | 54.8731    | 63.1750    | 18.5922    | 21.2000   
5      | 56.3505    | 66.3250    | 16.5768    | 19.5250   
6      | 57.7606    | 69.7250    | 14.5566    | 17.7500   
7      | 58.9179    | 72.9000    | 12.8160    | 16.1500   
8      | 46.4944    | 48.7500    | 34.0156    | 31.9000   
9      | 44.8094    | 46.3750    | 38.0093    | 34.3250   

PSTEPS = 120, TSTEPS = 40000

TIME TAKEN = 125.49206 ms
Run 10

 CPU ACCELERATED IMPLEMENTATION
--------------------------------------------------------------

Index  | Call Model | Call Actual | Put Model  | Put Actual
--------------------------------------------------------------
0      | 48.4926    | 51.7000    | 30.5080    | 29.6500   
1      | 49.5569    | 53.6500    | 27.0657    | 27.3750   
2      | 51.2149    | 56.4000    | 24.2952    | 25.3500   
3      | 53.2625    | 59.9750    | 21.3400    | 23.2750   
4      | 54.8731    | 63.1750    | 18.5922    | 21.2000   
5      | 56.3505    | 66.3250    | 16.5768    | 19.5250   
6      | 57.7606    | 69.7250    | 14.5566    | 17.7500   
7      | 58.9179    | 72.9000    | 12.8160    | 16.1500   
8      | 46.4944    | 48.7500    | 34.0156    | 31.9000   
9      | 44.8094    | 46.3750    | 38.0093    | 34.3250   

PSTEPS = 120, TSTEPS = 40000

TIME TAKEN = 136.29401 ms
