Benchmarking: black_scholes_base with p=60, t=30000
Run 1

BASIC IMPLEMENTATION
--------------------------------------------------------------

Index  | Call Model | Call Actual | Put Model  | Put Actual
--------------------------------------------------------------
0      | 46.3913    | 51.7000    | 32.1873    | 29.6500   
1      | 46.9435    | 53.6500    | 28.8933    | 27.3750   
2      | 48.1459    | 56.4000    | 26.3407    | 25.3500   
3      | 49.6023    | 59.9750    | 23.4673    | 23.2750   
4      | 50.7089    | 63.1750    | 20.8186    | 21.2000   
5      | 51.6875    | 66.3250    | 18.8658    | 19.5250   
6      | 52.5653    | 69.7250    | 16.8435    | 17.7500   
7      | 53.2799    | 72.9000    | 15.1438    | 16.1500   
8      | 44.9048    | 48.7500    | 35.4341    | 31.9000   
9      | 43.6771    | 46.3750    | 39.1071    | 34.3250   

PSTEPS = 60, TSTEPS = 30000

TIME TAKEN = 595.65961 ms
Run 2

BASIC IMPLEMENTATION
--------------------------------------------------------------

Index  | Call Model | Call Actual | Put Model  | Put Actual
--------------------------------------------------------------
0      | 46.3913    | 51.7000    | 32.1873    | 29.6500   
1      | 46.9435    | 53.6500    | 28.8933    | 27.3750   
2      | 48.1459    | 56.4000    | 26.3407    | 25.3500   
3      | 49.6023    | 59.9750    | 23.4673    | 23.2750   
4      | 50.7089    | 63.1750    | 20.8186    | 21.2000   
5      | 51.6875    | 66.3250    | 18.8658    | 19.5250   
6      | 52.5653    | 69.7250    | 16.8435    | 17.7500   
7      | 53.2799    | 72.9000    | 15.1438    | 16.1500   
8      | 44.9048    | 48.7500    | 35.4341    | 31.9000   
9      | 43.6771    | 46.3750    | 39.1071    | 34.3250   

PSTEPS = 60, TSTEPS = 30000

TIME TAKEN = 547.43256 ms
Run 3

BASIC IMPLEMENTATION
--------------------------------------------------------------

Index  | Call Model | Call Actual | Put Model  | Put Actual
--------------------------------------------------------------
0      | 46.3913    | 51.7000    | 32.1873    | 29.6500   
1      | 46.9435    | 53.6500    | 28.8933    | 27.3750   
2      | 48.1459    | 56.4000    | 26.3407    | 25.3500   
3      | 49.6023    | 59.9750    | 23.4673    | 23.2750   
4      | 50.7089    | 63.1750    | 20.8186    | 21.2000   
5      | 51.6875    | 66.3250    | 18.8658    | 19.5250   
6      | 52.5653    | 69.7250    | 16.8435    | 17.7500   
7      | 53.2799    | 72.9000    | 15.1438    | 16.1500   
8      | 44.9048    | 48.7500    | 35.4341    | 31.9000   
9      | 43.6771    | 46.3750    | 39.1071    | 34.3250   

PSTEPS = 60, TSTEPS = 30000

TIME TAKEN = 546.78033 ms
Run 4

BASIC IMPLEMENTATION
--------------------------------------------------------------

Index  | Call Model | Call Actual | Put Model  | Put Actual
--------------------------------------------------------------
0      | 46.3913    | 51.7000    | 32.1873    | 29.6500   
1      | 46.9435    | 53.6500    | 28.8933    | 27.3750   
2      | 48.1459    | 56.4000    | 26.3407    | 25.3500   
3      | 49.6023    | 59.9750    | 23.4673    | 23.2750   
4      | 50.7089    | 63.1750    | 20.8186    | 21.2000   
5      | 51.6875    | 66.3250    | 18.8658    | 19.5250   
6      | 52.5653    | 69.7250    | 16.8435    | 17.7500   
7      | 53.2799    | 72.9000    | 15.1438    | 16.1500   
8      | 44.9048    | 48.7500    | 35.4341    | 31.9000   
9      | 43.6771    | 46.3750    | 39.1071    | 34.3250   

PSTEPS = 60, TSTEPS = 30000

TIME TAKEN = 552.14773 ms
Run 5

BASIC IMPLEMENTATION
--------------------------------------------------------------

Index  | Call Model | Call Actual | Put Model  | Put Actual
--------------------------------------------------------------
0      | 46.3913    | 51.7000    | 32.1873    | 29.6500   
1      | 46.9435    | 53.6500    | 28.8933    | 27.3750   
2      | 48.1459    | 56.4000    | 26.3407    | 25.3500   
3      | 49.6023    | 59.9750    | 23.4673    | 23.2750   
4      | 50.7089    | 63.1750    | 20.8186    | 21.2000   
5      | 51.6875    | 66.3250    | 18.8658    | 19.5250   
6      | 52.5653    | 69.7250    | 16.8435    | 17.7500   
7      | 53.2799    | 72.9000    | 15.1438    | 16.1500   
8      | 44.9048    | 48.7500    | 35.4341    | 31.9000   
9      | 43.6771    | 46.3750    | 39.1071    | 34.3250   

PSTEPS = 60, TSTEPS = 30000

TIME TAKEN = 542.35422 ms
Run 6

BASIC IMPLEMENTATION
--------------------------------------------------------------

Index  | Call Model | Call Actual | Put Model  | Put Actual
--------------------------------------------------------------
0      | 46.3913    | 51.7000    | 32.1873    | 29.6500   
1      | 46.9435    | 53.6500    | 28.8933    | 27.3750   
2      | 48.1459    | 56.4000    | 26.3407    | 25.3500   
3      | 49.6023    | 59.9750    | 23.4673    | 23.2750   
4      | 50.7089    | 63.1750    | 20.8186    | 21.2000   
5      | 51.6875    | 66.3250    | 18.8658    | 19.5250   
6      | 52.5653    | 69.7250    | 16.8435    | 17.7500   
7      | 53.2799    | 72.9000    | 15.1438    | 16.1500   
8      | 44.9048    | 48.7500    | 35.4341    | 31.9000   
9      | 43.6771    | 46.3750    | 39.1071    | 34.3250   

PSTEPS = 60, TSTEPS = 30000

TIME TAKEN = 547.52769 ms
Run 7

BASIC IMPLEMENTATION
--------------------------------------------------------------

Index  | Call Model | Call Actual | Put Model  | Put Actual
--------------------------------------------------------------
0      | 46.3913    | 51.7000    | 32.1873    | 29.6500   
1      | 46.9435    | 53.6500    | 28.8933    | 27.3750   
2      | 48.1459    | 56.4000    | 26.3407    | 25.3500   
3      | 49.6023    | 59.9750    | 23.4673    | 23.2750   
4      | 50.7089    | 63.1750    | 20.8186    | 21.2000   
5      | 51.6875    | 66.3250    | 18.8658    | 19.5250   
6      | 52.5653    | 69.7250    | 16.8435    | 17.7500   
7      | 53.2799    | 72.9000    | 15.1438    | 16.1500   
8      | 44.9048    | 48.7500    | 35.4341    | 31.9000   
9      | 43.6771    | 46.3750    | 39.1071    | 34.3250   

PSTEPS = 60, TSTEPS = 30000

TIME TAKEN = 546.32440 ms
Run 8

BASIC IMPLEMENTATION
--------------------------------------------------------------

Index  | Call Model | Call Actual | Put Model  | Put Actual
--------------------------------------------------------------
0      | 46.3913    | 51.7000    | 32.1873    | 29.6500   
1      | 46.9435    | 53.6500    | 28.8933    | 27.3750   
2      | 48.1459    | 56.4000    | 26.3407    | 25.3500   
3      | 49.6023    | 59.9750    | 23.4673    | 23.2750   
4      | 50.7089    | 63.1750    | 20.8186    | 21.2000   
5      | 51.6875    | 66.3250    | 18.8658    | 19.5250   
6      | 52.5653    | 69.7250    | 16.8435    | 17.7500   
7      | 53.2799    | 72.9000    | 15.1438    | 16.1500   
8      | 44.9048    | 48.7500    | 35.4341    | 31.9000   
9      | 43.6771    | 46.3750    | 39.1071    | 34.3250   

PSTEPS = 60, TSTEPS = 30000

TIME TAKEN = 560.88392 ms
Run 9

BASIC IMPLEMENTATION
--------------------------------------------------------------

Index  | Call Model | Call Actual | Put Model  | Put Actual
--------------------------------------------------------------
0      | 46.3913    | 51.7000    | 32.1873    | 29.6500   
1      | 46.9435    | 53.6500    | 28.8933    | 27.3750   
2      | 48.1459    | 56.4000    | 26.3407    | 25.3500   
3      | 49.6023    | 59.9750    | 23.4673    | 23.2750   
4      | 50.7089    | 63.1750    | 20.8186    | 21.2000   
5      | 51.6875    | 66.3250    | 18.8658    | 19.5250   
6      | 52.5653    | 69.7250    | 16.8435    | 17.7500   
7      | 53.2799    | 72.9000    | 15.1438    | 16.1500   
8      | 44.9048    | 48.7500    | 35.4341    | 31.9000   
9      | 43.6771    | 46.3750    | 39.1071    | 34.3250   

PSTEPS = 60, TSTEPS = 30000

TIME TAKEN = 668.02571 ms
Run 10

BASIC IMPLEMENTATION
--------------------------------------------------------------

Index  | Call Model | Call Actual | Put Model  | Put Actual
--------------------------------------------------------------
0      | 46.3913    | 51.7000    | 32.1873    | 29.6500   
1      | 46.9435    | 53.6500    | 28.8933    | 27.3750   
2      | 48.1459    | 56.4000    | 26.3407    | 25.3500   
3      | 49.6023    | 59.9750    | 23.4673    | 23.2750   
4      | 50.7089    | 63.1750    | 20.8186    | 21.2000   
5      | 51.6875    | 66.3250    | 18.8658    | 19.5250   
6      | 52.5653    | 69.7250    | 16.8435    | 17.7500   
7      | 53.2799    | 72.9000    | 15.1438    | 16.1500   
8      | 44.9048    | 48.7500    | 35.4341    | 31.9000   
9      | 43.6771    | 46.3750    | 39.1071    | 34.3250   

PSTEPS = 60, TSTEPS = 30000

TIME TAKEN = 632.79994 ms
