Benchmarking: black_scholes_gpu with p=60, t=10000
Run 1

 GPU ACCELERATED IMPLEMENTATION
--------------------------------------------------------------

Index  | Call Model | Call Actual | Put Model  | Put Actual
--------------------------------------------------------------
0      | 46.3917    | 51.7000    | 32.1875    | 29.6500   
1      | 46.9438    | 53.6500    | 28.8936    | 27.3750   
2      | 48.1463    | 56.4000    | 26.3411    | 25.3500   
3      | 49.6026    | 59.9750    | 23.4677    | 23.2750   
4      | 50.7092    | 63.1750    | 20.8190    | 21.2000   
5      | 51.6878    | 66.3250    | 18.8663    | 19.5250   
6      | 52.5655    | 69.7250    | 16.8440    | 17.7500   
7      | 53.2801    | 72.9000    | 15.1443    | 16.1500   
8      | 44.9052    | 48.7500    | 35.4343    | 31.9000   
9      | 43.6775    | 46.3750    | 39.1073    | 34.3250   

PSTEPS = 60, TSTEPS = 10000

TIME TAKEN = 261.42106 ms
Run 2

 GPU ACCELERATED IMPLEMENTATION
--------------------------------------------------------------

Index  | Call Model | Call Actual | Put Model  | Put Actual
--------------------------------------------------------------
0      | 46.3917    | 51.7000    | 32.1875    | 29.6500   
1      | 46.9438    | 53.6500    | 28.8936    | 27.3750   
2      | 48.1463    | 56.4000    | 26.3411    | 25.3500   
3      | 49.6026    | 59.9750    | 23.4677    | 23.2750   
4      | 50.7092    | 63.1750    | 20.8190    | 21.2000   
5      | 51.6878    | 66.3250    | 18.8663    | 19.5250   
6      | 52.5655    | 69.7250    | 16.8440    | 17.7500   
7      | 53.2801    | 72.9000    | 15.1443    | 16.1500   
8      | 44.9052    | 48.7500    | 35.4343    | 31.9000   
9      | 43.6775    | 46.3750    | 39.1073    | 34.3250   

PSTEPS = 60, TSTEPS = 10000

TIME TAKEN = 228.04079 ms
Run 3

 GPU ACCELERATED IMPLEMENTATION
--------------------------------------------------------------

Index  | Call Model | Call Actual | Put Model  | Put Actual
--------------------------------------------------------------
0      | 46.3917    | 51.7000    | 32.1875    | 29.6500   
1      | 46.9438    | 53.6500    | 28.8936    | 27.3750   
2      | 48.1463    | 56.4000    | 26.3411    | 25.3500   
3      | 49.6026    | 59.9750    | 23.4677    | 23.2750   
4      | 50.7092    | 63.1750    | 20.8190    | 21.2000   
5      | 51.6878    | 66.3250    | 18.8663    | 19.5250   
6      | 52.5655    | 69.7250    | 16.8440    | 17.7500   
7      | 53.2801    | 72.9000    | 15.1443    | 16.1500   
8      | 44.9052    | 48.7500    | 35.4343    | 31.9000   
9      | 43.6775    | 46.3750    | 39.1073    | 34.3250   

PSTEPS = 60, TSTEPS = 10000

TIME TAKEN = 231.62963 ms
Run 4

 GPU ACCELERATED IMPLEMENTATION
--------------------------------------------------------------

Index  | Call Model | Call Actual | Put Model  | Put Actual
--------------------------------------------------------------
0      | 46.3917    | 51.7000    | 32.1875    | 29.6500   
1      | 46.9438    | 53.6500    | 28.8936    | 27.3750   
2      | 48.1463    | 56.4000    | 26.3411    | 25.3500   
3      | 49.6026    | 59.9750    | 23.4677    | 23.2750   
4      | 50.7092    | 63.1750    | 20.8190    | 21.2000   
5      | 51.6878    | 66.3250    | 18.8663    | 19.5250   
6      | 52.5655    | 69.7250    | 16.8440    | 17.7500   
7      | 53.2801    | 72.9000    | 15.1443    | 16.1500   
8      | 44.9052    | 48.7500    | 35.4343    | 31.9000   
9      | 43.6775    | 46.3750    | 39.1073    | 34.3250   

PSTEPS = 60, TSTEPS = 10000

TIME TAKEN = 230.42751 ms
Run 5

 GPU ACCELERATED IMPLEMENTATION
--------------------------------------------------------------

Index  | Call Model | Call Actual | Put Model  | Put Actual
--------------------------------------------------------------
0      | 46.3917    | 51.7000    | 32.1875    | 29.6500   
1      | 46.9438    | 53.6500    | 28.8936    | 27.3750   
2      | 48.1463    | 56.4000    | 26.3411    | 25.3500   
3      | 49.6026    | 59.9750    | 23.4677    | 23.2750   
4      | 50.7092    | 63.1750    | 20.8190    | 21.2000   
5      | 51.6878    | 66.3250    | 18.8663    | 19.5250   
6      | 52.5655    | 69.7250    | 16.8440    | 17.7500   
7      | 53.2801    | 72.9000    | 15.1443    | 16.1500   
8      | 44.9052    | 48.7500    | 35.4343    | 31.9000   
9      | 43.6775    | 46.3750    | 39.1073    | 34.3250   

PSTEPS = 60, TSTEPS = 10000

TIME TAKEN = 236.44193 ms
Run 6

 GPU ACCELERATED IMPLEMENTATION
--------------------------------------------------------------

Index  | Call Model | Call Actual | Put Model  | Put Actual
--------------------------------------------------------------
0      | 46.3917    | 51.7000    | 32.1875    | 29.6500   
1      | 46.9438    | 53.6500    | 28.8936    | 27.3750   
2      | 48.1463    | 56.4000    | 26.3411    | 25.3500   
3      | 49.6026    | 59.9750    | 23.4677    | 23.2750   
4      | 50.7092    | 63.1750    | 20.8190    | 21.2000   
5      | 51.6878    | 66.3250    | 18.8663    | 19.5250   
6      | 52.5655    | 69.7250    | 16.8440    | 17.7500   
7      | 53.2801    | 72.9000    | 15.1443    | 16.1500   
8      | 44.9052    | 48.7500    | 35.4343    | 31.9000   
9      | 43.6775    | 46.3750    | 39.1073    | 34.3250   

PSTEPS = 60, TSTEPS = 10000

TIME TAKEN = 247.39155 ms
Run 7

 GPU ACCELERATED IMPLEMENTATION
--------------------------------------------------------------

Index  | Call Model | Call Actual | Put Model  | Put Actual
--------------------------------------------------------------
0      | 46.3917    | 51.7000    | 32.1875    | 29.6500   
1      | 46.9438    | 53.6500    | 28.8936    | 27.3750   
2      | 48.1463    | 56.4000    | 26.3411    | 25.3500   
3      | 49.6026    | 59.9750    | 23.4677    | 23.2750   
4      | 50.7092    | 63.1750    | 20.8190    | 21.2000   
5      | 51.6878    | 66.3250    | 18.8663    | 19.5250   
6      | 52.5655    | 69.7250    | 16.8440    | 17.7500   
7      | 53.2801    | 72.9000    | 15.1443    | 16.1500   
8      | 44.9052    | 48.7500    | 35.4343    | 31.9000   
9      | 43.6775    | 46.3750    | 39.1073    | 34.3250   

PSTEPS = 60, TSTEPS = 10000

TIME TAKEN = 235.08306 ms
Run 8

 GPU ACCELERATED IMPLEMENTATION
--------------------------------------------------------------

Index  | Call Model | Call Actual | Put Model  | Put Actual
--------------------------------------------------------------
0      | 46.3917    | 51.7000    | 32.1875    | 29.6500   
1      | 46.9438    | 53.6500    | 28.8936    | 27.3750   
2      | 48.1463    | 56.4000    | 26.3411    | 25.3500   
3      | 49.6026    | 59.9750    | 23.4677    | 23.2750   
4      | 50.7092    | 63.1750    | 20.8190    | 21.2000   
5      | 51.6878    | 66.3250    | 18.8663    | 19.5250   
6      | 52.5655    | 69.7250    | 16.8440    | 17.7500   
7      | 53.2801    | 72.9000    | 15.1443    | 16.1500   
8      | 44.9052    | 48.7500    | 35.4343    | 31.9000   
9      | 43.6775    | 46.3750    | 39.1073    | 34.3250   

PSTEPS = 60, TSTEPS = 10000

TIME TAKEN = 226.64142 ms
Run 9

 GPU ACCELERATED IMPLEMENTATION
--------------------------------------------------------------

Index  | Call Model | Call Actual | Put Model  | Put Actual
--------------------------------------------------------------
0      | 46.3917    | 51.7000    | 32.1875    | 29.6500   
1      | 46.9438    | 53.6500    | 28.8936    | 27.3750   
2      | 48.1463    | 56.4000    | 26.3411    | 25.3500   
3      | 49.6026    | 59.9750    | 23.4677    | 23.2750   
4      | 50.7092    | 63.1750    | 20.8190    | 21.2000   
5      | 51.6878    | 66.3250    | 18.8663    | 19.5250   
6      | 52.5655    | 69.7250    | 16.8440    | 17.7500   
7      | 53.2801    | 72.9000    | 15.1443    | 16.1500   
8      | 44.9052    | 48.7500    | 35.4343    | 31.9000   
9      | 43.6775    | 46.3750    | 39.1073    | 34.3250   

PSTEPS = 60, TSTEPS = 10000

TIME TAKEN = 243.28086 ms
Run 10

 GPU ACCELERATED IMPLEMENTATION
--------------------------------------------------------------

Index  | Call Model | Call Actual | Put Model  | Put Actual
--------------------------------------------------------------
0      | 46.3917    | 51.7000    | 32.1875    | 29.6500   
1      | 46.9438    | 53.6500    | 28.8936    | 27.3750   
2      | 48.1463    | 56.4000    | 26.3411    | 25.3500   
3      | 49.6026    | 59.9750    | 23.4677    | 23.2750   
4      | 50.7092    | 63.1750    | 20.8190    | 21.2000   
5      | 51.6878    | 66.3250    | 18.8663    | 19.5250   
6      | 52.5655    | 69.7250    | 16.8440    | 17.7500   
7      | 53.2801    | 72.9000    | 15.1443    | 16.1500   
8      | 44.9052    | 48.7500    | 35.4343    | 31.9000   
9      | 43.6775    | 46.3750    | 39.1073    | 34.3250   

PSTEPS = 60, TSTEPS = 10000

TIME TAKEN = 232.77324 ms
