Benchmarking: black_scholes_gpu with p=160, t=40000
Run 1

 GPU ACCELERATED IMPLEMENTATION
--------------------------------------------------------------

Index  | Call Model | Call Actual | Put Model  | Put Actual
--------------------------------------------------------------
0      | 49.9266    | 51.7000    | 29.5123    | 29.6500   
1      | 51.3352    | 53.6500    | 25.9658    | 27.3750   
2      | 53.3610    | 56.4000    | 23.1037    | 25.3500   
3      | 55.7828    | 59.9750    | 20.0641    | 23.2750   
4      | 57.7646    | 63.1750    | 17.2742    | 21.2000   
5      | 59.6031    | 66.3250    | 15.2330    | 19.5250   
6      | 61.3824    | 69.7250    | 13.2148    | 17.7500   
7      | 62.8952    | 72.9000    | 11.4927    | 16.1500   
8      | 47.5706    | 48.7500    | 33.1848    | 31.9000   
9      | 45.5560    | 46.3750    | 37.3741    | 34.3250   

PSTEPS = 160, TSTEPS = 40000

TIME TAKEN = 299.15922 ms
Run 2

 GPU ACCELERATED IMPLEMENTATION
--------------------------------------------------------------

Index  | Call Model | Call Actual | Put Model  | Put Actual
--------------------------------------------------------------
0      | 49.9266    | 51.7000    | 29.5123    | 29.6500   
1      | 51.3352    | 53.6500    | 25.9658    | 27.3750   
2      | 53.3610    | 56.4000    | 23.1037    | 25.3500   
3      | 55.7828    | 59.9750    | 20.0641    | 23.2750   
4      | 57.7646    | 63.1750    | 17.2742    | 21.2000   
5      | 59.6031    | 66.3250    | 15.2330    | 19.5250   
6      | 61.3824    | 69.7250    | 13.2148    | 17.7500   
7      | 62.8952    | 72.9000    | 11.4927    | 16.1500   
8      | 47.5706    | 48.7500    | 33.1848    | 31.9000   
9      | 45.5560    | 46.3750    | 37.3741    | 34.3250   

PSTEPS = 160, TSTEPS = 40000

TIME TAKEN = 279.59228 ms
Run 3

 GPU ACCELERATED IMPLEMENTATION
--------------------------------------------------------------

Index  | Call Model | Call Actual | Put Model  | Put Actual
--------------------------------------------------------------
0      | 49.9266    | 51.7000    | 29.5123    | 29.6500   
1      | 51.3352    | 53.6500    | 25.9658    | 27.3750   
2      | 53.3610    | 56.4000    | 23.1037    | 25.3500   
3      | 55.7828    | 59.9750    | 20.0641    | 23.2750   
4      | 57.7646    | 63.1750    | 17.2742    | 21.2000   
5      | 59.6031    | 66.3250    | 15.2330    | 19.5250   
6      | 61.3824    | 69.7250    | 13.2148    | 17.7500   
7      | 62.8952    | 72.9000    | 11.4927    | 16.1500   
8      | 47.5706    | 48.7500    | 33.1848    | 31.9000   
9      | 45.5560    | 46.3750    | 37.3741    | 34.3250   

PSTEPS = 160, TSTEPS = 40000

TIME TAKEN = 281.14757 ms
Run 4

 GPU ACCELERATED IMPLEMENTATION
--------------------------------------------------------------

Index  | Call Model | Call Actual | Put Model  | Put Actual
--------------------------------------------------------------
0      | 49.9266    | 51.7000    | 29.5123    | 29.6500   
1      | 51.3352    | 53.6500    | 25.9658    | 27.3750   
2      | 53.3610    | 56.4000    | 23.1037    | 25.3500   
3      | 55.7828    | 59.9750    | 20.0641    | 23.2750   
4      | 57.7646    | 63.1750    | 17.2742    | 21.2000   
5      | 59.6031    | 66.3250    | 15.2330    | 19.5250   
6      | 61.3824    | 69.7250    | 13.2148    | 17.7500   
7      | 62.8952    | 72.9000    | 11.4927    | 16.1500   
8      | 47.5706    | 48.7500    | 33.1848    | 31.9000   
9      | 45.5560    | 46.3750    | 37.3741    | 34.3250   

PSTEPS = 160, TSTEPS = 40000

TIME TAKEN = 295.12813 ms
Run 5

 GPU ACCELERATED IMPLEMENTATION
--------------------------------------------------------------

Index  | Call Model | Call Actual | Put Model  | Put Actual
--------------------------------------------------------------
0      | 49.9266    | 51.7000    | 29.5123    | 29.6500   
1      | 51.3352    | 53.6500    | 25.9658    | 27.3750   
2      | 53.3610    | 56.4000    | 23.1037    | 25.3500   
3      | 55.7828    | 59.9750    | 20.0641    | 23.2750   
4      | 57.7646    | 63.1750    | 17.2742    | 21.2000   
5      | 59.6031    | 66.3250    | 15.2330    | 19.5250   
6      | 61.3824    | 69.7250    | 13.2148    | 17.7500   
7      | 62.8952    | 72.9000    | 11.4927    | 16.1500   
8      | 47.5706    | 48.7500    | 33.1848    | 31.9000   
9      | 45.5560    | 46.3750    | 37.3741    | 34.3250   

PSTEPS = 160, TSTEPS = 40000

TIME TAKEN = 253.81330 ms
Run 6

 GPU ACCELERATED IMPLEMENTATION
--------------------------------------------------------------

Index  | Call Model | Call Actual | Put Model  | Put Actual
--------------------------------------------------------------
0      | 49.9266    | 51.7000    | 29.5123    | 29.6500   
1      | 51.3352    | 53.6500    | 25.9658    | 27.3750   
2      | 53.3610    | 56.4000    | 23.1037    | 25.3500   
3      | 55.7828    | 59.9750    | 20.0641    | 23.2750   
4      | 57.7646    | 63.1750    | 17.2742    | 21.2000   
5      | 59.6031    | 66.3250    | 15.2330    | 19.5250   
6      | 61.3824    | 69.7250    | 13.2148    | 17.7500   
7      | 62.8952    | 72.9000    | 11.4927    | 16.1500   
8      | 47.5706    | 48.7500    | 33.1848    | 31.9000   
9      | 45.5560    | 46.3750    | 37.3741    | 34.3250   

PSTEPS = 160, TSTEPS = 40000

TIME TAKEN = 261.83962 ms
Run 7

 GPU ACCELERATED IMPLEMENTATION
--------------------------------------------------------------

Index  | Call Model | Call Actual | Put Model  | Put Actual
--------------------------------------------------------------
0      | 49.9266    | 51.7000    | 29.5123    | 29.6500   
1      | 51.3352    | 53.6500    | 25.9658    | 27.3750   
2      | 53.3610    | 56.4000    | 23.1037    | 25.3500   
3      | 55.7828    | 59.9750    | 20.0641    | 23.2750   
4      | 57.7646    | 63.1750    | 17.2742    | 21.2000   
5      | 59.6031    | 66.3250    | 15.2330    | 19.5250   
6      | 61.3824    | 69.7250    | 13.2148    | 17.7500   
7      | 62.8952    | 72.9000    | 11.4927    | 16.1500   
8      | 47.5706    | 48.7500    | 33.1848    | 31.9000   
9      | 45.5560    | 46.3750    | 37.3741    | 34.3250   

PSTEPS = 160, TSTEPS = 40000

TIME TAKEN = 256.21218 ms
Run 8

 GPU ACCELERATED IMPLEMENTATION
--------------------------------------------------------------

Index  | Call Model | Call Actual | Put Model  | Put Actual
--------------------------------------------------------------
0      | 49.9266    | 51.7000    | 29.5123    | 29.6500   
1      | 51.3352    | 53.6500    | 25.9658    | 27.3750   
2      | 53.3610    | 56.4000    | 23.1037    | 25.3500   
3      | 55.7828    | 59.9750    | 20.0641    | 23.2750   
4      | 57.7646    | 63.1750    | 17.2742    | 21.2000   
5      | 59.6031    | 66.3250    | 15.2330    | 19.5250   
6      | 61.3824    | 69.7250    | 13.2148    | 17.7500   
7      | 62.8952    | 72.9000    | 11.4927    | 16.1500   
8      | 47.5706    | 48.7500    | 33.1848    | 31.9000   
9      | 45.5560    | 46.3750    | 37.3741    | 34.3250   

PSTEPS = 160, TSTEPS = 40000

TIME TAKEN = 253.34431 ms
Run 9

 GPU ACCELERATED IMPLEMENTATION
--------------------------------------------------------------

Index  | Call Model | Call Actual | Put Model  | Put Actual
--------------------------------------------------------------
0      | 49.9266    | 51.7000    | 29.5123    | 29.6500   
1      | 51.3352    | 53.6500    | 25.9658    | 27.3750   
2      | 53.3610    | 56.4000    | 23.1037    | 25.3500   
3      | 55.7828    | 59.9750    | 20.0641    | 23.2750   
4      | 57.7646    | 63.1750    | 17.2742    | 21.2000   
5      | 59.6031    | 66.3250    | 15.2330    | 19.5250   
6      | 61.3824    | 69.7250    | 13.2148    | 17.7500   
7      | 62.8952    | 72.9000    | 11.4927    | 16.1500   
8      | 47.5706    | 48.7500    | 33.1848    | 31.9000   
9      | 45.5560    | 46.3750    | 37.3741    | 34.3250   

PSTEPS = 160, TSTEPS = 40000

TIME TAKEN = 283.48042 ms
Run 10

 GPU ACCELERATED IMPLEMENTATION
--------------------------------------------------------------

Index  | Call Model | Call Actual | Put Model  | Put Actual
--------------------------------------------------------------
0      | 49.9266    | 51.7000    | 29.5123    | 29.6500   
1      | 51.3352    | 53.6500    | 25.9658    | 27.3750   
2      | 53.3610    | 56.4000    | 23.1037    | 25.3500   
3      | 55.7828    | 59.9750    | 20.0641    | 23.2750   
4      | 57.7646    | 63.1750    | 17.2742    | 21.2000   
5      | 59.6031    | 66.3250    | 15.2330    | 19.5250   
6      | 61.3824    | 69.7250    | 13.2148    | 17.7500   
7      | 62.8952    | 72.9000    | 11.4927    | 16.1500   
8      | 47.5706    | 48.7500    | 33.1848    | 31.9000   
9      | 45.5560    | 46.3750    | 37.3741    | 34.3250   

PSTEPS = 160, TSTEPS = 40000

TIME TAKEN = 254.06009 ms
