Benchmarking: black_scholes_hybrid1 with p=160, t=40000
Run 1

 HYBRID IMPLEMENTATION 1
--------------------------------------------------------------

Index  | Call Model | Call Actual | Put Model  | Put Actual
--------------------------------------------------------------
0      | 49.9266    | 51.7000    | 29.5123    | 29.6500   
1      | 51.3352    | 53.6500    | 25.9658    | 27.3750   
2      | 53.3610    | 56.4000    | 23.1037    | 25.3500   
3      | 55.7828    | 59.9750    | 20.0641    | 23.2750   
4      | 57.7646    | 63.1750    | 17.2742    | 21.2000   
5      | 59.6031    | 66.3250    | 15.2330    | 19.5250   
6      | 61.3824    | 69.7250    | 13.2148    | 17.7500   
7      | 55.3537    | 72.9000    | 11.4927    | 16.1500   
8      | 47.5706    | 48.7500    | 33.1848    | 31.9000   
9      | 41.3364    | 46.3750    | 37.3739    | 34.3250   

PSTEPS = 160, TSTEPS = 40000

TIME TAKEN = 429.93822 ms
Run 2

 HYBRID IMPLEMENTATION 1
--------------------------------------------------------------

Index  | Call Model | Call Actual | Put Model  | Put Actual
--------------------------------------------------------------
0      | 49.9266    | 51.7000    | 29.5123    | 29.6500   
1      | 51.3352    | 53.6500    | 25.9658    | 27.3750   
2      | 53.3610    | 56.4000    | 23.1037    | 25.3500   
3      | 55.7828    | 59.9750    | 20.0641    | 23.2750   
4      | 57.7646    | 63.1750    | 17.2742    | 21.2000   
5      | 59.6031    | 66.3250    | 15.2330    | 19.5250   
6      | 61.3824    | 69.7250    | 13.2148    | 17.7500   
7      | 55.3536    | 72.9000    | 11.4927    | 16.1500   
8      | 47.5706    | 48.7500    | 33.1848    | 31.9000   
9      | 41.3366    | 46.3750    | 37.3739    | 34.3250   

PSTEPS = 160, TSTEPS = 40000

TIME TAKEN = 402.34840 ms
Run 3

 HYBRID IMPLEMENTATION 1
--------------------------------------------------------------

Index  | Call Model | Call Actual | Put Model  | Put Actual
--------------------------------------------------------------
0      | 49.9266    | 51.7000    | 29.5123    | 29.6500   
1      | 51.3352    | 53.6500    | 25.9658    | 27.3750   
2      | 53.3610    | 56.4000    | 23.1037    | 25.3500   
3      | 55.7828    | 59.9750    | 20.0641    | 23.2750   
4      | 57.7646    | 63.1750    | 17.2742    | 21.2000   
5      | 59.6031    | 66.3250    | 15.2330    | 19.5250   
6      | 61.3813    | 69.7250    | 13.2148    | 17.7500   
7      | 55.3535    | 72.9000    | 11.4927    | 16.1500   
8      | 47.5706    | 48.7500    | 33.1848    | 31.9000   
9      | 41.3365    | 46.3750    | 37.3739    | 34.3250   

PSTEPS = 160, TSTEPS = 40000

TIME TAKEN = 391.32213 ms
Run 4

 HYBRID IMPLEMENTATION 1
--------------------------------------------------------------

Index  | Call Model | Call Actual | Put Model  | Put Actual
--------------------------------------------------------------
0      | 49.9266    | 51.7000    | 29.5123    | 29.6500   
1      | 51.3352    | 53.6500    | 25.9658    | 27.3750   
2      | 53.3610    | 56.4000    | 23.1037    | 25.3500   
3      | 55.7828    | 59.9750    | 20.0641    | 23.2750   
4      | 57.7646    | 63.1750    | 17.2742    | 21.2000   
5      | 59.6031    | 66.3250    | 15.2330    | 19.5250   
6      | 61.3824    | 69.7250    | 13.2148    | 17.7500   
7      | 55.3535    | 72.9000    | 11.4927    | 16.1500   
8      | 47.5706    | 48.7500    | 33.1848    | 31.9000   
9      | 41.3366    | 46.3750    | 37.3739    | 34.3250   

PSTEPS = 160, TSTEPS = 40000

TIME TAKEN = 398.93228 ms
Run 5

 HYBRID IMPLEMENTATION 1
--------------------------------------------------------------

Index  | Call Model | Call Actual | Put Model  | Put Actual
--------------------------------------------------------------
0      | 49.9266    | 51.7000    | 29.5123    | 29.6500   
1      | 51.3352    | 53.6500    | 25.9658    | 27.3750   
2      | 53.3610    | 56.4000    | 23.1037    | 25.3500   
3      | 55.7828    | 59.9750    | 20.0641    | 23.2750   
4      | 57.7646    | 63.1750    | 17.2742    | 21.2000   
5      | 59.6031    | 66.3250    | 15.2330    | 19.5250   
6      | 61.3824    | 69.7250    | 13.2148    | 17.7500   
7      | 55.3535    | 72.9000    | 11.4927    | 16.1500   
8      | 47.5706    | 48.7500    | 33.1848    | 31.9000   
9      | 41.3365    | 46.3750    | 37.3739    | 34.3250   

PSTEPS = 160, TSTEPS = 40000

TIME TAKEN = 408.16832 ms
Run 6

 HYBRID IMPLEMENTATION 1
--------------------------------------------------------------

Index  | Call Model | Call Actual | Put Model  | Put Actual
--------------------------------------------------------------
0      | 49.9266    | 51.7000    | 29.5123    | 29.6500   
1      | 51.3352    | 53.6500    | 25.9658    | 27.3750   
2      | 53.3610    | 56.4000    | 23.1037    | 25.3500   
3      | 55.7828    | 59.9750    | 20.0641    | 23.2750   
4      | 57.7646    | 63.1750    | 17.2742    | 21.2000   
5      | 59.6031    | 66.3250    | 15.2330    | 19.5250   
6      | 61.3824    | 69.7250    | 13.2148    | 17.7500   
7      | 55.3541    | 72.9000    | 11.4927    | 16.1500   
8      | 47.5706    | 48.7500    | 33.1848    | 31.9000   
9      | 41.3365    | 46.3750    | 37.3739    | 34.3250   

PSTEPS = 160, TSTEPS = 40000

TIME TAKEN = 420.02792 ms
Run 7

 HYBRID IMPLEMENTATION 1
--------------------------------------------------------------

Index  | Call Model | Call Actual | Put Model  | Put Actual
--------------------------------------------------------------
0      | 49.9266    | 51.7000    | 29.5123    | 29.6500   
1      | 51.3352    | 53.6500    | 25.9658    | 27.3750   
2      | 53.3610    | 56.4000    | 23.1037    | 25.3500   
3      | 55.7828    | 59.9750    | 20.0641    | 23.2750   
4      | 57.7646    | 63.1750    | 17.2742    | 21.2000   
5      | 59.6031    | 66.3250    | 15.2330    | 19.5250   
6      | 61.3824    | 69.7250    | 13.2148    | 17.7500   
7      | 55.3538    | 72.9000    | 11.4927    | 16.1500   
8      | 47.5706    | 48.7500    | 33.1848    | 31.9000   
9      | 41.3364    | 46.3750    | 37.3739    | 34.3250   

PSTEPS = 160, TSTEPS = 40000

TIME TAKEN = 413.86981 ms
Run 8

 HYBRID IMPLEMENTATION 1
--------------------------------------------------------------

Index  | Call Model | Call Actual | Put Model  | Put Actual
--------------------------------------------------------------
0      | 49.9266    | 51.7000    | 29.5123    | 29.6500   
1      | 51.3352    | 53.6500    | 25.9658    | 27.3750   
2      | 53.3610    | 56.4000    | 23.1037    | 25.3500   
3      | 55.7828    | 59.9750    | 20.0641    | 23.2750   
4      | 57.7646    | 63.1750    | 17.2742    | 21.2000   
5      | 59.6031    | 66.3250    | 15.2330    | 19.5250   
6      | 55.0130    | 69.7250    | 13.2148    | 17.7500   
7      | 55.3534    | 72.9000    | 11.4927    | 16.1500   
8      | 47.5706    | 48.7500    | 33.1848    | 31.9000   
9      | 41.3365    | 46.3750    | 37.3739    | 34.3250   

PSTEPS = 160, TSTEPS = 40000

TIME TAKEN = 421.38176 ms
Run 9

 HYBRID IMPLEMENTATION 1
--------------------------------------------------------------

Index  | Call Model | Call Actual | Put Model  | Put Actual
--------------------------------------------------------------
0      | 49.9266    | 51.7000    | 29.5123    | 29.6500   
1      | 51.3352    | 53.6500    | 25.9658    | 27.3750   
2      | 53.3610    | 56.4000    | 23.1037    | 25.3500   
3      | 55.7828    | 59.9750    | 20.0641    | 23.2750   
4      | 57.7646    | 63.1750    | 17.2742    | 21.2000   
5      | 59.6031    | 66.3250    | 15.2330    | 19.5250   
6      | 61.3824    | 69.7250    | 13.2148    | 17.7500   
7      | 55.3536    | 72.9000    | 11.4927    | 16.1500   
8      | 47.5706    | 48.7500    | 33.1848    | 31.9000   
9      | 41.3364    | 46.3750    | 37.3739    | 34.3250   

PSTEPS = 160, TSTEPS = 40000

TIME TAKEN = 406.57283 ms
Run 10

 HYBRID IMPLEMENTATION 1
--------------------------------------------------------------

Index  | Call Model | Call Actual | Put Model  | Put Actual
--------------------------------------------------------------
0      | 49.9266    | 51.7000    | 29.5123    | 29.6500   
1      | 51.3352    | 53.6500    | 25.9658    | 27.3750   
2      | 53.3610    | 56.4000    | 23.1037    | 25.3500   
3      | 55.7828    | 59.9750    | 20.0641    | 23.2750   
4      | 57.7646    | 63.1750    | 17.2742    | 21.2000   
5      | 59.6031    | 66.3250    | 15.2330    | 19.5250   
6      | 61.3824    | 69.7250    | 13.2148    | 17.7500   
7      | 55.3534    | 72.9000    | 11.4927    | 16.1500   
8      | 47.5706    | 48.7500    | 33.1848    | 31.9000   
9      | 41.3364    | 46.3750    | 37.3739    | 34.3250   

PSTEPS = 160, TSTEPS = 40000

TIME TAKEN = 415.90998 ms
