Benchmarking: black_scholes_base with p=20, t=40000
Run 1

BASIC IMPLEMENTATION
--------------------------------------------------------------

Index  | Call Model | Call Actual | Put Model  | Put Actual
--------------------------------------------------------------
0      | 45.0875    | 51.7000    | 35.1063    | 29.6500   
1      | 45.2910    | 53.6500    | 31.8381    | 27.3750   
2      | 45.9653    | 56.4000    | 29.1410    | 25.3500   
3      | 46.8976    | 59.9750    | 26.1168    | 23.2750   
4      | 47.7937    | 63.1750    | 23.5895    | 21.2000   
5      | 48.6772    | 66.3250    | 21.8509    | 19.5250   
6      | 49.4043    | 69.7250    | 19.9649    | 17.7500   
7      | 49.8330    | 72.9000    | 18.2347    | 16.1500   
8      | 43.9257    | 48.7500    | 38.2334    | 31.9000   
9      | 42.9440    | 46.3750    | 41.7016    | 34.3250   

PSTEPS = 20, TSTEPS = 40000

TIME TAKEN = 163.72948 ms
Run 2

BASIC IMPLEMENTATION
--------------------------------------------------------------

Index  | Call Model | Call Actual | Put Model  | Put Actual
--------------------------------------------------------------
0      | 45.0875    | 51.7000    | 35.1063    | 29.6500   
1      | 45.2910    | 53.6500    | 31.8381    | 27.3750   
2      | 45.9653    | 56.4000    | 29.1410    | 25.3500   
3      | 46.8976    | 59.9750    | 26.1168    | 23.2750   
4      | 47.7937    | 63.1750    | 23.5895    | 21.2000   
5      | 48.6772    | 66.3250    | 21.8509    | 19.5250   
6      | 49.4043    | 69.7250    | 19.9649    | 17.7500   
7      | 49.8330    | 72.9000    | 18.2347    | 16.1500   
8      | 43.9257    | 48.7500    | 38.2334    | 31.9000   
9      | 42.9440    | 46.3750    | 41.7016    | 34.3250   

PSTEPS = 20, TSTEPS = 40000

TIME TAKEN = 187.89046 ms
Run 3

BASIC IMPLEMENTATION
--------------------------------------------------------------

Index  | Call Model | Call Actual | Put Model  | Put Actual
--------------------------------------------------------------
0      | 45.0875    | 51.7000    | 35.1063    | 29.6500   
1      | 45.2910    | 53.6500    | 31.8381    | 27.3750   
2      | 45.9653    | 56.4000    | 29.1410    | 25.3500   
3      | 46.8976    | 59.9750    | 26.1168    | 23.2750   
4      | 47.7937    | 63.1750    | 23.5895    | 21.2000   
5      | 48.6772    | 66.3250    | 21.8509    | 19.5250   
6      | 49.4043    | 69.7250    | 19.9649    | 17.7500   
7      | 49.8330    | 72.9000    | 18.2347    | 16.1500   
8      | 43.9257    | 48.7500    | 38.2334    | 31.9000   
9      | 42.9440    | 46.3750    | 41.7016    | 34.3250   

PSTEPS = 20, TSTEPS = 40000

TIME TAKEN = 160.47909 ms
Run 4

BASIC IMPLEMENTATION
--------------------------------------------------------------

Index  | Call Model | Call Actual | Put Model  | Put Actual
--------------------------------------------------------------
0      | 45.0875    | 51.7000    | 35.1063    | 29.6500   
1      | 45.2910    | 53.6500    | 31.8381    | 27.3750   
2      | 45.9653    | 56.4000    | 29.1410    | 25.3500   
3      | 46.8976    | 59.9750    | 26.1168    | 23.2750   
4      | 47.7937    | 63.1750    | 23.5895    | 21.2000   
5      | 48.6772    | 66.3250    | 21.8509    | 19.5250   
6      | 49.4043    | 69.7250    | 19.9649    | 17.7500   
7      | 49.8330    | 72.9000    | 18.2347    | 16.1500   
8      | 43.9257    | 48.7500    | 38.2334    | 31.9000   
9      | 42.9440    | 46.3750    | 41.7016    | 34.3250   

PSTEPS = 20, TSTEPS = 40000

TIME TAKEN = 159.45107 ms
Run 5

BASIC IMPLEMENTATION
--------------------------------------------------------------

Index  | Call Model | Call Actual | Put Model  | Put Actual
--------------------------------------------------------------
0      | 45.0875    | 51.7000    | 35.1063    | 29.6500   
1      | 45.2910    | 53.6500    | 31.8381    | 27.3750   
2      | 45.9653    | 56.4000    | 29.1410    | 25.3500   
3      | 46.8976    | 59.9750    | 26.1168    | 23.2750   
4      | 47.7937    | 63.1750    | 23.5895    | 21.2000   
5      | 48.6772    | 66.3250    | 21.8509    | 19.5250   
6      | 49.4043    | 69.7250    | 19.9649    | 17.7500   
7      | 49.8330    | 72.9000    | 18.2347    | 16.1500   
8      | 43.9257    | 48.7500    | 38.2334    | 31.9000   
9      | 42.9440    | 46.3750    | 41.7016    | 34.3250   

PSTEPS = 20, TSTEPS = 40000

TIME TAKEN = 164.05272 ms
Run 6

BASIC IMPLEMENTATION
--------------------------------------------------------------

Index  | Call Model | Call Actual | Put Model  | Put Actual
--------------------------------------------------------------
0      | 45.0875    | 51.7000    | 35.1063    | 29.6500   
1      | 45.2910    | 53.6500    | 31.8381    | 27.3750   
2      | 45.9653    | 56.4000    | 29.1410    | 25.3500   
3      | 46.8976    | 59.9750    | 26.1168    | 23.2750   
4      | 47.7937    | 63.1750    | 23.5895    | 21.2000   
5      | 48.6772    | 66.3250    | 21.8509    | 19.5250   
6      | 49.4043    | 69.7250    | 19.9649    | 17.7500   
7      | 49.8330    | 72.9000    | 18.2347    | 16.1500   
8      | 43.9257    | 48.7500    | 38.2334    | 31.9000   
9      | 42.9440    | 46.3750    | 41.7016    | 34.3250   

PSTEPS = 20, TSTEPS = 40000

TIME TAKEN = 158.08520 ms
Run 7

BASIC IMPLEMENTATION
--------------------------------------------------------------

Index  | Call Model | Call Actual | Put Model  | Put Actual
--------------------------------------------------------------
0      | 45.0875    | 51.7000    | 35.1063    | 29.6500   
1      | 45.2910    | 53.6500    | 31.8381    | 27.3750   
2      | 45.9653    | 56.4000    | 29.1410    | 25.3500   
3      | 46.8976    | 59.9750    | 26.1168    | 23.2750   
4      | 47.7937    | 63.1750    | 23.5895    | 21.2000   
5      | 48.6772    | 66.3250    | 21.8509    | 19.5250   
6      | 49.4043    | 69.7250    | 19.9649    | 17.7500   
7      | 49.8330    | 72.9000    | 18.2347    | 16.1500   
8      | 43.9257    | 48.7500    | 38.2334    | 31.9000   
9      | 42.9440    | 46.3750    | 41.7016    | 34.3250   

PSTEPS = 20, TSTEPS = 40000

TIME TAKEN = 165.60345 ms
Run 8

BASIC IMPLEMENTATION
--------------------------------------------------------------

Index  | Call Model | Call Actual | Put Model  | Put Actual
--------------------------------------------------------------
0      | 45.0875    | 51.7000    | 35.1063    | 29.6500   
1      | 45.2910    | 53.6500    | 31.8381    | 27.3750   
2      | 45.9653    | 56.4000    | 29.1410    | 25.3500   
3      | 46.8976    | 59.9750    | 26.1168    | 23.2750   
4      | 47.7937    | 63.1750    | 23.5895    | 21.2000   
5      | 48.6772    | 66.3250    | 21.8509    | 19.5250   
6      | 49.4043    | 69.7250    | 19.9649    | 17.7500   
7      | 49.8330    | 72.9000    | 18.2347    | 16.1500   
8      | 43.9257    | 48.7500    | 38.2334    | 31.9000   
9      | 42.9440    | 46.3750    | 41.7016    | 34.3250   

PSTEPS = 20, TSTEPS = 40000

TIME TAKEN = 158.80905 ms
Run 9

BASIC IMPLEMENTATION
--------------------------------------------------------------

Index  | Call Model | Call Actual | Put Model  | Put Actual
--------------------------------------------------------------
0      | 45.0875    | 51.7000    | 35.1063    | 29.6500   
1      | 45.2910    | 53.6500    | 31.8381    | 27.3750   
2      | 45.9653    | 56.4000    | 29.1410    | 25.3500   
3      | 46.8976    | 59.9750    | 26.1168    | 23.2750   
4      | 47.7937    | 63.1750    | 23.5895    | 21.2000   
5      | 48.6772    | 66.3250    | 21.8509    | 19.5250   
6      | 49.4043    | 69.7250    | 19.9649    | 17.7500   
7      | 49.8330    | 72.9000    | 18.2347    | 16.1500   
8      | 43.9257    | 48.7500    | 38.2334    | 31.9000   
9      | 42.9440    | 46.3750    | 41.7016    | 34.3250   

PSTEPS = 20, TSTEPS = 40000

TIME TAKEN = 161.42787 ms
Run 10

BASIC IMPLEMENTATION
--------------------------------------------------------------

Index  | Call Model | Call Actual | Put Model  | Put Actual
--------------------------------------------------------------
0      | 45.0875    | 51.7000    | 35.1063    | 29.6500   
1      | 45.2910    | 53.6500    | 31.8381    | 27.3750   
2      | 45.9653    | 56.4000    | 29.1410    | 25.3500   
3      | 46.8976    | 59.9750    | 26.1168    | 23.2750   
4      | 47.7937    | 63.1750    | 23.5895    | 21.2000   
5      | 48.6772    | 66.3250    | 21.8509    | 19.5250   
6      | 49.4043    | 69.7250    | 19.9649    | 17.7500   
7      | 49.8330    | 72.9000    | 18.2347    | 16.1500   
8      | 43.9257    | 48.7500    | 38.2334    | 31.9000   
9      | 42.9440    | 46.3750    | 41.7016    | 34.3250   

PSTEPS = 20, TSTEPS = 40000

TIME TAKEN = 194.11279 ms
