Benchmarking: black_scholes_hybrid1 with p=140, t=70000
Run 1

 HYBRID IMPLEMENTATION 1
--------------------------------------------------------------

Index  | Call Model | Call Actual | Put Model  | Put Actual
--------------------------------------------------------------
0      | 48.9276    | 51.7000    | 29.9947    | 29.6500   
1      | 50.3088    | 53.6500    | 26.5055    | 27.3750   
2      | 52.2839    | 56.4000    | 23.6946    | 25.3500   
3      | 54.5127    | 59.9750    | 20.6928    | 23.2750   
4      | 56.3067    | 63.1750    | 17.9220    | 21.2000   
5      | 57.9637    | 66.3250    | 15.8938    | 19.5250   
6      | 59.5591    | 69.7250    | 13.8765    | 17.7500   
7      | 59.4542    | 72.9000    | 12.1464    | 16.1500   
8      | 43.1414    | 48.7500    | 33.5832    | 31.9000   
9      | 45.1723    | 46.3750    | 37.6817    | 34.3250   

PSTEPS = 140, TSTEPS = 70000

TIME TAKEN = 529.79368 ms
Run 2

 HYBRID IMPLEMENTATION 1
--------------------------------------------------------------

Index  | Call Model | Call Actual | Put Model  | Put Actual
--------------------------------------------------------------
0      | 49.1963    | 51.7000    | 29.9947    | 29.6500   
1      | 50.4263    | 53.6500    | 26.5055    | 27.3750   
2      | 52.2839    | 56.4000    | 23.6946    | 25.3500   
3      | 54.5134    | 59.9750    | 20.6928    | 23.2750   
4      | 56.3067    | 63.1750    | 17.9220    | 21.2000   
5      | 57.9637    | 66.3250    | 15.8938    | 19.5250   
6      | 56.2562    | 69.7250    | 13.8765    | 17.7500   
7      | 60.8940    | 72.9000    | 12.1464    | 16.1500   
8      | 47.0182    | 48.7500    | 33.5832    | 31.9000   
9      | 45.1756    | 46.3750    | 37.6817    | 34.3250   

PSTEPS = 140, TSTEPS = 70000

TIME TAKEN = 504.42067 ms
Run 3

 HYBRID IMPLEMENTATION 1
--------------------------------------------------------------

Index  | Call Model | Call Actual | Put Model  | Put Actual
--------------------------------------------------------------
0      | 49.1667    | 51.7000    | 29.9947    | 29.6500   
1      | 50.0620    | 53.6500    | 26.5055    | 27.3750   
2      | 52.2621    | 56.4000    | 23.6946    | 25.3500   
3      | 54.1010    | 59.9750    | 20.6928    | 23.2750   
4      | 56.3067    | 63.1750    | 17.9220    | 21.2000   
5      | 57.9637    | 66.3250    | 15.8938    | 19.5250   
6      | 59.5591    | 69.7250    | 13.8765    | 17.7500   
7      | 60.8940    | 72.9000    | 12.1464    | 16.1500   
8      | 47.0182    | 48.7500    | 33.5832    | 31.9000   
9      | 43.2915    | 46.3750    | 37.6816    | 34.3250   

PSTEPS = 140, TSTEPS = 70000

TIME TAKEN = 528.15267 ms
Run 4

 HYBRID IMPLEMENTATION 1
--------------------------------------------------------------

Index  | Call Model | Call Actual | Put Model  | Put Actual
--------------------------------------------------------------
0      | 48.6195    | 51.7000    | 29.9947    | 29.6500   
1      | 50.4372    | 53.6500    | 26.5055    | 27.3750   
2      | 52.2839    | 56.4000    | 23.6946    | 25.3500   
3      | 54.5134    | 59.9750    | 20.6928    | 23.2750   
4      | 56.3067    | 63.1750    | 17.9220    | 21.2000   
5      | 57.9637    | 66.3250    | 15.8938    | 19.5250   
6      | 59.5583    | 69.7250    | 13.8765    | 17.7500   
7      | 59.4540    | 72.9000    | 12.1464    | 16.1500   
8      | 47.0182    | 48.7500    | 33.5832    | 31.9000   
9      | 43.2915    | 46.3750    | 37.6816    | 34.3250   

PSTEPS = 140, TSTEPS = 70000

TIME TAKEN = 526.00527 ms
Run 5

 HYBRID IMPLEMENTATION 1
--------------------------------------------------------------

Index  | Call Model | Call Actual | Put Model  | Put Actual
--------------------------------------------------------------
0      | 48.7828    | 51.7000    | 29.9947    | 29.6500   
1      | 50.4372    | 53.6500    | 26.5055    | 27.3750   
2      | 52.2839    | 56.4000    | 23.6946    | 25.3500   
3      | 54.4787    | 59.9750    | 20.6928    | 23.2750   
4      | 56.3067    | 63.1750    | 17.9220    | 21.2000   
5      | 57.9637    | 66.3250    | 15.8938    | 19.5250   
6      | 59.5587    | 69.7250    | 13.8765    | 17.7500   
7      | 60.8940    | 72.9000    | 12.1464    | 16.1500   
8      | 47.0182    | 48.7500    | 33.5832    | 31.9000   
9      | 43.2916    | 46.3750    | 37.6816    | 34.3250   

PSTEPS = 140, TSTEPS = 70000

TIME TAKEN = 503.91934 ms
Run 6

 HYBRID IMPLEMENTATION 1
--------------------------------------------------------------

Index  | Call Model | Call Actual | Put Model  | Put Actual
--------------------------------------------------------------
0      | 49.1685    | 51.7000    | 29.9947    | 29.6500   
1      | 50.3444    | 53.6500    | 26.5055    | 27.3750   
2      | 52.2838    | 56.4000    | 23.6946    | 25.3500   
3      | 54.1508    | 59.9750    | 20.6928    | 23.2750   
4      | 56.3067    | 63.1750    | 17.9220    | 21.2000   
5      | 57.9637    | 66.3250    | 15.8938    | 19.5250   
6      | 59.5591    | 69.7250    | 13.8765    | 17.7500   
7      | 60.8940    | 72.9000    | 12.1464    | 16.1500   
8      | 47.0182    | 48.7500    | 33.5832    | 31.9000   
9      | 43.2915    | 46.3750    | 37.6816    | 34.3250   

PSTEPS = 140, TSTEPS = 70000

TIME TAKEN = 535.21292 ms
Run 7

 HYBRID IMPLEMENTATION 1
--------------------------------------------------------------

Index  | Call Model | Call Actual | Put Model  | Put Actual
--------------------------------------------------------------
0      | 49.1963    | 51.7000    | 29.9947    | 29.6500   
1      | 50.4372    | 53.6500    | 26.5055    | 27.3750   
2      | 52.1877    | 56.4000    | 23.6946    | 25.3500   
3      | 54.2631    | 59.9750    | 20.6928    | 23.2750   
4      | 56.3067    | 63.1750    | 17.9220    | 21.2000   
5      | 57.9637    | 66.3250    | 15.8938    | 19.5250   
6      | 59.5591    | 69.7250    | 13.8765    | 17.7500   
7      | 59.4774    | 72.9000    | 12.1464    | 16.1500   
8      | 46.7936    | 48.7500    | 33.5832    | 31.9000   
9      | 45.1756    | 46.3750    | 37.6817    | 34.3250   

PSTEPS = 140, TSTEPS = 70000

TIME TAKEN = 581.12785 ms
Run 8

 HYBRID IMPLEMENTATION 1
--------------------------------------------------------------

Index  | Call Model | Call Actual | Put Model  | Put Actual
--------------------------------------------------------------
0      | 49.1892    | 51.7000    | 29.9947    | 29.6500   
1      | 50.2431    | 53.6500    | 26.5055    | 27.3750   
2      | 52.2839    | 56.4000    | 23.6946    | 25.3500   
3      | 53.8865    | 59.9750    | 20.6928    | 23.2750   
4      | 56.3067    | 63.1750    | 17.9220    | 21.2000   
5      | 57.9637    | 66.3250    | 15.8938    | 19.5250   
6      | 59.5591    | 69.7250    | 13.8765    | 17.7500   
7      | 57.3254    | 72.9000    | 12.1464    | 16.1500   
8      | 38.1480    | 48.7500    | 33.5777    | 31.9000   
9      | 42.2407    | 46.3750    | 37.6816    | 34.3250   

PSTEPS = 140, TSTEPS = 70000

TIME TAKEN = 574.39395 ms
Run 9

 HYBRID IMPLEMENTATION 1
--------------------------------------------------------------

Index  | Call Model | Call Actual | Put Model  | Put Actual
--------------------------------------------------------------
0      | 49.1820    | 51.7000    | 29.9947    | 29.6500   
1      | 50.4372    | 53.6500    | 26.5055    | 27.3750   
2      | 52.2839    | 56.4000    | 23.6946    | 25.3500   
3      | 54.5134    | 59.9750    | 20.6928    | 23.2750   
4      | 56.3067    | 63.1750    | 17.9220    | 21.2000   
5      | 57.9637    | 66.3250    | 15.8938    | 19.5250   
6      | 54.3478    | 69.7250    | 13.8765    | 17.7500   
7      | 59.4542    | 72.9000    | 12.1464    | 16.1500   
8      | 46.7936    | 48.7500    | 33.5832    | 31.9000   
9      | 43.2915    | 46.3750    | 37.6816    | 34.3250   

PSTEPS = 140, TSTEPS = 70000

TIME TAKEN = 596.01383 ms
Run 10

 HYBRID IMPLEMENTATION 1
--------------------------------------------------------------

Index  | Call Model | Call Actual | Put Model  | Put Actual
--------------------------------------------------------------
0      | 48.6073    | 51.7000    | 29.9947    | 29.6500   
1      | 49.9945    | 53.6500    | 26.5055    | 27.3750   
2      | 52.2839    | 56.4000    | 23.6946    | 25.3500   
3      | 53.8467    | 59.9750    | 20.6928    | 23.2750   
4      | 56.3067    | 63.1750    | 17.9220    | 21.2000   
5      | 57.9637    | 66.3250    | 15.8938    | 19.5250   
6      | 59.5591    | 69.7250    | 13.8765    | 17.7500   
7      | 60.8940    | 72.9000    | 12.1464    | 16.1500   
8      | 43.3138    | 48.7500    | 33.5832    | 31.9000   
9      | 45.1756    | 46.3750    | 37.6817    | 34.3250   

PSTEPS = 140, TSTEPS = 70000

TIME TAKEN = 563.72640 ms
