Benchmarking: black_scholes_gpu with p=60, t=60000
Run 1

 GPU ACCELERATED IMPLEMENTATION
--------------------------------------------------------------

Index  | Call Model | Call Actual | Put Model  | Put Actual
--------------------------------------------------------------
0      | 46.3912    | 51.7000    | 32.1872    | 29.6500   
1      | 46.9434    | 53.6500    | 28.8932    | 27.3750   
2      | 48.1458    | 56.4000    | 26.3406    | 25.3500   
3      | 49.6022    | 59.9750    | 23.4672    | 23.2750   
4      | 50.7088    | 63.1750    | 20.8185    | 21.2000   
5      | 51.6874    | 66.3250    | 18.8657    | 19.5250   
6      | 52.5652    | 69.7250    | 16.8434    | 17.7500   
7      | 53.2799    | 72.9000    | 15.1437    | 16.1500   
8      | 44.9047    | 48.7500    | 35.4341    | 31.9000   
9      | 43.6770    | 46.3750    | 39.1071    | 34.3250   

PSTEPS = 60, TSTEPS = 60000

TIME TAKEN = 287.20232 ms
Run 2

 GPU ACCELERATED IMPLEMENTATION
--------------------------------------------------------------

Index  | Call Model | Call Actual | Put Model  | Put Actual
--------------------------------------------------------------
0      | 46.3912    | 51.7000    | 32.1872    | 29.6500   
1      | 46.9434    | 53.6500    | 28.8932    | 27.3750   
2      | 48.1458    | 56.4000    | 26.3406    | 25.3500   
3      | 49.6022    | 59.9750    | 23.4672    | 23.2750   
4      | 50.7088    | 63.1750    | 20.8185    | 21.2000   
5      | 51.6874    | 66.3250    | 18.8657    | 19.5250   
6      | 52.5652    | 69.7250    | 16.8434    | 17.7500   
7      | 53.2799    | 72.9000    | 15.1437    | 16.1500   
8      | 44.9047    | 48.7500    | 35.4341    | 31.9000   
9      | 43.6770    | 46.3750    | 39.1071    | 34.3250   

PSTEPS = 60, TSTEPS = 60000

TIME TAKEN = 286.13032 ms
Run 3

 GPU ACCELERATED IMPLEMENTATION
--------------------------------------------------------------

Index  | Call Model | Call Actual | Put Model  | Put Actual
--------------------------------------------------------------
0      | 46.3912    | 51.7000    | 32.1872    | 29.6500   
1      | 46.9434    | 53.6500    | 28.8932    | 27.3750   
2      | 48.1458    | 56.4000    | 26.3406    | 25.3500   
3      | 49.6022    | 59.9750    | 23.4672    | 23.2750   
4      | 50.7088    | 63.1750    | 20.8185    | 21.2000   
5      | 51.6874    | 66.3250    | 18.8657    | 19.5250   
6      | 52.5652    | 69.7250    | 16.8434    | 17.7500   
7      | 53.2799    | 72.9000    | 15.1437    | 16.1500   
8      | 44.9047    | 48.7500    | 35.4341    | 31.9000   
9      | 43.6770    | 46.3750    | 39.1071    | 34.3250   

PSTEPS = 60, TSTEPS = 60000

TIME TAKEN = 265.71557 ms
Run 4

 GPU ACCELERATED IMPLEMENTATION
--------------------------------------------------------------

Index  | Call Model | Call Actual | Put Model  | Put Actual
--------------------------------------------------------------
0      | 46.3912    | 51.7000    | 32.1872    | 29.6500   
1      | 46.9434    | 53.6500    | 28.8932    | 27.3750   
2      | 48.1458    | 56.4000    | 26.3406    | 25.3500   
3      | 49.6022    | 59.9750    | 23.4672    | 23.2750   
4      | 50.7088    | 63.1750    | 20.8185    | 21.2000   
5      | 51.6874    | 66.3250    | 18.8657    | 19.5250   
6      | 52.5652    | 69.7250    | 16.8434    | 17.7500   
7      | 53.2799    | 72.9000    | 15.1437    | 16.1500   
8      | 44.9047    | 48.7500    | 35.4341    | 31.9000   
9      | 43.6770    | 46.3750    | 39.1071    | 34.3250   

PSTEPS = 60, TSTEPS = 60000

TIME TAKEN = 272.54332 ms
Run 5

 GPU ACCELERATED IMPLEMENTATION
--------------------------------------------------------------

Index  | Call Model | Call Actual | Put Model  | Put Actual
--------------------------------------------------------------
0      | 46.3912    | 51.7000    | 32.1872    | 29.6500   
1      | 46.9434    | 53.6500    | 28.8932    | 27.3750   
2      | 48.1458    | 56.4000    | 26.3406    | 25.3500   
3      | 49.6022    | 59.9750    | 23.4672    | 23.2750   
4      | 50.7088    | 63.1750    | 20.8185    | 21.2000   
5      | 51.6874    | 66.3250    | 18.8657    | 19.5250   
6      | 52.5652    | 69.7250    | 16.8434    | 17.7500   
7      | 53.2799    | 72.9000    | 15.1437    | 16.1500   
8      | 44.9047    | 48.7500    | 35.4341    | 31.9000   
9      | 43.6770    | 46.3750    | 39.1071    | 34.3250   

PSTEPS = 60, TSTEPS = 60000

TIME TAKEN = 269.08278 ms
Run 6

 GPU ACCELERATED IMPLEMENTATION
--------------------------------------------------------------

Index  | Call Model | Call Actual | Put Model  | Put Actual
--------------------------------------------------------------
0      | 46.3912    | 51.7000    | 32.1872    | 29.6500   
1      | 46.9434    | 53.6500    | 28.8932    | 27.3750   
2      | 48.1458    | 56.4000    | 26.3406    | 25.3500   
3      | 49.6022    | 59.9750    | 23.4672    | 23.2750   
4      | 50.7088    | 63.1750    | 20.8185    | 21.2000   
5      | 51.6874    | 66.3250    | 18.8657    | 19.5250   
6      | 52.5652    | 69.7250    | 16.8434    | 17.7500   
7      | 53.2799    | 72.9000    | 15.1437    | 16.1500   
8      | 44.9047    | 48.7500    | 35.4341    | 31.9000   
9      | 43.6770    | 46.3750    | 39.1071    | 34.3250   

PSTEPS = 60, TSTEPS = 60000

TIME TAKEN = 282.54952 ms
Run 7

 GPU ACCELERATED IMPLEMENTATION
--------------------------------------------------------------

Index  | Call Model | Call Actual | Put Model  | Put Actual
--------------------------------------------------------------
0      | 46.3912    | 51.7000    | 32.1872    | 29.6500   
1      | 46.9434    | 53.6500    | 28.8932    | 27.3750   
2      | 48.1458    | 56.4000    | 26.3406    | 25.3500   
3      | 49.6022    | 59.9750    | 23.4672    | 23.2750   
4      | 50.7088    | 63.1750    | 20.8185    | 21.2000   
5      | 51.6874    | 66.3250    | 18.8657    | 19.5250   
6      | 52.5652    | 69.7250    | 16.8434    | 17.7500   
7      | 53.2799    | 72.9000    | 15.1437    | 16.1500   
8      | 44.9047    | 48.7500    | 35.4341    | 31.9000   
9      | 43.6770    | 46.3750    | 39.1071    | 34.3250   

PSTEPS = 60, TSTEPS = 60000

TIME TAKEN = 289.19121 ms
Run 8

 GPU ACCELERATED IMPLEMENTATION
--------------------------------------------------------------

Index  | Call Model | Call Actual | Put Model  | Put Actual
--------------------------------------------------------------
0      | 46.3912    | 51.7000    | 32.1872    | 29.6500   
1      | 46.9434    | 53.6500    | 28.8932    | 27.3750   
2      | 48.1458    | 56.4000    | 26.3406    | 25.3500   
3      | 49.6022    | 59.9750    | 23.4672    | 23.2750   
4      | 50.7088    | 63.1750    | 20.8185    | 21.2000   
5      | 51.6874    | 66.3250    | 18.8657    | 19.5250   
6      | 52.5652    | 69.7250    | 16.8434    | 17.7500   
7      | 53.2799    | 72.9000    | 15.1437    | 16.1500   
8      | 44.9047    | 48.7500    | 35.4341    | 31.9000   
9      | 43.6770    | 46.3750    | 39.1071    | 34.3250   

PSTEPS = 60, TSTEPS = 60000

TIME TAKEN = 269.35730 ms
Run 9

 GPU ACCELERATED IMPLEMENTATION
--------------------------------------------------------------

Index  | Call Model | Call Actual | Put Model  | Put Actual
--------------------------------------------------------------
0      | 46.3912    | 51.7000    | 32.1872    | 29.6500   
1      | 46.9434    | 53.6500    | 28.8932    | 27.3750   
2      | 48.1458    | 56.4000    | 26.3406    | 25.3500   
3      | 49.6022    | 59.9750    | 23.4672    | 23.2750   
4      | 50.7088    | 63.1750    | 20.8185    | 21.2000   
5      | 51.6874    | 66.3250    | 18.8657    | 19.5250   
6      | 52.5652    | 69.7250    | 16.8434    | 17.7500   
7      | 53.2799    | 72.9000    | 15.1437    | 16.1500   
8      | 44.9047    | 48.7500    | 35.4341    | 31.9000   
9      | 43.6770    | 46.3750    | 39.1071    | 34.3250   

PSTEPS = 60, TSTEPS = 60000

TIME TAKEN = 270.93206 ms
Run 10

 GPU ACCELERATED IMPLEMENTATION
--------------------------------------------------------------

Index  | Call Model | Call Actual | Put Model  | Put Actual
--------------------------------------------------------------
0      | 46.3912    | 51.7000    | 32.1872    | 29.6500   
1      | 46.9434    | 53.6500    | 28.8932    | 27.3750   
2      | 48.1458    | 56.4000    | 26.3406    | 25.3500   
3      | 49.6022    | 59.9750    | 23.4672    | 23.2750   
4      | 50.7088    | 63.1750    | 20.8185    | 21.2000   
5      | 51.6874    | 66.3250    | 18.8657    | 19.5250   
6      | 52.5652    | 69.7250    | 16.8434    | 17.7500   
7      | 53.2799    | 72.9000    | 15.1437    | 16.1500   
8      | 44.9047    | 48.7500    | 35.4341    | 31.9000   
9      | 43.6770    | 46.3750    | 39.1071    | 34.3250   

PSTEPS = 60, TSTEPS = 60000

TIME TAKEN = 301.26599 ms
