Benchmarking: black_scholes_gpu with p=100, t=50000
Run 1

 GPU ACCELERATED IMPLEMENTATION
--------------------------------------------------------------

Index  | Call Model | Call Actual | Put Model  | Put Actual
--------------------------------------------------------------
0      | 47.7779    | 51.7000    | 31.0197    | 29.6500   
1      | 48.6943    | 53.6500    | 27.6518    | 27.3750   
2      | 50.1741    | 56.4000    | 24.9303    | 25.3500   
3      | 52.0290    | 59.9750    | 22.0093    | 23.2750   
4      | 53.4633    | 63.1750    | 19.2890    | 21.2000   
5      | 54.7577    | 66.3250    | 17.2807    | 19.5250   
6      | 56.0023    | 69.7250    | 15.2751    | 17.7500   
7      | 57.0034    | 72.9000    | 13.5427    | 16.1500   
8      | 45.9514    | 48.7500    | 34.4393    | 31.9000   
9      | 44.4484    | 46.3750    | 38.3539    | 34.3250   

PSTEPS = 100, TSTEPS = 50000

TIME TAKEN = 298.13329 ms
Run 2

 GPU ACCELERATED IMPLEMENTATION
--------------------------------------------------------------

Index  | Call Model | Call Actual | Put Model  | Put Actual
--------------------------------------------------------------
0      | 47.7779    | 51.7000    | 31.0197    | 29.6500   
1      | 48.6943    | 53.6500    | 27.6518    | 27.3750   
2      | 50.1741    | 56.4000    | 24.9303    | 25.3500   
3      | 52.0290    | 59.9750    | 22.0093    | 23.2750   
4      | 53.4633    | 63.1750    | 19.2890    | 21.2000   
5      | 54.7577    | 66.3250    | 17.2807    | 19.5250   
6      | 56.0023    | 69.7250    | 15.2751    | 17.7500   
7      | 57.0034    | 72.9000    | 13.5427    | 16.1500   
8      | 45.9514    | 48.7500    | 34.4393    | 31.9000   
9      | 44.4484    | 46.3750    | 38.3539    | 34.3250   

PSTEPS = 100, TSTEPS = 50000

TIME TAKEN = 279.96313 ms
Run 3

 GPU ACCELERATED IMPLEMENTATION
--------------------------------------------------------------

Index  | Call Model | Call Actual | Put Model  | Put Actual
--------------------------------------------------------------
0      | 47.7779    | 51.7000    | 31.0197    | 29.6500   
1      | 48.6943    | 53.6500    | 27.6518    | 27.3750   
2      | 50.1741    | 56.4000    | 24.9303    | 25.3500   
3      | 52.0290    | 59.9750    | 22.0093    | 23.2750   
4      | 53.4633    | 63.1750    | 19.2890    | 21.2000   
5      | 54.7577    | 66.3250    | 17.2807    | 19.5250   
6      | 56.0023    | 69.7250    | 15.2751    | 17.7500   
7      | 57.0034    | 72.9000    | 13.5427    | 16.1500   
8      | 45.9514    | 48.7500    | 34.4393    | 31.9000   
9      | 44.4484    | 46.3750    | 38.3539    | 34.3250   

PSTEPS = 100, TSTEPS = 50000

TIME TAKEN = 286.73970 ms
Run 4

 GPU ACCELERATED IMPLEMENTATION
--------------------------------------------------------------

Index  | Call Model | Call Actual | Put Model  | Put Actual
--------------------------------------------------------------
0      | 47.7779    | 51.7000    | 31.0197    | 29.6500   
1      | 48.6943    | 53.6500    | 27.6518    | 27.3750   
2      | 50.1741    | 56.4000    | 24.9303    | 25.3500   
3      | 52.0290    | 59.9750    | 22.0093    | 23.2750   
4      | 53.4633    | 63.1750    | 19.2890    | 21.2000   
5      | 54.7577    | 66.3250    | 17.2807    | 19.5250   
6      | 56.0023    | 69.7250    | 15.2751    | 17.7500   
7      | 57.0034    | 72.9000    | 13.5427    | 16.1500   
8      | 45.9514    | 48.7500    | 34.4393    | 31.9000   
9      | 44.4484    | 46.3750    | 38.3539    | 34.3250   

PSTEPS = 100, TSTEPS = 50000

TIME TAKEN = 282.02047 ms
Run 5

 GPU ACCELERATED IMPLEMENTATION
--------------------------------------------------------------

Index  | Call Model | Call Actual | Put Model  | Put Actual
--------------------------------------------------------------
0      | 47.7779    | 51.7000    | 31.0197    | 29.6500   
1      | 48.6943    | 53.6500    | 27.6518    | 27.3750   
2      | 50.1741    | 56.4000    | 24.9303    | 25.3500   
3      | 52.0290    | 59.9750    | 22.0093    | 23.2750   
4      | 53.4633    | 63.1750    | 19.2890    | 21.2000   
5      | 54.7577    | 66.3250    | 17.2807    | 19.5250   
6      | 56.0023    | 69.7250    | 15.2751    | 17.7500   
7      | 57.0034    | 72.9000    | 13.5427    | 16.1500   
8      | 45.9514    | 48.7500    | 34.4393    | 31.9000   
9      | 44.4484    | 46.3750    | 38.3539    | 34.3250   

PSTEPS = 100, TSTEPS = 50000

TIME TAKEN = 277.80501 ms
Run 6

 GPU ACCELERATED IMPLEMENTATION
--------------------------------------------------------------

Index  | Call Model | Call Actual | Put Model  | Put Actual
--------------------------------------------------------------
0      | 47.7779    | 51.7000    | 31.0197    | 29.6500   
1      | 48.6943    | 53.6500    | 27.6518    | 27.3750   
2      | 50.1741    | 56.4000    | 24.9303    | 25.3500   
3      | 52.0290    | 59.9750    | 22.0093    | 23.2750   
4      | 53.4633    | 63.1750    | 19.2890    | 21.2000   
5      | 54.7577    | 66.3250    | 17.2807    | 19.5250   
6      | 56.0023    | 69.7250    | 15.2751    | 17.7500   
7      | 57.0034    | 72.9000    | 13.5427    | 16.1500   
8      | 45.9514    | 48.7500    | 34.4393    | 31.9000   
9      | 44.4484    | 46.3750    | 38.3539    | 34.3250   

PSTEPS = 100, TSTEPS = 50000

TIME TAKEN = 279.57036 ms
Run 7

 GPU ACCELERATED IMPLEMENTATION
--------------------------------------------------------------

Index  | Call Model | Call Actual | Put Model  | Put Actual
--------------------------------------------------------------
0      | 47.7779    | 51.7000    | 31.0197    | 29.6500   
1      | 48.6943    | 53.6500    | 27.6518    | 27.3750   
2      | 50.1741    | 56.4000    | 24.9303    | 25.3500   
3      | 52.0290    | 59.9750    | 22.0093    | 23.2750   
4      | 53.4633    | 63.1750    | 19.2890    | 21.2000   
5      | 54.7577    | 66.3250    | 17.2807    | 19.5250   
6      | 56.0023    | 69.7250    | 15.2751    | 17.7500   
7      | 57.0034    | 72.9000    | 13.5427    | 16.1500   
8      | 45.9514    | 48.7500    | 34.4393    | 31.9000   
9      | 44.4484    | 46.3750    | 38.3539    | 34.3250   

PSTEPS = 100, TSTEPS = 50000

TIME TAKEN = 281.46556 ms
Run 8

 GPU ACCELERATED IMPLEMENTATION
--------------------------------------------------------------

Index  | Call Model | Call Actual | Put Model  | Put Actual
--------------------------------------------------------------
0      | 47.7779    | 51.7000    | 31.0197    | 29.6500   
1      | 48.6943    | 53.6500    | 27.6518    | 27.3750   
2      | 50.1741    | 56.4000    | 24.9303    | 25.3500   
3      | 52.0290    | 59.9750    | 22.0093    | 23.2750   
4      | 53.4633    | 63.1750    | 19.2890    | 21.2000   
5      | 54.7577    | 66.3250    | 17.2807    | 19.5250   
6      | 56.0023    | 69.7250    | 15.2751    | 17.7500   
7      | 57.0034    | 72.9000    | 13.5427    | 16.1500   
8      | 45.9514    | 48.7500    | 34.4393    | 31.9000   
9      | 44.4484    | 46.3750    | 38.3539    | 34.3250   

PSTEPS = 100, TSTEPS = 50000

TIME TAKEN = 281.33757 ms
Run 9

 GPU ACCELERATED IMPLEMENTATION
--------------------------------------------------------------

Index  | Call Model | Call Actual | Put Model  | Put Actual
--------------------------------------------------------------
0      | 47.7779    | 51.7000    | 31.0197    | 29.6500   
1      | 48.6943    | 53.6500    | 27.6518    | 27.3750   
2      | 50.1741    | 56.4000    | 24.9303    | 25.3500   
3      | 52.0290    | 59.9750    | 22.0093    | 23.2750   
4      | 53.4633    | 63.1750    | 19.2890    | 21.2000   
5      | 54.7577    | 66.3250    | 17.2807    | 19.5250   
6      | 56.0023    | 69.7250    | 15.2751    | 17.7500   
7      | 57.0034    | 72.9000    | 13.5427    | 16.1500   
8      | 45.9514    | 48.7500    | 34.4393    | 31.9000   
9      | 44.4484    | 46.3750    | 38.3539    | 34.3250   

PSTEPS = 100, TSTEPS = 50000

TIME TAKEN = 284.08611 ms
Run 10

 GPU ACCELERATED IMPLEMENTATION
--------------------------------------------------------------

Index  | Call Model | Call Actual | Put Model  | Put Actual
--------------------------------------------------------------
0      | 47.7779    | 51.7000    | 31.0197    | 29.6500   
1      | 48.6943    | 53.6500    | 27.6518    | 27.3750   
2      | 50.1741    | 56.4000    | 24.9303    | 25.3500   
3      | 52.0290    | 59.9750    | 22.0093    | 23.2750   
4      | 53.4633    | 63.1750    | 19.2890    | 21.2000   
5      | 54.7577    | 66.3250    | 17.2807    | 19.5250   
6      | 56.0023    | 69.7250    | 15.2751    | 17.7500   
7      | 57.0034    | 72.9000    | 13.5427    | 16.1500   
8      | 45.9514    | 48.7500    | 34.4393    | 31.9000   
9      | 44.4484    | 46.3750    | 38.3539    | 34.3250   

PSTEPS = 100, TSTEPS = 50000

TIME TAKEN = 297.53258 ms
