Benchmarking: black_scholes_base with p=140, t=90000
Run 1

BASIC IMPLEMENTATION
--------------------------------------------------------------

Index  | Call Model | Call Actual | Put Model  | Put Actual
--------------------------------------------------------------
0      | 49.1963    | 51.7000    | 29.9946    | 29.6500   
1      | 50.4372    | 53.6500    | 26.5054    | 27.3750   
2      | 52.2839    | 56.4000    | 23.6946    | 25.3500   
3      | 54.5134    | 59.9750    | 20.6928    | 23.2750   
4      | 56.3066    | 63.1750    | 17.9220    | 21.2000   
5      | 57.9637    | 66.3250    | 15.8938    | 19.5250   
6      | 59.5591    | 69.7250    | 13.8765    | 17.7500   
7      | 60.8940    | 72.9000    | 12.1464    | 16.1500   
8      | 47.0182    | 48.7500    | 33.5832    | 31.9000   
9      | 45.1756    | 46.3750    | 37.6817    | 34.3250   

PSTEPS = 140, TSTEPS = 90000

TIME TAKEN = 4711.51981 ms
Run 2

BASIC IMPLEMENTATION
--------------------------------------------------------------

Index  | Call Model | Call Actual | Put Model  | Put Actual
--------------------------------------------------------------
0      | 49.1963    | 51.7000    | 29.9946    | 29.6500   
1      | 50.4372    | 53.6500    | 26.5054    | 27.3750   
2      | 52.2839    | 56.4000    | 23.6946    | 25.3500   
3      | 54.5134    | 59.9750    | 20.6928    | 23.2750   
4      | 56.3066    | 63.1750    | 17.9220    | 21.2000   
5      | 57.9637    | 66.3250    | 15.8938    | 19.5250   
6      | 59.5591    | 69.7250    | 13.8765    | 17.7500   
7      | 60.8940    | 72.9000    | 12.1464    | 16.1500   
8      | 47.0182    | 48.7500    | 33.5832    | 31.9000   
9      | 45.1756    | 46.3750    | 37.6817    | 34.3250   

PSTEPS = 140, TSTEPS = 90000

TIME TAKEN = 4714.37690 ms
Run 3

BASIC IMPLEMENTATION
--------------------------------------------------------------

Index  | Call Model | Call Actual | Put Model  | Put Actual
--------------------------------------------------------------
0      | 49.1963    | 51.7000    | 29.9946    | 29.6500   
1      | 50.4372    | 53.6500    | 26.5054    | 27.3750   
2      | 52.2839    | 56.4000    | 23.6946    | 25.3500   
3      | 54.5134    | 59.9750    | 20.6928    | 23.2750   
4      | 56.3066    | 63.1750    | 17.9220    | 21.2000   
5      | 57.9637    | 66.3250    | 15.8938    | 19.5250   
6      | 59.5591    | 69.7250    | 13.8765    | 17.7500   
7      | 60.8940    | 72.9000    | 12.1464    | 16.1500   
8      | 47.0182    | 48.7500    | 33.5832    | 31.9000   
9      | 45.1756    | 46.3750    | 37.6817    | 34.3250   

PSTEPS = 140, TSTEPS = 90000

TIME TAKEN = 4715.03302 ms
Run 4

BASIC IMPLEMENTATION
--------------------------------------------------------------

Index  | Call Model | Call Actual | Put Model  | Put Actual
--------------------------------------------------------------
0      | 49.1963    | 51.7000    | 29.9946    | 29.6500   
1      | 50.4372    | 53.6500    | 26.5054    | 27.3750   
2      | 52.2839    | 56.4000    | 23.6946    | 25.3500   
3      | 54.5134    | 59.9750    | 20.6928    | 23.2750   
4      | 56.3066    | 63.1750    | 17.9220    | 21.2000   
5      | 57.9637    | 66.3250    | 15.8938    | 19.5250   
6      | 59.5591    | 69.7250    | 13.8765    | 17.7500   
7      | 60.8940    | 72.9000    | 12.1464    | 16.1500   
8      | 47.0182    | 48.7500    | 33.5832    | 31.9000   
9      | 45.1756    | 46.3750    | 37.6817    | 34.3250   

PSTEPS = 140, TSTEPS = 90000

TIME TAKEN = 4696.34107 ms
Run 5

BASIC IMPLEMENTATION
--------------------------------------------------------------

Index  | Call Model | Call Actual | Put Model  | Put Actual
--------------------------------------------------------------
0      | 49.1963    | 51.7000    | 29.9946    | 29.6500   
1      | 50.4372    | 53.6500    | 26.5054    | 27.3750   
2      | 52.2839    | 56.4000    | 23.6946    | 25.3500   
3      | 54.5134    | 59.9750    | 20.6928    | 23.2750   
4      | 56.3066    | 63.1750    | 17.9220    | 21.2000   
5      | 57.9637    | 66.3250    | 15.8938    | 19.5250   
6      | 59.5591    | 69.7250    | 13.8765    | 17.7500   
7      | 60.8940    | 72.9000    | 12.1464    | 16.1500   
8      | 47.0182    | 48.7500    | 33.5832    | 31.9000   
9      | 45.1756    | 46.3750    | 37.6817    | 34.3250   

PSTEPS = 140, TSTEPS = 90000

TIME TAKEN = 4730.12663 ms
Run 6

BASIC IMPLEMENTATION
--------------------------------------------------------------

Index  | Call Model | Call Actual | Put Model  | Put Actual
--------------------------------------------------------------
0      | 49.1963    | 51.7000    | 29.9946    | 29.6500   
1      | 50.4372    | 53.6500    | 26.5054    | 27.3750   
2      | 52.2839    | 56.4000    | 23.6946    | 25.3500   
3      | 54.5134    | 59.9750    | 20.6928    | 23.2750   
4      | 56.3066    | 63.1750    | 17.9220    | 21.2000   
5      | 57.9637    | 66.3250    | 15.8938    | 19.5250   
6      | 59.5591    | 69.7250    | 13.8765    | 17.7500   
7      | 60.8940    | 72.9000    | 12.1464    | 16.1500   
8      | 47.0182    | 48.7500    | 33.5832    | 31.9000   
9      | 45.1756    | 46.3750    | 37.6817    | 34.3250   

PSTEPS = 140, TSTEPS = 90000

TIME TAKEN = 4730.14091 ms
Run 7

BASIC IMPLEMENTATION
--------------------------------------------------------------

Index  | Call Model | Call Actual | Put Model  | Put Actual
--------------------------------------------------------------
0      | 49.1963    | 51.7000    | 29.9946    | 29.6500   
1      | 50.4372    | 53.6500    | 26.5054    | 27.3750   
2      | 52.2839    | 56.4000    | 23.6946    | 25.3500   
3      | 54.5134    | 59.9750    | 20.6928    | 23.2750   
4      | 56.3066    | 63.1750    | 17.9220    | 21.2000   
5      | 57.9637    | 66.3250    | 15.8938    | 19.5250   
6      | 59.5591    | 69.7250    | 13.8765    | 17.7500   
7      | 60.8940    | 72.9000    | 12.1464    | 16.1500   
8      | 47.0182    | 48.7500    | 33.5832    | 31.9000   
9      | 45.1756    | 46.3750    | 37.6817    | 34.3250   

PSTEPS = 140, TSTEPS = 90000

TIME TAKEN = 4715.77514 ms
Run 8

BASIC IMPLEMENTATION
--------------------------------------------------------------

Index  | Call Model | Call Actual | Put Model  | Put Actual
--------------------------------------------------------------
0      | 49.1963    | 51.7000    | 29.9946    | 29.6500   
1      | 50.4372    | 53.6500    | 26.5054    | 27.3750   
2      | 52.2839    | 56.4000    | 23.6946    | 25.3500   
3      | 54.5134    | 59.9750    | 20.6928    | 23.2750   
4      | 56.3066    | 63.1750    | 17.9220    | 21.2000   
5      | 57.9637    | 66.3250    | 15.8938    | 19.5250   
6      | 59.5591    | 69.7250    | 13.8765    | 17.7500   
7      | 60.8940    | 72.9000    | 12.1464    | 16.1500   
8      | 47.0182    | 48.7500    | 33.5832    | 31.9000   
9      | 45.1756    | 46.3750    | 37.6817    | 34.3250   

PSTEPS = 140, TSTEPS = 90000

TIME TAKEN = 4734.42478 ms
Run 9

BASIC IMPLEMENTATION
--------------------------------------------------------------

Index  | Call Model | Call Actual | Put Model  | Put Actual
--------------------------------------------------------------
0      | 49.1963    | 51.7000    | 29.9946    | 29.6500   
1      | 50.4372    | 53.6500    | 26.5054    | 27.3750   
2      | 52.2839    | 56.4000    | 23.6946    | 25.3500   
3      | 54.5134    | 59.9750    | 20.6928    | 23.2750   
4      | 56.3066    | 63.1750    | 17.9220    | 21.2000   
5      | 57.9637    | 66.3250    | 15.8938    | 19.5250   
6      | 59.5591    | 69.7250    | 13.8765    | 17.7500   
7      | 60.8940    | 72.9000    | 12.1464    | 16.1500   
8      | 47.0182    | 48.7500    | 33.5832    | 31.9000   
9      | 45.1756    | 46.3750    | 37.6817    | 34.3250   

PSTEPS = 140, TSTEPS = 90000

TIME TAKEN = 4726.94071 ms
Run 10

BASIC IMPLEMENTATION
--------------------------------------------------------------

Index  | Call Model | Call Actual | Put Model  | Put Actual
--------------------------------------------------------------
0      | 49.1963    | 51.7000    | 29.9946    | 29.6500   
1      | 50.4372    | 53.6500    | 26.5054    | 27.3750   
2      | 52.2839    | 56.4000    | 23.6946    | 25.3500   
3      | 54.5134    | 59.9750    | 20.6928    | 23.2750   
4      | 56.3066    | 63.1750    | 17.9220    | 21.2000   
5      | 57.9637    | 66.3250    | 15.8938    | 19.5250   
6      | 59.5591    | 69.7250    | 13.8765    | 17.7500   
7      | 60.8940    | 72.9000    | 12.1464    | 16.1500   
8      | 47.0182    | 48.7500    | 33.5832    | 31.9000   
9      | 45.1756    | 46.3750    | 37.6817    | 34.3250   

PSTEPS = 140, TSTEPS = 90000

TIME TAKEN = 4706.79737 ms
