Benchmarking: black_scholes_base with p=160, t=40000
Run 1

BASIC IMPLEMENTATION
--------------------------------------------------------------

Index  | Call Model | Call Actual | Put Model  | Put Actual
--------------------------------------------------------------
0      | 49.9266    | 51.7000    | 29.5123    | 29.6500   
1      | 51.3352    | 53.6500    | 25.9658    | 27.3750   
2      | 53.3610    | 56.4000    | 23.1037    | 25.3500   
3      | 55.7828    | 59.9750    | 20.0641    | 23.2750   
4      | 57.7646    | 63.1750    | 17.2742    | 21.2000   
5      | 59.6031    | 66.3250    | 15.2330    | 19.5250   
6      | 61.3824    | 69.7250    | 13.2148    | 17.7500   
7      | 62.8952    | 72.9000    | 11.4927    | 16.1500   
8      | 47.5706    | 48.7500    | 33.1848    | 31.9000   
9      | 45.5560    | 46.3750    | 37.3741    | 34.3250   

PSTEPS = 160, TSTEPS = 40000

TIME TAKEN = 2387.67162 ms
Run 2

BASIC IMPLEMENTATION
--------------------------------------------------------------

Index  | Call Model | Call Actual | Put Model  | Put Actual
--------------------------------------------------------------
0      | 49.9266    | 51.7000    | 29.5123    | 29.6500   
1      | 51.3352    | 53.6500    | 25.9658    | 27.3750   
2      | 53.3610    | 56.4000    | 23.1037    | 25.3500   
3      | 55.7828    | 59.9750    | 20.0641    | 23.2750   
4      | 57.7646    | 63.1750    | 17.2742    | 21.2000   
5      | 59.6031    | 66.3250    | 15.2330    | 19.5250   
6      | 61.3824    | 69.7250    | 13.2148    | 17.7500   
7      | 62.8952    | 72.9000    | 11.4927    | 16.1500   
8      | 47.5706    | 48.7500    | 33.1848    | 31.9000   
9      | 45.5560    | 46.3750    | 37.3741    | 34.3250   

PSTEPS = 160, TSTEPS = 40000

TIME TAKEN = 2385.54108 ms
Run 3

BASIC IMPLEMENTATION
--------------------------------------------------------------

Index  | Call Model | Call Actual | Put Model  | Put Actual
--------------------------------------------------------------
0      | 49.9266    | 51.7000    | 29.5123    | 29.6500   
1      | 51.3352    | 53.6500    | 25.9658    | 27.3750   
2      | 53.3610    | 56.4000    | 23.1037    | 25.3500   
3      | 55.7828    | 59.9750    | 20.0641    | 23.2750   
4      | 57.7646    | 63.1750    | 17.2742    | 21.2000   
5      | 59.6031    | 66.3250    | 15.2330    | 19.5250   
6      | 61.3824    | 69.7250    | 13.2148    | 17.7500   
7      | 62.8952    | 72.9000    | 11.4927    | 16.1500   
8      | 47.5706    | 48.7500    | 33.1848    | 31.9000   
9      | 45.5560    | 46.3750    | 37.3741    | 34.3250   

PSTEPS = 160, TSTEPS = 40000

TIME TAKEN = 2377.26083 ms
Run 4

BASIC IMPLEMENTATION
--------------------------------------------------------------

Index  | Call Model | Call Actual | Put Model  | Put Actual
--------------------------------------------------------------
0      | 49.9266    | 51.7000    | 29.5123    | 29.6500   
1      | 51.3352    | 53.6500    | 25.9658    | 27.3750   
2      | 53.3610    | 56.4000    | 23.1037    | 25.3500   
3      | 55.7828    | 59.9750    | 20.0641    | 23.2750   
4      | 57.7646    | 63.1750    | 17.2742    | 21.2000   
5      | 59.6031    | 66.3250    | 15.2330    | 19.5250   
6      | 61.3824    | 69.7250    | 13.2148    | 17.7500   
7      | 62.8952    | 72.9000    | 11.4927    | 16.1500   
8      | 47.5706    | 48.7500    | 33.1848    | 31.9000   
9      | 45.5560    | 46.3750    | 37.3741    | 34.3250   

PSTEPS = 160, TSTEPS = 40000

TIME TAKEN = 2368.22912 ms
Run 5

BASIC IMPLEMENTATION
--------------------------------------------------------------

Index  | Call Model | Call Actual | Put Model  | Put Actual
--------------------------------------------------------------
0      | 49.9266    | 51.7000    | 29.5123    | 29.6500   
1      | 51.3352    | 53.6500    | 25.9658    | 27.3750   
2      | 53.3610    | 56.4000    | 23.1037    | 25.3500   
3      | 55.7828    | 59.9750    | 20.0641    | 23.2750   
4      | 57.7646    | 63.1750    | 17.2742    | 21.2000   
5      | 59.6031    | 66.3250    | 15.2330    | 19.5250   
6      | 61.3824    | 69.7250    | 13.2148    | 17.7500   
7      | 62.8952    | 72.9000    | 11.4927    | 16.1500   
8      | 47.5706    | 48.7500    | 33.1848    | 31.9000   
9      | 45.5560    | 46.3750    | 37.3741    | 34.3250   

PSTEPS = 160, TSTEPS = 40000

TIME TAKEN = 2369.29887 ms
Run 6

BASIC IMPLEMENTATION
--------------------------------------------------------------

Index  | Call Model | Call Actual | Put Model  | Put Actual
--------------------------------------------------------------
0      | 49.9266    | 51.7000    | 29.5123    | 29.6500   
1      | 51.3352    | 53.6500    | 25.9658    | 27.3750   
2      | 53.3610    | 56.4000    | 23.1037    | 25.3500   
3      | 55.7828    | 59.9750    | 20.0641    | 23.2750   
4      | 57.7646    | 63.1750    | 17.2742    | 21.2000   
5      | 59.6031    | 66.3250    | 15.2330    | 19.5250   
6      | 61.3824    | 69.7250    | 13.2148    | 17.7500   
7      | 62.8952    | 72.9000    | 11.4927    | 16.1500   
8      | 47.5706    | 48.7500    | 33.1848    | 31.9000   
9      | 45.5560    | 46.3750    | 37.3741    | 34.3250   

PSTEPS = 160, TSTEPS = 40000

TIME TAKEN = 2367.70102 ms
Run 7

BASIC IMPLEMENTATION
--------------------------------------------------------------

Index  | Call Model | Call Actual | Put Model  | Put Actual
--------------------------------------------------------------
0      | 49.9266    | 51.7000    | 29.5123    | 29.6500   
1      | 51.3352    | 53.6500    | 25.9658    | 27.3750   
2      | 53.3610    | 56.4000    | 23.1037    | 25.3500   
3      | 55.7828    | 59.9750    | 20.0641    | 23.2750   
4      | 57.7646    | 63.1750    | 17.2742    | 21.2000   
5      | 59.6031    | 66.3250    | 15.2330    | 19.5250   
6      | 61.3824    | 69.7250    | 13.2148    | 17.7500   
7      | 62.8952    | 72.9000    | 11.4927    | 16.1500   
8      | 47.5706    | 48.7500    | 33.1848    | 31.9000   
9      | 45.5560    | 46.3750    | 37.3741    | 34.3250   

PSTEPS = 160, TSTEPS = 40000

TIME TAKEN = 2385.41989 ms
Run 8

BASIC IMPLEMENTATION
--------------------------------------------------------------

Index  | Call Model | Call Actual | Put Model  | Put Actual
--------------------------------------------------------------
0      | 49.9266    | 51.7000    | 29.5123    | 29.6500   
1      | 51.3352    | 53.6500    | 25.9658    | 27.3750   
2      | 53.3610    | 56.4000    | 23.1037    | 25.3500   
3      | 55.7828    | 59.9750    | 20.0641    | 23.2750   
4      | 57.7646    | 63.1750    | 17.2742    | 21.2000   
5      | 59.6031    | 66.3250    | 15.2330    | 19.5250   
6      | 61.3824    | 69.7250    | 13.2148    | 17.7500   
7      | 62.8952    | 72.9000    | 11.4927    | 16.1500   
8      | 47.5706    | 48.7500    | 33.1848    | 31.9000   
9      | 45.5560    | 46.3750    | 37.3741    | 34.3250   

PSTEPS = 160, TSTEPS = 40000

TIME TAKEN = 2377.54731 ms
Run 9

BASIC IMPLEMENTATION
--------------------------------------------------------------

Index  | Call Model | Call Actual | Put Model  | Put Actual
--------------------------------------------------------------
0      | 49.9266    | 51.7000    | 29.5123    | 29.6500   
1      | 51.3352    | 53.6500    | 25.9658    | 27.3750   
2      | 53.3610    | 56.4000    | 23.1037    | 25.3500   
3      | 55.7828    | 59.9750    | 20.0641    | 23.2750   
4      | 57.7646    | 63.1750    | 17.2742    | 21.2000   
5      | 59.6031    | 66.3250    | 15.2330    | 19.5250   
6      | 61.3824    | 69.7250    | 13.2148    | 17.7500   
7      | 62.8952    | 72.9000    | 11.4927    | 16.1500   
8      | 47.5706    | 48.7500    | 33.1848    | 31.9000   
9      | 45.5560    | 46.3750    | 37.3741    | 34.3250   

PSTEPS = 160, TSTEPS = 40000

TIME TAKEN = 2367.80371 ms
Run 10

BASIC IMPLEMENTATION
--------------------------------------------------------------

Index  | Call Model | Call Actual | Put Model  | Put Actual
--------------------------------------------------------------
0      | 49.9266    | 51.7000    | 29.5123    | 29.6500   
1      | 51.3352    | 53.6500    | 25.9658    | 27.3750   
2      | 53.3610    | 56.4000    | 23.1037    | 25.3500   
3      | 55.7828    | 59.9750    | 20.0641    | 23.2750   
4      | 57.7646    | 63.1750    | 17.2742    | 21.2000   
5      | 59.6031    | 66.3250    | 15.2330    | 19.5250   
6      | 61.3824    | 69.7250    | 13.2148    | 17.7500   
7      | 62.8952    | 72.9000    | 11.4927    | 16.1500   
8      | 47.5706    | 48.7500    | 33.1848    | 31.9000   
9      | 45.5560    | 46.3750    | 37.3741    | 34.3250   

PSTEPS = 160, TSTEPS = 40000

TIME TAKEN = 2367.94468 ms
