Benchmarking: black_scholes_hybrid2 with p=140, t=20000
Run 1

 HYBRID IMPLEMENTATION 2
--------------------------------------------------------------

Index  | Call Model | Call Actual | Put Model  | Put Actual
--------------------------------------------------------------
0      | 49.1965    | 51.7000    | 29.9948    | 29.6500   
1      | 50.4374    | 53.6500    | 26.5056    | 27.3750   
2      | 52.2842    | 56.4000    | 23.6948    | 25.3500   
3      | 54.5136    | 59.9750    | 20.6930    | 23.2750   
4      | 56.3069    | 63.1750    | 17.9222    | 21.2000   
5      | 57.9639    | 66.3250    | 15.8940    | 19.5250   
6      | 59.5593    | 69.7250    | 13.8767    | 17.7500   
7      | 60.8942    | 72.9000    | 12.1466    | 16.1500   
8      | 47.0184    | 48.7500    | 33.5833    | 31.9000   
9      | 45.1758    | 46.3750    | 37.6817    | 34.3250   

PSTEPS = 140, TSTEPS = 20000

TIME TAKEN = 406.14769 ms
Run 2

 HYBRID IMPLEMENTATION 2
--------------------------------------------------------------

Index  | Call Model | Call Actual | Put Model  | Put Actual
--------------------------------------------------------------
0      | 49.1965    | 51.7000    | 29.9948    | 29.6500   
1      | 50.4374    | 53.6500    | 26.5056    | 27.3750   
2      | 52.2842    | 56.4000    | 23.6948    | 25.3500   
3      | 54.5136    | 59.9750    | 20.6930    | 23.2750   
4      | 56.3069    | 63.1750    | 17.9222    | 21.2000   
5      | 57.9639    | 66.3250    | 15.8940    | 19.5250   
6      | 59.5593    | 69.7250    | 13.8767    | 17.7500   
7      | 60.8942    | 72.9000    | 12.1466    | 16.1500   
8      | 47.0184    | 48.7500    | 33.5833    | 31.9000   
9      | 45.1758    | 46.3750    | 37.6817    | 34.3250   

PSTEPS = 140, TSTEPS = 20000

TIME TAKEN = 415.12854 ms
Run 3

 HYBRID IMPLEMENTATION 2
--------------------------------------------------------------

Index  | Call Model | Call Actual | Put Model  | Put Actual
--------------------------------------------------------------
0      | 49.1965    | 51.7000    | 29.9948    | 29.6500   
1      | 50.4374    | 53.6500    | 26.5056    | 27.3750   
2      | 52.2842    | 56.4000    | 23.6948    | 25.3500   
3      | 54.5136    | 59.9750    | 20.6930    | 23.2750   
4      | 56.3069    | 63.1750    | 17.9222    | 21.2000   
5      | 57.9639    | 66.3250    | 15.8940    | 19.5250   
6      | 59.5593    | 69.7250    | 13.8767    | 17.7500   
7      | 60.8942    | 72.9000    | 12.1466    | 16.1500   
8      | 47.0184    | 48.7500    | 33.5833    | 31.9000   
9      | 45.1758    | 46.3750    | 37.6817    | 34.3250   

PSTEPS = 140, TSTEPS = 20000

TIME TAKEN = 398.73938 ms
Run 4

 HYBRID IMPLEMENTATION 2
--------------------------------------------------------------

Index  | Call Model | Call Actual | Put Model  | Put Actual
--------------------------------------------------------------
0      | 49.1965    | 51.7000    | 29.9948    | 29.6500   
1      | 50.4374    | 53.6500    | 26.5056    | 27.3750   
2      | 52.2842    | 56.4000    | 23.6948    | 25.3500   
3      | 54.5136    | 59.9750    | 20.6930    | 23.2750   
4      | 56.3069    | 63.1750    | 17.9222    | 21.2000   
5      | 57.9639    | 66.3250    | 15.8940    | 19.5250   
6      | 59.5593    | 69.7250    | 13.8767    | 17.7500   
7      | 60.8942    | 72.9000    | 12.1466    | 16.1500   
8      | 47.0184    | 48.7500    | 33.5833    | 31.9000   
9      | 45.1758    | 46.3750    | 37.6817    | 34.3250   

PSTEPS = 140, TSTEPS = 20000

TIME TAKEN = 390.07888 ms
Run 5

 HYBRID IMPLEMENTATION 2
--------------------------------------------------------------

Index  | Call Model | Call Actual | Put Model  | Put Actual
--------------------------------------------------------------
0      | 49.1965    | 51.7000    | 29.9948    | 29.6500   
1      | 50.4374    | 53.6500    | 26.5056    | 27.3750   
2      | 52.2842    | 56.4000    | 23.6948    | 25.3500   
3      | 54.5136    | 59.9750    | 20.6930    | 23.2750   
4      | 56.3069    | 63.1750    | 17.9222    | 21.2000   
5      | 57.9639    | 66.3250    | 15.8940    | 19.5250   
6      | 59.5593    | 69.7250    | 13.8767    | 17.7500   
7      | 60.8942    | 72.9000    | 12.1466    | 16.1500   
8      | 47.0184    | 48.7500    | 33.5833    | 31.9000   
9      | 45.1758    | 46.3750    | 37.6817    | 34.3250   

PSTEPS = 140, TSTEPS = 20000

TIME TAKEN = 412.49032 ms
Run 6

 HYBRID IMPLEMENTATION 2
--------------------------------------------------------------

Index  | Call Model | Call Actual | Put Model  | Put Actual
--------------------------------------------------------------
0      | 49.1965    | 51.7000    | 29.9948    | 29.6500   
1      | 50.4374    | 53.6500    | 26.5056    | 27.3750   
2      | 52.2842    | 56.4000    | 23.6948    | 25.3500   
3      | 54.5136    | 59.9750    | 20.6930    | 23.2750   
4      | 56.3069    | 63.1750    | 17.9222    | 21.2000   
5      | 57.9639    | 66.3250    | 15.8940    | 19.5250   
6      | 59.5593    | 69.7250    | 13.8767    | 17.7500   
7      | 60.8942    | 72.9000    | 12.1466    | 16.1500   
8      | 47.0184    | 48.7500    | 33.5833    | 31.9000   
9      | 45.1758    | 46.3750    | 37.6817    | 34.3250   

PSTEPS = 140, TSTEPS = 20000

TIME TAKEN = 439.94801 ms
Run 7

 HYBRID IMPLEMENTATION 2
--------------------------------------------------------------

Index  | Call Model | Call Actual | Put Model  | Put Actual
--------------------------------------------------------------
0      | 49.1965    | 51.7000    | 29.9948    | 29.6500   
1      | 50.4374    | 53.6500    | 26.5056    | 27.3750   
2      | 52.2842    | 56.4000    | 23.6948    | 25.3500   
3      | 54.5136    | 59.9750    | 20.6930    | 23.2750   
4      | 56.3069    | 63.1750    | 17.9222    | 21.2000   
5      | 57.9639    | 66.3250    | 15.8940    | 19.5250   
6      | 59.5593    | 69.7250    | 13.8767    | 17.7500   
7      | 60.8942    | 72.9000    | 12.1466    | 16.1500   
8      | 47.0184    | 48.7500    | 33.5833    | 31.9000   
9      | 45.1758    | 46.3750    | 37.6817    | 34.3250   

PSTEPS = 140, TSTEPS = 20000

TIME TAKEN = 430.50750 ms
Run 8

 HYBRID IMPLEMENTATION 2
--------------------------------------------------------------

Index  | Call Model | Call Actual | Put Model  | Put Actual
--------------------------------------------------------------
0      | 49.1965    | 51.7000    | 29.9948    | 29.6500   
1      | 50.4374    | 53.6500    | 26.5056    | 27.3750   
2      | 52.2842    | 56.4000    | 23.6948    | 25.3500   
3      | 54.5136    | 59.9750    | 20.6930    | 23.2750   
4      | 56.3069    | 63.1750    | 17.9222    | 21.2000   
5      | 57.9639    | 66.3250    | 15.8940    | 19.5250   
6      | 59.5593    | 69.7250    | 13.8767    | 17.7500   
7      | 60.8942    | 72.9000    | 12.1466    | 16.1500   
8      | 47.0184    | 48.7500    | 33.5833    | 31.9000   
9      | 45.1758    | 46.3750    | 37.6817    | 34.3250   

PSTEPS = 140, TSTEPS = 20000

TIME TAKEN = 438.62922 ms
Run 9

 HYBRID IMPLEMENTATION 2
--------------------------------------------------------------

Index  | Call Model | Call Actual | Put Model  | Put Actual
--------------------------------------------------------------
0      | 49.1965    | 51.7000    | 29.9948    | 29.6500   
1      | 50.4374    | 53.6500    | 26.5056    | 27.3750   
2      | 52.2842    | 56.4000    | 23.6948    | 25.3500   
3      | 54.5136    | 59.9750    | 20.6930    | 23.2750   
4      | 56.3069    | 63.1750    | 17.9222    | 21.2000   
5      | 57.9639    | 66.3250    | 15.8940    | 19.5250   
6      | 59.5593    | 69.7250    | 13.8767    | 17.7500   
7      | 60.8942    | 72.9000    | 12.1466    | 16.1500   
8      | 47.0184    | 48.7500    | 33.5833    | 31.9000   
9      | 45.1758    | 46.3750    | 37.6817    | 34.3250   

PSTEPS = 140, TSTEPS = 20000

TIME TAKEN = 430.39573 ms
Run 10

 HYBRID IMPLEMENTATION 2
--------------------------------------------------------------

Index  | Call Model | Call Actual | Put Model  | Put Actual
--------------------------------------------------------------
0      | 49.1965    | 51.7000    | 29.9948    | 29.6500   
1      | 50.4374    | 53.6500    | 26.5056    | 27.3750   
2      | 52.2842    | 56.4000    | 23.6948    | 25.3500   
3      | 54.5136    | 59.9750    | 20.6930    | 23.2750   
4      | 56.3069    | 63.1750    | 17.9222    | 21.2000   
5      | 57.9639    | 66.3250    | 15.8940    | 19.5250   
6      | 59.5593    | 69.7250    | 13.8767    | 17.7500   
7      | 60.8942    | 72.9000    | 12.1466    | 16.1500   
8      | 47.0184    | 48.7500    | 33.5833    | 31.9000   
9      | 45.1758    | 46.3750    | 37.6817    | 34.3250   

PSTEPS = 140, TSTEPS = 20000

TIME TAKEN = 406.39622 ms
