Benchmarking: black_scholes_cpu_acc with p=60, t=60000
Run 1

 CPU ACCELERATED IMPLEMENTATION
--------------------------------------------------------------

Index  | Call Model | Call Actual | Put Model  | Put Actual
--------------------------------------------------------------
0      | 46.3912    | 51.7000    | 32.1872    | 29.6500   
1      | 46.9434    | 53.6500    | 28.8932    | 27.3750   
2      | 48.1458    | 56.4000    | 26.3406    | 25.3500   
3      | 49.6022    | 59.9750    | 23.4672    | 23.2750   
4      | 50.7088    | 63.1750    | 20.8185    | 21.2000   
5      | 51.6874    | 66.3250    | 18.8657    | 19.5250   
6      | 52.5652    | 69.7250    | 16.8434    | 17.7500   
7      | 53.2799    | 72.9000    | 15.1437    | 16.1500   
8      | 44.9047    | 48.7500    | 35.4341    | 31.9000   
9      | 43.6770    | 46.3750    | 39.1071    | 34.3250   

PSTEPS = 60, TSTEPS = 60000

TIME TAKEN = 95.70860 ms
Run 2

 CPU ACCELERATED IMPLEMENTATION
--------------------------------------------------------------

Index  | Call Model | Call Actual | Put Model  | Put Actual
--------------------------------------------------------------
0      | 46.3912    | 51.7000    | 32.1872    | 29.6500   
1      | 46.9434    | 53.6500    | 28.8932    | 27.3750   
2      | 48.1458    | 56.4000    | 26.3406    | 25.3500   
3      | 49.6022    | 59.9750    | 23.4672    | 23.2750   
4      | 50.7088    | 63.1750    | 20.8185    | 21.2000   
5      | 51.6874    | 66.3250    | 18.8657    | 19.5250   
6      | 52.5652    | 69.7250    | 16.8434    | 17.7500   
7      | 53.2799    | 72.9000    | 15.1437    | 16.1500   
8      | 44.9047    | 48.7500    | 35.4341    | 31.9000   
9      | 43.6770    | 46.3750    | 39.1071    | 34.3250   

PSTEPS = 60, TSTEPS = 60000

TIME TAKEN = 95.88949 ms
Run 3

 CPU ACCELERATED IMPLEMENTATION
--------------------------------------------------------------

Index  | Call Model | Call Actual | Put Model  | Put Actual
--------------------------------------------------------------
0      | 46.3912    | 51.7000    | 32.1872    | 29.6500   
1      | 46.9434    | 53.6500    | 28.8932    | 27.3750   
2      | 48.1458    | 56.4000    | 26.3406    | 25.3500   
3      | 49.6022    | 59.9750    | 23.4672    | 23.2750   
4      | 50.7088    | 63.1750    | 20.8185    | 21.2000   
5      | 51.6874    | 66.3250    | 18.8657    | 19.5250   
6      | 52.5652    | 69.7250    | 16.8434    | 17.7500   
7      | 53.2799    | 72.9000    | 15.1437    | 16.1500   
8      | 44.9047    | 48.7500    | 35.4341    | 31.9000   
9      | 43.6770    | 46.3750    | 39.1071    | 34.3250   

PSTEPS = 60, TSTEPS = 60000

TIME TAKEN = 95.65120 ms
Run 4

 CPU ACCELERATED IMPLEMENTATION
--------------------------------------------------------------

Index  | Call Model | Call Actual | Put Model  | Put Actual
--------------------------------------------------------------
0      | 46.3912    | 51.7000    | 32.1872    | 29.6500   
1      | 46.9434    | 53.6500    | 28.8932    | 27.3750   
2      | 48.1458    | 56.4000    | 26.3406    | 25.3500   
3      | 49.6022    | 59.9750    | 23.4672    | 23.2750   
4      | 50.7088    | 63.1750    | 20.8185    | 21.2000   
5      | 51.6874    | 66.3250    | 18.8657    | 19.5250   
6      | 52.5652    | 69.7250    | 16.8434    | 17.7500   
7      | 53.2799    | 72.9000    | 15.1437    | 16.1500   
8      | 44.9047    | 48.7500    | 35.4341    | 31.9000   
9      | 43.6770    | 46.3750    | 39.1071    | 34.3250   

PSTEPS = 60, TSTEPS = 60000

TIME TAKEN = 95.87612 ms
Run 5

 CPU ACCELERATED IMPLEMENTATION
--------------------------------------------------------------

Index  | Call Model | Call Actual | Put Model  | Put Actual
--------------------------------------------------------------
0      | 46.3912    | 51.7000    | 32.1872    | 29.6500   
1      | 46.9434    | 53.6500    | 28.8932    | 27.3750   
2      | 48.1458    | 56.4000    | 26.3406    | 25.3500   
3      | 49.6022    | 59.9750    | 23.4672    | 23.2750   
4      | 50.7088    | 63.1750    | 20.8185    | 21.2000   
5      | 51.6874    | 66.3250    | 18.8657    | 19.5250   
6      | 52.5652    | 69.7250    | 16.8434    | 17.7500   
7      | 53.2799    | 72.9000    | 15.1437    | 16.1500   
8      | 44.9047    | 48.7500    | 35.4341    | 31.9000   
9      | 43.6770    | 46.3750    | 39.1071    | 34.3250   

PSTEPS = 60, TSTEPS = 60000

TIME TAKEN = 95.92257 ms
Run 6

 CPU ACCELERATED IMPLEMENTATION
--------------------------------------------------------------

Index  | Call Model | Call Actual | Put Model  | Put Actual
--------------------------------------------------------------
0      | 46.3912    | 51.7000    | 32.1872    | 29.6500   
1      | 46.9434    | 53.6500    | 28.8932    | 27.3750   
2      | 48.1458    | 56.4000    | 26.3406    | 25.3500   
3      | 49.6022    | 59.9750    | 23.4672    | 23.2750   
4      | 50.7088    | 63.1750    | 20.8185    | 21.2000   
5      | 51.6874    | 66.3250    | 18.8657    | 19.5250   
6      | 52.5652    | 69.7250    | 16.8434    | 17.7500   
7      | 53.2799    | 72.9000    | 15.1437    | 16.1500   
8      | 44.9047    | 48.7500    | 35.4341    | 31.9000   
9      | 43.6770    | 46.3750    | 39.1071    | 34.3250   

PSTEPS = 60, TSTEPS = 60000

TIME TAKEN = 95.70389 ms
Run 7

 CPU ACCELERATED IMPLEMENTATION
--------------------------------------------------------------

Index  | Call Model | Call Actual | Put Model  | Put Actual
--------------------------------------------------------------
0      | 46.3912    | 51.7000    | 32.1872    | 29.6500   
1      | 46.9434    | 53.6500    | 28.8932    | 27.3750   
2      | 48.1458    | 56.4000    | 26.3406    | 25.3500   
3      | 49.6022    | 59.9750    | 23.4672    | 23.2750   
4      | 50.7088    | 63.1750    | 20.8185    | 21.2000   
5      | 51.6874    | 66.3250    | 18.8657    | 19.5250   
6      | 52.5652    | 69.7250    | 16.8434    | 17.7500   
7      | 53.2799    | 72.9000    | 15.1437    | 16.1500   
8      | 44.9047    | 48.7500    | 35.4341    | 31.9000   
9      | 43.6770    | 46.3750    | 39.1071    | 34.3250   

PSTEPS = 60, TSTEPS = 60000

TIME TAKEN = 95.60889 ms
Run 8

 CPU ACCELERATED IMPLEMENTATION
--------------------------------------------------------------

Index  | Call Model | Call Actual | Put Model  | Put Actual
--------------------------------------------------------------
0      | 46.3912    | 51.7000    | 32.1872    | 29.6500   
1      | 46.9434    | 53.6500    | 28.8932    | 27.3750   
2      | 48.1458    | 56.4000    | 26.3406    | 25.3500   
3      | 49.6022    | 59.9750    | 23.4672    | 23.2750   
4      | 50.7088    | 63.1750    | 20.8185    | 21.2000   
5      | 51.6874    | 66.3250    | 18.8657    | 19.5250   
6      | 52.5652    | 69.7250    | 16.8434    | 17.7500   
7      | 53.2799    | 72.9000    | 15.1437    | 16.1500   
8      | 44.9047    | 48.7500    | 35.4341    | 31.9000   
9      | 43.6770    | 46.3750    | 39.1071    | 34.3250   

PSTEPS = 60, TSTEPS = 60000

TIME TAKEN = 95.68329 ms
Run 9

 CPU ACCELERATED IMPLEMENTATION
--------------------------------------------------------------

Index  | Call Model | Call Actual | Put Model  | Put Actual
--------------------------------------------------------------
0      | 46.3912    | 51.7000    | 32.1872    | 29.6500   
1      | 46.9434    | 53.6500    | 28.8932    | 27.3750   
2      | 48.1458    | 56.4000    | 26.3406    | 25.3500   
3      | 49.6022    | 59.9750    | 23.4672    | 23.2750   
4      | 50.7088    | 63.1750    | 20.8185    | 21.2000   
5      | 51.6874    | 66.3250    | 18.8657    | 19.5250   
6      | 52.5652    | 69.7250    | 16.8434    | 17.7500   
7      | 53.2799    | 72.9000    | 15.1437    | 16.1500   
8      | 44.9047    | 48.7500    | 35.4341    | 31.9000   
9      | 43.6770    | 46.3750    | 39.1071    | 34.3250   

PSTEPS = 60, TSTEPS = 60000

TIME TAKEN = 95.50072 ms
Run 10

 CPU ACCELERATED IMPLEMENTATION
--------------------------------------------------------------

Index  | Call Model | Call Actual | Put Model  | Put Actual
--------------------------------------------------------------
0      | 46.3912    | 51.7000    | 32.1872    | 29.6500   
1      | 46.9434    | 53.6500    | 28.8932    | 27.3750   
2      | 48.1458    | 56.4000    | 26.3406    | 25.3500   
3      | 49.6022    | 59.9750    | 23.4672    | 23.2750   
4      | 50.7088    | 63.1750    | 20.8185    | 21.2000   
5      | 51.6874    | 66.3250    | 18.8657    | 19.5250   
6      | 52.5652    | 69.7250    | 16.8434    | 17.7500   
7      | 53.2799    | 72.9000    | 15.1437    | 16.1500   
8      | 44.9047    | 48.7500    | 35.4341    | 31.9000   
9      | 43.6770    | 46.3750    | 39.1071    | 34.3250   

PSTEPS = 60, TSTEPS = 60000

TIME TAKEN = 95.55478 ms
