Benchmarking: black_scholes_hybrid1 with p=160, t=90000
Run 1

 HYBRID IMPLEMENTATION 1
--------------------------------------------------------------

Index  | Call Model | Call Actual | Put Model  | Put Actual
--------------------------------------------------------------
0      | 49.7685    | 51.7000    | 29.5123    | 29.6500   
1      | 51.3351    | 53.6500    | 25.9657    | 27.3750   
2      | 53.3610    | 56.4000    | 23.1037    | 25.3500   
3      | 55.7828    | 59.9750    | 20.0640    | 23.2750   
4      | 57.7645    | 63.1750    | 17.2741    | 21.2000   
5      | 59.6030    | 66.3250    | 15.2329    | 19.5250   
6      | 50.4337    | 69.7250    | 13.2147    | 17.7500   
7      | 55.3504    | 72.9000    | 11.4926    | 16.1500   
8      | 39.1240    | 48.7500    | 33.1846    | 31.9000   
9      | 40.0185    | 46.3750    | 37.3739    | 34.3250   

PSTEPS = 160, TSTEPS = 90000

TIME TAKEN = 699.98005 ms
Run 2

 HYBRID IMPLEMENTATION 1
--------------------------------------------------------------

Index  | Call Model | Call Actual | Put Model  | Put Actual
--------------------------------------------------------------
0      | 49.9266    | 51.7000    | 29.5123    | 29.6500   
1      | 51.3351    | 53.6500    | 25.9657    | 27.3750   
2      | 53.3610    | 56.4000    | 23.1037    | 25.3500   
3      | 55.7828    | 59.9750    | 20.0640    | 23.2750   
4      | 57.7645    | 63.1750    | 17.2741    | 21.2000   
5      | 59.6030    | 66.3250    | 15.2329    | 19.5250   
6      | 50.4336    | 69.7250    | 13.2147    | 17.7500   
7      | 55.3250    | 72.9000    | 11.4926    | 16.1500   
8      | 39.1238    | 48.7500    | 33.1846    | 31.9000   
9      | 40.0184    | 46.3750    | 37.3739    | 34.3250   

PSTEPS = 160, TSTEPS = 90000

TIME TAKEN = 654.02867 ms
Run 3

 HYBRID IMPLEMENTATION 1
--------------------------------------------------------------

Index  | Call Model | Call Actual | Put Model  | Put Actual
--------------------------------------------------------------
0      | 49.9266    | 51.7000    | 29.5123    | 29.6500   
1      | 51.3351    | 53.6500    | 25.9657    | 27.3750   
2      | 53.3610    | 56.4000    | 23.1037    | 25.3500   
3      | 55.5672    | 59.9750    | 20.0640    | 23.2750   
4      | 57.7645    | 63.1750    | 17.2741    | 21.2000   
5      | 59.6030    | 66.3250    | 15.2329    | 19.5250   
6      | 50.4336    | 69.7250    | 13.2147    | 17.7500   
7      | 55.3505    | 72.9000    | 11.4926    | 16.1500   
8      | 39.1240    | 48.7500    | 33.1846    | 31.9000   
9      | 40.0184    | 46.3750    | 37.3739    | 34.3250   

PSTEPS = 160, TSTEPS = 90000

TIME TAKEN = 657.84532 ms
Run 4

 HYBRID IMPLEMENTATION 1
--------------------------------------------------------------

Index  | Call Model | Call Actual | Put Model  | Put Actual
--------------------------------------------------------------
0      | 49.9266    | 51.7000    | 29.5123    | 29.6500   
1      | 51.3351    | 53.6500    | 25.9657    | 27.3750   
2      | 53.3604    | 56.4000    | 23.1037    | 25.3500   
3      | 55.7828    | 59.9750    | 20.0640    | 23.2750   
4      | 57.7645    | 63.1750    | 17.2741    | 21.2000   
5      | 59.6030    | 66.3250    | 15.2329    | 19.5250   
6      | 50.4336    | 69.7250    | 13.2147    | 17.7500   
7      | 55.3505    | 72.9000    | 11.4926    | 16.1500   
8      | 39.1239    | 48.7500    | 33.1846    | 31.9000   
9      | 40.0185    | 46.3750    | 37.3739    | 34.3250   

PSTEPS = 160, TSTEPS = 90000

TIME TAKEN = 669.29221 ms
Run 5

 HYBRID IMPLEMENTATION 1
--------------------------------------------------------------

Index  | Call Model | Call Actual | Put Model  | Put Actual
--------------------------------------------------------------
0      | 49.9266    | 51.7000    | 29.5123    | 29.6500   
1      | 51.3351    | 53.6500    | 25.9657    | 27.3750   
2      | 53.3610    | 56.4000    | 23.1037    | 25.3500   
3      | 55.7827    | 59.9750    | 20.0640    | 23.2750   
4      | 57.7645    | 63.1750    | 17.2741    | 21.2000   
5      | 59.6030    | 66.3250    | 15.2329    | 19.5250   
6      | 50.4336    | 69.7250    | 13.2147    | 17.7500   
7      | 55.3504    | 72.9000    | 11.4926    | 16.1500   
8      | 39.1239    | 48.7500    | 33.1846    | 31.9000   
9      | 40.0184    | 46.3750    | 37.3739    | 34.3250   

PSTEPS = 160, TSTEPS = 90000

TIME TAKEN = 640.67724 ms
Run 6

 HYBRID IMPLEMENTATION 1
--------------------------------------------------------------

Index  | Call Model | Call Actual | Put Model  | Put Actual
--------------------------------------------------------------
0      | 49.9266    | 51.7000    | 29.5123    | 29.6500   
1      | 51.3351    | 53.6500    | 25.9657    | 27.3750   
2      | 53.3610    | 56.4000    | 23.1037    | 25.3500   
3      | 55.7828    | 59.9750    | 20.0640    | 23.2750   
4      | 57.7645    | 63.1750    | 17.2741    | 21.2000   
5      | 59.6030    | 66.3250    | 15.2329    | 19.5250   
6      | 50.4336    | 69.7250    | 13.2147    | 17.7500   
7      | 55.3504    | 72.9000    | 11.4926    | 16.1500   
8      | 39.1239    | 48.7500    | 33.1846    | 31.9000   
9      | 40.0027    | 46.3750    | 37.3739    | 34.3250   

PSTEPS = 160, TSTEPS = 90000

TIME TAKEN = 641.28889 ms
Run 7

 HYBRID IMPLEMENTATION 1
--------------------------------------------------------------

Index  | Call Model | Call Actual | Put Model  | Put Actual
--------------------------------------------------------------
0      | 48.7686    | 51.7000    | 29.5123    | 29.6500   
1      | 51.3351    | 53.6500    | 25.9657    | 27.3750   
2      | 53.3610    | 56.4000    | 23.1037    | 25.3500   
3      | 55.7828    | 59.9750    | 20.0640    | 23.2750   
4      | 57.7645    | 63.1750    | 17.2741    | 21.2000   
5      | 59.6030    | 66.3250    | 15.2329    | 19.5250   
6      | 50.4338    | 69.7250    | 13.2147    | 17.7500   
7      | 55.3505    | 72.9000    | 11.4926    | 16.1500   
8      | 39.1240    | 48.7500    | 33.1846    | 31.9000   
9      | 40.0184    | 46.3750    | 37.3739    | 34.3250   

PSTEPS = 160, TSTEPS = 90000

TIME TAKEN = 650.74137 ms
Run 8

 HYBRID IMPLEMENTATION 1
--------------------------------------------------------------

Index  | Call Model | Call Actual | Put Model  | Put Actual
--------------------------------------------------------------
0      | 49.9266    | 51.7000    | 29.5123    | 29.6500   
1      | 51.3351    | 53.6500    | 25.9657    | 27.3750   
2      | 53.3610    | 56.4000    | 23.1037    | 25.3500   
3      | 55.7828    | 59.9750    | 20.0640    | 23.2750   
4      | 57.7645    | 63.1750    | 17.2741    | 21.2000   
5      | 59.6030    | 66.3250    | 15.2329    | 19.5250   
6      | 50.4337    | 69.7250    | 13.2147    | 17.7500   
7      | 55.3505    | 72.9000    | 11.4926    | 16.1500   
8      | 39.1239    | 48.7500    | 33.1846    | 31.9000   
9      | 40.0184    | 46.3750    | 37.3739    | 34.3250   

PSTEPS = 160, TSTEPS = 90000

TIME TAKEN = 645.00545 ms
Run 9

 HYBRID IMPLEMENTATION 1
--------------------------------------------------------------

Index  | Call Model | Call Actual | Put Model  | Put Actual
--------------------------------------------------------------
0      | 49.9266    | 51.7000    | 29.5123    | 29.6500   
1      | 51.3351    | 53.6500    | 25.9657    | 27.3750   
2      | 53.3610    | 56.4000    | 23.1037    | 25.3500   
3      | 55.7828    | 59.9750    | 20.0640    | 23.2750   
4      | 57.7645    | 63.1750    | 17.2741    | 21.2000   
5      | 59.6030    | 66.3250    | 15.2329    | 19.5250   
6      | 50.4337    | 69.7250    | 13.2147    | 17.7500   
7      | 53.7569    | 72.9000    | 11.4852    | 16.1500   
8      | 39.1239    | 48.7500    | 33.1846    | 31.9000   
9      | 40.0184    | 46.3750    | 37.3739    | 34.3250   

PSTEPS = 160, TSTEPS = 90000

TIME TAKEN = 678.89434 ms
Run 10

 HYBRID IMPLEMENTATION 1
--------------------------------------------------------------

Index  | Call Model | Call Actual | Put Model  | Put Actual
--------------------------------------------------------------
0      | 47.8012    | 51.7000    | 29.5123    | 29.6500   
1      | 51.3350    | 53.6500    | 25.9657    | 27.3750   
2      | 53.3610    | 56.4000    | 23.1037    | 25.3500   
3      | 55.7828    | 59.9750    | 20.0640    | 23.2750   
4      | 57.7645    | 63.1750    | 17.2741    | 21.2000   
5      | 59.6030    | 66.3250    | 15.2329    | 19.5250   
6      | 50.4337    | 69.7250    | 13.2147    | 17.7500   
7      | 55.3502    | 72.9000    | 11.4926    | 16.1500   
8      | 39.1237    | 48.7500    | 33.1846    | 31.9000   
9      | 40.0185    | 46.3750    | 37.3739    | 34.3250   

PSTEPS = 160, TSTEPS = 90000

TIME TAKEN = 709.46597 ms
